Starting EXP31.21, type=probe_probs_no_restart, run 1/3
Job 68239925, task 237
loaded cached data
loaded cached data
loaded cached data
loaded cached data
loaded cached data
loaded cached data
START ATE IS: 0.06247866925143934
***
FINISHED
ATE before: 0.06247866925143934
ATE now is: -0.004475869066463994
sequence is: (('norm_log', 'gestat10'), ('bin_equal_frequency_2', 'wt'))
***
Execution time: 6471.335 sec
distances from ATE (with time):
[(np.float64(0.12247866925143934), 0), (np.float64(0.12247866925076101), 0.05411100387573242), (np.float64(0.12247866924974582), 0.0782780647277832), (np.float64(0.1185331521760318), 0.17447853088378906), (np.float64(0.09851475409441704), 5.526789426803589), (np.float64(0.09851475409439935), 28.526797771453857), (np.float64(0.09851475409433222), 28.553471326828003), (np.float64(0.08900432849056694), 40.98107409477234), (np.float64(0.08900432849055011), 219.35881161689758), (np.float64(0.08899774112202757), 219.37766885757446), (np.float64(0.08898683615624947), 219.42486953735352), (np.float64(0.08871165902878869), 219.44331192970276), (np.float64(0.08300438271568433), 323.573118686676), (np.float64(0.08300438271566953), 976.6654953956604), (np.float64(0.08298644415440082), 1215.838268995285), (np.float64(0.06310145813616751), 2773.278200149536), (np.float64(0.06310145813614298), 5999.7245972156525), (np.float64(0.06310145813608116), 5999.732232809067), (np.float64(0.06310145813605994), 5999.755030870438), (np.float64(0.055524130933536), 6471.3340475559235)]
probability of this sequence is: 5.1535765821480114e-14
uncertainty:
{'ate': np.float64(-0.0044758690664517126), 'se': np.float64(0.006611167522698753), 'ci': (np.float64(-0.017435149977521075), np.float64(0.00848341184461765)), 'significant': np.False_}
checked:
192738
