Starting EXP30.4, type=probe_probs_no_restart, run 3/3
Job 68239478, task 131
loaded cached data
loaded cached data
loaded cached data
loaded cached data
loaded cached data
loaded cached data
START ATE IS: 8819.639420478854
***
FINISHED
ATE before: 8819.639420478854
ATE now is: 17960.421568714683
sequence is: (('norm_log', 'Age'), ('bin_equal_width_5', 'Age'), ('isolationForest', 'Age'), ('norm_log', 'education'))
***
Execution time: 5236.483 sec
distances from ATE (with time):
[(np.float64(9954.360579521146), 0), (np.float64(9954.360579517763), 0.15259861946105957), (np.float64(9954.360579517208), 0.32994532585144043), (np.float64(9954.360579514681), 0.9833989143371582), (np.float64(9904.929051593743), 1.3218958377838135), (np.float64(8386.651904077287), 1.6550195217132568), (np.float64(2099.554893783803), 8.58681845664978), (np.float64(2099.5548937836465), 49.683006048202515), (np.float64(2099.5548937833846), 60.543344020843506), (np.float64(2089.0453122667386), 104.89703679084778), (np.float64(2043.0970765553939), 189.79683303833008), (np.float64(1791.709155993045), 347.37913060188293), (np.float64(1430.1518047085337), 845.8670053482056), (np.float64(1347.2420470299148), 1590.8695704936981), (np.float64(1186.7263738240363), 1847.999274969101), (np.float64(1074.441394733989), 2344.5029747486115), (np.float64(1074.441394730362), 4624.021424770355), (np.float64(1074.44139473022), 4756.061014890671), (np.float64(813.5784312853175), 5236.48232626915)]
probability of this sequence is: 5.896229807351952e-09
uncertainty:
{'ate': np.float64(17960.421568736056), 'se': np.float64(775.3376550992516), 'ci': (np.float64(16440.777079583186), np.float64(19480.066057888926)), 'significant': np.True_}
checked:
4174
