Starting EXP36.1, type=probe_probs_no_restart, run 1/3
Job 68242898, task 444
loaded cached data
loaded cached data
loaded cached data
loaded cached data
loaded cached data
loaded cached data
START ATE IS: 39887.33440730371
***
FINISHED
ATE before: 39887.33440730371
ATE now is: 11569.666924706076
sequence is: (('bin_equal_frequency_5', 'sqft_above'), ('norm_log', 'sqft_living'))
***
Execution time: 16.094 sec
distances from ATE (with time):
[(np.float64(29754.254407303706), 0), (np.float64(29754.25439411054), 0.0014274120330810547), (np.float64(29754.254386098197), 0.02197551727294922), (np.float64(28152.95444650855), 0.037596940994262695), (np.float64(27386.988833949326), 0.05582380294799805), (np.float64(7037.755779275978), 0.07303595542907715), (np.float64(7037.7557778266655), 3.1896934509277344), (np.float64(6106.495415160245), 7.616794586181641), (np.float64(6064.877272371368), 7.650076866149902), (np.float64(6044.3456410899635), 7.682936191558838), (np.float64(4055.2086251239016), 7.8496620655059814), (np.float64(1436.5869247060764), 16.09383225440979)]
probability of this sequence is: 1.639774367047094e-05
uncertainty:
{'ate': np.float64(11569.666890536639), 'se': np.float64(99757.25785162556), 'ci': (np.float64(-184232.75693305166), np.float64(207372.09071412493)), 'significant': np.False_}
checked:
2004
