Starting EXP30.9, type=probe_probs_with_restart, run 3/3
Job 68239863, task 179
loaded cached data
loaded cached data
loaded cached data
loaded cached data
loaded cached data
loaded cached data
START ATE IS: 8748.106039091903
PROBE TRIGGERED! Error reduced from inf to 10025.894 (ATE went to 8748.10603909248).
PROBE TRIGGERED! Error reduced from 10025.894 to 8467.050 (ATE went to 10306.949626019361).
PROBE TRIGGERED! Error reduced from 8467.050 to 3892.251 (ATE went to 14881.749354408284).
PROBE TRIGGERED! Error reduced from 3892.251 to 2456.250 (ATE went to 16317.750002193756).
PROBE TRIGGERED! Error reduced from 2456.250 to 1593.110 (ATE went to 17180.890322910604).
***
FINISHED
ATE before: 8748.106039091903
ATE now is: 17824.463253357873
sequence is: (('norm_log', 'education'), ('isolationForest', 'Age'), ('bin_equal_width_5', 'education'))
***
Execution time: 2785.873 sec
distances from ATE (with time):
[(np.float64(10025.893960908097), 0), (np.float64(10025.89396090752), 0.5155694484710693), (np.float64(10025.893960908097), 0.7244012355804443), (np.float64(10025.89396090752), 1.4078199863433838), (np.float64(9962.836896319439), 12.04489517211914), (np.float64(8467.050373980639), 12.991817712783813), (np.float64(10025.893960908097), 13.187428951263428), (np.float64(10025.89396090752), 13.836089849472046), (np.float64(8467.050373980639), 14.294970989227295), (np.float64(8467.05037397967), 17.73346781730652), (np.float64(8467.050373979579), 37.76857948303223), (np.float64(8453.74426000981), 40.51725482940674), (np.float64(3892.2506455917155), 57.39760398864746), (np.float64(10025.893960908097), 57.433631896972656), (np.float64(10025.89396090752), 57.81571578979492), (np.float64(8467.050373980639), 58.26727819442749), (np.float64(3892.2506455917155), 65.4866714477539), (np.float64(2456.249997806244), 93.15222191810608), (np.float64(10025.893960908097), 93.19154810905457), (np.float64(8467.050373980639), 93.77005338668823), (np.float64(3892.2506455917155), 100.94451451301575), (np.float64(3631.223175304369), 108.57381653785706), (np.float64(2456.249997806244), 115.63634610176086), (np.float64(2456.2499977963944), 242.39643263816833), (np.float64(2456.249997796329), 285.55128931999207), (np.float64(1593.1096770893964), 1015.8327178955078), (np.float64(10025.893960908097), 1015.8654680252075), (np.float64(8467.050373980639), 1016.2802617549896), (np.float64(3892.2506455917155), 1023.5128154754639), (np.float64(3631.223175304369), 1031.4996273517609), (np.float64(2456.249997806244), 1038.3246455192566), (np.float64(1987.9865422714538), 1089.6145865917206), (np.float64(1593.1096770893964), 1096.4292449951172), (np.float64(1593.1096770867807), 1959.1341454982758), (np.float64(1593.1096770672884), 1973.3572001457214), (np.float64(949.5367466421267), 2785.872163295746)]
(REAL, NOT adjusted by restarts)probability of this sequence is: 1.8160387806644015e-07
probability of this sequence is: 7.045352437017627e-05
uncertainty:
{'ate': np.float64(17824.463253361915), 'se': np.float64(462.3113710531891), 'ci': (np.float64(16918.34718174722), np.float64(18730.57932497661)), 'significant': np.True_}
checked:
1011
