Starting EXP30.3, type=probe_probs_with_restart, run 2/3
Job 68225833, task 124
loaded cached data
loaded cached data
loaded cached data
loaded cached data
loaded cached data
loaded cached data
START ATE IS: 8996.774292271642
PROBE TRIGGERED! Error reduced from inf to 7503.226 (ATE went to 8996.774292271055).
PROBE TRIGGERED! Error reduced from 7503.226 to 5947.194 (ATE went to 10552.80587685708).
PROBE TRIGGERED! Error reduced from 5947.194 to 901.697 (ATE went to 15598.302596581332).
PROBE TRIGGERED! Error reduced from 901.697 to 602.533 (ATE went to 15897.467268605868).
PROBE TRIGGERED! Error reduced from 602.533 to 130.197 (ATE went to 16369.802777150688).
***
FINISHED
ATE before: 8996.774292271642
ATE now is: 16473.022828076017
sequence is: (('zscore_filter_3', 'education'), ('isolationForest', 'Age'))
***
Execution time: 400.733 sec
distances from ATE (with time):
[(np.float64(7503.2257077283575), 0), (np.float64(7503.2257077283575), 0.13279199600219727), (np.float64(7503.225707727415), 0.35910677909851074), (np.float64(7503.225707725893), 0.4769155979156494), (np.float64(7446.059903264519), 2.2931947708129883), (np.float64(5947.194123142919), 2.5070738792419434), (np.float64(7503.2257077283575), 2.542001724243164), (np.float64(5947.194123142919), 2.759561538696289), (np.float64(5947.194123142759), 6.305409908294678), (np.float64(5947.194123142162), 6.412194490432739), (np.float64(5947.194123140673), 6.513060569763184), (np.float64(5938.64499199811), 7.331218481063843), (np.float64(901.6974034186678), 11.513139724731445), (np.float64(7503.2257077283575), 11.525126218795776), (np.float64(5947.194123142919), 11.699028968811035), (np.float64(901.6974034186678), 13.971038579940796), (np.float64(901.6974034185569), 16.85888695716858), (np.float64(901.6974034182167), 19.72858476638794), (np.float64(901.6974034169325), 28.81709933280945), (np.float64(602.5327313941325), 45.321109771728516), (np.float64(7503.2257077283575), 45.33322477340698), (np.float64(5947.194123142919), 45.50693225860596), (np.float64(901.6974034186678), 47.78008675575256), (np.float64(901.6974034185569), 50.14268112182617), (np.float64(901.6974034182167), 52.502707719802856), (np.float64(602.5327313941325), 59.76640272140503), (np.float64(602.5327313936159), 62.02237415313721), (np.float64(130.1972228493123), 119.87348198890686), (np.float64(7503.2257077283575), 119.8856155872345), (np.float64(5947.194123142919), 120.05830216407776), (np.float64(901.6974034186678), 122.30415797233582), (np.float64(901.6974034185569), 124.7363440990448), (np.float64(901.6974034182167), 127.1006293296814), (np.float64(130.1972228493123), 134.04589319229126), (np.float64(130.1972228450959), 267.9214143753052), (np.float64(26.977171923983406), 400.7319242954254)]
(REAL, NOT adjusted by restarts)probability of this sequence is: 2.237359777778543e-05
probability of this sequence is: 0.0005957524024273634
uncertainty:
{'ate': np.float64(16473.022828069286), 'se': np.float64(779.166196146376), 'ci': (np.float64(14945.871959775635), np.float64(18000.173696362937)), 'significant': np.True_}
checked:
549
