Starting EXP34.4, type=probe_probs_no_restart, run 1/3
Job 68227958, task 75
loaded cached data
loaded cached data
loaded cached data
loaded cached data
loaded cached data
loaded cached data
START ATE IS: 8774.433204712712
***
FINISHED
ATE before: 8774.433204712712
ATE now is: 16439.841105172818
sequence is: (('IQR', 'education'), ('isolationForest', 'Age'))
***
Execution time: 3324.323 sec
distances from ATE (with time):
[(np.float64(7725.566795287288), 0), (np.float64(7725.566795287057), 1.2815251350402832), (np.float64(7725.5667952632175), 3.3713653087615967), (np.float64(7725.566795252898), 11.762545347213745), (np.float64(7661.720211046799), 15.88480257987976), (np.float64(6162.798039575564), 20.018392086029053), (np.float64(1994.4534527606738), 207.51974368095398), (np.float64(1973.4577039936994), 2181.222951412201), (np.float64(1448.199190608666), 2314.0387392044067), (np.float64(60.15889482718194), 3324.322418689728)]
probability of this sequence is: 7.8307592222249e-05
uncertainty:
{'ate': np.float64(16439.841105114407), 'se': np.float64(218.3978928436285), 'ci': (np.float64(16011.788822266899), np.float64(16867.893387961914)), 'significant': np.True_}
checked:
522
