Starting EXP34.2, type=probe_probs_no_restart, run 2/3
Job 68227892, task 58
loaded cached data
loaded cached data
loaded cached data
loaded cached data
loaded cached data
loaded cached data
START ATE IS: 8774.433204825878
***
FINISHED
ATE before: 8774.433204825878
ATE now is: 16511.155156943943
sequence is: (('IQR', 'education'), ('norm_min_max', 'Age'), ('isolationForest', 'Age'), ('norm_log', 'education'))
***
Execution time: 8837.055 sec
distances from ATE (with time):
[(np.float64(7725.566795174122), 0), (np.float64(7661.720210799183), 7.128771066665649), (np.float64(6162.798039439511), 8.930119276046753), (np.float64(1316.1529429670209), 46.75493359565735), (np.float64(1316.1529429651928), 252.71918058395386), (np.float64(1300.7174223066286), 534.9592580795288), (np.float64(289.2108253939732), 974.9811866283417), (np.float64(289.21082539373674), 3229.571274280548), (np.float64(289.210825376942), 3243.0007865428925), (np.float64(257.1481767874229), 6179.857419729233), (np.float64(11.155156943943439), 8837.054691076279)]
probability of this sequence is: 2.0990578114172955e-07
uncertainty:
{'ate': np.float64(16511.155156926732), 'se': np.float64(316.8291332919465), 'ci': (np.float64(15890.18066451981), np.float64(17132.129649333652)), 'significant': np.True_}
checked:
2286
