Starting EXP33.3, type=probe, run 3/3
Job 68227485, task 20
loaded cached data
loaded cached data
loaded cached data
loaded cached data
loaded cached data
loaded cached data
START ATE IS: 0.061323487393503184
PROBE TRIGGERED! Error reduced from inf to 0.121 (ATE went to 0.06133003420665877).
PROBE TRIGGERED! Error reduced from 0.121 to 0.062 (ATE went to 0.0019593811189441853).
***
FINISHED
ATE before: 0.061323487393503184
ATE now is: -0.005384345020170442
sequence is: (('bin_equal_frequency_2', 'wt'), ('norm_log', 'gestat10'))
***
Execution time: 38.548 sec
distances from ATE (with time):
[(np.float64(0.12132348739350318), 0), (np.float64(0.12132348739350318), 0.058667898178100586), (np.float64(0.12131956623137435), 0.256589412689209), (np.float64(0.12130306779993577), 0.9361457824707031), (np.float64(0.12129993260317207), 0.959050178527832), (np.float64(0.12129361848937723), 0.9833419322967529), (np.float64(0.12128751582697235), 1.0266075134277344), (np.float64(0.12128213253122255), 1.0496909618377686), (np.float64(0.06195938111894418), 1.095301866531372), (np.float64(0.12132348739350318), 1.100409746170044), (np.float64(0.06195938111894418), 1.1471648216247559), (np.float64(0.06195392466921126), 27.535882711410522), (np.float64(0.061952296012095495), 27.589901447296143), (np.float64(0.06192110579603756), 27.727675437927246), (np.float64(0.0619209804710098), 27.833890438079834), (np.float64(0.061883084180439446), 28.42155122756958), (np.float64(0.05461565497982956), 38.546921730041504)]
uncertainty:
{'ate': np.float64(-0.005384345341499175), 'se': np.float64(0.003786086356156483), 'ci': (np.float64(-0.01280524932819393), np.float64(0.00203655864519558)), 'significant': np.False_}
checked:
1315
