Starting EXP30.9, type=probe_probs_with_restart, run 1/3
Job 68225892, task 177
loaded cached data
loaded cached data
loaded cached data
loaded cached data
loaded cached data
loaded cached data
START ATE IS: 8790.251026266411
PROBE TRIGGERED! Error reduced from inf to 7709.749 (ATE went to 8790.251026267024).
PROBE TRIGGERED! Error reduced from 7709.749 to 6145.388 (ATE went to 10354.611504796481).
PROBE TRIGGERED! Error reduced from 6145.388 to 1489.612 (ATE went to 15010.387611287862).
PROBE TRIGGERED! Error reduced from 1489.612 to 973.827 (ATE went to 15526.172942626547).
PROBE TRIGGERED! Error reduced from 973.827 to 218.104 (ATE went to 16281.896191295771).
***
FINISHED
ATE before: 8790.251026266411
ATE now is: 16531.00972184362
sequence is: (('zscore_filter_3', 'education'), ('isolationForest', 'Age'), ('norm_log', 'education'))
***
Execution time: 1017.691 sec
distances from ATE (with time):
[(np.float64(7709.748973733589), 0), (np.float64(7709.748973732976), 0.3244905471801758), (np.float64(7709.748973733589), 0.5131270885467529), (np.float64(7709.748973732976), 1.025968074798584), (np.float64(7709.748973732831), 2.0268120765686035), (np.float64(7709.748973728525), 2.513031005859375), (np.float64(7709.7489737256565), 3.0029172897338867), (np.float64(7645.856598679207), 10.103426933288574), (np.float64(6145.388495203519), 10.968564987182617), (np.float64(7709.748973733589), 11.13600492477417), (np.float64(7709.748973732976), 11.562055349349976), (np.float64(6145.388495203519), 11.986530303955078), (np.float64(6145.388495198284), 27.80253505706787), (np.float64(6131.474976570245), 31.59914803504944), (np.float64(1489.6123887121375), 47.20423173904419), (np.float64(7709.748973733589), 47.24386382102966), (np.float64(7709.748973732976), 47.64541053771973), (np.float64(6145.388495203519), 48.03227782249451), (np.float64(1489.6123887121375), 54.848753929138184), (np.float64(1489.61238871159), 64.37978434562683), (np.float64(973.8270573734535), 80.66810488700867), (np.float64(7709.748973733589), 80.71253275871277), (np.float64(6145.388495203519), 81.1460063457489), (np.float64(1489.6123887121375), 88.0076675415039), (np.float64(1222.8293036104533), 95.17908477783203), (np.float64(973.8270573734535), 101.89980578422546), (np.float64(973.8270573728769), 132.90016961097717), (np.float64(973.8270573727168), 191.9698088169098), (np.float64(973.8270573675636), 220.67804384231567), (np.float64(973.8270573674235), 260.52880573272705), (np.float64(887.7902417072255), 490.78447103500366), (np.float64(218.10380870422887), 965.790685415268), (np.float64(7709.748973733589), 965.8249430656433), (np.float64(6145.388495203519), 966.1816625595093), (np.float64(1489.6123887121375), 972.7628591060638), (np.float64(1222.8293036104533), 980.0470988750458), (np.float64(973.8270573734535), 986.5410442352295), (np.float64(218.10380870422887), 993.8205757141113), (np.float64(31.009721843620355), 1017.690758228302)]
(REAL, NOT adjusted by restarts)probability of this sequence is: 7.264155122657606e-07
probability of this sequence is: 0.026919160675231996
uncertainty:
{'ate': np.float64(16531.009721841172), 'se': np.float64(459.1494794208535), 'ci': (np.float64(15631.090678794439), np.float64(17430.928764887904)), 'significant': np.True_}
checked:
405
