Starting EXP31.12, type=probe_probs_with_restart, run 2/3
Job 68239898, task 214
loaded cached data
loaded cached data
loaded cached data
loaded cached data
loaded cached data
loaded cached data
START ATE IS: -0.024891101431236205
***
FINISHED
ATE before: -0.024891101431236205
ATE now is: -0.024891101431236205
sequence is: (('norm_min_max', 'pre4000'),)
***
Execution time: 0.004 sec
distances from ATE (with time):
[(np.float64(0.03510889856876379), 0)]
(REAL, NOT adjusted by restarts)probability of this sequence is: 0.04816017316017316
probability of this sequence is: 0.04816017316017316
uncertainty:
{'ate': np.float64(-0.024891101431240556), 'se': np.float64(0.0073918485582493325), 'ci': (np.float64(-0.03938067990897456), np.float64(-0.010401522953506557)), 'significant': np.True_}
checked:
1
