Starting EXP31.42, type=probe, run 3/3
Job 68226172, task 299
loaded cached data
loaded cached data
loaded cached data
loaded cached data
loaded cached data
loaded cached data
START ATE IS: 0.061213472219582246
PROBE TRIGGERED! Error reduced from inf to 0.121 (ATE went to 0.06124064932149965).
PROBE TRIGGERED! Error reduced from 0.121 to 0.062 (ATE went to 0.0018340798627094772).
***
FINISHED
ATE before: 0.061213472219582246
ATE now is: -0.005519220606829625
sequence is: (('bin_equal_frequency_2', 'wt'), ('norm_log', 'gestat10'))
***
Execution time: 20.392 sec
distances from ATE (with time):
[(np.float64(0.12121347221958224), 0), (np.float64(0.12121347221958224), 0.015776634216308594), (np.float64(0.12120562451506306), 0.10328292846679688), (np.float64(0.12119924891820147), 0.14104080200195312), (np.float64(0.12116399995309084), 0.1772019863128662), (np.float64(0.12116289002923908), 0.28704333305358887), (np.float64(0.06183407986270947), 0.4504265785217285), (np.float64(0.12121347221958224), 0.45540857315063477), (np.float64(0.06183407986270947), 0.482877254486084), (np.float64(0.06179311523505531), 0.49948930740356445), (np.float64(0.06178665194070848), 15.81782054901123), (np.float64(0.06178627951905353), 15.830743551254272), (np.float64(0.06177901580011442), 15.85576343536377), (np.float64(0.05448077939317037), 20.391039609909058)]
uncertainty:
{'ate': np.float64(-0.005519220692210711), 'se': np.float64(0.006566763619052705), 'ci': (np.float64(-0.018391464143272702), np.float64(0.007353022758851281)), 'significant': np.False_}
checked:
1102
