Starting EXP31.18, type=probe, run 1/3
Job 68225940, task 225
loaded cached data
loaded cached data
loaded cached data
loaded cached data
loaded cached data
loaded cached data
START ATE IS: -0.024891101720453914
***
FINISHED
ATE before: -0.024891101720453914
ATE now is: -0.024891101720453914
sequence is: (('bin_equal_frequency_2', 'othermr'),)
***
Execution time: 0.005 sec
distances from ATE (with time):
[(np.float64(0.03510889827954608), 0)]
uncertainty:
{'ate': np.float64(-0.024891101747742506), 'se': np.float64(0.007377546581105737), 'ci': (np.float64(-0.03935264647481789), np.float64(-0.010429557020667118)), 'significant': np.True_}
checked:
1
