Starting EXP36.6, type=probe_probs_with_restart, run 1/3
Job 68243033, task 492
loaded cached data
loaded cached data
loaded cached data
loaded cached data
loaded cached data
loaded cached data
START ATE IS: 41106.587344651314
PROBE TRIGGERED! Error reduced from inf to 30973.507 (ATE went to 41106.587350770795).
PROBE TRIGGERED! Error reduced from 30973.507 to 27287.405 (ATE went to 37420.48464223138).
PROBE TRIGGERED! Error reduced from 27287.405 to 23528.765 (ATE went to 33661.84497097261).
PROBE TRIGGERED! Error reduced from 23528.765 to 17959.033 (ATE went to 28092.113489899843).
PROBE TRIGGERED! Error reduced from 17959.033 to 15559.852 (ATE went to 25692.93224014579).
PROBE TRIGGERED! Error reduced from 15559.852 to 13210.174 (ATE went to 23343.253522990733).
PROBE TRIGGERED! Error reduced from 13210.174 to 10790.768 (ATE went to 20923.84813030881).
PROBE TRIGGERED! Error reduced from 10790.768 to 8998.266 (ATE went to 19131.345537784342).
PROBE TRIGGERED! Error reduced from 8998.266 to 4517.090 (ATE went to 14650.170164418154).
***
FINISHED
ATE before: 41106.587344651314
ATE now is: 12511.022823812298
sequence is: (('IQR', 'sqft_lot'), ('norm_log', 'bathrooms'), ('bin_equal_frequency_5', 'sqft_living'))
***
Execution time: 13.007 sec
distances from ATE (with time):
[(np.float64(30973.507344651312), 0), (np.float64(30973.507344651312), 0.0046651363372802734), (np.float64(30973.507326959276), 0.012843608856201172), (np.float64(30973.507304296116), 0.020403385162353516), (np.float64(30973.50728165276), 0.04939579963684082), (np.float64(27287.404642231377), 0.06383299827575684), (np.float64(30973.507344651312), 0.06563591957092285), (np.float64(27287.404642231377), 0.07320380210876465), (np.float64(26932.072119518743), 0.14856457710266113), (np.float64(26218.07552231104), 0.35636305809020996), (np.float64(23528.76497097261), 0.3830690383911133), (np.float64(30973.507344651312), 0.38482189178466797), (np.float64(27287.404642231377), 0.392106294631958), (np.float64(23528.76497097261), 0.39658689498901367), (np.float64(23528.764935885913), 0.4014575481414795), (np.float64(22623.59959084866), 0.45597171783447266), (np.float64(17959.03348989984), 0.8010752201080322), (np.float64(30973.507344651312), 0.8027856349945068), (np.float64(27287.404642231377), 0.8065776824951172), (np.float64(23528.76497097261), 0.8110651969909668), (np.float64(17959.03348989984), 0.815403938293457), (np.float64(15559.85224014579), 0.8786027431488037), (np.float64(30973.507344651312), 0.8803176879882812), (np.float64(27287.404642231377), 0.8841667175292969), (np.float64(17959.03348989984), 0.8885858058929443), (np.float64(15559.85224014579), 0.9016506671905518), (np.float64(13210.173522990734), 0.9229605197906494), (np.float64(30973.507344651312), 0.9246847629547119), (np.float64(23528.76497097261), 0.929389238357544), (np.float64(17959.03348989984), 0.9338505268096924), (np.float64(13871.731920140066), 0.9471151828765869), (np.float64(13210.173522990734), 0.952892541885376), (np.float64(12902.407209232546), 1.0515999794006348), (np.float64(12151.601636312456), 1.0579168796539307), (np.float64(10790.768130308808), 4.787743806838989), (np.float64(30973.507344651312), 4.78944206237793), (np.float64(17959.03348989984), 4.794125080108643), (np.float64(15559.85224014579), 4.811892032623291), (np.float64(10790.768130308808), 4.817533493041992), (np.float64(8998.265537784342), 4.921570062637329), (np.float64(30973.507344651312), 4.923341751098633), (np.float64(17959.03348989984), 4.927895784378052), (np.float64(15559.85224014579), 4.940981388092041), (np.float64(10790.768130308808), 4.946615219116211), (np.float64(8998.265537784342), 4.987123966217041), (np.float64(8830.764785549212), 5.153082847595215), (np.float64(8467.299316936123), 6.498722791671753), (np.float64(4517.090164418154), 12.868672847747803), (np.float64(30973.507344651312), 12.870522022247314), (np.float64(17959.03348989984), 12.875648260116577), (np.float64(15559.85224014579), 12.893859148025513), (np.float64(10790.768130308808), 12.899701595306396), (np.float64(4517.090164418154), 12.915750741958618), (np.float64(2377.9428238122982), 13.00601840019226)]
(REAL, NOT adjusted by restarts)probability of this sequence is: 9.938026466952086e-08
probability of this sequence is: 0.04226729840902165
uncertainty:
{'ate': np.float64(12511.02281731159), 'se': np.float64(31165.157187692814), 'ci': (np.float64(-48587.628739164895), np.float64(73609.67437378808)), 'significant': np.False_}
checked:
1285
