Starting EXP29.3, type=probe, run 3/3
Job 68238304, task 38
loaded cached data
loaded cached data
loaded cached data
loaded cached data
loaded cached data
loaded cached data
START ATE IS: 0.061702952964882124
PROBE TRIGGERED! Error reduced from inf to 0.121 (ATE went to 0.06103510737703694).
PROBE TRIGGERED! Error reduced from 0.121 to 0.063 (ATE went to 0.0034858881678495944).
***
FINISHED
ATE before: 0.061702952964882124
ATE now is: -0.00393336542932935
sequence is: (('bin_equal_frequency_2', 'wt'), ('norm_log', 'gestat10'))
***
Execution time: 13.493 sec
distances from ATE (with time):
[(np.float64(0.12170295296488212), 0), (np.float64(0.12103510737703693), 0.01594090461730957), (np.float64(0.12170295296488212), 0.01847219467163086), (np.float64(0.12103510737703693), 0.024756431579589844), (np.float64(0.06348588816784959), 0.2943892478942871), (np.float64(0.12170295296488212), 0.2968626022338867), (np.float64(0.12103510737703693), 0.3029344081878662), (np.float64(0.06348588816784959), 0.30889034271240234), (np.float64(0.0627622210936969), 0.31637001037597656), (np.float64(0.05606663457067065), 13.492217779159546)]
uncertainty:
{'ate': np.float64(-0.003933365427256138), 'se': np.float64(0.012095097458567914), 'ci': (np.float64(-0.02764942462713524), np.float64(0.019782693772622963)), 'significant': np.False_}
checked:
1313
