Starting EXP30.7, type=probe_probs_with_restart, run 3/3
Job 68239841, task 161
loaded cached data
loaded cached data
loaded cached data
loaded cached data
loaded cached data
loaded cached data
START ATE IS: 8789.515954528617
PROBE TRIGGERED! Error reduced from inf to 9984.484 (ATE went to 8789.515954531364).
PROBE TRIGGERED! Error reduced from 9984.484 to 8437.061 (ATE went to 10336.939109483013).
PROBE TRIGGERED! Error reduced from 8437.061 to 4150.728 (ATE went to 14623.272409759109).
PROBE TRIGGERED! Error reduced from 4150.728 to 3569.307 (ATE went to 15204.692845041249).
PROBE TRIGGERED! Error reduced from 3569.307 to 2632.351 (ATE went to 16141.64870670458).
PROBE TRIGGERED! Error reduced from 2632.351 to 2363.571 (ATE went to 16410.428902480104).
PROBE TRIGGERED! Error reduced from 2363.571 to 1915.197 (ATE went to 16858.80291564156).
PROBE TRIGGERED! Error reduced from 1915.197 to 1369.098 (ATE went to 17404.902429447116).
***
FINISHED
ATE before: 8789.515954528617
ATE now is: 19706.53493919676
sequence is: (('bin_equal_frequency_5', 'education'), ('norm_log', 'education'), ('isolationForest', 'Age'))
***
Execution time: 3003.131 sec
distances from ATE (with time):
[(np.float64(9984.484045471383), 0), (np.float64(9984.484045468636), 0.5494668483734131), (np.float64(9984.484045471383), 0.7877082824707031), (np.float64(9984.484045468636), 1.4781219959259033), (np.float64(9984.484045465977), 5.460088491439819), (np.float64(9924.90340531835), 10.253538846969604), (np.float64(8437.060890516987), 11.282658576965332), (np.float64(9984.484045471383), 11.434526443481445), (np.float64(9984.484045468636), 11.986538410186768), (np.float64(8437.060890516987), 12.43916916847229), (np.float64(8437.060890513243), 16.02852177619934), (np.float64(8437.0608905131), 27.781213521957397), (np.float64(8426.090845435789), 31.27725648880005), (np.float64(4150.727590240891), 44.463480949401855), (np.float64(9984.484045471383), 44.488099336624146), (np.float64(9984.484045468636), 44.790661573410034), (np.float64(8437.060890516987), 45.14751076698303), (np.float64(4150.727590240891), 50.15497159957886), (np.float64(4150.727590240265), 57.43047523498535), (np.float64(4150.7275902398615), 64.9805064201355), (np.float64(3907.2820652369955), 69.89047813415527), (np.float64(3888.791734455697), 125.82890892028809), (np.float64(3569.307154958751), 137.83660411834717), (np.float64(9984.484045471383), 137.86033034324646), (np.float64(4150.727590240891), 143.012464761734), (np.float64(4150.727590240265), 148.82606482505798), (np.float64(3888.79173445611), 160.77120971679688), (np.float64(3569.307154958751), 170.71383571624756), (np.float64(3569.307154958513), 514.8080594539642), (np.float64(3569.3071549584547), 534.8552157878876), (np.float64(2632.35129329542), 544.7174406051636), (np.float64(9984.484045471383), 544.7413558959961), (np.float64(4150.727590240891), 549.6882650852203), (np.float64(3569.307154958751), 565.5842621326447), (np.float64(2632.35129329542), 570.4941098690033), (np.float64(2601.758835677243), 627.8092226982117), (np.float64(2394.126648392714), 668.0717856884003), (np.float64(2363.5710975198963), 979.1085863113403), (np.float64(9984.484045471383), 979.1317896842957), (np.float64(4150.727590240891), 983.9609661102295), (np.float64(3888.79173445611), 994.5901250839233), (np.float64(3569.307154958751), 1004.3858280181885), (np.float64(2632.35129329542), 1014.0181441307068), (np.float64(2601.758835677243), 1034.6546347141266), (np.float64(2394.126648395568), 1310.3533737659454), (np.float64(1915.1970843584386), 2771.6653265953064), (np.float64(9984.484045471383), 2771.684692621231), (np.float64(4150.727590240891), 2776.9461581707), (np.float64(3569.307154958751), 2794.2833530902863), (np.float64(2632.35129329542), 2799.3677237033844), (np.float64(2499.984643934855), 2815.719831466675), (np.float64(2412.695565333708), 2854.5550594329834), (np.float64(1915.1970843584386), 2871.221983909607), (np.float64(1369.0975705528836), 2876.4162299633026), (np.float64(9984.484045471383), 2876.4329977035522), (np.float64(4150.727590240891), 2881.6111426353455), (np.float64(2499.984643934855), 2904.06884431839), (np.float64(2412.695565333708), 2937.749451637268), (np.float64(1915.1970843584386), 2954.5994567871094), (np.float64(1369.0975705528836), 2959.9053723812103), (np.float64(932.5349391967611), 3003.1303083896637)]
(REAL, NOT adjusted by restarts)probability of this sequence is: 4.540096951661003e-07
probability of this sequence is: 0.04949501414701999
uncertainty:
{'ate': np.float64(19706.534939194746), 'se': np.float64(746.3952543832395), 'ci': (np.float64(18243.619275643672), np.float64(21169.45060274582)), 'significant': np.True_}
checked:
1195
