Starting EXP37.6, type=probe_probs_with_restart, run 3/3
Job 68243126, task 539
loaded cached data
loaded cached data
loaded cached data
loaded cached data
loaded cached data
loaded cached data
START ATE IS: 72733.34186449258
PROBE TRIGGERED! Error reduced from inf to 62600.262 (ATE went to 72733.34186355435).
PROBE TRIGGERED! Error reduced from 62600.262 to 53105.379 (ATE went to 63238.45939666762).
PROBE TRIGGERED! Error reduced from 53105.379 to 38795.944 (ATE went to 48929.02369156656).
PROBE TRIGGERED! Error reduced from 38795.944 to 32038.321 (ATE went to 42171.4013889632).
PROBE TRIGGERED! Error reduced from 32038.321 to 28544.122 (ATE went to 38677.201583627066).
PROBE TRIGGERED! Error reduced from 28544.122 to 22963.246 (ATE went to 33096.326042810746).
PROBE TRIGGERED! Error reduced from 22963.246 to 19915.123 (ATE went to 30048.202533007574).
PROBE TRIGGERED! Error reduced from 19915.123 to 17052.795 (ATE went to 27185.874725452486).
PROBE TRIGGERED! Error reduced from 17052.795 to 15253.510 (ATE went to 25386.589920009992).
PROBE TRIGGERED! Error reduced from 15253.510 to 11969.313 (ATE went to 22102.392709854605).
PROBE TRIGGERED! Error reduced from 11969.313 to 8390.281 (ATE went to 18523.361306275085).
PROBE TRIGGERED! Error reduced from 8390.281 to 7483.295 (ATE went to 17616.37548155219).
PROBE TRIGGERED! Error reduced from 7483.295 to 5876.005 (ATE went to 16009.084986313941).
PROBE TRIGGERED! Error reduced from 5876.005 to 5210.349 (ATE went to 15343.428988004169).
PROBE TRIGGERED! Error reduced from 5210.349 to 2804.472 (ATE went to 12937.552320852325).
***
FINISHED
ATE before: 72733.34186449258
ATE now is: 10799.222415811302
sequence is: (('norm_log', 'bathrooms'), ('bin_equal_frequency_10', 'yr_built'), ('bin_equal_frequency_2', 'sqft_living'), ('bin_equal_width_5', 'bathrooms'), ('bin_equal_frequency_2', 'sqft_living15'), ('isolationForest', 'yr_built'))
***
Execution time: 10189.462 sec
distances from ATE (with time):
[(np.float64(62600.26186449258), 0), (np.float64(62600.26186355435), 0.0020377635955810547), (np.float64(62600.26186449258), 0.0035800933837890625), (np.float64(62600.26186355435), 0.006858348846435547), (np.float64(62600.261862865475), 0.013025045394897461), (np.float64(62600.261855892284), 0.015865564346313477), (np.float64(62600.26185495082), 0.018765687942504883), (np.float64(62359.044371108175), 0.06488871574401855), (np.float64(60115.17308267519), 0.0739595890045166), (np.float64(57745.44745213681), 0.07805848121643066), (np.float64(53105.37939666762), 0.0922844409942627), (np.float64(62600.26186449258), 0.09362459182739258), (np.float64(62600.26186355435), 0.0965425968170166), (np.float64(53105.37939666762), 0.10046029090881348), (np.float64(53105.37939212439), 0.11893844604492188), (np.float64(53105.379391545706), 0.20144104957580566), (np.float64(53105.379389660215), 0.21457672119140625), (np.float64(38795.94369156656), 0.385845422744751), (np.float64(62600.26186449258), 0.3872804641723633), (np.float64(62600.26186355435), 0.3904609680175781), (np.float64(53105.37939666762), 0.3945183753967285), (np.float64(38795.94369156656), 0.5637402534484863), (np.float64(38795.943691005195), 0.7524247169494629), (np.float64(38795.94369096291), 0.9450545310974121), (np.float64(38795.94369095542), 3.8137919902801514), (np.float64(38795.9436909506), 4.696789503097534), (np.float64(38795.94369085456), 4.884717226028442), (np.float64(37571.350128999904), 6.427337646484375), (np.float64(36521.08374942774), 8.407944440841675), (np.float64(35367.73177845193), 9.065922737121582), (np.float64(32038.321388963195), 9.419313907623291), (np.float64(62600.26186449258), 9.420809030532837), (np.float64(38795.94369156656), 9.59006404876709), (np.float64(36521.08374942774), 9.772416114807129), (np.float64(32038.321388963195), 10.302425622940063), (np.float64(32038.32138530518), 13.007484912872314), (np.float64(28544.121583627064), 21.50961422920227), (np.float64(62600.26186449258), 21.51107954978943), (np.float64(38795.94369156656), 21.679990530014038), (np.float64(28544.121583627064), 21.865424871444702), (np.float64(26731.224840477313), 24.32819104194641), (np.float64(22963.246042810744), 24.526772499084473), (np.float64(62600.26186449258), 24.52818274497986), (np.float64(38795.94369156656), 24.696508646011353), (np.float64(28544.121583627064), 24.87516760826111), (np.float64(26731.224840477313), 25.584341526031494), (np.float64(22963.246042810744), 25.759992837905884), (np.float64(22963.24604280432), 43.20365500450134), (np.float64(22957.829187782823), 52.36958360671997), (np.float64(19915.122533007576), 55.83959937095642), (np.float64(62600.26186449258), 55.84105610847473), (np.float64(38795.94369156656), 56.0097393989563), (np.float64(28544.121583627064), 56.18903136253357), (np.float64(26731.224840477313), 57.24207091331482), (np.float64(22963.246042810744), 57.423136472702026), (np.float64(19915.122533007576), 63.95516276359558), (np.float64(19915.122533006936), 108.99865293502808), (np.float64(19272.808024420607), 124.41427850723267), (np.float64(18888.652811625485), 147.02414846420288), (np.float64(18634.632428587807), 599.7075622081757), (np.float64(17052.794725452484), 624.4081892967224), (np.float64(62600.26186449258), 624.4094841480255), (np.float64(48575.45811324659), 624.4163522720337), (np.float64(38795.94369156656), 624.5848817825317), (np.float64(28544.121583627064), 624.754693031311), (np.float64(22963.246042810744), 625.323370218277), (np.float64(19429.009115589193), 626.5479836463928), (np.float64(15253.509920009992), 629.5902292728424), (np.float64(62600.26186449258), 629.5915951728821), (np.float64(48575.45811324659), 629.5959944725037), (np.float64(38795.94369156656), 629.7642838954926), (np.float64(28544.121583627064), 629.9345366954803), (np.float64(28467.15515227762), 630.4874722957611), (np.float64(22963.246042810744), 630.6734561920166), (np.float64(19429.009115589193), 630.8447697162628), (np.float64(15253.509920009992), 633.8755671977997), (np.float64(15253.509920009967), 648.6868712902069), (np.float64(15253.509920009923), 690.5994248390198), (np.float64(14408.049596068739), 717.7267355918884), (np.float64(11969.312709854605), 719.0978510379791), (np.float64(62600.26186449258), 719.0995938777924), (np.float64(48575.45811324659), 719.1052765846252), (np.float64(38795.94369156656), 719.2951500415802), (np.float64(28544.121583627064), 719.4923520088196), (np.float64(22963.246042810744), 720.09206199646), (np.float64(19429.009115589193), 721.0341999530792), (np.float64(16049.871311308112), 721.9355807304382), (np.float64(14544.810435731191), 732.5404932498932), (np.float64(14166.943607455769), 840.5133426189423), (np.float64(8390.281306275085), 1299.373465538025), (np.float64(62600.26186449258), 1299.3749010562897), (np.float64(48575.45811324659), 1299.3830299377441), (np.float64(38795.94369156656), 1299.5631375312805), (np.float64(37559.07454476098), 1299.5691313743591), (np.float64(28544.121583627064), 1299.7468349933624), (np.float64(28467.15515227762), 1300.1205773353577), (np.float64(19429.009115589193), 1300.3125343322754), (np.float64(18818.394329534058), 1302.6049144268036), (np.float64(16049.871311308112), 1303.3309531211853), (np.float64(8318.174336664108), 1303.513723373413), (np.float64(7823.06142134798), 1325.6820285320282), (np.float64(7483.29548155219), 1444.8912463188171), (np.float64(62600.26186449258), 1444.8926784992218), (np.float64(48575.45811324659), 1444.8984320163727), (np.float64(38795.94369156656), 1445.0775120258331), (np.float64(37559.07454476098), 1445.0833625793457), (np.float64(28544.121583627064), 1445.2610290050507), (np.float64(28467.15515227762), 1445.6321051120758), (np.float64(19429.009115589193), 1445.8225121498108), (np.float64(18818.394329534058), 1448.1156539916992), (np.float64(16049.871311308112), 1449.016478061676), (np.float64(8318.174336664108), 1449.1970245838165), (np.float64(7483.29548155219), 1473.8774816989899), (np.float64(7483.295481551462), 1548.8743896484375), (np.float64(7483.295481551229), 1788.3468563556671), (np.float64(6897.43809429859), 2449.5046529769897), (np.float64(5876.004986313941), 2585.685704231262), (np.float64(62600.26186449258), 2585.686982154846), (np.float64(48575.45811324659), 2585.6961534023285), (np.float64(38795.94369156656), 2585.8730680942535), (np.float64(37559.07454476098), 2585.8784012794495), (np.float64(28544.121583627064), 2586.053976535797), (np.float64(28467.15515227762), 2586.4228930473328), (np.float64(28097.605827328596), 2586.593878507614), (np.float64(19429.009115589193), 2586.7861812114716), (np.float64(17052.794725452484), 2591.6604793071747), (np.float64(16853.357903816228), 2593.2498548030853), (np.float64(16049.871311308112), 2593.6025314331055), (np.float64(8020.364766501798), 2598.2329437732697), (np.float64(7480.109035035062), 2633.402848482132), (np.float64(5876.004986313435), 2636.6473348140717), (np.float64(5876.004986312661), 3339.0621614456177), (np.float64(5876.0049863126405), 3559.1497089862823), (np.float64(5210.348988004169), 4236.654163122177), (np.float64(62600.26186449258), 4236.655514717102), (np.float64(48575.45811324659), 4236.668208360672), (np.float64(38795.94369156656), 4236.843663692474), (np.float64(37559.07454476098), 4236.849481582642), (np.float64(28544.121583627064), 4237.020112276077), (np.float64(28467.15515227762), 4237.50870847702), (np.float64(19429.009115589193), 4237.699718952179), (np.float64(18818.394329534058), 4241.651537179947), (np.float64(8318.174336664108), 4243.05450129509), (np.float64(2804.4723208523246), 4280.817136049271), (np.float64(62600.26186449258), 4280.818444728851), (np.float64(48575.45811324659), 4280.823176622391), (np.float64(38795.94369156656), 4280.998358011246), (np.float64(37559.07454476098), 4281.00363779068), (np.float64(28544.121583627064), 4281.1787576675415), (np.float64(28467.15515227762), 4281.5392146110535), (np.float64(19429.009115589193), 4281.896027803421), (np.float64(16853.357903816228), 4284.1079642772675), (np.float64(9940.335362239914), 4287.117081403732), (np.float64(8318.174336664108), 4287.291070699692), (np.float64(8258.466984301389), 4312.495178461075), (np.float64(7483.29548155219), 4312.669117689133), (np.float64(6897.438094295014), 4517.133222818375), (np.float64(4487.704105901845), 4707.860469579697), (np.float64(4219.105146146891), 7090.804370164871), (np.float64(4087.7970049379637), 8172.751719713211), (np.float64(4087.7970049363666), 8172.771153211594), (np.float64(3553.412757847449), 8491.173798322678), (np.float64(3490.997377152031), 8491.184475183487), (np.float64(666.1424158113023), 10189.461107492447)]
(REAL, NOT adjusted by restarts)probability of this sequence is: 1.733887880591324e-31
probability of this sequence is: 5.391506626387445e-31
uncertainty:
{'ate': np.float64(10799.222415805492), 'se': np.float64(33070.195255318176), 'ci': (np.float64(-54030.73556946393), np.float64(75629.1804010749)), 'significant': np.False_}
checked:
164668
