Starting EXP32.3, type=probe_probs_with_restart, run 1/3
Job 68241807, task 330
loaded cached data
loaded cached data
loaded cached data
loaded cached data
loaded cached data
loaded cached data
START ATE IS: 13454.499101870382
PROBE TRIGGERED! Error reduced from inf to 5319.501 (ATE went to 13454.49910187033).
***
FINISHED
ATE before: 13454.499101870382
ATE now is: 19413.080448520035
sequence is: (('bin_equal_frequency_2', 'Age'), ('isolationForest', 'medicare for people 65 and older'))
***
Execution time: 3723.719 sec
distances from ATE (with time):
[(np.float64(5319.500898129618), 0), (np.float64(5319.500898129618), 0.2743673324584961), (np.float64(5319.500898128779), 1.0954196453094482), (np.float64(5319.500898128608), 1.6456308364868164), (np.float64(5319.500898121951), 2.3294708728790283), (np.float64(5319.500898121201), 28.06155562400818), (np.float64(5254.492637535401), 444.70978236198425), (np.float64(5254.492637535393), 724.37451338768), (np.float64(5254.492637533043), 986.3234567642212), (np.float64(639.0804485200351), 3723.718344926834)]
(REAL, NOT adjusted by restarts)probability of this sequence is: 4.68975468975469e-13
probability of this sequence is: 3.001443001443002e-13
uncertainty:
{'ate': np.float64(19701.530954004967), 'se': np.float64(693.5887728257009), 'ci': (np.float64(18342.118092220568), np.float64(21060.943815789367)), 'significant': np.True_}
checked:
1063
