Starting EXP28, type=probe_probs_no_restart, run 2/3
Job 68226990, task 13
loaded cached data
loaded cached data
loaded cached data
loaded cached data
loaded cached data
loaded cached data
START ATE IS: 8774.43320476426
***
FINISHED
ATE before: 8774.43320476426
ATE now is: 16556.46045228411
sequence is: (('bin_equal_frequency_10', 'Age'), ('norm_log', 'education'), ('isolationForest', 'Age'))
***
Execution time: 4323.065 sec
distances from ATE (with time):
[(np.float64(7725.56679523574), 0), (np.float64(7725.566795234679), 0.7470543384552002), (np.float64(7661.720210881365), 4.8715715408325195), (np.float64(6162.798039486679), 5.936963796615601), (np.float64(2231.760637435067), 42.64537048339844), (np.float64(2201.107084748888), 339.29017066955566), (np.float64(1260.2798475693999), 365.6354670524597), (np.float64(705.5004659614369), 379.58966994285583), (np.float64(398.3508832120024), 551.4645862579346), (np.float64(139.44645082010902), 992.5363340377808), (np.float64(139.4464508200872), 3326.029577732086), (np.float64(139.4464508200399), 3667.2900524139404), (np.float64(56.46045228411094), 4323.06432056427)]
probability of this sequence is: 3.632077561328803e-07
uncertainty:
{'ate': np.float64(16556.460452338262), 'se': np.float64(480.88032350494734), 'ci': (np.float64(15613.949867010246), np.float64(17498.971037666277)), 'significant': np.True_}
checked:
2061
