Starting EXP30.4, type=probe_probs_with_restart, run 1/3
Job 68225845, task 132
loaded cached data
loaded cached data
loaded cached data
loaded cached data
loaded cached data
loaded cached data
START ATE IS: 8636.6164593618
PROBE TRIGGERED! Error reduced from inf to 7863.384 (ATE went to 8636.61645935971).
PROBE TRIGGERED! Error reduced from 7863.384 to 6299.942 (ATE went to 10200.058266418791).
PROBE TRIGGERED! Error reduced from 6299.942 to 1891.752 (ATE went to 14608.247582132959).
PROBE TRIGGERED! Error reduced from 1891.752 to 1624.119 (ATE went to 14875.880510940777).
PROBE TRIGGERED! Error reduced from 1624.119 to 273.638 (ATE went to 16226.361762882967).
***
FINISHED
ATE before: 8636.6164593618
ATE now is: 16459.454377385697
sequence is: (('IQR', 'education'), ('isolationForest', 'Age'), ('norm_min_max', 'Age'), ('norm_log', 'education'))
***
Execution time: 286.990 sec
distances from ATE (with time):
[(np.float64(7863.3835406382), 0), (np.float64(7863.3835406382), 0.18448996543884277), (np.float64(7863.3835406380895), 0.5002350807189941), (np.float64(7863.383540636412), 0.6456801891326904), (np.float64(7784.727823914634), 3.301126718521118), (np.float64(6299.941733581209), 3.575310468673706), (np.float64(7863.3835406382), 3.6179730892181396), (np.float64(6299.941733581209), 3.8896749019622803), (np.float64(6299.941733579817), 8.7309410572052), (np.float64(6271.030956712348), 10.019025564193726), (np.float64(1891.752417867041), 15.762983322143555), (np.float64(7863.3835406382), 15.778583288192749), (np.float64(6299.941733581209), 16.021575450897217), (np.float64(1891.752417867041), 19.0165593624115), (np.float64(1835.0092792469004), 29.693279504776), (np.float64(1624.1194890592233), 60.72596859931946), (np.float64(7863.3835406382), 60.741546869277954), (np.float64(6299.941733581209), 60.97958302497864), (np.float64(1891.752417867041), 64.00375723838806), (np.float64(1835.0092792469004), 73.22882986068726), (np.float64(1624.1194890592233), 79.86154079437256), (np.float64(1624.1194890580864), 82.8473470211029), (np.float64(273.638237117033), 213.73166036605835), (np.float64(7863.3835406382), 213.74609994888306), (np.float64(6299.941733581209), 213.96844291687012), (np.float64(1891.752417867041), 216.98500418663025), (np.float64(1835.0092792469004), 226.2776997089386), (np.float64(273.638237117033), 229.6571855545044), (np.float64(40.545622614303284), 286.98949694633484)]
(REAL, NOT adjusted by restarts)probability of this sequence is: 2.0990578114172958e-07
probability of this sequence is: 0.0073499174915042775
uncertainty:
{'ate': np.float64(16459.45437738156), 'se': np.float64(689.6138366261072), 'ci': (np.float64(15107.827127379376), np.float64(17811.081627383744)), 'significant': np.True_}
checked:
373
