Starting EXP34.3, type=probe, run 3/3
Job 68227915, task 65
loaded cached data
loaded cached data
loaded cached data
loaded cached data
loaded cached data
loaded cached data
START ATE IS: 8774.433205324263
PROBE TRIGGERED! Error reduced from inf to 9658.920 (ATE went to 6841.079964230288).
PROBE TRIGGERED! Error reduced from 9658.920 to 8161.054 (ATE went to 8338.94617942562).
PROBE TRIGGERED! Error reduced from 8161.054 to 5101.414 (ATE went to 11398.586362429542).
PROBE TRIGGERED! Error reduced from 5101.414 to 910.301 (ATE went to 15589.699189735202).
PROBE TRIGGERED! Error reduced from 910.301 to 331.956 (ATE went to 16168.043794536421).
PROBE TRIGGERED! Error reduced from 331.956 to 255.701 (ATE went to 16244.298831473721).
***
FINISHED
ATE before: 8774.433205324263
ATE now is: 16489.04937052799
sequence is: (('norm_log', 'Age'), ('bin_equal_frequency_5', 'education'), ('isolationForest', 'Age'))
***
Execution time: 4552.523 sec
distances from ATE (with time):
[(np.float64(7725.566794675737), 0), (np.float64(7725.566794675737), 0.9335570335388184), (np.float64(7725.566794675737), 4.013097286224365), (np.float64(5101.413637570458), 27.896490812301636), (np.float64(7725.566794675737), 28.144482135772705), (np.float64(5101.413637570458), 31.035101175308228), (np.float64(910.3008102647982), 121.08827114105225), (np.float64(7725.566794675737), 121.15466523170471), (np.float64(5101.413637570458), 123.10730075836182), (np.float64(910.3008102647982), 137.15509462356567), (np.float64(331.95620546357895), 165.72951197624207), (np.float64(7725.566794675737), 165.7952070236206), (np.float64(5101.413637570458), 166.76703119277954), (np.float64(910.3008102647982), 180.47084403038025), (np.float64(331.95620546357895), 195.9201021194458), (np.float64(331.95620542388133), 1640.4261333942413), (np.float64(255.7011685262787), 1675.1478071212769), (np.float64(7725.566794675737), 1675.2214605808258), (np.float64(5101.413637570458), 1676.7263276576996), (np.float64(910.3008102647982), 1693.5519616603851), (np.float64(331.95620546357895), 1712.4058322906494), (np.float64(331.95620542388133), 3511.0097510814667), (np.float64(331.956205247101), 3650.016167640686), (np.float64(10.950629472008586), 4552.522807836533)]
uncertainty:
{'ate': np.float64(16746.519730007), 'se': np.float64(404.6843149450464), 'ci': (np.float64(15953.352052966868), np.float64(17539.68740704713)), 'significant': np.True_}
checked:
1030
