Starting EXP30.3, type=probe_probs_with_restart, run 3/3
Job 68225837, task 125
loaded cached data
loaded cached data
loaded cached data
loaded cached data
loaded cached data
loaded cached data
START ATE IS: 8764.64274007934
PROBE TRIGGERED! Error reduced from inf to 7735.357 (ATE went to 8764.64274007912).
PROBE TRIGGERED! Error reduced from 7735.357 to 6179.418 (ATE went to 10320.581510397073).
***
FINISHED
ATE before: 8764.64274007934
ATE now is: 16598.82803335699
sequence is: (('isolationForest', 'Age'),)
***
Execution time: 9.416 sec
distances from ATE (with time):
[(np.float64(7735.35725992066), 0), (np.float64(7735.35725992066), 0.11217713356018066), (np.float64(7735.357259919678), 0.39911890029907227), (np.float64(7735.357259916589), 0.4912865161895752), (np.float64(7686.940574527625), 1.8794891834259033), (np.float64(6179.418489602927), 2.0612568855285645), (np.float64(7735.35725992066), 2.0917305946350098), (np.float64(6179.418489602927), 2.271239995956421), (np.float64(6179.418489602593), 5.115526914596558), (np.float64(6179.418489601989), 5.190602779388428), (np.float64(6179.369591163228), 5.829493522644043), (np.float64(98.82803335698918), 9.41577935218811)]
(REAL, NOT adjusted by restarts)probability of this sequence is: 0.006029684601113173
probability of this sequence is: 0.0038589981447124306
uncertainty:
{'ate': np.float64(16598.82803335936), 'se': np.float64(828.8715792724144), 'ci': (np.float64(14974.255965895207), np.float64(18223.400100823517)), 'significant': np.True_}
checked:
90
