Starting EXP30.3, type=probe_probs_with_restart, run 1/3
Job 68239049, task 123
loaded cached data
loaded cached data
loaded cached data
loaded cached data
loaded cached data
loaded cached data
START ATE IS: 8765.265154632862
PROBE TRIGGERED! Error reduced from inf to 10008.735 (ATE went to 8765.265154633502).
PROBE TRIGGERED! Error reduced from 10008.735 to 8454.479 (ATE went to 10319.521271247197).
PROBE TRIGGERED! Error reduced from 8454.479 to 3237.919 (ATE went to 15536.081026510636).
PROBE TRIGGERED! Error reduced from 3237.919 to 1461.369 (ATE went to 17312.631125971402).
PROBE TRIGGERED! Error reduced from 1461.369 to 1312.676 (ATE went to 17461.32403670073).
PROBE TRIGGERED! Error reduced from 1312.676 to 1177.862 (ATE went to 17596.13838562423).
***
FINISHED
ATE before: 8765.265154632862
ATE now is: 17927.305151459826
sequence is: (('norm_log', 'education'), ('IQR', 'education'), ('norm_log', 'Age'), ('isolationForest', 'Age'))
***
Execution time: 739.885 sec
distances from ATE (with time):
[(np.float64(10008.734845367138), 0), (np.float64(10008.734845366498), 0.0888981819152832), (np.float64(10008.734845367138), 0.12738656997680664), (np.float64(10008.734845366498), 0.23827362060546875), (np.float64(10008.734845365861), 0.34438014030456543), (np.float64(10008.734845362018), 0.45645737648010254), (np.float64(10008.734845361196), 1.0965945720672607), (np.float64(9923.831349785954), 2.243161678314209), (np.float64(8454.478728752803), 2.434269666671753), (np.float64(10008.734845367138), 2.4677536487579346), (np.float64(10008.734845366498), 2.557096242904663), (np.float64(8454.478728752803), 2.6609511375427246), (np.float64(8454.478728751306), 3.3447976112365723), (np.float64(8454.47872875116), 6.093677759170532), (np.float64(8418.799384521044), 6.733341693878174), (np.float64(3237.9189734893644), 10.880438327789307), (np.float64(10008.734845367138), 10.892471551895142), (np.float64(10008.734845366498), 10.974827289581299), (np.float64(8454.478728752803), 11.05322813987732), (np.float64(3237.9189734893644), 13.278335094451904), (np.float64(3237.9189734891133), 18.83957028388977), (np.float64(3237.918973489097), 25.370011806488037), (np.float64(3237.918973488293), 27.58736538887024), (np.float64(3228.564503138443), 41.46042847633362), (np.float64(2968.173389967278), 43.7849018573761), (np.float64(1461.368874028598), 124.21629595756531), (np.float64(10008.734845367138), 124.22770810127258), (np.float64(3237.9189734893644), 126.45717263221741), (np.float64(2968.1733899669143), 131.62794089317322), (np.float64(1461.368874028598), 140.55828428268433), (np.float64(1312.675963299269), 282.64499139785767), (np.float64(10008.734845367138), 282.65671157836914), (np.float64(10008.734845366498), 282.74372720718384), (np.float64(8454.478728752803), 282.8235948085785), (np.float64(3237.9189734893644), 285.1587989330292), (np.float64(3237.9189734891133), 289.99533247947693), (np.float64(1461.368874028598), 294.43937730789185), (np.float64(1177.8616143757718), 306.0790979862213), (np.float64(10008.734845367138), 306.09060645103455), (np.float64(3237.9189734893644), 308.3344147205353), (np.float64(2968.1733899669143), 310.7982528209686), (np.float64(1461.368874028598), 317.40463852882385), (np.float64(1312.6759632996727), 326.7718894481659), (np.float64(1312.6759632986723), 363.48103737831116), (np.float64(1177.8616143761465), 371.0553638935089), (np.float64(1127.074339620216), 711.350870847702), (np.float64(846.6948485401736), 739.8836584091187)]
(REAL, NOT adjusted by restarts)probability of this sequence is: 8.254721730292733e-08
probability of this sequence is: 0.0011152295005429622
uncertainty:
{'ate': np.float64(17927.30515146668), 'se': np.float64(838.3915125578147), 'ci': (np.float64(16284.073333124245), np.float64(19570.536969809116)), 'significant': np.True_}
checked:
810
