Starting EXP31.6, type=probe_probs_with_restart, run 1/3
Job 68225910, task 195
loaded cached data
loaded cached data
loaded cached data
loaded cached data
loaded cached data
loaded cached data
START ATE IS: -0.024891101431238117
***
FINISHED
ATE before: -0.024891101431238117
ATE now is: -0.024891101431238117
sequence is: (('norm_min_max', 'herpes'),)
***
Execution time: 0.004 sec
distances from ATE (with time):
[(np.float64(0.035108898568761884), 0)]
(REAL, NOT adjusted by restarts)probability of this sequence is: 0.09632034632034632
probability of this sequence is: 0.09632034632034632
uncertainty:
{'ate': np.float64(-0.024891101431240667), 'se': np.float64(0.007394204192686624), 'ci': (np.float64(-0.039385296313179295), np.float64(-0.010396906549302039)), 'significant': np.True_}
checked:
1
