Starting EXP31.42, type=probe_probs_no_restart, run 3/3
Job 68241717, task 302
loaded cached data
loaded cached data
loaded cached data
loaded cached data
loaded cached data
loaded cached data
START ATE IS: -0.024663860789923157
***
FINISHED
ATE before: -0.024663860789923157
ATE now is: -0.02466386078970988
sequence is: (('norm_min_max', 'drink5'),)
***
Execution time: 0.027 sec
distances from ATE (with time):
[(np.float64(0.03533613921007684), 0)]
probability of this sequence is: 0.013760049474335189
uncertainty:
{'ate': np.float64(-0.024663860789946562), 'se': np.float64(0.006714839713266598), 'ci': (np.float64(-0.0378263646561198), np.float64(-0.01150135692377333)), 'significant': np.True_}
checked:
1
