Starting EXP36.7, type=probe_probs_no_restart, run 1/3
Job 68243039, task 498
loaded cached data
loaded cached data
loaded cached data
loaded cached data
loaded cached data
loaded cached data
START ATE IS: 49665.261207814445
***
FINISHED
ATE before: 49665.261207814445
ATE now is: 12579.32953083203
sequence is: (('IQR', 'sqft_basement'), ('norm_min_max', 'bathrooms'), ('bin_equal_frequency_5', 'sqft_living'), ('bin_equal_frequency_5', 'sqft_living15'), ('bin_equal_frequency_5', 'yr_built'))
***
Execution time: 9475.172 sec
distances from ATE (with time):
[(np.float64(39532.18120781444), 0), (np.float64(39532.181167037605), 0.002722501754760742), (np.float64(39532.181153334335), 0.01556706428527832), (np.float64(39532.18114870361), 0.01960134506225586), (np.float64(39532.18113346923), 0.023604631423950195), (np.float64(39137.359726576746), 0.06756758689880371), (np.float64(38948.69695919584), 0.07567977905273438), (np.float64(37168.22760666677), 0.08398962020874023), (np.float64(28094.97256754939), 0.0921931266784668), (np.float64(27331.469215974234), 2.542943000793457), (np.float64(22762.183841571794), 2.868548631668091), (np.float64(21608.34402294711), 11.491752624511719), (np.float64(17593.3951349899), 22.087313890457153), (np.float64(14675.708081181887), 39.35922622680664), (np.float64(11878.143309238369), 73.00123906135559), (np.float64(11878.143303832354), 333.74400520324707), (np.float64(11464.938648462974), 486.54661679267883), (np.float64(7689.18961550094), 491.570778131485), (np.float64(7039.511451234621), 817.2765574455261), (np.float64(6387.350025663758), 820.5892651081085), (np.float64(6188.888429399929), 2316.6005239486694), (np.float64(5689.902050417713), 4349.32067990303), (np.float64(5299.874269212634), 5069.230047941208), (np.float64(3071.7845194257316), 8507.800824403763), (np.float64(2446.2495308320304), 9475.171738862991)]
probability of this sequence is: 2.959907702651802e-13
uncertainty:
{'ate': np.float64(12579.32953625868), 'se': np.float64(27528.661191322717), 'ci': (np.float64(-41387.2009461371), np.float64(66545.86001865446)), 'significant': np.False_}
checked:
499723
