Starting EXP29.3, type=probe, run 3/3
Job 68225180, task 38
loaded cached data
loaded cached data
loaded cached data
loaded cached data
loaded cached data
loaded cached data
START ATE IS: 0.06672092077994192
PROBE TRIGGERED! Error reduced from inf to 0.127 (ATE went to 0.066633129679372).
PROBE TRIGGERED! Error reduced from 0.127 to 0.061 (ATE went to 0.0013118323437975676).
***
FINISHED
ATE before: 0.06672092077994192
ATE now is: -0.0066817987944087645
sequence is: (('bin_equal_frequency_2', 'wt'), ('norm_log', 'gestat10'))
***
Execution time: 22.771 sec
distances from ATE (with time):
[(np.float64(0.1267209207799419), 0), (np.float64(0.12663312967937201), 0.027997970581054688), (np.float64(0.1267209207799419), 0.032224178314208984), (np.float64(0.12663312967937201), 0.04319405555725098), (np.float64(0.1265247258793683), 0.07305598258972168), (np.float64(0.12650389736875628), 0.08370399475097656), (np.float64(0.12630913311792585), 0.4126710891723633), (np.float64(0.12602636857032667), 0.45496559143066406), (np.float64(0.061311832343797563), 0.5268898010253906), (np.float64(0.1267209207799419), 0.5308151245117188), (np.float64(0.12663312967937201), 0.5413367748260498), (np.float64(0.061311832343797563), 0.5516016483306885), (np.float64(0.06119401982511946), 0.5642642974853516), (np.float64(0.06112418371836503), 17.366524696350098), (np.float64(0.060995000880870606), 17.4275906085968), (np.float64(0.0607156713871368), 17.47644829750061), (np.float64(0.053318201205591234), 22.77103066444397)]
uncertainty:
{'ate': np.float64(-0.006681799005640084), 'se': np.float64(0.012150111705390593), 'ci': (np.float64(-0.03050573368012297), np.float64(0.0171421356688428)), 'significant': np.False_}
checked:
1311
