Starting EXP33.4, type=probe, run 2/3
Job 68241894, task 370
loaded cached data
loaded cached data
loaded cached data
loaded cached data
loaded cached data
loaded cached data
START ATE IS: 0.061323487541597756
PROBE TRIGGERED! Error reduced from inf to 0.121 (ATE went to 0.06133003431090353).
PROBE TRIGGERED! Error reduced from 0.121 to 0.062 (ATE went to 0.0019593816858298027).
***
FINISHED
ATE before: 0.061323487541597756
ATE now is: -0.005384345357617536
sequence is: (('bin_equal_frequency_2', 'wt'), ('norm_log', 'gestat10'))
***
Execution time: 99.931 sec
distances from ATE (with time):
[(np.float64(0.12132348754159775), 0), (np.float64(0.12132348754159775), 0.19951915740966797), (np.float64(0.12131956678473377), 0.8556103706359863), (np.float64(0.12130306780023714), 2.948744058609009), (np.float64(0.12129993140855408), 3.018686532974243), (np.float64(0.12129361813537314), 3.0843262672424316), (np.float64(0.12128751563459819), 3.200364351272583), (np.float64(0.1212821327781353), 3.270481586456299), (np.float64(0.061959381685829804), 3.405837059020996), (np.float64(0.12132348754159775), 3.4200897216796875), (np.float64(0.061959381685829804), 3.5552704334259033), (np.float64(0.06195392450596442), 67.42736840248108), (np.float64(0.06195229626265327), 67.58286380767822), (np.float64(0.061921105748304346), 67.97248959541321), (np.float64(0.06192098031541893), 68.26739716529846), (np.float64(0.061883084545031594), 69.92301201820374), (np.float64(0.05461565464238246), 99.93015623092651)]
uncertainty:
{'ate': np.float64(-0.005384345342846195), 'se': np.float64(0.0032780948826050143), 'ci': (np.float64(-0.0118094951660255), np.float64(0.0010408044803331112)), 'significant': np.False_}
checked:
1315
