Starting EXP31.45, type=probe, run 1/3
Job 68241727, task 306
loaded cached data
loaded cached data
loaded cached data
loaded cached data
loaded cached data
loaded cached data
START ATE IS: 0.06166146104144826
PROBE TRIGGERED! Error reduced from inf to 0.063 (ATE went to 0.0027282133497515465).
***
FINISHED
ATE before: 0.06166146104144826
ATE now is: -0.004979929609453826
sequence is: (('bin_equal_frequency_2', 'wt'), ('norm_log', 'gestat10'))
***
Execution time: 24.347 sec
distances from ATE (with time):
[(np.float64(0.12166146104144826), 0), (np.float64(0.06272821334975154), 0.015459775924682617), (np.float64(0.12166146104144826), 0.02253580093383789), (np.float64(0.06272821334975154), 0.04101109504699707), (np.float64(0.06271141483691524), 17.721731901168823), (np.float64(0.06269494009850206), 17.739582538604736), (np.float64(0.06268867934416178), 17.882910013198853), (np.float64(0.06267269565475062), 18.339497804641724), (np.float64(0.05502007039054617), 24.346570014953613)]
uncertainty:
{'ate': np.float64(-0.004979929478739695), 'se': np.float64(0.006574030489716654), 'ci': (np.float64(-0.01786641803906673), np.float64(0.007906559081587343)), 'significant': np.False_}
checked:
1000
