Starting EXP31.39, type=probe, run 1/3
Job 68241692, task 288
loaded cached data
loaded cached data
loaded cached data
loaded cached data
loaded cached data
loaded cached data
START ATE IS: 0.06111193447166138
PROBE TRIGGERED! Error reduced from inf to 0.062 (ATE went to 0.0018704485039867911).
***
FINISHED
ATE before: 0.06111193447166138
ATE now is: -0.00546481413482681
sequence is: (('bin_equal_frequency_2', 'wt'), ('norm_log', 'gestat10'))
***
Execution time: 19.745 sec
distances from ATE (with time):
[(np.float64(0.12111193447166138), 0), (np.float64(0.06187044850398679), 0.05076098442077637), (np.float64(0.12111193447166138), 0.05694890022277832), (np.float64(0.06187044850398679), 0.07362246513366699), (np.float64(0.061867212407786885), 14.832666397094727), (np.float64(0.06183346249436218), 14.849482536315918), (np.float64(0.061825166340606336), 15.145505905151367), (np.float64(0.05453518586517319), 19.7449471950531)]
uncertainty:
{'ate': np.float64(-0.005464814134837168), 'se': np.float64(0.006573219763354753), 'ci': (np.float64(-0.018349712484350137), np.float64(0.007420084214675802)), 'significant': np.False_}
checked:
847
