Starting EXP32.6, type=probe_probs_with_restart, run 2/3
Job 68241849, task 340
loaded cached data
loaded cached data
loaded cached data
loaded cached data
loaded cached data
loaded cached data
START ATE IS: 9708.109357113683
PROBE TRIGGERED! Error reduced from inf to 9065.891 (ATE went to 9708.10935709713).
PROBE TRIGGERED! Error reduced from 9065.891 to 7413.491 (ATE went to 11360.508557878877).
PROBE TRIGGERED! Error reduced from 7413.491 to 1825.733 (ATE went to 16948.26703521279).
PROBE TRIGGERED! Error reduced from 1825.733 to 1562.827 (ATE went to 17211.17306849422).
***
FINISHED
ATE before: 9708.109357113683
ATE now is: 17948.49732966367
sequence is: (('norm_log', 'education'), ('norm_min_max', 'private health coverage'), ('isolationForest', 'private health coverage'))
***
Execution time: 139.693 sec
distances from ATE (with time):
[(np.float64(9065.890642886317), 0), (np.float64(9065.890642886317), 0.33170270919799805), (np.float64(9065.890642777216), 1.308905839920044), (np.float64(9059.7134780848), 5.934708833694458), (np.float64(7413.491442121123), 6.802026748657227), (np.float64(9065.890642886317), 6.895184755325317), (np.float64(7413.491442121123), 7.4616053104400635), (np.float64(7413.491442014516), 16.263746738433838), (np.float64(1825.7329647872102), 23.60224986076355), (np.float64(9065.890642886317), 23.634071111679077), (np.float64(7413.491442121123), 24.1937837600708), (np.float64(1825.7329647872102), 30.95635461807251), (np.float64(1825.7329646346261), 39.36731028556824), (np.float64(1562.8269315057805), 103.50760054588318), (np.float64(9065.890642886317), 103.54260396957397), (np.float64(7413.491442121123), 104.11551427841187), (np.float64(1825.7329647872102), 110.8703773021698), (np.float64(1825.7329646346261), 117.86445999145508), (np.float64(1562.8269315057805), 132.98303055763245), (np.float64(825.5026703363292), 139.69204568862915)]
(REAL, NOT adjusted by restarts)probability of this sequence is: 2.5665840674695458e-05
probability of this sequence is: 0.042613749357491716
uncertainty:
{'ate': np.float64(17948.497329227022), 'se': np.float64(391.6908898643716), 'ci': (np.float64(17180.795523309913), np.float64(18716.199135144132)), 'significant': np.True_}
checked:
123
