Starting EXP29.1, type=probe, run 1/3
Job 68225149, task 18
loaded cached data
loaded cached data
loaded cached data
loaded cached data
loaded cached data
loaded cached data
START ATE IS: 0.06167949669785698
PROBE TRIGGERED! Error reduced from inf to 0.124 (ATE went to 0.06372695835382426).
***
FINISHED
ATE before: 0.06167949669785698
ATE now is: -0.0045560006761840586
sequence is: (('bin_equal_frequency_2', 'wt'),)
***
Execution time: 0.358 sec
distances from ATE (with time):
[(np.float64(0.12167949669785698), 0), (np.float64(0.12167949669785698), 0.024289608001708984), (np.float64(0.12143120822639242), 0.2765347957611084), (np.float64(0.12102684837396838), 0.3135225772857666), (np.float64(0.05544399932381594), 0.3572211265563965)]
uncertainty:
{'ate': np.float64(-0.004556000275848801), 'se': np.float64(0.02221804376962546), 'ci': (np.float64(-0.0481604343534304), np.float64(0.0390484338017328)), 'significant': np.False_}
checked:
54
