Starting EXP32.6, type=probe_probs_no_restart, run 1/3
Job 68241819, task 336
loaded cached data
loaded cached data
loaded cached data
loaded cached data
loaded cached data
loaded cached data
START ATE IS: 10076.219473497982
***
FINISHED
ATE before: 10076.219473497982
ATE now is: 18814.53203650056
sequence is: (('IQR', 'education'), ('bin_equal_frequency_5', 'Age'), ('bin_equal_frequency_5', 'education'), ('isolationForest', 'education'))
***
Execution time: 13971.876 sec
distances from ATE (with time):
[(np.float64(8697.780526502018), 0), (np.float64(8697.780526499182), 0.6312177181243896), (np.float64(8697.780526498722), 0.9922113418579102), (np.float64(7117.672152686433), 2.4506280422210693), (np.float64(7117.67215268528), 58.980377197265625), (np.float64(7117.672152674519), 68.65153980255127), (np.float64(6488.21708509213), 69.59373688697815), (np.float64(6488.217085090226), 285.39820742607117), (np.float64(6270.293788209299), 293.01322746276855), (np.float64(5705.217700855434), 319.1993360519409), (np.float64(2919.1186763679943), 624.886393070221), (np.float64(2919.1186763672813), 1778.5006699562073), (np.float64(2919.118676366752), 1791.8090796470642), (np.float64(2912.655536960161), 2062.3198840618134), (np.float64(2691.7993061368834), 3210.561183691025), (np.float64(2665.1648967496367), 4531.971131324768), (np.float64(2665.164896745082), 4661.181815624237), (np.float64(2665.16489674486), 4667.944715261459), (np.float64(2045.2466753516637), 4843.08868932724), (np.float64(1302.7476982055923), 6349.566157341003), (np.float64(1302.7476982055305), 10954.72512125969), (np.float64(1162.2522202897853), 11835.34017109871), (np.float64(40.532036500560935), 13971.875283002853)]
probability of this sequence is: 7.802495462660957e-10
uncertainty:
{'ate': np.float64(18814.532036494857), 'se': np.float64(936.8301503210773), 'ci': (np.float64(16978.364546694134), np.float64(20650.69952629558)), 'significant': np.True_}
checked:
5889
