Starting EXP30.1, type=probe, run 2/3
Job 68238606, task 100
loaded cached data
loaded cached data
loaded cached data
loaded cached data
loaded cached data
loaded cached data
START ATE IS: 8697.87113828206
PROBE TRIGGERED! Error reduced from inf to 12079.737 (ATE went to 6694.263140438635).
PROBE TRIGGERED! Error reduced from 12079.737 to 10608.646 (ATE went to 8165.354054094434).
PROBE TRIGGERED! Error reduced from 10608.646 to 7470.843 (ATE went to 11303.157117651399).
PROBE TRIGGERED! Error reduced from 7470.843 to 4450.825 (ATE went to 14323.175293312355).
PROBE TRIGGERED! Error reduced from 4450.825 to 1945.089 (ATE went to 16828.911282961377).
PROBE TRIGGERED! Error reduced from 1945.089 to 1430.393 (ATE went to 17343.607102680733).
***
FINISHED
ATE before: 8697.87113828206
ATE now is: 19172.401245275443
sequence is: (('bin_equal_width_2', 'education'), ('bin_equal_width_2', 'Age'), ('isolationForest', 'Age'))
***
Execution time: 201.633 sec
distances from ATE (with time):
[(np.float64(10076.12886171794), 0), (np.float64(10076.12886171794), 0.05060935020446777), (np.float64(10076.12886171794), 0.18626046180725098), (np.float64(7470.842882348601), 1.0506081581115723), (np.float64(10076.12886171794), 1.0611839294433594), (np.float64(7470.842882348601), 1.1612660884857178), (np.float64(4450.824706687645), 4.722495079040527), (np.float64(10076.12886171794), 4.726511478424072), (np.float64(7470.842882348601), 4.788377285003662), (np.float64(4450.824706687645), 5.638407945632935), (np.float64(1945.0887170386231), 7.372034788131714), (np.float64(10076.12886171794), 7.375932455062866), (np.float64(7470.842882348601), 7.402796030044556), (np.float64(4450.824706687645), 8.258557558059692), (np.float64(1945.0887170386231), 9.167675018310547), (np.float64(1870.7212646019143), 15.332751274108887), (np.float64(1430.392897319267), 97.55171418190002), (np.float64(10076.12886171794), 97.55582737922668), (np.float64(7470.842882348601), 97.58430337905884), (np.float64(4450.824706687645), 98.4415693283081), (np.float64(1945.0887170386231), 99.39790058135986), (np.float64(1430.392897319267), 108.28578662872314), (np.float64(398.4012452754432), 201.63197469711304)]
uncertainty:
{'ate': np.float64(19172.401245273955), 'se': np.float64(1842.474314991745), 'ci': (np.float64(15561.111333687437), np.float64(22783.691156860474)), 'significant': np.True_}
checked:
961
