Starting EXP31.39, type=probe_probs_with_restart, run 1/3
Job 68241698, task 294
loaded cached data
loaded cached data
loaded cached data
loaded cached data
loaded cached data
loaded cached data
START ATE IS: -0.024891098428255782
***
FINISHED
ATE before: -0.024891098428255782
ATE now is: -0.024891097610636008
sequence is: (('norm_min_max', 'dlivord_min'),)
***
Execution time: 0.010 sec
distances from ATE (with time):
[(np.float64(0.03510890157174422), 0)]
(REAL, NOT adjusted by restarts)probability of this sequence is: 0.01481851481851482
probability of this sequence is: 0.01481851481851482
uncertainty:
{'ate': np.float64(-0.024891098567473763), 'se': np.float64(0.0066793397829000315), 'ci': (np.float64(-0.037984014557338894), np.float64(-0.011798182577608632)), 'significant': np.True_}
checked:
1
