Starting EXP30.9, type=probe_probs_with_restart, run 1/3
Job 68239860, task 177
loaded cached data
loaded cached data
loaded cached data
loaded cached data
loaded cached data
loaded cached data
START ATE IS: 8825.693393143236
PROBE TRIGGERED! Error reduced from inf to 9948.307 (ATE went to 8825.693393143827).
PROBE TRIGGERED! Error reduced from 9948.307 to 8386.950 (ATE went to 10387.049987081142).
PROBE TRIGGERED! Error reduced from 8386.950 to 2555.754 (ATE went to 16218.246010195884).
PROBE TRIGGERED! Error reduced from 2555.754 to 2260.290 (ATE went to 16513.710220182227).
PROBE TRIGGERED! Error reduced from 2260.290 to 1690.476 (ATE went to 17083.524487532897).
***
FINISHED
ATE before: 8825.693393143236
ATE now is: 18014.899841698592
sequence is: (('isolationForest', 'Age'), ('bin_equal_width_5', 'education'), ('norm_log', 'education'))
***
Execution time: 2891.989 sec
distances from ATE (with time):
[(np.float64(9948.306606856764), 0), (np.float64(9948.306606856173), 0.7041895389556885), (np.float64(9948.306606856764), 0.9760279655456543), (np.float64(9948.306606856173), 1.8660833835601807), (np.float64(9948.306606850616), 5.533843994140625), (np.float64(9948.306606850276), 9.78908896446228), (np.float64(9890.726562645472), 14.29604196548462), (np.float64(8386.950012918858), 15.298814535140991), (np.float64(9948.306606856764), 15.455243110656738), (np.float64(9948.306606856173), 16.020572900772095), (np.float64(8386.950012918858), 16.460891723632812), (np.float64(8386.950012918815), 18.799940824508667), (np.float64(8386.95001291279), 31.656551837921143), (np.float64(8379.667986915854), 35.02007055282593), (np.float64(2555.753989804116), 49.564093828201294), (np.float64(9948.306606856764), 49.59645175933838), (np.float64(9948.306606856173), 50.05527853965759), (np.float64(8386.950012918858), 50.43208599090576), (np.float64(2555.753989804116), 57.32332682609558), (np.float64(2555.753989803121), 67.10410356521606), (np.float64(2555.7539898029463), 76.79428219795227), (np.float64(2555.753989792018), 107.2439489364624), (np.float64(2260.289779817773), 156.8874523639679), (np.float64(9948.306606856764), 156.9177384376526), (np.float64(9948.306606856173), 157.28450179100037), (np.float64(8386.950012918858), 157.70946884155273), (np.float64(2555.753989804116), 164.7527415752411), (np.float64(2555.753989803121), 171.93394374847412), (np.float64(2555.7539898029463), 179.22671151161194), (np.float64(2260.289779817773), 203.0738046169281), (np.float64(2260.2897798175763), 210.28577303886414), (np.float64(1690.4755124671028), 915.8838768005371), (np.float64(9948.306606856764), 915.9194052219391), (np.float64(9948.306606856173), 916.2670130729675), (np.float64(8386.950012918858), 916.6161224842072), (np.float64(2555.753989804116), 923.5150144100189), (np.float64(2555.753989803121), 931.2110433578491), (np.float64(2555.7539898029463), 938.2889678478241), (np.float64(2479.3291459879256), 953.0598542690277), (np.float64(2260.289779817773), 968.6120278835297), (np.float64(2260.2897798175763), 975.3747918605804), (np.float64(1690.4755124671028), 1013.1328461170197), (np.float64(1657.1227929328816), 1152.9301896095276), (np.float64(759.1001583014076), 2891.988915205002)]
(REAL, NOT adjusted by restarts)probability of this sequence is: 1.8160387806644015e-07
probability of this sequence is: 7.045352437017625e-05
uncertainty:
{'ate': np.float64(18014.89984169368), 'se': np.float64(478.44084394517915), 'ci': (np.float64(17077.170358742744), np.float64(18952.62932464462)), 'significant': np.True_}
checked:
1164
