Starting EXP30.9, type=probe_probs_no_restart, run 2/3
Job 68225890, task 175
loaded cached data
loaded cached data
loaded cached data
loaded cached data
loaded cached data
loaded cached data
START ATE IS: 8739.381206899163
***
FINISHED
ATE before: 8739.381206899163
ATE now is: 16449.847025892854
sequence is: (('isolationForest', 'Age'), ('norm_min_max', 'Age'), ('norm_log', 'education'))
***
Execution time: 895.570 sec
distances from ATE (with time):
[(np.float64(7760.618793100837), 0), (np.float64(7760.618793097594), 1.2190420627593994), (np.float64(7760.6187930936085), 1.6796259880065918), (np.float64(7697.7135368141935), 3.5400147438049316), (np.float64(6196.688043543354), 4.50257682800293), (np.float64(324.2337820137436), 21.786738634109497), (np.float64(324.2337820134617), 109.63144636154175), (np.float64(324.2337820127432), 132.64329195022583), (np.float64(324.23378201273226), 152.44322443008423), (np.float64(199.06463861414704), 283.6064763069153), (np.float64(199.0646386140652), 788.3478803634644), (np.float64(50.15297410714629), 895.5693080425262)]
probability of this sequence is: 1.6162745147913176e-05
uncertainty:
{'ate': np.float64(16449.84702585959), 'se': np.float64(466.0234782757678), 'ci': (np.float64(15536.455195447534), np.float64(17363.23885627165)), 'significant': np.True_}
checked:
758
