Starting EXP30.4, type=probe_probs_with_restart, run 1/3
Job 68239480, task 132
loaded cached data
loaded cached data
loaded cached data
loaded cached data
loaded cached data
loaded cached data
START ATE IS: 8583.83734764389
PROBE TRIGGERED! Error reduced from inf to 10190.163 (ATE went to 8583.837347642218).
PROBE TRIGGERED! Error reduced from 10190.163 to 8621.420 (ATE went to 10152.579927042056).
PROBE TRIGGERED! Error reduced from 8621.420 to 4244.199 (ATE went to 14529.800520812443).
PROBE TRIGGERED! Error reduced from 4244.199 to 3802.901 (ATE went to 14971.09921145615).
PROBE TRIGGERED! Error reduced from 3802.901 to 3326.297 (ATE went to 15447.703355225156).
PROBE TRIGGERED! Error reduced from 3326.297 to 2130.719 (ATE went to 16643.28146182674).
PROBE TRIGGERED! Error reduced from 2130.719 to 1732.785 (ATE went to 17041.215224999076).
PROBE TRIGGERED! Error reduced from 1732.785 to 1167.303 (ATE went to 17606.697242823033).
***
FINISHED
ATE before: 8583.83734764389
ATE now is: 19506.721761995366
sequence is: (('bin_equal_frequency_5', 'education'), ('norm_log', 'education'), ('norm_log', 'Age'), ('isolationForest', 'Age'))
***
Execution time: 1241.181 sec
distances from ATE (with time):
[(np.float64(10190.16265235611), 0), (np.float64(10190.16265235611), 0.1637253761291504), (np.float64(10190.162652355184), 0.5860116481781006), (np.float64(10190.162652353125), 0.857668399810791), (np.float64(10115.983911577172), 2.88512921333313), (np.float64(8621.420072957944), 3.1199750900268555), (np.float64(10190.16265235611), 3.1555233001708984), (np.float64(8621.420072957944), 3.3828654289245605), (np.float64(8621.420072956793), 7.497049570083618), (np.float64(8621.420072952395), 7.61807918548584), (np.float64(8596.751613635839), 8.56421184539795), (np.float64(4244.199479187557), 13.713781595230103), (np.float64(10190.16265235611), 13.728557348251343), (np.float64(8621.420072957944), 13.946176767349243), (np.float64(4244.199479187557), 16.68870973587036), (np.float64(4244.199479187419), 20.236095428466797), (np.float64(3976.559145285135), 26.38666009902954), (np.float64(3942.305928048743), 54.613346099853516), (np.float64(3802.9007885438496), 60.79322028160095), (np.float64(10190.16265235611), 60.80784034729004), (np.float64(4244.199479187557), 63.53792691230774), (np.float64(4244.199479187419), 66.62155079841614), (np.float64(4243.383403838565), 69.96699857711792), (np.float64(3942.3059280483885), 72.87681937217712), (np.float64(3802.9007885438496), 78.31679558753967), (np.float64(3802.900788537034), 262.9416241645813), (np.float64(3600.4547534965986), 276.9025342464447), (np.float64(3326.296644774844), 451.5162343978882), (np.float64(10190.16265235611), 451.53058981895447), (np.float64(4244.199479187557), 454.31474113464355), (np.float64(4243.383403838565), 457.5277090072632), (np.float64(3802.9007885438496), 463.03347301483154), (np.float64(3326.296644774844), 465.767573595047), (np.float64(3326.296644774535), 507.5159184932709), (np.float64(3003.9651785023107), 520.132851600647), (np.float64(3003.9651785020724), 887.8317255973816), (np.float64(2130.7185381732597), 947.0775983333588), (np.float64(10190.16265235611), 947.087860584259), (np.float64(4244.199479187557), 949.8413469791412), (np.float64(4243.383403838565), 955.8487062454224), (np.float64(2130.7185381732597), 961.6862545013428), (np.float64(1732.7847750009241), 1014.4152655601501), (np.float64(10190.16265235611), 1014.4262104034424), (np.float64(4244.199479187557), 1017.2277679443359), (np.float64(2130.7185381732597), 1025.9960680007935), (np.float64(1732.7847750009241), 1046.283271074295), (np.float64(1167.3027571769671), 1090.3423023223877), (np.float64(10190.16265235611), 1090.3531212806702), (np.float64(4244.199479187557), 1093.1365122795105), (np.float64(3942.3059280483885), 1099.0793747901917), (np.float64(2130.7185381732597), 1104.8023025989532), (np.float64(1167.3027571769671), 1119.521131515503), (np.float64(732.7217619953663), 1241.1804325580597)]
(REAL, NOT adjusted by restarts)probability of this sequence is: 1.4740574518379878e-08
probability of this sequence is: 0.008130019251713354
uncertainty:
{'ate': np.float64(19506.721762000823), 'se': np.float64(954.840612453274), 'ci': (np.float64(17635.252141285404), np.float64(21378.191382716243)), 'significant': np.True_}
checked:
974
