Starting EXP31.6, type=probe_probs_with_restart, run 3/3
Job 68225912, task 197
loaded cached data
loaded cached data
loaded cached data
loaded cached data
loaded cached data
loaded cached data
START ATE IS: -0.024891101431235366
***
FINISHED
ATE before: -0.024891101431235366
ATE now is: -0.024891101431238186
sequence is: (('norm_min_max', 'mplbir'),)
***
Execution time: 0.004 sec
distances from ATE (with time):
[(np.float64(0.03510889856876463), 0), (np.float64(0.035108898568761815), 0.003935098648071289)]
(REAL, NOT adjusted by restarts)probability of this sequence is: 0.09632034632034632
probability of this sequence is: 0.09632034632034632
uncertainty:
{'ate': np.float64(-0.024891101431240598), 'se': np.float64(0.007391491559462731), 'ci': (np.float64(-0.03937997898171721), np.float64(-0.010402223880763983)), 'significant': np.True_}
checked:
1
