Starting EXP34.3, type=probe_probs_no_restart, run 1/3
Job 68241943, task 408
loaded cached data
loaded cached data
loaded cached data
loaded cached data
loaded cached data
loaded cached data
START ATE IS: 8774.433204674615
***
FINISHED
ATE before: 8774.433204674615
ATE now is: 18451.253913092936
sequence is: (('bin_equal_frequency_5', 'education'), ('isolationForest', 'Age'), ('norm_log', 'education'))
***
Execution time: 10656.568 sec
distances from ATE (with time):
[(np.float64(9999.566795325385), 0), (np.float64(9999.56679532371), 1.0133512020111084), (np.float64(9999.5667953148), 2.537440299987793), (np.float64(9999.566795305527), 6.888597249984741), (np.float64(9935.720210976107), 11.10593867301941), (np.float64(8436.79803957123), 13.915370464324951), (np.float64(3184.30081007811), 72.23323035240173), (np.float64(3184.300810074117), 384.37400579452515), (np.float64(3184.300810071387), 414.50257182121277), (np.float64(3177.035439938367), 808.8557181358337), (np.float64(3056.355640764299), 889.5737836360931), (np.float64(3056.355640730435), 2358.3361027240753), (np.float64(2898.572904538214), 2577.0251598358154), (np.float64(2898.572904512468), 2606.118852853775), (np.float64(1276.286112571197), 2839.180123567581), (np.float64(1276.2861125711825), 7707.931282758713), (np.float64(1276.2861125711788), 7793.044922351837), (np.float64(1276.286112560505), 8492.233921527863), (np.float64(1276.2861125436684), 8744.088594913483), (np.float64(1276.2861125436502), 9248.234390258789), (np.float64(322.7460869070637), 10656.566858530045)]
probability of this sequence is: 4.540096951661003e-07
uncertainty:
{'ate': np.float64(18451.253913094268), 'se': np.float64(307.3902468394035), 'ci': (np.float64(17848.779374658658), np.float64(19053.728451529878)), 'significant': np.True_}
checked:
1807
