Starting EXP33.1, type=probe, run 3/3
Job 68227467, task 2
loaded cached data
loaded cached data
loaded cached data
loaded cached data
loaded cached data
loaded cached data
START ATE IS: 0.061323487827131574
PROBE TRIGGERED! Error reduced from inf to 0.121 (ATE went to 0.06133003433445259).
PROBE TRIGGERED! Error reduced from 0.121 to 0.062 (ATE went to 0.0019593815021162683).
***
FINISHED
ATE before: 0.061323487827131574
ATE now is: -0.005384345354062895
sequence is: (('bin_equal_frequency_2', 'wt'), ('norm_log', 'gestat10'))
***
Execution time: 31.663 sec
distances from ATE (with time):
[(np.float64(0.12132348782713157), 0), (np.float64(0.12132348782713157), 0.0522310733795166), (np.float64(0.12131956703434166), 0.21344733238220215), (np.float64(0.12130306779949579), 0.7320506572723389), (np.float64(0.12129993163702574), 0.7487435340881348), (np.float64(0.12129361786829963), 0.7656676769256592), (np.float64(0.12128751566471117), 0.7971060276031494), (np.float64(0.12128213185704406), 0.813438892364502), (np.float64(0.061959381502116266), 0.8461785316467285), (np.float64(0.12132348782713157), 0.8523192405700684), (np.float64(0.061959381502116266), 0.8860495090484619), (np.float64(0.061953924508620035), 23.177237272262573), (np.float64(0.061952296050523596), 23.21573758125305), (np.float64(0.06192110575018659), 23.312368154525757), (np.float64(0.061920980318480354), 23.390122652053833), (np.float64(0.06188308460731291), 23.806177377700806), (np.float64(0.0546156546459371), 31.662739753723145)]
uncertainty:
{'ate': np.float64(-0.00538434534380515), 'se': np.float64(0.006569764643922853), 'ci': (np.float64(-0.018262472961803805), np.float64(0.007493782274193504)), 'significant': np.False_}
checked:
1315
