Starting EXP31.24, type=probe_probs_with_restart, run 3/3
Job 68225985, task 251
loaded cached data
loaded cached data
loaded cached data
loaded cached data
loaded cached data
loaded cached data
START ATE IS: -0.024663862671187895
***
FINISHED
ATE before: -0.024663862671187895
ATE now is: -0.024663862671187895
sequence is: (('norm_min_max', 'tobacco'),)
***
Execution time: 0.003 sec
distances from ATE (with time):
[(np.float64(0.035336137328812106), 0)]
(REAL, NOT adjusted by restarts)probability of this sequence is: 0.02408008658008658
probability of this sequence is: 0.02408008658008658
uncertainty:
{'ate': np.float64(-0.024663862709004614), 'se': np.float64(0.006721015704675318), 'ci': (np.float64(-0.03783846971226081), np.float64(-0.011489255705748413)), 'significant': np.True_}
checked:
1
