Starting EXP36.3, type=probe, run 1/3
Job 68242981, task 459
loaded cached data
loaded cached data
loaded cached data
loaded cached data
loaded cached data
loaded cached data
START ATE IS: 97579.2354235601
PROBE TRIGGERED! Error reduced from inf to 73352.319 (ATE went to 83485.39908754281).
PROBE TRIGGERED! Error reduced from 73352.319 to 55343.452 (ATE went to 65476.53162755754).
PROBE TRIGGERED! Error reduced from 55343.452 to 44475.049 (ATE went to 54608.128563972394).
PROBE TRIGGERED! Error reduced from 44475.049 to 35217.455 (ATE went to 45350.53486299241).
PROBE TRIGGERED! Error reduced from 35217.455 to 30228.603 (ATE went to 40361.68292596983).
PROBE TRIGGERED! Error reduced from 30228.603 to 24207.646 (ATE went to 34340.7261584426).
PROBE TRIGGERED! Error reduced from 24207.646 to 20558.555 (ATE went to 30691.635060365017).
PROBE TRIGGERED! Error reduced from 20558.555 to 16975.540 (ATE went to 27108.62045888271).
PROBE TRIGGERED! Error reduced from 16975.540 to 14633.142 (ATE went to 24766.2215754829).
PROBE TRIGGERED! Error reduced from 14633.142 to 10193.281 (ATE went to 20326.36110448074).
PROBE TRIGGERED! Error reduced from 10193.281 to 7867.454 (ATE went to 18000.533645710042).
PROBE TRIGGERED! Error reduced from 7867.454 to 3896.272 (ATE went to 14029.35155654298).
***
FINISHED
ATE before: 97579.2354235601
ATE now is: 9438.089005249349
sequence is: (('bin_equal_width_5', 'bedrooms'), ('norm_log', 'sqft_living'), ('zscore_clip_3', 'grade'), ('isolationForest', 'bathrooms'), ('bin_equal_frequency_2', 'bathrooms'), ('bin_equal_frequency_2', 'sqft_lot15'))
***
Execution time: 618.142 sec
distances from ATE (with time):
[(np.float64(87446.15542356009), 0), (np.float64(73352.31908754281), 0.001661539077758789), (np.float64(87446.15542356009), 0.0023469924926757812), (np.float64(73352.31908754281), 0.004178524017333984), (np.float64(71579.83387832873), 0.01609516143798828), (np.float64(55343.45162755754), 0.03711223602294922), (np.float64(87446.15542356009), 0.037758827209472656), (np.float64(73352.31908754281), 0.039453744888305664), (np.float64(55343.45162755754), 0.0411226749420166), (np.float64(44475.04856397239), 0.043471574783325195), (np.float64(87446.15542356009), 0.04409933090209961), (np.float64(73352.31908754281), 0.04580092430114746), (np.float64(55343.45162755754), 0.047487497329711914), (np.float64(44475.04856397239), 0.04981112480163574), (np.float64(41664.65017376088), 1.3936963081359863), (np.float64(35217.45486299241), 1.839336633682251), (np.float64(87446.15542356009), 1.8399720191955566), (np.float64(73352.31908754281), 1.8417046070098877), (np.float64(55343.45162755754), 1.8434042930603027), (np.float64(47638.984347297905), 1.844709873199463), (np.float64(44475.04856397239), 1.8470170497894287), (np.float64(35217.45486299241), 1.8512530326843262), (np.float64(32764.828360015024), 8.042316675186157), (np.float64(30228.602925969826), 8.044836521148682), (np.float64(87446.15542356009), 8.045478105545044), (np.float64(73352.31908754281), 8.047256469726562), (np.float64(47638.984347297905), 8.048566579818726), (np.float64(35217.45486299241), 8.05051589012146), (np.float64(30228.602925969826), 8.073176622390747), (np.float64(28840.42941514241), 12.29366683959961), (np.float64(24207.6461584426), 18.442288637161255), (np.float64(87446.15542356009), 18.442946434020996), (np.float64(73352.31908754281), 18.44489359855652), (np.float64(47638.984347297905), 18.447856426239014), (np.float64(35217.45486299241), 18.45204472541809), (np.float64(30228.602925969826), 18.474971055984497), (np.float64(28840.42941514241), 18.493470430374146), (np.float64(24207.6461584426), 18.528328895568848), (np.float64(20558.55506036502), 36.852150440216064), (np.float64(87446.15542356009), 36.85281419754028), (np.float64(73352.31908754281), 36.855082988739014), (np.float64(47638.984347297905), 36.856385707855225), (np.float64(35217.45486299241), 36.858336448669434), (np.float64(30228.602925969826), 36.88671898841858), (np.float64(28840.42941514241), 36.88919186592102), (np.float64(24207.6461584426), 36.93457293510437), (np.float64(20558.55506036502), 37.02127170562744), (np.float64(20505.993783751277), 51.95713019371033), (np.float64(19882.559685713233), 52.38199186325073), (np.float64(18668.50690312047), 56.19374346733093), (np.float64(16975.540458882708), 62.19765019416809), (np.float64(87446.15542356009), 62.198320388793945), (np.float64(73352.31908754281), 62.20100378990173), (np.float64(47638.984347297905), 62.20396399497986), (np.float64(35217.45486299241), 62.20816111564636), (np.float64(30228.602925969826), 62.22269892692566), (np.float64(28840.42941514241), 62.25784397125244), (np.float64(24207.6461584426), 62.27232384681702), (np.float64(20558.55506036502), 62.350709199905396), (np.float64(16975.540458882708), 62.49278783798218), (np.float64(16531.70216067507), 85.27236342430115), (np.float64(14633.141575482901), 85.48701071739197), (np.float64(87446.15542356009), 85.48768615722656), (np.float64(73352.31908754281), 85.49022102355957), (np.float64(47638.984347297905), 85.49484086036682), (np.float64(35217.45486299241), 85.50127577781677), (np.float64(30228.602925969826), 85.51696562767029), (np.float64(24207.6461584426), 85.54554009437561), (np.float64(20558.55506036502), 85.62505197525024), (np.float64(20179.2507975848), 85.68599438667297), (np.float64(19643.204661167394), 85.75938653945923), (np.float64(16975.540458882708), 85.78131818771362), (np.float64(14633.141575482901), 85.78541994094849), (np.float64(10193.28110448074), 87.57358908653259), (np.float64(87446.15542356009), 87.57426571846008), (np.float64(73352.31908754281), 87.57601118087769), (np.float64(47638.984347297905), 87.58235478401184), (np.float64(35217.45486299241), 87.59110856056213), (np.float64(30228.602925969826), 87.61523985862732), (np.float64(24207.6461584426), 87.65158438682556), (np.float64(20558.55506036502), 87.71463060379028), (np.float64(20179.2507975848), 87.79978442192078), (np.float64(18668.50690312047), 87.80932807922363), (np.float64(16975.540458882708), 87.8355484008789), (np.float64(14633.141575482901), 87.8396623134613), (np.float64(10193.28110448074), 87.96937847137451), (np.float64(7867.453645710042), 120.11518621444702), (np.float64(87446.15542356009), 120.11585354804993), (np.float64(73352.31908754281), 120.11943769454956), (np.float64(47638.984347297905), 120.12412428855896), (np.float64(35217.45486299241), 120.13064241409302), (np.float64(30228.602925969826), 120.15362024307251), (np.float64(24207.6461584426), 120.33649921417236), (np.float64(20558.55506036502), 121.93232917785645), (np.float64(20179.2507975848), 121.93932437896729), (np.float64(18959.97008259558), 125.9164490699768), (np.float64(16975.540458882708), 126.836008310318), (np.float64(14633.141575482901), 126.84017539024353), (np.float64(12606.746549140322), 137.38190579414368), (np.float64(12050.783042284738), 148.5395987033844), (np.float64(9368.530657488083), 440.9479877948761), (np.float64(8990.60250551042), 604.5268750190735), (np.float64(3896.2715565429808), 605.4868514537811), (np.float64(87446.15542356009), 605.4875490665436), (np.float64(73352.31908754281), 605.4937782287598), (np.float64(47638.984347297905), 605.4951210021973), (np.float64(35217.45486299241), 605.4987192153931), (np.float64(29687.567473378862), 605.6736569404602), (np.float64(28840.42941514241), 605.9739983081818), (np.float64(26896.006605519506), 606.1959745883942), (np.float64(24129.465010277156), 606.6641221046448), (np.float64(20865.13873502589), 607.5646061897278), (np.float64(18959.97008259558), 607.9349911212921), (np.float64(18071.396090347276), 609.3387920856476), (np.float64(18058.823939430455), 611.1241817474365), (np.float64(11562.74060544837), 611.4852483272552), (np.float64(3653.4332247365), 612.4523441791534), (np.float64(694.9909947506512), 618.1410303115845)]
uncertainty:
{'ate': np.float64(9438.089009239942), 'se': np.float64(39648.919511757376), 'ci': (np.float64(-68313.54993631196), np.float64(87189.72795479183)), 'significant': np.False_}
checked:
37149
