Starting EXP29.6, type=probe_probs_with_restart, run 2/3
Job 68238552, task 70
loaded cached data
loaded cached data
loaded cached data
loaded cached data
loaded cached data
loaded cached data
START ATE IS: 0.06442229738596016
PROBE TRIGGERED! Error reduced from inf to 0.124 (ATE went to 0.0644222985841072).
PROBE TRIGGERED! Error reduced from 0.124 to 0.100 (ATE went to 0.03954151084041147).
PROBE TRIGGERED! Error reduced from 0.100 to 0.089 (ATE went to 0.02880604292145294).
PROBE TRIGGERED! Error reduced from 0.089 to 0.078 (ATE went to 0.01775937210911193).
PROBE TRIGGERED! Error reduced from 0.078 to 0.065 (ATE went to 0.005310290511543376).
***
FINISHED
ATE before: 0.06442229738596016
ATE now is: -0.0037262346224857692
sequence is: (('norm_log', 'gestat10'), ('bin_equal_frequency_2', 'wt'))
***
Execution time: 11308.847 sec
distances from ATE (with time):
[(np.float64(0.12442229738596015), 0), (np.float64(0.12442229738596015), 0.01733708381652832), (np.float64(0.12440311776428921), 0.8645384311676025), (np.float64(0.12440035975993595), 0.9122967720031738), (np.float64(0.1243793958834456), 0.9281749725341797), (np.float64(0.1243660277837048), 0.9921035766601562), (np.float64(0.12001470103142994), 1.0876679420471191), (np.float64(0.09954151084041146), 13.933349847793579), (np.float64(0.12442229738596015), 13.937689065933228), (np.float64(0.09954151084041146), 13.952339172363281), (np.float64(0.09954151080623343), 15.982993125915527), (np.float64(0.09954151059578198), 15.997910022735596), (np.float64(0.0995415102933081), 16.012798309326172), (np.float64(0.09954151023739086), 16.329089403152466), (np.float64(0.09952251136316834), 27.14680027961731), (np.float64(0.09949724569321092), 27.2689528465271), (np.float64(0.08880604292145294), 27.359910249710083), (np.float64(0.12442229738596015), 27.36433482170105), (np.float64(0.09954151084041146), 27.378395318984985), (np.float64(0.08880604292145294), 27.433863162994385), (np.float64(0.08880604283962905), 27.508309602737427), (np.float64(0.08880604282031056), 48.62966561317444), (np.float64(0.08880604281914187), 48.64576578140259), (np.float64(0.08880604275834027), 48.695054054260254), (np.float64(0.08880604275084164), 48.91132473945618), (np.float64(0.08749026229678067), 49.326491594314575), (np.float64(0.08705961689438471), 84.12176084518433), (np.float64(0.08055259801760575), 84.27439832687378), (np.float64(0.08055259785830304), 167.24161386489868), (np.float64(0.08055259777432838), 515.4717643260956), (np.float64(0.07775937210911193), 1133.1052241325378), (np.float64(0.12442229738596015), 1133.1096603870392), (np.float64(0.09954151084041146), 1133.1431963443756), (np.float64(0.09713719137437926), 1133.2094547748566), (np.float64(0.08880604292145294), 1133.2242813110352), (np.float64(0.08655448756898965), 1133.4786956310272), (np.float64(0.08227647823705617), 1133.51238155365), (np.float64(0.07775937210911193), 1133.5465350151062), (np.float64(0.07317312319852398), 1137.7660133838654), (np.float64(0.07317206185870068), 1392.421266078949), (np.float64(0.07317076239547639), 1625.7676849365234), (np.float64(0.0731610778073913), 1626.0509493350983), (np.float64(0.07312007647378042), 1626.2870557308197), (np.float64(0.06531029051154337), 11308.464637994766), (np.float64(0.12442229738596015), 11308.46905875206), (np.float64(0.09954151084041146), 11308.655936717987), (np.float64(0.06531029051154337), 11308.669731855392), (np.float64(0.05627376537751423), 11308.846621990204)]
(REAL, NOT adjusted by restarts)probability of this sequence is: 8.737898011254414e-15
probability of this sequence is: 0.025892049910956626
uncertainty:
{'ate': np.float64(-0.0037262342399437954), 'se': np.float64(0.008567334344145004), 'ci': (np.float64(-0.020521447449498763), np.float64(0.013068978969611171)), 'significant': np.False_}
checked:
547273
