Starting EXP31.21, type=probe, run 3/3
Job 68239924, task 236
loaded cached data
loaded cached data
loaded cached data
loaded cached data
loaded cached data
loaded cached data
START ATE IS: -0.024663862752156793
***
FINISHED
ATE before: -0.024663862752156793
ATE now is: -0.024663862772161208
sequence is: (('bin_equal_frequency_2', 'birmon'),)
***
Execution time: 0.009 sec
distances from ATE (with time):
[(np.float64(0.03533613724784321), 0), (np.float64(0.03533613722783879), 0.008267641067504883)]
uncertainty:
{'ate': np.float64(-0.024663862796944575), 'se': np.float64(0.006724817699020187), 'ci': (np.float64(-0.03784592199270953), np.float64(-0.01148180360117962)), 'significant': np.True_}
checked:
1
