Starting EXP29.3, type=probe_probs_with_restart, run 1/3
Job 68238461, task 42
loaded cached data
loaded cached data
loaded cached data
loaded cached data
loaded cached data
loaded cached data
START ATE IS: 0.06868636347013965
PROBE TRIGGERED! Error reduced from inf to 0.129 (ATE went to 0.06868636242861764).
PROBE TRIGGERED! Error reduced from 0.129 to 0.109 (ATE went to 0.049192553650737075).
PROBE TRIGGERED! Error reduced from 0.109 to 0.098 (ATE went to 0.038260101758441425).
PROBE TRIGGERED! Error reduced from 0.098 to 0.085 (ATE went to 0.025398708062584218).
PROBE TRIGGERED! Error reduced from 0.085 to 0.065 (ATE went to 0.004755008297339393).
***
FINISHED
ATE before: 0.06868636347013965
ATE now is: -0.002423162356683365
sequence is: (('IQR', 'gestat10'), ('zscore_filter_3', 'mpre5'), ('bin_equal_frequency_2', 'wt'))
***
Execution time: 9988.067 sec
distances from ATE (with time):
[(np.float64(0.12868636347013965), 0), (np.float64(0.12868636242861764), 0.010053873062133789), (np.float64(0.12868636347013965), 0.015020132064819336), (np.float64(0.12868636242861764), 0.025641918182373047), (np.float64(0.1286863623665137), 0.11618161201477051), (np.float64(0.1285145705561529), 0.575573205947876), (np.float64(0.1284282915609834), 0.6165668964385986), (np.float64(0.1284136392333187), 0.6779630184173584), (np.float64(0.1254005603749103), 0.7082955837249756), (np.float64(0.12231291955519807), 1.0613045692443848), (np.float64(0.10919255365073707), 11.163748741149902), (np.float64(0.12868636347013965), 11.167044162750244), (np.float64(0.10919255365073707), 11.176029920578003), (np.float64(0.10919255283260443), 12.432419300079346), (np.float64(0.10919255248097652), 12.460426092147827), (np.float64(0.1091925519299159), 12.583038568496704), (np.float64(0.10919255187440743), 12.602244853973389), (np.float64(0.10919255100603178), 12.649474620819092), (np.float64(0.10899778714264087), 21.668962478637695), (np.float64(0.10890393835953899), 21.706028699874878), (np.float64(0.10083402027920901), 21.788726806640625), (np.float64(0.09826010175844142), 24.219208478927612), (np.float64(0.12868636347013965), 24.222413063049316), (np.float64(0.10919255365073707), 24.23162579536438), (np.float64(0.09826010175844142), 24.266632080078125), (np.float64(0.09620927489414925), 24.28594207763672), (np.float64(0.09467690333489315), 66.21706438064575), (np.float64(0.09273552982125069), 66.91400861740112), (np.float64(0.09099422135785758), 82.35917091369629), (np.float64(0.08891386813537454), 82.37022018432617), (np.float64(0.08843642578969141), 82.40271520614624), (np.float64(0.08843642442313428), 442.788871049881), (np.float64(0.08539870806258422), 926.7059800624847), (np.float64(0.12868636347013965), 926.7092716693878), (np.float64(0.10919255365073707), 926.7391755580902), (np.float64(0.09826010175844142), 926.7908802032471), (np.float64(0.09620927489414925), 926.8106257915497), (np.float64(0.09273553028484124), 926.9843156337738), (np.float64(0.09081171061352439), 926.9950964450836), (np.float64(0.08891386813537454), 927.0486543178558), (np.float64(0.08882344701081177), 927.0808463096619), (np.float64(0.08882344666991004), 927.6444368362427), (np.float64(0.08539870876162975), 928.867449760437), (np.float64(0.08342616156732274), 928.8794479370117), (np.float64(0.08333704381537348), 928.9022867679596), (np.float64(0.0833370435840836), 930.7791023254395), (np.float64(0.08304438137649103), 1272.8485131263733), (np.float64(0.08285647330571042), 3574.7888898849487), (np.float64(0.07829669340615758), 8406.054752111435), (np.float64(0.07829669331377129), 9987.42154598236), (np.float64(0.06475500829733939), 9987.431783676147), (np.float64(0.12868636347013965), 9987.435264825821), (np.float64(0.10919255365073707), 9987.679918289185), (np.float64(0.07829669340615758), 9987.698168754578), (np.float64(0.06475500829733939), 9987.755449056625), (np.float64(0.06290052586042173), 9987.837479829788), (np.float64(0.057576837643316635), 9988.066744804382)]
(REAL, NOT adjusted by restarts)probability of this sequence is: 1.780065803158526e-18
probability of this sequence is: 0.015650998730667
uncertainty:
{'ate': np.float64(-0.0024231624012285386), 'se': np.float64(0.012661428333885602), 'ci': (np.float64(-0.02725058854313648), np.float64(0.0224042637406794)), 'significant': np.False_}
checked:
706038
