Starting EXP31.27, type=probe_probs_with_restart, run 1/3
Job 68239994, task 258
loaded cached data
loaded cached data
loaded cached data
loaded cached data
loaded cached data
loaded cached data
START ATE IS: -0.024663864836919364
***
FINISHED
ATE before: -0.024663864836919364
ATE now is: -0.024663864836920187
sequence is: (('norm_min_max', 'mplbir_reg'),)
***
Execution time: 0.009 sec
distances from ATE (with time):
[(np.float64(0.03533613516308064), 0), (np.float64(0.03533613516307981), 0.008215904235839844)]
(REAL, NOT adjusted by restarts)probability of this sequence is: 0.021404521404521405
probability of this sequence is: 0.021404521404521405
uncertainty:
{'ate': np.float64(-0.024663864836923552), 'se': np.float64(0.00722949273887718), 'ci': (np.float64(-0.03883519452793464), np.float64(-0.010492535145912469)), 'significant': np.True_}
checked:
1
