Starting EXP30.4, type=probe_probs_with_restart, run 2/3
Job 68225848, task 133
loaded cached data
loaded cached data
loaded cached data
loaded cached data
loaded cached data
loaded cached data
START ATE IS: 8604.106319242077
PROBE TRIGGERED! Error reduced from inf to 7895.894 (ATE went to 8604.106319243605).
PROBE TRIGGERED! Error reduced from 7895.894 to 6321.797 (ATE went to 10178.202662742193).
PROBE TRIGGERED! Error reduced from 6321.797 to 2884.559 (ATE went to 13615.441069485647).
PROBE TRIGGERED! Error reduced from 2884.559 to 2348.545 (ATE went to 14151.454822003478).
PROBE TRIGGERED! Error reduced from 2348.545 to 1778.029 (ATE went to 14721.97057569073).
PROBE TRIGGERED! Error reduced from 1778.029 to 1513.839 (ATE went to 14986.160731839029).
PROBE TRIGGERED! Error reduced from 1513.839 to 169.574 (ATE went to 16330.42572888581).
PROBE TRIGGERED! Error reduced from 169.574 to 118.668 (ATE went to 16381.331975439807).
***
FINISHED
ATE before: 8604.106319242077
ATE now is: 16555.179304896723
sequence is: (('IQR', 'education'), ('bin_equal_width_5', 'education'), ('isolationForest', 'Age'))
***
Execution time: 1773.770 sec
distances from ATE (with time):
[(np.float64(7895.893680757923), 0), (np.float64(7895.893680756395), 0.12790632247924805), (np.float64(7895.893680757923), 0.17671799659729004), (np.float64(7895.893680756395), 0.3378126621246338), (np.float64(7895.893680754534), 0.48433351516723633), (np.float64(7895.893680752197), 0.6285347938537598), (np.float64(7895.893680751045), 2.033534526824951), (np.float64(7833.304968377912), 3.3029818534851074), (np.float64(6321.797337257807), 3.589904546737671), (np.float64(7895.893680757923), 3.637322425842285), (np.float64(7895.893680756395), 3.786221981048584), (np.float64(6321.797337257807), 3.932913064956665), (np.float64(6321.797337256092), 4.852485179901123), (np.float64(6321.7973372533925), 8.505582332611084), (np.float64(6321.79733725097), 8.938612461090088), (np.float64(6310.241961002192), 9.866905927658081), (np.float64(2884.558930514353), 15.58656120300293), (np.float64(7895.893680757923), 15.602309226989746), (np.float64(7895.893680756395), 15.72630786895752), (np.float64(6321.797337257807), 15.841633558273315), (np.float64(2884.558930514353), 18.820777416229248), (np.float64(2884.55893051171), 38.516844272613525), (np.float64(2632.233049470702), 60.65057182312012), (np.float64(2348.5451779965224), 67.2977864742279), (np.float64(7895.893680757923), 67.31384754180908), (np.float64(2884.558930514353), 70.25601029396057), (np.float64(2632.2330494705566), 80.11453914642334), (np.float64(2348.5451779965224), 86.12318277359009), (np.float64(2348.545177995944), 287.3134467601776), (np.float64(2348.5451779959294), 299.77970027923584), (np.float64(1778.0294243092703), 305.74037289619446), (np.float64(7895.893680757923), 305.7553143501282), (np.float64(2884.558930514353), 308.76494002342224), (np.float64(2348.5451779965224), 318.3745491504669), (np.float64(1778.0294243092703), 321.3431489467621), (np.float64(1756.420772471689), 356.70835041999817), (np.float64(1513.8392681609712), 380.35058212280273), (np.float64(7895.893680757923), 380.36677980422974), (np.float64(2884.558930514353), 383.35213971138), (np.float64(2632.2330494705566), 386.6774137020111), (np.float64(1778.0294243092703), 395.5917646884918), (np.float64(169.5742711141902), 411.3367369174957), (np.float64(7895.893680757923), 411.3522562980652), (np.float64(2884.558930514353), 414.3574323654175), (np.float64(2632.2330494705566), 417.570125579834), (np.float64(1778.0294243092703), 426.56548857688904), (np.float64(1513.8392681609712), 436.08789682388306), (np.float64(169.5742711141902), 451.27950739860535), (np.float64(118.66802456019286), 578.390341758728), (np.float64(7895.893680757923), 578.4056632518768), (np.float64(6321.797337257807), 578.5336217880249), (np.float64(2884.558930514353), 581.6268727779388), (np.float64(2632.2330494705566), 584.8288967609406), (np.float64(1778.0294243092703), 593.8639485836029), (np.float64(169.5742711141902), 603.3346683979034), (np.float64(118.66802456019286), 624.6784052848816), (np.float64(118.66802455915058), 1089.6678266525269), (np.float64(55.1793048967229), 1773.76984167099)]
(REAL, NOT adjusted by restarts)probability of this sequence is: 7.264155122657607e-08
probability of this sequence is: 6.814184984999674e-05
uncertainty:
{'ate': np.float64(16555.179304903922), 'se': np.float64(721.7767393124765), 'ci': (np.float64(15140.512823935032), np.float64(17969.845785872814)), 'significant': np.True_}
checked:
1332
