Starting EXP36.2, type=probe, run 2/3
Job 68242909, task 451
loaded cached data
loaded cached data
loaded cached data
loaded cached data
loaded cached data
loaded cached data
START ATE IS: 98832.28406077177
PROBE TRIGGERED! Error reduced from inf to 82229.404 (ATE went to 92362.48362613362).
PROBE TRIGGERED! Error reduced from 82229.404 to 67010.098 (ATE went to 77143.17785070033).
PROBE TRIGGERED! Error reduced from 67010.098 to 48161.500 (ATE went to 58294.58001054916).
PROBE TRIGGERED! Error reduced from 48161.500 to 41572.619 (ATE went to 51705.699181345466).
PROBE TRIGGERED! Error reduced from 41572.619 to 27181.849 (ATE went to 37314.92904663225).
PROBE TRIGGERED! Error reduced from 27181.849 to 21186.800 (ATE went to 31319.880155830633).
PROBE TRIGGERED! Error reduced from 21186.800 to 12886.139 (ATE went to 23019.21866999938).
PROBE TRIGGERED! Error reduced from 12886.139 to 6655.089 (ATE went to 16788.169475611983).
PROBE TRIGGERED! Error reduced from 6655.089 to 3522.306 (ATE went to 13655.386494423572).
***
FINISHED
ATE before: 98832.28406077177
ATE now is: 10598.395423925167
sequence is: (('norm_log', 'sqft_living'), ('bin_equal_frequency_2', 'sqft_lot15'), ('bin_equal_frequency_2', 'bathrooms'))
***
Execution time: 8.769 sec
distances from ATE (with time):
[(np.float64(88699.20406077176), 0), (np.float64(82229.40362613362), 0.003326892852783203), (np.float64(88699.20406077176), 0.005074262619018555), (np.float64(82229.40362613362), 0.009511232376098633), (np.float64(75789.26681807655), 0.013632774353027344), (np.float64(67010.09785070033), 0.04402971267700195), (np.float64(88699.20406077176), 0.045392751693725586), (np.float64(82229.40362613362), 0.04881000518798828), (np.float64(67010.09785070033), 0.05207681655883789), (np.float64(62361.05086864774), 0.056612491607666016), (np.float64(48161.500010549156), 0.1271061897277832), (np.float64(88699.20406077176), 0.12850022315979004), (np.float64(82229.40362613362), 0.1318652629852295), (np.float64(67010.09785070033), 0.13515996932983398), (np.float64(48161.500010549156), 0.13844561576843262), (np.float64(41572.619181345464), 0.1474933624267578), (np.float64(88699.20406077176), 0.14888691902160645), (np.float64(82229.40362613362), 0.15219783782958984), (np.float64(48161.500010549156), 0.15547657012939453), (np.float64(41572.619181345464), 0.16342592239379883), (np.float64(27181.849046632247), 0.18128418922424316), (np.float64(88699.20406077176), 0.1826949119567871), (np.float64(67010.09785070033), 0.18596267700195312), (np.float64(48161.500010549156), 0.18926405906677246), (np.float64(27181.849046632247), 0.19707369804382324), (np.float64(21186.800155830635), 0.2265775203704834), (np.float64(88699.20406077176), 0.2280728816986084), (np.float64(48161.500010549156), 0.23171496391296387), (np.float64(41572.619181345464), 0.2440049648284912), (np.float64(27181.849046632247), 0.24924755096435547), (np.float64(21186.800155830635), 0.2683107852935791), (np.float64(20522.597054017213), 2.9239509105682373), (np.float64(12886.13866999938), 5.6618194580078125), (np.float64(88699.20406077176), 5.663271427154541), (np.float64(67010.09785070033), 5.666828155517578), (np.float64(48161.500010549156), 5.673564434051514), (np.float64(27181.849046632247), 5.687190771102905), (np.float64(12886.13866999938), 5.699703693389893), (np.float64(6655.089475611983), 5.740946531295776), (np.float64(88699.20406077176), 5.742358446121216), (np.float64(67010.09785070033), 5.745651483535767), (np.float64(48161.500010549156), 5.752325057983398), (np.float64(34735.41974273733), 5.755739212036133), (np.float64(27181.849046632247), 5.769192934036255), (np.float64(12886.13866999938), 5.773745775222778), (np.float64(6655.089475611983), 5.803440570831299), (np.float64(3522.306494423572), 8.66085410118103), (np.float64(88699.20406077176), 8.662265539169312), (np.float64(67010.09785070033), 8.665758848190308), (np.float64(48161.500010549156), 8.672563314437866), (np.float64(34735.41974273733), 8.675940036773682), (np.float64(27181.849046632247), 8.689439296722412), (np.float64(12886.13866999938), 8.693981885910034), (np.float64(3522.306494423572), 8.710729122161865), (np.float64(465.3154239251671), 8.76897120475769)]
uncertainty:
{'ate': np.float64(10598.395384780728), 'se': np.float64(63623.054183974054), 'ci': (np.float64(-114189.44931673387), np.float64(135386.24008629532)), 'significant': np.False_}
checked:
877
