Starting EXP30.8, type=probe_probs_with_restart, run 2/3
Job 68239852, task 169
loaded cached data
loaded cached data
loaded cached data
loaded cached data
loaded cached data
loaded cached data
START ATE IS: 8813.339223802206
PROBE TRIGGERED! Error reduced from inf to 9960.661 (ATE went to 8813.339223801575).
PROBE TRIGGERED! Error reduced from 9960.661 to 8389.658 (ATE went to 10384.341568658909).
PROBE TRIGGERED! Error reduced from 8389.658 to 4006.579 (ATE went to 14767.421009127882).
PROBE TRIGGERED! Error reduced from 4006.579 to 2413.491 (ATE went to 16360.508865497584).
PROBE TRIGGERED! Error reduced from 2413.491 to 1710.205 (ATE went to 17063.795372112654).
***
FINISHED
ATE before: 8813.339223802206
ATE now is: 19686.032267242084
sequence is: (('norm_log', 'education'), ('bin_equal_width_5', 'education'), ('isolationForest', 'Age'))
***
Execution time: 2128.879 sec
distances from ATE (with time):
[(np.float64(9960.660776197794), 0), (np.float64(9960.660776197794), 0.3765246868133545), (np.float64(9960.660776197074), 1.4754483699798584), (np.float64(9960.660776194527), 1.8233623504638672), (np.float64(9894.862464006192), 7.008780479431152), (np.float64(8389.658431341091), 7.537604570388794), (np.float64(9960.660776197794), 7.615908861160278), (np.float64(8389.658431341091), 8.140594720840454), (np.float64(8389.65843134039), 18.093157291412354), (np.float64(8389.658431339009), 18.401074171066284), (np.float64(8374.330123925796), 21.03642749786377), (np.float64(4006.578990872118), 32.48411989212036), (np.float64(9960.660776197794), 32.51406192779541), (np.float64(8389.658431341091), 33.081666231155396), (np.float64(4006.578990872118), 38.61166191101074), (np.float64(3810.056864274131), 58.96640729904175), (np.float64(3732.655221341809), 118.7424430847168), (np.float64(2413.4911345024157), 327.3548336029053), (np.float64(9960.660776197794), 327.38221430778503), (np.float64(4006.578990872118), 332.90004086494446), (np.float64(3732.655221340903), 346.59775400161743), (np.float64(2413.4911345024157), 368.65406346321106), (np.float64(1710.2046278873459), 725.2412068843842), (np.float64(9960.660776197794), 725.268905878067), (np.float64(8389.658431341091), 725.8512802124023), (np.float64(4006.578990872118), 731.6543321609497), (np.float64(3810.056864274131), 749.5934789180756), (np.float64(2413.4911345024157), 755.0695171356201), (np.float64(2159.977432376105), 784.6117630004883), (np.float64(1710.2046278873459), 864.1683900356293), (np.float64(1552.2330926407121), 869.521402835846), (np.float64(912.0322672420843), 2128.8781745433807)]
(REAL, NOT adjusted by restarts)probability of this sequence is: 1.8160387806644015e-07
probability of this sequence is: 4.662342827308172e-05
uncertainty:
{'ate': np.float64(19686.032267236307), 'se': np.float64(460.7028748939524), 'ci': (np.float64(18783.068594267766), np.float64(20588.995940204848)), 'significant': np.True_}
checked:
1031
