Starting EXP31.6, type=probe_probs_no_restart, run 3/3
Job 68225909, task 194
loaded cached data
loaded cached data
loaded cached data
loaded cached data
loaded cached data
loaded cached data
START ATE IS: -0.024891101431237937
***
FINISHED
ATE before: -0.024891101431237937
ATE now is: -0.024891101431237937
sequence is: (('norm_min_max', 'hydra'),)
***
Execution time: 0.004 sec
distances from ATE (with time):
[(np.float64(0.035108898568762065), 0)]
probability of this sequence is: 0.09632034632034632
uncertainty:
{'ate': np.float64(-0.024891101431240695), 'se': np.float64(0.007319165417121404), 'ci': (np.float64(-0.039238204535835645), np.float64(-0.010543998326645746)), 'significant': np.True_}
checked:
1
