Starting EXP30.2, type=probe_probs_no_restart, run 1/3
Job 68238617, task 111
loaded cached data
loaded cached data
loaded cached data
loaded cached data
loaded cached data
loaded cached data
START ATE IS: 8991.713573213308
***
FINISHED
ATE before: 8991.713573213308
ATE now is: 19591.42917592444
sequence is: (('norm_log', 'education'), ('bin_equal_width_5', 'education'), ('isolationForest', 'Age'))
***
Execution time: 916.569 sec
distances from ATE (with time):
[(np.float64(9782.286426786692), 0), (np.float64(9782.286426786353), 0.13549017906188965), (np.float64(9782.286426784827), 0.27817559242248535), (np.float64(9721.238308318985), 0.5681867599487305), (np.float64(8238.769839932134), 0.7133469581604004), (np.float64(2873.6696869373754), 3.7677550315856934), (np.float64(1985.0714661989987), 81.02314329147339), (np.float64(1985.0714661988968), 280.04973006248474), (np.float64(1985.071466198795), 304.8933629989624), (np.float64(1985.0714661986312), 306.4194085597992), (np.float64(1985.071466198522), 311.0105450153351), (np.float64(1764.5336809648252), 374.19366574287415), (np.float64(1302.5495110097108), 377.22146487236023), (np.float64(1197.8866908718373), 826.0001094341278), (np.float64(817.4291759244406), 916.5681939125061)]
probability of this sequence is: 1.8160387806644015e-07
uncertainty:
{'ate': np.float64(19591.429175922523), 'se': np.float64(904.3222483794582), 'ci': (np.float64(17818.969561235215), np.float64(21363.88879060983)), 'significant': np.True_}
checked:
2352
