Starting EXP36.7, type=probe_probs_with_restart, run 3/3
Job 68243047, task 503
loaded cached data
loaded cached data
loaded cached data
loaded cached data
loaded cached data
loaded cached data
START ATE IS: 76954.29699598392
PROBE TRIGGERED! Error reduced from inf to 66821.217 (ATE went to 76954.29699215107).
PROBE TRIGGERED! Error reduced from 66821.217 to 56472.974 (ATE went to 66606.05375080764).
PROBE TRIGGERED! Error reduced from 56472.974 to 42058.382 (ATE went to 52191.461639646186).
PROBE TRIGGERED! Error reduced from 42058.382 to 33712.103 (ATE went to 43845.18278286509).
PROBE TRIGGERED! Error reduced from 33712.103 to 29564.543 (ATE went to 39697.62266584636).
PROBE TRIGGERED! Error reduced from 29564.543 to 26285.681 (ATE went to 36418.760973925215).
PROBE TRIGGERED! Error reduced from 26285.681 to 22224.263 (ATE went to 32357.342636046284).
PROBE TRIGGERED! Error reduced from 22224.263 to 19882.706 (ATE went to 30015.78645201892).
PROBE TRIGGERED! Error reduced from 19882.706 to 13233.118 (ATE went to 23366.197704357866).
PROBE TRIGGERED! Error reduced from 13233.118 to 7491.903 (ATE went to 17624.982652385122).
PROBE TRIGGERED! Error reduced from 7491.903 to 6726.785 (ATE went to 16859.86462501972).
PROBE TRIGGERED! Error reduced from 6726.785 to 4887.899 (ATE went to 15020.978952576519).
***
FINISHED
ATE before: 76954.29699598392
ATE now is: 11645.469275364172
sequence is: (('bin_equal_frequency_5', 'sqft_lot15'), ('isolationForest', 'bathrooms'), ('IQR', 'sqft_lot'), ('bin_equal_frequency_5', 'yr_built'), ('IQR', 'bedrooms'), ('bin_equal_width_5', 'grade'))
***
Execution time: 2584.051 sec
distances from ATE (with time):
[(np.float64(66821.21699598392), 0), (np.float64(66821.21699215106), 0.002859354019165039), (np.float64(66821.21699598392), 0.004950761795043945), (np.float64(66821.21699215106), 0.009199857711791992), (np.float64(66821.21697706614), 0.013695716857910156), (np.float64(66821.21695017182), 0.017757415771484375), (np.float64(66821.21694582637), 0.029473066329956055), (np.float64(66710.92758232963), 0.06804156303405762), (np.float64(66194.13030833556), 0.07200431823730469), (np.float64(66096.7150506757), 0.07984709739685059), (np.float64(56472.973750807636), 0.08779501914978027), (np.float64(66821.21699598392), 0.08970236778259277), (np.float64(66821.21699215106), 0.09359335899353027), (np.float64(56472.973750807636), 0.0975182056427002), (np.float64(42058.381639646184), 0.18701958656311035), (np.float64(66821.21699598392), 0.1889193058013916), (np.float64(66821.21699215106), 0.19274663925170898), (np.float64(56472.973750807636), 0.1966400146484375), (np.float64(42058.381639646184), 0.20058846473693848), (np.float64(42058.38159583414), 0.20979905128479004), (np.float64(41362.71727854533), 2.9825072288513184), (np.float64(40474.31369359608), 3.553492546081543), (np.float64(33712.10278286509), 3.64955997467041), (np.float64(66821.21699598392), 3.6513524055480957), (np.float64(42058.381639646184), 3.655458450317383), (np.float64(33712.10278286509), 3.6830952167510986), (np.float64(33712.102776444546), 6.629987716674805), (np.float64(33617.18037178895), 10.45699429512024), (np.float64(32967.86896116858), 10.468623399734497), (np.float64(32648.180119313532), 13.426581859588623), (np.float64(29564.542665846355), 14.377910375595093), (np.float64(66821.21699598392), 14.379713535308838), (np.float64(42058.381639646184), 14.383997917175293), (np.float64(33712.10278286509), 14.406301975250244), (np.float64(33242.68004693239), 14.533397436141968), (np.float64(33242.679981712565), 15.205995321273804), (np.float64(29564.542629529104), 15.500707149505615), (np.float64(26285.680973925213), 30.289772510528564), (np.float64(66821.21699598392), 30.29158616065979), (np.float64(42058.381639646184), 30.295926809310913), (np.float64(33712.10278286509), 30.310683488845825), (np.float64(26285.680973925213), 30.390082836151123), (np.float64(22224.262636046282), 30.7847318649292), (np.float64(66821.21699598392), 30.786537647247314), (np.float64(42058.381639646184), 30.790629148483276), (np.float64(33712.10278286509), 30.805381059646606), (np.float64(26285.680973925213), 30.862987995147705), (np.float64(22224.262636046282), 30.9977126121521), (np.float64(22224.262630562866), 32.81847810745239), (np.float64(22224.26262363603), 41.11380314826965), (np.float64(21868.480221540354), 53.184293270111084), (np.float64(21720.01754012228), 53.344523668289185), (np.float64(20069.212481230614), 53.44885516166687), (np.float64(19882.706452018923), 63.502448320388794), (np.float64(66821.21699598392), 63.50426268577576), (np.float64(42058.381639646184), 63.50955939292908), (np.float64(33712.10278286509), 63.524630546569824), (np.float64(26285.680973925213), 63.733920097351074), (np.float64(22224.262636046282), 65.22937178611755), (np.float64(20404.122107746654), 67.7713885307312), (np.float64(19406.39923803033), 68.24326801300049), (np.float64(18119.63644657834), 71.54493069648743), (np.float64(13233.117704357866), 76.04823565483093), (np.float64(66821.21699598392), 76.05007600784302), (np.float64(60872.43049780329), 76.05533838272095), (np.float64(42058.381639646184), 76.05946779251099), (np.float64(35035.58456829222), 76.07461142539978), (np.float64(33712.10278286509), 76.1220452785492), (np.float64(33427.3035057169), 76.28604936599731), (np.float64(26285.680973925213), 76.30050301551819), (np.float64(22224.262636046282), 77.45034313201904), (np.float64(18119.63644657834), 81.6647789478302), (np.float64(13233.117704357866), 90.8416838645935), (np.float64(13233.117686514403), 129.94693040847778), (np.float64(13090.293659274126), 407.50419187545776), (np.float64(12852.664166927823), 793.1307716369629), (np.float64(12304.514118668196), 866.9762101173401), (np.float64(11941.498872351558), 1153.6374809741974), (np.float64(7491.902652385123), 1166.0588686466217), (np.float64(66821.21699598392), 1166.060774564743), (np.float64(60872.43049780329), 1166.070590019226), (np.float64(42058.381639646184), 1166.0747785568237), (np.float64(35035.58456829222), 1166.0899431705475), (np.float64(33712.10278286509), 1166.1372244358063), (np.float64(33427.3035057169), 1166.3010511398315), (np.float64(26285.680973925213), 1166.3155627250671), (np.float64(22224.262636046282), 1167.4816272258759), (np.float64(18119.63644657834), 1171.7258133888245), (np.float64(14636.776744713878), 1178.3338479995728), (np.float64(12304.514118668196), 1188.9846930503845), (np.float64(8990.76317888545), 1198.4089608192444), (np.float64(7491.902652385123), 1201.75350689888), (np.float64(7402.866355583186), 2001.1142191886902), (np.float64(7370.027443842178), 2300.686493873596), (np.float64(6726.78462501972), 2463.428371191025), (np.float64(66821.21699598392), 2463.430318593979), (np.float64(60872.43049780329), 2463.4417276382446), (np.float64(42058.381639646184), 2463.4459438323975), (np.float64(35035.58456829222), 2463.612696647644), (np.float64(33712.10278286509), 2463.9693372249603), (np.float64(33427.3035057169), 2464.750304222107), (np.float64(26285.680973925213), 2464.9197046756744), (np.float64(23896.04137192136), 2465.5413675308228), (np.float64(22224.262636046282), 2468.5781650543213), (np.float64(18119.63644657834), 2469.0429515838623), (np.float64(14636.776744713878), 2475.841203212738), (np.float64(12304.514118668196), 2489.823359966278), (np.float64(8990.76317888545), 2503.883637189865), (np.float64(7491.902652385123), 2506.5056431293488), (np.float64(4887.898952576519), 2530.490662574768), (np.float64(66821.21699598392), 2530.492538690567), (np.float64(60872.43049780329), 2530.4981865882874), (np.float64(50275.14087719714), 2530.5079119205475), (np.float64(43371.28140278571), 2530.6723515987396), (np.float64(42058.381639646184), 2530.83908867836), (np.float64(34824.888628836474), 2531.3258578777313), (np.float64(33886.23582217985), 2531.6323029994965), (np.float64(23896.04137192136), 2532.282557487488), (np.float64(18119.63644657834), 2535.318418264389), (np.float64(17571.249772708623), 2544.2410781383514), (np.float64(12304.514118668196), 2552.6696157455444), (np.float64(11843.458181421835), 2575.0150816440582), (np.float64(8990.76317888545), 2575.6427330970764), (np.float64(4887.898952576519), 2581.6646032333374), (np.float64(4798.1488154059625), 2582.60302567482), (np.float64(1512.3892753641721), 2584.0498089790344)]
(REAL, NOT adjusted by restarts)probability of this sequence is: 5.240558411232338e-17
probability of this sequence is: 0.04242953298493506
uncertainty:
{'ate': np.float64(11645.469275390846), 'se': np.float64(24834.640900104703), 'ci': (np.float64(-37041.85557890927), np.float64(60332.79412969096)), 'significant': np.False_}
checked:
32265
