Starting EXP30.7, type=probe, run 1/3
Job 68239829, task 153
loaded cached data
loaded cached data
loaded cached data
loaded cached data
loaded cached data
loaded cached data
START ATE IS: 8899.640488404204
PROBE TRIGGERED! Error reduced from inf to 11807.982 (ATE went to 6966.01822664789).
PROBE TRIGGERED! Error reduced from 11807.982 to 10318.645 (ATE went to 8455.354663983006).
PROBE TRIGGERED! Error reduced from 10318.645 to 7273.728 (ATE went to 11500.271629335244).
PROBE TRIGGERED! Error reduced from 7273.728 to 3985.030 (ATE went to 14788.969695621405).
PROBE TRIGGERED! Error reduced from 3985.030 to 1454.130 (ATE went to 17319.870423737044).
***
FINISHED
ATE before: 8899.640488404204
ATE now is: 19258.249720513923
sequence is: (('bin_equal_width_2', 'education'), ('isolationForest', 'Age'), ('bin_equal_frequency_2', 'Age'))
***
Execution time: 97.524 sec
distances from ATE (with time):
[(np.float64(9874.359511595796), 0), (np.float64(9874.359511595796), 0.35272717475891113), (np.float64(9874.359511595796), 1.4207983016967773), (np.float64(7273.728370664756), 8.692509174346924), (np.float64(9874.359511595796), 8.759390830993652), (np.float64(7273.728370664756), 9.545228958129883), (np.float64(3985.0303043785952), 36.64135670661926), (np.float64(9874.359511595796), 36.666505098342896), (np.float64(7273.728370664756), 37.23326659202576), (np.float64(3985.0303043785952), 42.06472635269165), (np.float64(1454.129576262956), 51.93713021278381), (np.float64(9874.359511595796), 51.96377420425415), (np.float64(7273.728370664756), 52.25067973136902), (np.float64(3985.0303043785952), 57.109883546829224), (np.float64(1454.129576262956), 62.47043299674988), (np.float64(484.2497205139225), 97.52321481704712)]
uncertainty:
{'ate': np.float64(18950.45779552414), 'se': np.float64(719.5712874853837), 'ci': (np.float64(17540.119146962512), np.float64(20360.79644408577)), 'significant': np.True_}
checked:
140
