Starting EXP29.4, type=probe_probs_with_restart, run 2/3
Job 68225219, task 52
loaded cached data
loaded cached data
loaded cached data
loaded cached data
loaded cached data
loaded cached data
START ATE IS: 0.05631134355113866
PROBE TRIGGERED! Error reduced from inf to 0.116 (ATE went to 0.0563113415625585).
PROBE TRIGGERED! Error reduced from 0.116 to 0.091 (ATE went to 0.030940245467648765).
PROBE TRIGGERED! Error reduced from 0.091 to 0.081 (ATE went to 0.0212558803943901).
PROBE TRIGGERED! Error reduced from 0.081 to 0.073 (ATE went to 0.013052529566080051).
***
FINISHED
ATE before: 0.05631134355113866
ATE now is: -0.005523407430906042
sequence is: (('bin_equal_frequency_2', 'wt'),)
***
Execution time: 10830.735 sec
distances from ATE (with time):
[(np.float64(0.11631134355113866), 0), (np.float64(0.1163113415625585), 0.0055387020111083984), (np.float64(0.11631134355113866), 0.009304285049438477), (np.float64(0.1163113415625585), 0.016820907592773438), (np.float64(0.11631133946855474), 0.032388925552368164), (np.float64(0.11628567668321971), 0.4229917526245117), (np.float64(0.11621570385033103), 0.4303872585296631), (np.float64(0.1122291675812129), 0.5221908092498779), (np.float64(0.11181930110822598), 0.787198543548584), (np.float64(0.09094024546764876), 10.31308102607727), (np.float64(0.11631134355113866), 10.316981077194214), (np.float64(0.09094024546764876), 10.326165199279785), (np.float64(0.09094024449003843), 11.66262173652649), (np.float64(0.09094024425668404), 11.72090196609497), (np.float64(0.09094024364670403), 11.748161315917969), (np.float64(0.09091613300935492), 20.71212911605835), (np.float64(0.09080572201382126), 20.721587419509888), (np.float64(0.08125588039439009), 20.833566665649414), (np.float64(0.11631134355113866), 20.837257146835327), (np.float64(0.09094024546764876), 20.846487998962402), (np.float64(0.08125588039439009), 20.880542278289795), (np.float64(0.08125587991858799), 36.29479265213013), (np.float64(0.08125587967291309), 36.57344102859497), (np.float64(0.07930289731710698), 36.74427509307861), (np.float64(0.07346035001347997), 63.05685615539551), (np.float64(0.07345487786212498), 881.6232862472534), (np.float64(0.07343545599002183), 881.6378190517426), (np.float64(0.07335489675641957), 881.651953458786), (np.float64(0.0733527627042071), 881.8149058818817), (np.float64(0.07325215499640429), 882.1874814033508), (np.float64(0.07305252956608005), 882.3054299354553), (np.float64(0.11631134355113866), 882.309901714325), (np.float64(0.09094024546764876), 882.3641579151154), (np.float64(0.08125588039439009), 882.4329278469086), (np.float64(0.08112684899588299), 882.4762072563171), (np.float64(0.07930289731710698), 882.5356688499451), (np.float64(0.07521500109583065), 882.6333754062653), (np.float64(0.07346035001347997), 882.6990079879761), (np.float64(0.07305253476098658), 885.0490260124207), (np.float64(0.07305252956608005), 887.3585994243622), (np.float64(0.07177107549739531), 980.2332925796509), (np.float64(0.0715597445422837), 999.9112200737), (np.float64(0.07117875378390762), 1000.2554109096527), (np.float64(0.07055945132151659), 1020.9444689750671), (np.float64(0.07055945129710788), 1125.3171231746674), (np.float64(0.070559450311605), 1783.4439551830292), (np.float64(0.07052283713029622), 2144.0926764011383), (np.float64(0.06866511798834254), 2144.4350442886353), (np.float64(0.05447659256909396), 10830.734492063522)]
(REAL, NOT adjusted by restarts)probability of this sequence is: 1.9607843137254904e-12
probability of this sequence is: 8.031372549019611e-13
uncertainty:
{'ate': np.float64(-0.005523406920269736), 'se': np.float64(0.010599871036702858), 'ci': (np.float64(-0.026305384810402642), np.float64(0.015258570969863168)), 'significant': np.False_}
checked:
573537
