Starting EXP31.12, type=probe_probs_no_restart, run 1/3
Job 68225925, task 210
loaded cached data
loaded cached data
loaded cached data
loaded cached data
loaded cached data
loaded cached data
START ATE IS: -0.024891101712970074
***
FINISHED
ATE before: -0.024891101712970074
ATE now is: -0.024891101723571486
sequence is: (('norm_min_max', 'infant_id'),)
***
Execution time: 0.011 sec
distances from ATE (with time):
[(np.float64(0.03510889828702993), 0), (np.float64(0.03510889827642851), 0.010686874389648438)]
probability of this sequence is: 0.04816017316017316
uncertainty:
{'ate': np.float64(-0.02489110172357302), 'se': np.float64(0.006769358051985495), 'ci': (np.float64(-0.03816046783209008), np.float64(-0.01162173561505596)), 'significant': np.True_}
checked:
1
