Starting EXP31.30, type=probe_probs_no_restart, run 1/3
Job 68240012, task 264
loaded cached data
loaded cached data
loaded cached data
loaded cached data
loaded cached data
loaded cached data
START ATE IS: -0.02466386263642524
***
FINISHED
ATE before: -0.02466386263642524
ATE now is: -0.024663862640465908
sequence is: (('norm_min_max', 'bord'),)
***
Execution time: 0.009 sec
distances from ATE (with time):
[(np.float64(0.03533613736357476), 0), (np.float64(0.03533613735953409), 0.008571386337280273)]
probability of this sequence is: 0.019264069264069265
uncertainty:
{'ate': np.float64(-0.0246638626497232), 'se': np.float64(0.007306592258922385), 'ci': (np.float64(-0.03898632421504546), np.float64(-0.010341401084400938)), 'significant': np.True_}
checked:
1
