Starting EXP31.33, type=probe, run 3/3
Job 68226029, task 272
loaded cached data
loaded cached data
loaded cached data
loaded cached data
loaded cached data
loaded cached data
START ATE IS: 0.06257550311867673
PROBE TRIGGERED! Error reduced from inf to 0.063 (ATE went to 0.0031111912256853594).
***
FINISHED
ATE before: 0.06257550311867673
ATE now is: -0.004475487974536308
sequence is: (('bin_equal_frequency_2', 'wt'), ('norm_log', 'gestat10'))
***
Execution time: 14.963 sec
distances from ATE (with time):
[(np.float64(0.12257550311867672), 0), (np.float64(0.06311119122568536), 0.009610414505004883), (np.float64(0.12257550311867672), 0.014760017395019531), (np.float64(0.06311119122568536), 0.02839946746826172), (np.float64(0.06310761278392749), 11.491920709609985), (np.float64(0.06308224697925002), 11.505634307861328), (np.float64(0.06306404413425787), 11.52086853981018), (np.float64(0.06303855033772007), 11.833824396133423), (np.float64(0.05552451202546369), 14.963032722473145)]
uncertainty:
{'ate': np.float64(-0.004475487974410025), 'se': np.float64(0.006605342540196522), 'ci': (np.float64(-0.017423352728120022), np.float64(0.008472376779299972)), 'significant': np.False_}
checked:
718
