Starting EXP30.4, type=probe_probs_with_restart, run 2/3
Job 68239481, task 133
loaded cached data
loaded cached data
loaded cached data
loaded cached data
loaded cached data
loaded cached data
START ATE IS: 8807.120972306888
PROBE TRIGGERED! Error reduced from inf to 9966.879 (ATE went to 8807.120972307925).
PROBE TRIGGERED! Error reduced from 9966.879 to 8432.902 (ATE went to 10341.09753277655).
PROBE TRIGGERED! Error reduced from 8432.902 to 3233.250 (ATE went to 15540.74965121121).
PROBE TRIGGERED! Error reduced from 3233.250 to 2462.031 (ATE went to 16311.969087992244).
PROBE TRIGGERED! Error reduced from 2462.031 to 1481.000 (ATE went to 20254.99988610826).
***
FINISHED
ATE before: 8807.120972306888
ATE now is: 19418.247324086613
sequence is: (('bin_equal_frequency_5', 'education'), ('norm_log', 'education'), ('norm_log', 'Age'), ('isolationForest', 'Age'))
***
Execution time: 638.999 sec
distances from ATE (with time):
[(np.float64(9966.879027693112), 0), (np.float64(9966.879027692075), 0.12937688827514648), (np.float64(9966.879027693112), 0.17546701431274414), (np.float64(9966.879027692075), 0.331573486328125), (np.float64(9966.879027691784), 0.4726707935333252), (np.float64(9966.879027689836), 0.6168465614318848), (np.float64(9966.879027689803), 1.0447957515716553), (np.float64(9966.879027688039), 1.4848527908325195), (np.float64(9891.739664066785), 3.1307618618011475), (np.float64(8432.90246722345), 3.3642024993896484), (np.float64(9966.879027693112), 3.4008867740631104), (np.float64(9966.879027692075), 3.5260071754455566), (np.float64(8432.90246722345), 3.646545648574829), (np.float64(8432.902467222859), 4.523747682571411), (np.float64(8432.902467222424), 8.065004348754883), (np.float64(8432.902467220403), 8.480934381484985), (np.float64(8403.63130280475), 9.385637283325195), (np.float64(3233.25034878879), 14.679675579071045), (np.float64(9966.879027693112), 14.694430589675903), (np.float64(9966.879027692075), 14.810325860977173), (np.float64(8432.90246722345), 14.913265466690063), (np.float64(3233.25034878879), 17.677138328552246), (np.float64(3233.250348788133), 38.83207082748413), (np.float64(3217.4714128733012), 53.684683322906494), (np.float64(2928.9371042547373), 56.65562152862549), (np.float64(2462.0309120077563), 256.8160996437073), (np.float64(9966.879027693112), 256.82566833496094), (np.float64(3233.25034878879), 259.62555289268494), (np.float64(2928.937104255121), 268.8933529853821), (np.float64(2462.0309120077563), 271.8178029060364), (np.float64(2462.0309120076854), 307.5889902114868), (np.float64(2462.0309120076454), 318.6330635547638), (np.float64(1480.9998861082604), 321.5833225250244), (np.float64(9966.879027693112), 321.5942509174347), (np.float64(8432.90246722345), 321.8362526893616), (np.float64(3233.25034878879), 324.6295657157898), (np.float64(2928.937104255121), 327.83118414878845), (np.float64(2462.0309120077563), 330.7371447086334), (np.float64(1788.9223676266374), 340.1853849887848), (np.float64(1480.9998861082604), 345.89224219322205), (np.float64(644.2473240866129), 638.9984257221222)]
(REAL, NOT adjusted by restarts)probability of this sequence is: 1.4740574518379878e-08
probability of this sequence is: 0.00058869525833308
uncertainty:
{'ate': np.float64(19418.247324082055), 'se': np.float64(947.9442801136236), 'ci': (np.float64(17560.293631200824), np.float64(21276.201016963285)), 'significant': np.True_}
checked:
770
