Starting EXP30.5, type=probe_probs_with_restart, run 3/3
Job 68239513, task 143
loaded cached data
loaded cached data
loaded cached data
loaded cached data
loaded cached data
loaded cached data
START ATE IS: 8897.006256786803
PROBE TRIGGERED! Error reduced from inf to 9876.994 (ATE went to 8897.006256786774).
PROBE TRIGGERED! Error reduced from 9876.994 to 8302.317 (ATE went to 10471.682517550787).
PROBE TRIGGERED! Error reduced from 8302.317 to 3360.786 (ATE went to 15413.214319571172).
PROBE TRIGGERED! Error reduced from 3360.786 to 2720.126 (ATE went to 16053.873538441198).
PROBE TRIGGERED! Error reduced from 2720.126 to 2199.115 (ATE went to 16574.8850367188).
PROBE TRIGGERED! Error reduced from 2199.115 to 1901.449 (ATE went to 16872.55134857795).
***
FINISHED
ATE before: 8897.006256786803
ATE now is: 18267.92871218759
sequence is: (('zscore_clip_3', 'education'), ('norm_log', 'education'), ('norm_log', 'Age'), ('isolationForest', 'Age'))
***
Execution time: 1142.770 sec
distances from ATE (with time):
[(np.float64(9876.993743213197), 0), (np.float64(9876.993743213197), 0.2136220932006836), (np.float64(9876.993743210205), 0.7745325565338135), (np.float64(9832.361465421853), 3.7474722862243652), (np.float64(8302.317482449213), 4.061391592025757), (np.float64(9876.993743213197), 4.107910394668579), (np.float64(8302.317482449213), 4.435313940048218), (np.float64(3360.7856804288276), 18.35235357284546), (np.float64(9876.993743213197), 18.37070631980896), (np.float64(8302.317482449213), 18.66691827774048), (np.float64(3360.7856804288276), 22.11465811729431), (np.float64(3360.7856804281873), 26.535564422607422), (np.float64(2720.1264615588025), 34.41458749771118), (np.float64(9876.993743213197), 34.43297076225281), (np.float64(8302.317482449213), 34.590771436691284), (np.float64(3360.7856804288276), 38.036473512649536), (np.float64(3098.7855817937707), 41.57669448852539), (np.float64(2720.1264615588025), 44.98401761054993), (np.float64(2720.1264615558157), 109.48423361778259), (np.float64(2448.6924279032046), 238.5643286705017), (np.float64(2199.114963281201), 481.3875346183777), (np.float64(9876.993743213197), 481.4055976867676), (np.float64(8302.317482449213), 481.5652987957001), (np.float64(3360.7856804288276), 485.1056489944458), (np.float64(3098.7855817937707), 488.8846175670624), (np.float64(2720.1264615588025), 492.34455585479736), (np.float64(2199.114963281201), 499.48534893989563), (np.float64(1901.4486514220516), 511.757536649704), (np.float64(9876.993743213197), 511.77584886550903), (np.float64(3360.7856804288276), 515.2465031147003), (np.float64(3098.7855817937707), 519.0157895088196), (np.float64(2720.1264615588025), 526.0058677196503), (np.float64(2199.114963281201), 529.4712274074554), (np.float64(1901.4486514220516), 536.8947083950043), (np.float64(1901.4486514212804), 897.6731660366058), (np.float64(1901.4486514186283), 901.1273276805878), (np.float64(506.07128781241045), 1142.7690217494965)]
(REAL, NOT adjusted by restarts)probability of this sequence is: 2.358491922940781e-08
probability of this sequence is: 0.0007610183082194433
uncertainty:
{'ate': np.float64(18267.928712163368), 'se': np.float64(653.0023743230802), 'ci': (np.float64(16988.060954378074), np.float64(19547.796469948662)), 'significant': np.True_}
checked:
724
