Starting EXP30.1, type=probe_probs_no_restart, run 2/3
Job 68225805, task 103
loaded cached data
loaded cached data
loaded cached data
loaded cached data
loaded cached data
loaded cached data
START ATE IS: 8853.94907233742
***
FINISHED
ATE before: 8853.94907233742
ATE now is: 16439.943568014533
sequence is: (('norm_log', 'Age'), ('bin_equal_frequency_5', 'education'), ('isolationForest', 'Age'))
***
Execution time: 344.650 sec
distances from ATE (with time):
[(np.float64(7646.05092766258), 0), (np.float64(7646.0509276624525), 0.025379657745361328), (np.float64(7646.050927661881), 0.06249594688415527), (np.float64(7646.050927661185), 0.17961812019348145), (np.float64(7550.191233734726), 0.2946953773498535), (np.float64(6115.322068093939), 0.37303662300109863), (np.float64(1960.0795129550115), 2.3356707096099854), (np.float64(1960.079512954835), 29.48100233078003), (np.float64(1960.0795129547387), 31.263192415237427), (np.float64(1960.079512954735), 33.03202486038208), (np.float64(1895.9153065207593), 47.34044528007507), (np.float64(1701.73486607435), 87.05403089523315), (np.float64(1272.7541540934635), 96.67929697036743), (np.float64(1074.1523834614964), 135.5425956249237), (np.float64(580.9708013639101), 211.2892723083496), (np.float64(299.28294732220456), 213.00273036956787), (np.float64(60.0564319854675), 344.6493902206421)]
probability of this sequence is: 4.540096951661003e-07
uncertainty:
{'ate': np.float64(16439.94356801461), 'se': np.float64(1610.2190057287019), 'ci': (np.float64(13283.863207058832), np.float64(19596.023928970386)), 'significant': np.True_}
checked:
1777
