Starting EXP37.6, type=probe, run 1/3
Job 68243103, task 531
loaded cached data
loaded cached data
loaded cached data
loaded cached data
loaded cached data
loaded cached data
START ATE IS: 83110.74106525932
PROBE TRIGGERED! Error reduced from inf to 37193.148 (ATE went to 47326.22848559863).
PROBE TRIGGERED! Error reduced from 37193.148 to 28397.328 (ATE went to 38530.40775166936).
PROBE TRIGGERED! Error reduced from 28397.328 to 20887.851 (ATE went to 31020.93092392208).
PROBE TRIGGERED! Error reduced from 20887.851 to 10695.386 (ATE went to 20828.4660319687).
PROBE TRIGGERED! Error reduced from 10695.386 to 8713.101 (ATE went to 18846.180819329842).
PROBE TRIGGERED! Error reduced from 8713.101 to 5902.777 (ATE went to 4230.302808891508).
PROBE TRIGGERED! Error reduced from 5902.777 to 4948.073 (ATE went to 15081.153443989713).
***
FINISHED
ATE before: 83110.74106525932
ATE now is: 9850.46494407798
sequence is: (('bin_equal_width_2', 'bathrooms'), ('bin_equal_frequency_2', 'sqft_living15'), ('bin_equal_frequency_2', 'sqft_above'), ('bin_equal_frequency_2', 'sqft_lot15'))
***
Execution time: 21.055 sec
distances from ATE (with time):
[(np.float64(72977.66106525932), 0), (np.float64(37193.14848559863), 0.003494739532470703), (np.float64(72977.66106525932), 0.005091428756713867), (np.float64(37193.14848559863), 0.009905099868774414), (np.float64(28397.327751669356), 1.276928186416626), (np.float64(72977.66106525932), 1.2784056663513184), (np.float64(37193.14848559863), 1.2825531959533691), (np.float64(28397.327751669356), 1.2921054363250732), (np.float64(20887.85092392208), 2.558960437774658), (np.float64(72977.66106525932), 2.560455083847046), (np.float64(37193.14848559863), 2.56461501121521), (np.float64(28397.327751669356), 2.578122854232788), (np.float64(20887.85092392208), 2.5836286544799805), (np.float64(10695.3860319687), 2.6131420135498047), (np.float64(72977.66106525932), 2.614567756652832), (np.float64(37193.14848559863), 2.6186141967773438), (np.float64(28397.327751669356), 2.6320109367370605), (np.float64(20887.85092392208), 2.637533664703369), (np.float64(10695.3860319687), 2.6665382385253906), (np.float64(8713.100819329842), 7.514683723449707), (np.float64(72977.66106525932), 7.516057729721069), (np.float64(37193.14848559863), 7.520389080047607), (np.float64(28397.327751669356), 7.534196615219116), (np.float64(20887.85092392208), 7.539931535720825), (np.float64(10695.3860319687), 7.585877418518066), (np.float64(8713.100819329842), 7.626849412918091), (np.float64(5902.777191108492), 7.679685115814209), (np.float64(72977.66106525932), 7.680938243865967), (np.float64(37193.14848559863), 7.685191631317139), (np.float64(20887.85092392208), 7.695114850997925), (np.float64(10695.3860319687), 7.750857353210449), (np.float64(8713.100819329842), 7.758173704147339), (np.float64(5902.777191108492), 7.8112757205963135), (np.float64(4948.073443989713), 11.867319822311401), (np.float64(72977.66106525932), 11.868880271911621), (np.float64(37193.14848559863), 11.873498678207397), (np.float64(20887.85092392208), 11.88346242904663), (np.float64(10695.3860319687), 11.943293809890747), (np.float64(8713.100819329842), 11.950702667236328), (np.float64(4948.073443989713), 12.018537759780884), (np.float64(282.6150559220205), 21.053999423980713)]
uncertainty:
{'ate': np.float64(9850.464944082298), 'se': np.float64(32860.85188820285), 'ci': (np.float64(-54564.71983186009), np.float64(74265.6497200247)), 'significant': np.False_}
checked:
1589
