Starting EXP31.21, type=probe_probs_no_restart, run 3/3
Job 68225954, task 239
loaded cached data
loaded cached data
loaded cached data
loaded cached data
loaded cached data
loaded cached data
START ATE IS: -0.024663864836921456
***
FINISHED
ATE before: -0.024663864836921456
ATE now is: -0.024663864836921106
sequence is: (('norm_min_max', 'brstate_reg'),)
***
Execution time: 0.006 sec
distances from ATE (with time):
[(np.float64(0.03533613516307854), 0)]
probability of this sequence is: 0.027520098948670378
uncertainty:
{'ate': np.float64(-0.02466386483692365), 'se': np.float64(0.007367573950810363), 'ci': (np.float64(-0.03910586167542658), np.float64(-0.01022186799842072)), 'significant': np.True_}
checked:
1
