Starting EXP29.8, type=probe_probs_with_restart, run 3/3
Job 68238581, task 89
loaded cached data
loaded cached data
loaded cached data
loaded cached data
loaded cached data
loaded cached data
START ATE IS: 0.06162925066460719
PROBE TRIGGERED! Error reduced from inf to 0.122 (ATE went to 0.06162925123390719).
PROBE TRIGGERED! Error reduced from 0.122 to 0.098 (ATE went to 0.038134349873710414).
PROBE TRIGGERED! Error reduced from 0.098 to 0.088 (ATE went to 0.027736961938804264).
PROBE TRIGGERED! Error reduced from 0.088 to 0.062 (ATE went to 0.0019997127472561964).
***
FINISHED
ATE before: 0.06162925066460719
ATE now is: -0.006452395665858108
sequence is: (('IQR', 'gestat10'), ('bin_equal_frequency_2', 'wt'))
***
Execution time: 13461.645 sec
distances from ATE (with time):
[(np.float64(0.1216292506646072), 0), (np.float64(0.1216292506646072), 0.014604806900024414), (np.float64(0.12162925056158516), 0.04147791862487793), (np.float64(0.12162925051477341), 0.5108606815338135), (np.float64(0.12162925043752357), 0.5372495651245117), (np.float64(0.1216027860306769), 0.7365398406982422), (np.float64(0.1215288419274819), 0.7496845722198486), (np.float64(0.12151380965737663), 0.7891762256622314), (np.float64(0.11789033435125242), 0.9102597236633301), (np.float64(0.11780731979223813), 1.3894844055175781), (np.float64(0.09813434987371042), 15.736547946929932), (np.float64(0.1216292506646072), 15.7418532371521), (np.float64(0.09813434987371042), 15.757742643356323), (np.float64(0.09813434949501237), 15.787217855453491), (np.float64(0.09813434928377121), 17.867525339126587), (np.float64(0.09813434904879892), 17.963679552078247), (np.float64(0.09813434879563246), 18.285959482192993), (np.float64(0.0981139706225114), 31.435779809951782), (np.float64(0.09805038820526288), 31.45181107521057), (np.float64(0.09801707409001426), 31.50029754638672), (np.float64(0.08910689776395328), 31.644379138946533), (np.float64(0.08773696193880426), 36.96951246261597), (np.float64(0.1216292506646072), 36.97489905357361), (np.float64(0.09813434987371042), 36.990795850753784), (np.float64(0.09813434949501237), 37.03910779953003), (np.float64(0.08940677534483812), 37.059813499450684), (np.float64(0.08773696193880426), 37.09821128845215), (np.float64(0.08773696153319539), 61.84939098358154), (np.float64(0.0876954676297621), 104.32456374168396), (np.float64(0.08756209942069526), 105.0302586555481), (np.float64(0.086512587410775), 105.18713307380676), (np.float64(0.08340031403593579), 105.64604878425598), (np.float64(0.0816842762194086), 135.24437975883484), (np.float64(0.08168172886824732), 1063.0548045635223), (np.float64(0.08168134583644812), 1063.2030098438263), (np.float64(0.0816175590823414), 1985.7352192401886), (np.float64(0.07965070831707048), 8996.885568141937), (np.float64(0.07965070729399236), 8996.904504776001), (np.float64(0.07965070573295602), 8996.942782878876), (np.float64(0.07961819701742896), 9901.601495981216), (np.float64(0.07945850680458055), 9901.6409573555), (np.float64(0.07927972196623617), 9902.314915180206), (np.float64(0.06199971274725619), 13461.321653604507), (np.float64(0.1216292506646072), 13461.326536417007), (np.float64(0.09813434987371042), 13461.541445732117), (np.float64(0.06199971274725619), 13461.55515408516), (np.float64(0.05354760433414189), 13461.644407987595)]
(REAL, NOT adjusted by restarts)probability of this sequence is: 3.4951592045017656e-15
probability of this sequence is: 0.032146024955565816
uncertainty:
{'ate': np.float64(-0.00645239549385645), 'se': np.float64(0.0077036831626737245), 'ci': (np.float64(-0.021553857132579096), np.float64(0.008649066144866194)), 'significant': np.False_}
checked:
510728
