Starting EXP30.8, type=probe_probs_no_restart, run 3/3
Job 68239847, task 167
loaded cached data
loaded cached data
loaded cached data
loaded cached data
loaded cached data
loaded cached data
START ATE IS: 8884.552078441018
***
FINISHED
ATE before: 8884.552078441018
ATE now is: 17851.665027406074
sequence is: (('bin_equal_frequency_10', 'Age'), ('norm_log', 'Age'), ('isolationForest', 'Age'))
***
Execution time: 3063.845 sec
distances from ATE (with time):
[(np.float64(9889.447921558982), 0), (np.float64(9889.447921558165), 0.9513688087463379), (np.float64(9889.447921556677), 1.3093876838684082), (np.float64(9829.5851524837), 2.6858065128326416), (np.float64(8319.105159420878), 3.250131845474243), (np.float64(3424.4205930179123), 15.920305490493774), (np.float64(3424.4205930178523), 86.40106225013733), (np.float64(2307.735310048305), 199.3713710308075), (np.float64(1968.0256341551067), 210.48414492607117), (np.float64(1968.0256341539098), 678.5120966434479), (np.float64(1968.025634150974), 711.8119444847107), (np.float64(1968.0256341509703), 849.0629849433899), (np.float64(1378.5370620574358), 1451.3786931037903), (np.float64(1067.6901942461664), 2549.4102172851562), (np.float64(922.3349725939261), 3063.8448696136475)]
probability of this sequence is: 3.632077561328803e-07
uncertainty:
{'ate': np.float64(17851.665027383817), 'se': np.float64(540.2582509338334), 'ci': (np.float64(16792.77464533864), np.float64(18910.555409428995)), 'significant': np.True_}
checked:
2054
