Starting EXP34.2, type=probe_probs_no_restart, run 1/3
Job 68241931, task 399
loaded cached data
loaded cached data
loaded cached data
loaded cached data
loaded cached data
loaded cached data
START ATE IS: 8774.433204825878
***
FINISHED
ATE before: 8774.433204825878
ATE now is: 19607.63312804572
sequence is: (('norm_log', 'education'), ('bin_equal_width_5', 'education'), ('isolationForest', 'Age'))
***
Execution time: 9904.462 sec
distances from ATE (with time):
[(np.float64(9999.566795174122), 0), (np.float64(9935.720210799183), 9.394319534301758), (np.float64(8436.79803943951), 11.711432695388794), (np.float64(3590.152942967021), 59.11547303199768), (np.float64(3590.152942965193), 317.31061720848083), (np.float64(3574.7174223066286), 666.9459948539734), (np.float64(2563.210825393973), 1230.6927270889282), (np.float64(1969.6084135944475), 2319.3427443504333), (np.float64(1765.0372188702058), 4724.691482305527), (np.float64(1149.9365922470388), 6556.453385591507), (np.float64(833.6331280457198), 9904.461490631104)]
probability of this sequence is: 1.8160387806644015e-07
uncertainty:
{'ate': np.float64(19471.147705366377), 'se': np.float64(378.06071318793715), 'ci': (np.float64(18730.16145315108), np.float64(20212.133957581675)), 'significant': np.True_}
checked:
2352
