Starting EXP30.3, type=probe_probs_with_restart, run 2/3
Job 68239051, task 124
loaded cached data
loaded cached data
loaded cached data
loaded cached data
loaded cached data
loaded cached data
START ATE IS: 8770.865856480696
PROBE TRIGGERED! Error reduced from inf to 10003.134 (ATE went to 8770.865856478593).
PROBE TRIGGERED! Error reduced from 10003.134 to 8410.959 (ATE went to 10363.040996260212).
PROBE TRIGGERED! Error reduced from 8410.959 to 4234.840 (ATE went to 14539.16013470761).
PROBE TRIGGERED! Error reduced from 4234.840 to 3368.984 (ATE went to 15405.015959280941).
PROBE TRIGGERED! Error reduced from 3368.984 to 2560.315 (ATE went to 16213.684601500801).
PROBE TRIGGERED! Error reduced from 2560.315 to 2258.895 (ATE went to 16515.10509101748).
PROBE TRIGGERED! Error reduced from 2258.895 to 1637.721 (ATE went to 17136.279419238836).
***
FINISHED
ATE before: 8770.865856480696
ATE now is: 19522.85624808811
sequence is: (('norm_log', 'education'), ('bin_equal_width_5', 'education'), ('isolationForest', 'Age'))
***
Execution time: 1590.285 sec
distances from ATE (with time):
[(np.float64(10003.134143519304), 0), (np.float64(10003.134143519304), 0.12690162658691406), (np.float64(10003.134143518955), 0.44566893577575684), (np.float64(10003.134143517003), 0.5503017902374268), (np.float64(10003.134143514899), 0.6626520156860352), (np.float64(9947.807088509524), 2.1612017154693604), (np.float64(8410.959003739788), 2.351533889770508), (np.float64(10003.134143519304), 2.384228229522705), (np.float64(8410.959003739788), 2.5534567832946777), (np.float64(8410.959003736561), 5.754786491394043), (np.float64(8410.959003734575), 5.841423034667969), (np.float64(8407.64093366887), 6.539189577102661), (np.float64(4234.83986529239), 10.646836280822754), (np.float64(10003.134143519304), 10.658531188964844), (np.float64(8410.959003739788), 10.821064472198486), (np.float64(4234.83986529239), 13.055350065231323), (np.float64(4094.404220257071), 20.705177068710327), (np.float64(4094.404220256345), 38.45646142959595), (np.float64(3934.5855440418964), 42.97521233558655), (np.float64(3368.9840407190586), 47.911288022994995), (np.float64(10003.134143519304), 47.92247033119202), (np.float64(4234.83986529239), 50.09767174720764), (np.float64(3934.5855440408577), 57.29612398147583), (np.float64(3368.9840407190586), 61.683759450912476), (np.float64(3368.9840407185293), 209.8365752696991), (np.float64(3368.9840407181637), 214.23992276191711), (np.float64(3176.6362877432857), 220.77674508094788), (np.float64(2560.3153984991986), 357.981684923172), (np.float64(10003.134143519304), 357.9924166202545), (np.float64(4234.83986529239), 360.18736743927), (np.float64(3368.9840407190586), 367.08438658714294), (np.float64(2560.3153984991986), 369.259064912796), (np.float64(2493.079971240779), 396.87498021125793), (np.float64(2258.8949089825182), 418.48495173454285), (np.float64(10003.134143519304), 418.4965934753418), (np.float64(4234.83986529239), 420.6822974681854), (np.float64(3934.5855440408577), 423.11290669441223), (np.float64(2560.3153984991986), 429.647198677063), (np.float64(2272.4223178629945), 441.13874340057373), (np.float64(1637.7205807611645), 504.7638506889343), (np.float64(10003.134143519304), 504.77454805374146), (np.float64(4234.83986529239), 506.9628391265869), (np.float64(3934.5855440408577), 511.58333349227905), (np.float64(3368.9840407190586), 515.9665977954865), (np.float64(2560.3153984991986), 520.3170101642609), (np.float64(2493.079971240779), 531.6749250888824), (np.float64(2258.894908982882), 661.440938949585), (np.float64(2205.5451684090476), 1433.9506254196167), (np.float64(748.8562480881083), 1590.284645318985)]
(REAL, NOT adjusted by restarts)probability of this sequence is: 1.8160387806644015e-07
probability of this sequence is: 5.665439670845816e-05
uncertainty:
{'ate': np.float64(19522.856248086795), 'se': np.float64(763.752993134341), 'ci': (np.float64(18025.916248337384), np.float64(21019.796247836206)), 'significant': np.True_}
checked:
1395
