Starting EXP31.6, type=probe_probs_no_restart, run 1/3
Job 68239876, task 192
loaded cached data
loaded cached data
loaded cached data
loaded cached data
loaded cached data
loaded cached data
START ATE IS: -0.02489110143124438
***
FINISHED
ATE before: -0.02489110143124438
ATE now is: -0.02489110143124438
sequence is: (('norm_min_max', 'incervix'),)
***
Execution time: 0.003 sec
distances from ATE (with time):
[(np.float64(0.03510889856875562), 0)]
probability of this sequence is: 0.09632034632034632
uncertainty:
{'ate': np.float64(-0.02489110143124093), 'se': np.float64(0.006778658541281582), 'ci': (np.float64(-0.038178697415218524), np.float64(-0.011603505447263338)), 'significant': np.True_}
checked:
1
