Starting EXP36.2, type=probe_probs_no_restart, run 1/3
Job 68242911, task 453
loaded cached data
loaded cached data
loaded cached data
loaded cached data
loaded cached data
loaded cached data
START ATE IS: 26177.345994471172
***
FINISHED
ATE before: 26177.345994471172
ATE now is: 9245.696003631034
sequence is: (('zscore_clip_3', 'bedrooms'),)
***
Execution time: 2.183 sec
distances from ATE (with time):
[(np.float64(16044.265994471172), 0), (np.float64(16044.265990315742), 0.018311262130737305), (np.float64(16044.265982738705), 0.023648738861083984), (np.float64(13145.819755376868), 0.041788578033447266), (np.float64(11103.544145280908), 0.052694082260131836), (np.float64(5800.792740740924), 0.08963370323181152), (np.float64(887.3839963689661), 2.182929515838623)]
probability of this sequence is: 0.0017316017316017318
uncertainty:
{'ate': np.float64(9245.69600847373), 'se': np.float64(60547.769012413795), 'ci': (np.float64(-109510.35117123206), np.float64(128001.74318817953)), 'significant': np.False_}
checked:
105
