Starting EXP31.9, type=probe_probs_no_restart, run 2/3
Job 68239886, task 202
loaded cached data
loaded cached data
loaded cached data
loaded cached data
loaded cached data
loaded cached data
START ATE IS: -0.024891101735122993
***
FINISHED
ATE before: -0.024891101735122993
ATE now is: -0.024891101736809418
sequence is: (('norm_min_max', 'frace'),)
***
Execution time: 0.004 sec
distances from ATE (with time):
[(np.float64(0.03510889826487701), 0), (np.float64(0.03510889826319058), 0.0036382675170898438)]
probability of this sequence is: 0.06421356421356422
uncertainty:
{'ate': np.float64(-0.024891101743718128), 'se': np.float64(0.007294175650565905), 'ci': (np.float64(-0.03918922021127212), np.float64(-0.010592983276164135)), 'significant': np.True_}
checked:
1
