Starting EXP31.12, type=probe, run 1/3
Job 68239891, task 207
loaded cached data
loaded cached data
loaded cached data
loaded cached data
loaded cached data
loaded cached data
START ATE IS: -0.024891101431222803
***
FINISHED
ATE before: -0.024891101431222803
ATE now is: -0.024891101431221592
sequence is: (('bin_equal_frequency_2', 'brstate'),)
***
Execution time: 0.007 sec
distances from ATE (with time):
[(np.float64(0.03510889856877719), 0)]
uncertainty:
{'ate': np.float64(-0.024891101431240528), 'se': np.float64(0.007242653554451966), 'ci': (np.float64(-0.039088226309719545), np.float64(-0.010693976552761511)), 'significant': np.True_}
checked:
1
