Starting EXP30.9, type=probe_probs_with_restart, run 2/3
Job 68239862, task 178
loaded cached data
loaded cached data
loaded cached data
loaded cached data
loaded cached data
loaded cached data
START ATE IS: 8788.131728902945
PROBE TRIGGERED! Error reduced from inf to 9985.868 (ATE went to 8788.131728904566).
PROBE TRIGGERED! Error reduced from 9985.868 to 8420.703 (ATE went to 10353.297434544156).
PROBE TRIGGERED! Error reduced from 8420.703 to 3963.634 (ATE went to 14810.36586285628).
PROBE TRIGGERED! Error reduced from 3963.634 to 2763.147 (ATE went to 16010.852826606746).
PROBE TRIGGERED! Error reduced from 2763.147 to 2472.446 (ATE went to 16301.553612491694).
PROBE TRIGGERED! Error reduced from 2472.446 to 2180.064 (ATE went to 16593.936137216344).
PROBE TRIGGERED! Error reduced from 2180.064 to 1743.113 (ATE went to 17030.886652985195).
***
FINISHED
ATE before: 8788.131728902945
ATE now is: 17846.659445966965
sequence is: (('bin_equal_frequency_5', 'education'), ('isolationForest', 'Age'), ('norm_log', 'education'))
***
Execution time: 2931.808 sec
distances from ATE (with time):
[(np.float64(9985.868271097055), 0), (np.float64(9985.868271095434), 0.6803786754608154), (np.float64(9985.868271097055), 0.9133687019348145), (np.float64(9985.868271095434), 1.8779690265655518), (np.float64(9985.868271094332), 5.5532166957855225), (np.float64(9985.868271093861), 9.922902822494507), (np.float64(9985.868271093519), 10.53729510307312), (np.float64(9925.78048816799), 14.67682695388794), (np.float64(8420.702565455844), 15.633970022201538), (np.float64(9985.868271097055), 15.800171613693237), (np.float64(9985.868271095434), 16.399415493011475), (np.float64(8420.702565455844), 16.892542600631714), (np.float64(8420.702565454172), 20.274035930633545), (np.float64(8410.879331987366), 43.25334119796753), (np.float64(3963.6341371437193), 60.7821364402771), (np.float64(9985.868271097055), 60.819878816604614), (np.float64(9985.868271095434), 61.308789014816284), (np.float64(8420.702565455844), 61.8169424533844), (np.float64(3963.6341371437193), 68.8313467502594), (np.float64(3963.634137142257), 79.57537174224854), (np.float64(3963.634137142062), 90.56302499771118), (np.float64(3963.6341371402978), 141.15609908103943), (np.float64(3696.4807667449913), 180.13518524169922), (np.float64(2763.147173393254), 197.44875192642212), (np.float64(9985.868271097055), 197.48720836639404), (np.float64(3963.6341371437193), 204.81707191467285), (np.float64(3963.634137142257), 213.26039481163025), (np.float64(3696.4807667465575), 230.6287398338318), (np.float64(2763.147173393254), 245.14027166366577), (np.float64(2763.1471733896615), 738.2781167030334), (np.float64(2676.447705947696), 1199.6663732528687), (np.float64(2472.4463875083056), 1206.6281960010529), (np.float64(9985.868271097055), 1206.6631093025208), (np.float64(3963.6341371437193), 1213.7171249389648), (np.float64(2763.147173393254), 1236.6320140361786), (np.float64(2472.4463875083056), 1243.5188539028168), (np.float64(2448.328576171918), 1330.7785155773163), (np.float64(2180.063862783656), 1394.319200515747), (np.float64(9985.868271097055), 1394.3535001277924), (np.float64(3963.6341371437193), 1401.479840517044), (np.float64(3696.4807667465575), 1410.303951740265), (np.float64(2472.4463875083056), 1431.2567842006683), (np.float64(2448.328576171918), 1496.0406203269958), (np.float64(2180.063862783456), 1809.9740116596222), (np.float64(1743.1133470148052), 2761.596221446991), (np.float64(9985.868271097055), 2761.6208510398865), (np.float64(3963.6341371437193), 2768.530532836914), (np.float64(2472.4463875083056), 2784.2089030742645), (np.float64(1743.1133470148052), 2807.77920126915), (np.float64(927.340554033035), 2931.8076226711273)]
(REAL, NOT adjusted by restarts)probability of this sequence is: 4.540096951661003e-07
probability of this sequence is: 0.03137690623838094
uncertainty:
{'ate': np.float64(17846.659445967103), 'se': np.float64(538.6687349940943), 'ci': (np.float64(16790.883976585752), np.float64(18902.434915348455)), 'significant': np.True_}
checked:
898
