Starting EXP30.5, type=probe, run 3/3
Job 68225852, task 137
loaded cached data
loaded cached data
loaded cached data
loaded cached data
loaded cached data
loaded cached data
START ATE IS: 8619.148313456977
PROBE TRIGGERED! Error reduced from inf to 9839.253 (ATE went to 6660.746558679657).
PROBE TRIGGERED! Error reduced from 9839.253 to 8314.390 (ATE went to 8185.609824645296).
PROBE TRIGGERED! Error reduced from 8314.390 to 5288.097 (ATE went to 11211.902579904525).
PROBE TRIGGERED! Error reduced from 5288.097 to 736.616 (ATE went to 15763.38448161464).
PROBE TRIGGERED! Error reduced from 736.616 to 360.014 (ATE went to 16860.01355133654).
PROBE TRIGGERED! Error reduced from 360.014 to 161.282 (ATE went to 16661.28199470996).
***
FINISHED
ATE before: 8619.148313456977
ATE now is: 16518.113139539553
sequence is: (('bin_equal_frequency_10', 'Age'), ('isolationForest', 'Age'), ('norm_log', 'Age'))
***
Execution time: 975.421 sec
distances from ATE (with time):
[(np.float64(7880.851686543023), 0), (np.float64(7880.851686543023), 0.23547840118408203), (np.float64(7880.851686543023), 0.8146622180938721), (np.float64(5288.097420095475), 4.822346210479736), (np.float64(7880.851686543023), 4.862701654434204), (np.float64(5288.097420095475), 5.294694423675537), (np.float64(736.6155183853607), 20.14795184135437), (np.float64(7880.851686543023), 20.164933681488037), (np.float64(5288.097420095475), 20.443007469177246), (np.float64(736.6155183853607), 23.710158824920654), (np.float64(360.0135513365385), 33.960397720336914), (np.float64(7880.851686543023), 33.97271752357483), (np.float64(736.6155183853607), 37.39663004875183), (np.float64(360.0135513365385), 44.46627593040466), (np.float64(161.2819947099597), 193.14786958694458), (np.float64(7880.851686543023), 193.16319012641907), (np.float64(736.6155183853607), 196.43035340309143), (np.float64(360.0135513365385), 207.22313833236694), (np.float64(161.2819947099597), 210.72779488563538), (np.float64(161.28199470147592), 902.2712304592133), (np.float64(161.2819946965501), 931.4211559295654), (np.float64(18.11313953955323), 975.420170545578)]
uncertainty:
{'ate': np.float64(16518.113139527886), 'se': np.float64(658.8028310587047), 'ci': (np.float64(15226.876400286095), np.float64(17809.349878769677)), 'significant': np.True_}
checked:
840
