Starting EXP31.27, type=probe_probs_with_restart, run 3/3
Job 68239996, task 260
loaded cached data
loaded cached data
loaded cached data
loaded cached data
loaded cached data
loaded cached data
START ATE IS: 0.06109545001670393
PROBE TRIGGERED! Error reduced from inf to 0.121 (ATE went to 0.061095450016648414).
PROBE TRIGGERED! Error reduced from 0.121 to 0.097 (ATE went to 0.03682741120437475).
PROBE TRIGGERED! Error reduced from 0.097 to 0.085 (ATE went to 0.024998348916715315).
PROBE TRIGGERED! Error reduced from 0.085 to 0.062 (ATE went to 0.001954071238292376).
***
FINISHED
ATE before: 0.06109545001670393
ATE now is: -0.007808666749400515
sequence is: (('IQR', 'gestat10'), ('bin_equal_frequency_2', 'wt'))
***
Execution time: 3497.052 sec
distances from ATE (with time):
[(np.float64(0.12109545001670394), 0), (np.float64(0.12109545001664841), 0.01683497428894043), (np.float64(0.12109545001670394), 0.021230697631835938), (np.float64(0.12109545001664841), 0.03171491622924805), (np.float64(0.1210954500162805), 0.0517733097076416), (np.float64(0.12109545001568464), 0.0617978572845459), (np.float64(0.12109112938172403), 0.3075547218322754), (np.float64(0.12091854571573062), 0.3374960422515869), (np.float64(0.1170112630315377), 0.5293912887573242), (np.float64(0.09682741120437474), 8.53074312210083), (np.float64(0.12109545001670394), 8.534619092941284), (np.float64(0.09682741120437474), 8.545884370803833), (np.float64(0.0968274112043531), 9.270248651504517), (np.float64(0.09682741120432753), 9.281477689743042), (np.float64(0.09682741120429578), 9.351858139038086), (np.float64(0.09682741120426992), 9.388309955596924), (np.float64(0.09681040508978508), 15.67877721786499), (np.float64(0.09643004836985555), 15.710950374603271), (np.float64(0.08736670829870846), 15.920804977416992), (np.float64(0.0871502042348082), 17.23136019706726), (np.float64(0.08499834891671532), 17.778846502304077), (np.float64(0.12109545001670394), 17.78243327140808), (np.float64(0.09682741120437474), 17.792363166809082), (np.float64(0.0871502042348082), 17.832368850708008), (np.float64(0.08499834891671532), 17.857275247573853), (np.float64(0.08499834891662822), 28.378352642059326), (np.float64(0.08498792836314492), 29.532481908798218), (np.float64(0.08495199312780934), 50.976911544799805), (np.float64(0.08483294397699762), 51.09918689727783), (np.float64(0.08123470379349741), 53.979005575180054), (np.float64(0.07903834916006684), 55.65161323547363), (np.float64(0.07903834915997483), 228.58081555366516), (np.float64(0.07732598054647369), 2709.688853263855), (np.float64(0.06195407123829237), 3496.9185569286346), (np.float64(0.12109545001670394), 3496.922352075577), (np.float64(0.09682741120437474), 3496.9834995269775), (np.float64(0.06195407123829237), 3496.9937827587128), (np.float64(0.052191333250599485), 3497.0511038303375)]
(REAL, NOT adjusted by restarts)probability of this sequence is: 1.2470382840753214e-14
probability of this sequence is: 0.032275824916069736
uncertainty:
{'ate': np.float64(-0.007808666749328008), 'se': np.float64(0.006851210665187002), 'ci': (np.float64(-0.02123858291125733), np.float64(0.0056212494126013125)), 'significant': np.False_}
checked:
122007
