Starting EXP30.4, type=probe_probs_no_restart, run 3/3
Job 68225844, task 131
loaded cached data
loaded cached data
loaded cached data
loaded cached data
loaded cached data
loaded cached data
START ATE IS: 8824.729619225453
***
FINISHED
ATE before: 8824.729619225453
ATE now is: 16497.042973943837
sequence is: (('zscore_clip_3', 'education'), ('isolationForest', 'Age'))
***
Execution time: 473.387 sec
distances from ATE (with time):
[(np.float64(7675.270380774547), 0), (np.float64(7675.270380774109), 0.1287524700164795), (np.float64(7675.270380772028), 0.2809150218963623), (np.float64(7604.083491913971), 1.2093958854675293), (np.float64(6129.974888088767), 1.5045461654663086), (np.float64(605.9962626262604), 7.981882095336914), (np.float64(599.0247964981445), 93.56952953338623), (np.float64(599.0247964980645), 275.443785905838), (np.float64(332.2970394293061), 309.74706530570984), (np.float64(2.9570260561631585), 473.38681530952454)]
probability of this sequence is: 2.237359777778543e-05
uncertainty:
{'ate': np.float64(16497.042973944997), 'se': np.float64(705.979179095336), 'ci': (np.float64(15113.340386533375), np.float64(17880.74556135662)), 'significant': np.True_}
checked:
832
