Starting EXP31.18, type=probe, run 1/3
Job 68239911, task 225
loaded cached data
loaded cached data
loaded cached data
loaded cached data
loaded cached data
loaded cached data
START ATE IS: -0.024891101624053204
***
FINISHED
ATE before: -0.024891101624053204
ATE now is: -0.024891101624053204
sequence is: (('bin_equal_frequency_2', 'anemia'),)
***
Execution time: 0.007 sec
distances from ATE (with time):
[(np.float64(0.035108898375946794), 0)]
uncertainty:
{'ate': np.float64(-0.02489110167898155), 'se': np.float64(0.006784900134703381), 'ci': (np.float64(-0.03819093458251663), np.float64(-0.011591268775446476)), 'significant': np.True_}
checked:
1
