Starting EXP29.2, type=probe_probs_with_restart, run 1/3
Job 68238246, task 33
loaded cached data
loaded cached data
loaded cached data
loaded cached data
loaded cached data
loaded cached data
START ATE IS: 0.07463466675252557
PROBE TRIGGERED! Error reduced from inf to 0.135 (ATE went to 0.07463466686733694).
PROBE TRIGGERED! Error reduced from 0.135 to 0.110 (ATE went to 0.05049962216723551).
PROBE TRIGGERED! Error reduced from 0.110 to 0.095 (ATE went to 0.03471152390911629).
PROBE TRIGGERED! Error reduced from 0.095 to 0.074 (ATE went to 0.014435225302243504).
PROBE TRIGGERED! Error reduced from 0.074 to 0.066 (ATE went to 0.00574828583389938).
***
FINISHED
ATE before: 0.07463466675252557
ATE now is: -0.000838494764206525
sequence is: (('norm_log', 'gestat10'), ('IQR', 'gestat10'), ('bin_equal_frequency_2', 'wt'), ('isolationForest', 'pldel'))
***
Execution time: 8803.034 sec
distances from ATE (with time):
[(np.float64(0.13463466675252556), 0), (np.float64(0.13463466675252556), 0.009612321853637695), (np.float64(0.13463466671641808), 0.026921987533569336), (np.float64(0.13463466556204223), 0.03543281555175781), (np.float64(0.13463466474418678), 0.1373589038848877), (np.float64(0.13461145482078452), 0.46745848655700684), (np.float64(0.13457834100145744), 0.48461413383483887), (np.float64(0.13410250511733976), 0.5017015933990479), (np.float64(0.12994318135558752), 0.5801360607147217), (np.float64(0.12884503721257495), 0.8802838325500488), (np.float64(0.11049962216723551), 11.704970836639404), (np.float64(0.13463466675252556), 11.70912790298462), (np.float64(0.11049962216723551), 11.719407081604004), (np.float64(0.1104996213209001), 11.739223957061768), (np.float64(0.11049962107579155), 13.11248517036438), (np.float64(0.11049962078925227), 13.166019916534424), (np.float64(0.11049962023881038), 13.241129875183105), (np.float64(0.1104996199939432), 13.305956363677979), (np.float64(0.11033269671359852), 23.489500522613525), (np.float64(0.1099172735579845), 23.51103162765503), (np.float64(0.10098242435952116), 23.60696053504944), (np.float64(0.1009824239754533), 88.87449884414673), (np.float64(0.1009824231719706), 96.15805649757385), (np.float64(0.10098242212106098), 100.72988295555115), (np.float64(0.0996601555284763), 190.8231737613678), (np.float64(0.09471152390911629), 191.5563406944275), (np.float64(0.13463466675252556), 191.5604386329651), (np.float64(0.11049962216723551), 191.57419061660767), (np.float64(0.1104996213209001), 191.61153531074524), (np.float64(0.10098242435952116), 191.6222128868103), (np.float64(0.09471152390911629), 192.21576952934265), (np.float64(0.0947115235195173), 241.3343005180359), (np.float64(0.0947038175329119), 261.12917017936707), (np.float64(0.09356905800836375), 261.1413471698761), (np.float64(0.0924021766216501), 261.15374779701233), (np.float64(0.09163641372764311), 425.2333390712738), (np.float64(0.09063118624560124), 425.95140171051025), (np.float64(0.09013925513406004), 493.9164242744446), (np.float64(0.08934966542517608), 1810.78364777565), (np.float64(0.0893496653073169), 8269.979094743729), (np.float64(0.0744352253022435), 8717.669373750687), (np.float64(0.13463466675252556), 8717.672901153564), (np.float64(0.11049962216723551), 8717.88808298111), (np.float64(0.0744352253022435), 8717.896472454071), (np.float64(0.06719660589007304), 8717.965586185455), (np.float64(0.06707653326789939), 8718.012587547302), (np.float64(0.06574828583389938), 8718.464831829071), (np.float64(0.13463466675252556), 8718.468267679214), (np.float64(0.0744352253022435), 8718.476551055908), (np.float64(0.06719660589007304), 8718.509006261826), (np.float64(0.06707653326789939), 8718.544411182404), (np.float64(0.06574828583389938), 8718.609213113785), (np.float64(0.06357942164981739), 8718.639320611954), (np.float64(0.06357942000225372), 8719.18801522255), (np.float64(0.06238844588110775), 8768.534313440323), (np.float64(0.0605511676727069), 8768.885311841965), (np.float64(0.06012783416972651), 8785.285630464554), (np.float64(0.05916150523579347), 8803.033425807953)]
(REAL, NOT adjusted by restarts)probability of this sequence is: 1.2890405214494674e-20
probability of this sequence is: 1.0568770384752432e-05
uncertainty:
{'ate': np.float64(-0.0008384971218282598), 'se': np.float64(0.015850702536320455), 'ci': (np.float64(-0.03192802616738395), np.float64(0.030251031923727432)), 'significant': np.False_}
checked:
536053
