Starting EXP31.6, type=probe_probs_no_restart, run 3/3
Job 68239878, task 194
loaded cached data
loaded cached data
loaded cached data
loaded cached data
loaded cached data
loaded cached data
START ATE IS: -0.02489110143123819
***
FINISHED
ATE before: -0.02489110143123819
ATE now is: -0.02489110143123819
sequence is: (('norm_min_max', 'anemia'),)
***
Execution time: 0.005 sec
distances from ATE (with time):
[(np.float64(0.03510889856876181), 0)]
probability of this sequence is: 0.09632034632034632
uncertainty:
{'ate': np.float64(-0.02489110143123878), 'se': np.float64(0.007396221430020916), 'ci': (np.float64(-0.03938925052248573), np.float64(-0.01039295233999183)), 'significant': np.True_}
checked:
1
