Starting EXP31.36, type=probe_probs_with_restart, run 2/3
Job 68241690, task 286
loaded cached data
loaded cached data
loaded cached data
loaded cached data
loaded cached data
loaded cached data
START ATE IS: -0.02489110143115235
***
FINISHED
ATE before: -0.02489110143115235
ATE now is: -0.024891101431282557
sequence is: (('norm_min_max', 'drink5'),)
***
Execution time: 0.009 sec
distances from ATE (with time):
[(np.float64(0.03510889856884765), 0), (np.float64(0.03510889856871744), 0.008510828018188477)]
(REAL, NOT adjusted by restarts)probability of this sequence is: 0.016053391053391056
probability of this sequence is: 0.016053391053391056
uncertainty:
{'ate': np.float64(-0.024891101431231508), 'se': np.float64(0.006683729870876549), 'ci': (np.float64(-0.03799262240429001), np.float64(-0.01178958045817301)), 'significant': np.True_}
checked:
1
