Starting EXP37.3, type=probe, run 3/3
Job 68243095, task 524
loaded cached data
loaded cached data
loaded cached data
loaded cached data
loaded cached data
loaded cached data
START ATE IS: 52874.30358562785
PROBE TRIGGERED! Error reduced from inf to 42271.242 (ATE went to 52404.32234550069).
PROBE TRIGGERED! Error reduced from 42271.242 to 35855.616 (ATE went to 45988.69620272881).
PROBE TRIGGERED! Error reduced from 35855.616 to 27295.707 (ATE went to 37428.78658644747).
PROBE TRIGGERED! Error reduced from 27295.707 to 11327.819 (ATE went to 21460.898781245327).
PROBE TRIGGERED! Error reduced from 11327.819 to 4676.665 (ATE went to 5456.415480319787).
***
FINISHED
ATE before: 52874.30358562785
ATE now is: 9322.150734484178
sequence is: (('bin_equal_width_2', 'floors'), ('bin_equal_frequency_2', 'bathrooms'), ('isolationForest', 'bathrooms'))
***
Execution time: 9.023 sec
distances from ATE (with time):
[(np.float64(42741.22358562785), 0), (np.float64(42271.24234550069), 0.0032999515533447266), (np.float64(42741.22358562785), 0.0044896602630615234), (np.float64(42271.24234550069), 0.008420705795288086), (np.float64(35855.61620272881), 0.03506612777709961), (np.float64(42741.22358562785), 0.03611874580383301), (np.float64(42271.24234550069), 0.03976297378540039), (np.float64(35855.61620272881), 0.04247856140136719), (np.float64(27295.70658644747), 0.06780433654785156), (np.float64(42741.22358562785), 0.06878900527954102), (np.float64(42271.24234550069), 0.07244300842285156), (np.float64(35855.61620272881), 0.07517266273498535), (np.float64(27295.70658644747), 0.07776188850402832), (np.float64(11327.818781245327), 0.08228158950805664), (np.float64(42741.22358562785), 0.083251953125), (np.float64(42271.24234550069), 0.08676886558532715), (np.float64(27295.70658644747), 0.08934378623962402), (np.float64(11327.818781245327), 0.09687185287475586), (np.float64(4676.664519680213), 0.10454869270324707), (np.float64(42741.22358562785), 0.10547256469726562), (np.float64(42271.24234550069), 0.10894274711608887), (np.float64(35855.61620272881), 0.11164045333862305), (np.float64(27295.70658644747), 0.11420059204101562), (np.float64(11327.818781245327), 0.11838889122009277), (np.float64(4676.664519680213), 0.12179756164550781), (np.float64(4676.664519680077), 1.9394118785858154), (np.float64(4676.66451967998), 1.9570839405059814), (np.float64(4593.878291171853), 1.96584153175354), (np.float64(810.9292655158224), 9.022366285324097)]
uncertainty:
{'ate': np.float64(9322.150734485795), 'se': np.float64(40915.59589678074), 'ci': (np.float64(-70888.13565059796), np.float64(89532.43711956956)), 'significant': np.False_}
checked:
614
