Starting EXP34.2, type=probe_probs_with_restart, run 2/3
Job 68227906, task 61
loaded cached data
loaded cached data
loaded cached data
loaded cached data
loaded cached data
loaded cached data
START ATE IS: 8774.433204599154
PROBE TRIGGERED! Error reduced from inf to 7725.567 (ATE went to 8774.433204563797).
PROBE TRIGGERED! Error reduced from 7725.567 to 6162.798 (ATE went to 10337.201960451639).
PROBE TRIGGERED! Error reduced from 6162.798 to 1316.153 (ATE went to 15183.84705710353).
PROBE TRIGGERED! Error reduced from 1316.153 to 1039.234 (ATE went to 15460.766271459896).
PROBE TRIGGERED! Error reduced from 1039.234 to 289.211 (ATE went to 16210.789174677553).
***
FINISHED
ATE before: 8774.433204599154
ATE now is: 16511.155157510868
sequence is: (('IQR', 'education'), ('isolationForest', 'Age'), ('norm_min_max', 'Age'), ('norm_log', 'education'))
***
Execution time: 1404.018 sec
distances from ATE (with time):
[(np.float64(7725.566795400846), 0), (np.float64(7725.566795400846), 0.6441037654876709), (np.float64(7725.566795373521), 1.9696149826049805), (np.float64(7725.566795372088), 2.6101036071777344), (np.float64(7725.566795361272), 3.2423346042633057), (np.float64(7725.566795270759), 3.8551790714263916), (np.float64(7661.720210912339), 14.284616231918335), (np.float64(6162.798039548361), 15.560961484909058), (np.float64(7725.566795400846), 15.77103066444397), (np.float64(6162.798039548361), 17.03581213951111), (np.float64(6162.798039518715), 39.99376153945923), (np.float64(6162.79803951004), 40.7371039390564), (np.float64(6162.798039410587), 41.48492503166199), (np.float64(6148.648919982546), 47.37858009338379), (np.float64(1316.1529428964695), 74.32308340072632), (np.float64(7725.566795400846), 74.385427236557), (np.float64(6162.798039548361), 75.64648795127869), (np.float64(1316.1529428964695), 89.30970478057861), (np.float64(1316.152942896424), 107.23129558563232), (np.float64(1316.1529428547547), 168.77780628204346), (np.float64(1316.1529427878086), 182.55813813209534), (np.float64(1300.717422249856), 268.6903066635132), (np.float64(1039.2337285401045), 283.09905672073364), (np.float64(7725.566795400846), 283.1549732685089), (np.float64(6162.798039548361), 284.37642121315), (np.float64(1316.1529428964695), 298.2426314353943), (np.float64(1316.152942896424), 312.5649981498718), (np.float64(1039.2337285401045), 371.80066537857056), (np.float64(289.2108253224469), 1048.6639926433563), (np.float64(7725.566795400846), 1048.7609405517578), (np.float64(6162.798039548361), 1050.3894827365875), (np.float64(1316.1529428964695), 1064.216581583023), (np.float64(1316.152942896424), 1080.4348061084747), (np.float64(289.2108253224469), 1131.4522318840027), (np.float64(11.155157510867866), 1404.017161846161)]
(REAL, NOT adjusted by restarts)probability of this sequence is: 2.0990578114172958e-07
probability of this sequence is: 0.0073499174915042775
uncertainty:
{'ate': np.float64(16418.365182948037), 'se': np.float64(446.3921353825189), 'ci': (np.float64(15543.451544786625), np.float64(17293.27882110945)), 'significant': np.True_}
checked:
373
