Starting EXP37.6, type=probe, run 2/3
Job 68243104, task 532
loaded cached data
loaded cached data
loaded cached data
loaded cached data
loaded cached data
loaded cached data
START ATE IS: 55555.31390436512
PROBE TRIGGERED! Error reduced from inf to 44793.781 (ATE went to 54926.86111899889).
PROBE TRIGGERED! Error reduced from 44793.781 to 22425.847 (ATE went to 32558.927362398656).
PROBE TRIGGERED! Error reduced from 22425.847 to 4106.699 (ATE went to 6026.381074443384).
PROBE TRIGGERED! Error reduced from 4106.699 to 2675.772 (ATE went to 7457.3082716119125).
***
FINISHED
ATE before: 55555.31390436512
ATE now is: 7939.07274241111
sequence is: (('bin_equal_frequency_2', 'sqft_lot'), ('bin_equal_frequency_2', 'sqft_living'), ('bin_equal_frequency_2', 'condition'))
***
Execution time: 2.887 sec
distances from ATE (with time):
[(np.float64(45422.233904365115), 0), (np.float64(44793.781118998886), 0.0034661293029785156), (np.float64(45422.233904365115), 0.005021095275878906), (np.float64(44793.781118998886), 0.009309530258178711), (np.float64(22425.847362398657), 0.013540267944335938), (np.float64(45422.233904365115), 0.01504826545715332), (np.float64(44793.781118998886), 0.019273042678833008), (np.float64(22425.847362398657), 0.02330780029296875), (np.float64(22155.42444528397), 0.029382944107055664), (np.float64(4106.698925556616), 0.09937000274658203), (np.float64(45422.233904365115), 0.10086703300476074), (np.float64(44793.781118998886), 0.10478711128234863), (np.float64(22425.847362398657), 0.10876822471618652), (np.float64(4106.698925556616), 0.11214208602905273), (np.float64(3971.652616061063), 0.12252163887023926), (np.float64(2675.7717283880875), 1.5301532745361328), (np.float64(45422.233904365115), 1.531628131866455), (np.float64(22425.847362398657), 1.5357542037963867), (np.float64(4106.698925556616), 1.5432970523834229), (np.float64(2675.7717283880875), 1.553013801574707), (np.float64(2194.00725758889), 2.88694429397583)]
uncertainty:
{'ate': np.float64(7939.072742475735), 'se': np.float64(36197.64350825615), 'ci': (np.float64(-63017.02732975311), np.float64(78895.17281470458)), 'significant': np.False_}
checked:
218
