Starting EXP34.2, type=probe_probs_no_restart, run 1/3
Job 68227889, task 57
loaded cached data
loaded cached data
loaded cached data
loaded cached data
loaded cached data
loaded cached data
START ATE IS: 8774.433204825878
***
FINISHED
ATE before: 8774.433204825878
ATE now is: 16511.155156943943
sequence is: (('IQR', 'education'), ('norm_min_max', 'Age'), ('isolationForest', 'Age'), ('norm_log', 'education'))
***
Execution time: 8690.711 sec
distances from ATE (with time):
[(np.float64(7725.566795174122), 0), (np.float64(7661.720210799183), 6.620898485183716), (np.float64(6162.798039439511), 8.31578803062439), (np.float64(1316.1529429670209), 44.3795268535614), (np.float64(1316.1529429651928), 242.95804905891418), (np.float64(1300.7174223066286), 513.8417348861694), (np.float64(289.2108253939732), 938.1259987354279), (np.float64(289.21082539373674), 3133.666261911392), (np.float64(289.210825376942), 3146.912533044815), (np.float64(257.1481767874229), 6044.746781587601), (np.float64(11.155156943943439), 8690.710729598999)]
probability of this sequence is: 2.0990578114172955e-07
uncertainty:
{'ate': np.float64(16511.155156926732), 'se': np.float64(316.8291332919465), 'ci': (np.float64(15890.18066451981), np.float64(17132.129649333652)), 'significant': np.True_}
checked:
2286
