Starting EXP31.33, type=probe, run 3/3
Job 68240030, task 272
loaded cached data
loaded cached data
loaded cached data
loaded cached data
loaded cached data
loaded cached data
START ATE IS: 0.06207650794018529
PROBE TRIGGERED! Error reduced from inf to 0.122 (ATE went to 0.06223906856139777).
PROBE TRIGGERED! Error reduced from 0.122 to 0.063 (ATE went to 0.002503137628181075).
***
FINISHED
ATE before: 0.06207650794018529
ATE now is: -0.005048376988025298
sequence is: (('bin_equal_frequency_2', 'wt'), ('norm_log', 'gestat10'))
***
Execution time: 17.227 sec
distances from ATE (with time):
[(np.float64(0.12207650794018529), 0), (np.float64(0.12207650794018529), 0.028605222702026367), (np.float64(0.12204367720027351), 0.12040424346923828), (np.float64(0.12200147203276022), 0.25694894790649414), (np.float64(0.06250313762818108), 0.3783109188079834), (np.float64(0.12207650794018529), 0.38382887840270996), (np.float64(0.06250313762818108), 0.41104578971862793), (np.float64(0.06246303863697174), 13.144402742385864), (np.float64(0.06245888923262535), 13.476459264755249), (np.float64(0.06245086133137812), 13.569541454315186), (np.float64(0.06216130259080094), 17.171628952026367), (np.float64(0.0549516230119747), 17.226603269577026)]
uncertainty:
{'ate': np.float64(-0.005048377009627819), 'se': np.float64(0.006603372268315587), 'ci': (np.float64(-0.01799237961482892), np.float64(0.00789562559557328)), 'significant': np.False_}
checked:
854
