Starting EXP31.24, type=probe, run 1/3
Job 68239960, task 243
loaded cached data
loaded cached data
loaded cached data
loaded cached data
loaded cached data
loaded cached data
START ATE IS: -0.024663862667710562
***
FINISHED
ATE before: -0.024663862667710562
ATE now is: -0.024663862667710562
sequence is: (('bin_equal_frequency_2', 'herpes'),)
***
Execution time: 0.005 sec
distances from ATE (with time):
[(np.float64(0.035336137332289436), 0)]
uncertainty:
{'ate': np.float64(-0.024663862704477013), 'se': np.float64(0.006690064070286023), 'ci': (np.float64(-0.0377777979823415), np.float64(-0.011549927426612525)), 'significant': np.True_}
checked:
1
