Starting EXP30.1, type=probe_probs_with_restart, run 1/3
Job 68238611, task 105
loaded cached data
loaded cached data
loaded cached data
loaded cached data
loaded cached data
loaded cached data
START ATE IS: 9139.791930967831
PROBE TRIGGERED! Error reduced from inf to 9634.208 (ATE went to 9139.791930967163).
PROBE TRIGGERED! Error reduced from 9634.208 to 8089.397 (ATE went to 10684.60274404532).
PROBE TRIGGERED! Error reduced from 8089.397 to 3602.421 (ATE went to 15171.578761584506).
PROBE TRIGGERED! Error reduced from 3602.421 to 1844.866 (ATE went to 16929.133661350592).
PROBE TRIGGERED! Error reduced from 1844.866 to 1152.662 (ATE went to 17621.338204262374).
***
FINISHED
ATE before: 9139.791930967831
ATE now is: 18638.054517939283
sequence is: (('IQR', 'education'), ('isolationForest', 'Age'), ('bin_equal_width_5', 'education'), ('norm_log', 'education'))
***
Execution time: 426.532 sec
distances from ATE (with time):
[(np.float64(9634.208069032169), 0), (np.float64(9634.208069032169), 0.044499874114990234), (np.float64(9634.208069031833), 0.15417003631591797), (np.float64(9563.468799095872), 0.7418782711029053), (np.float64(8089.39725595468), 0.8037240505218506), (np.float64(9634.208069032169), 0.8144428730010986), (np.float64(8089.39725595468), 0.8769755363464355), (np.float64(8089.397255954318), 1.111835241317749), (np.float64(8089.3972559543145), 1.985539436340332), (np.float64(8089.397255953618), 2.0595507621765137), (np.float64(8062.794224242261), 2.3275914192199707), (np.float64(3602.4212384154944), 4.139374256134033), (np.float64(9634.208069032169), 4.144104957580566), (np.float64(8089.39725595468), 4.200714349746704), (np.float64(3602.4212384154944), 5.123381853103638), (np.float64(3602.421238415316), 6.1538660526275635), (np.float64(3602.4212384152943), 7.1992011070251465), (np.float64(3519.45938787906), 8.053860425949097), (np.float64(3337.9543802087937), 16.663713932037354), (np.float64(1844.8663386494081), 47.26659297943115), (np.float64(9634.208069032169), 47.27050065994263), (np.float64(3602.4212384154944), 48.1261510848999), (np.float64(3602.421238415316), 49.06377983093262), (np.float64(3337.9543802088556), 50.07223892211914), (np.float64(1844.8663386494081), 53.50755715370178), (np.float64(1844.8663386492299), 62.55903911590576), (np.float64(1152.6617957376257), 106.66552710533142), (np.float64(9634.208069032169), 106.66922616958618), (np.float64(8089.39725595468), 106.71866607666016), (np.float64(3602.4212384154944), 107.60963225364685), (np.float64(3602.421238415316), 108.51602220535278), (np.float64(3602.4212384152943), 109.43753552436829), (np.float64(3519.45938787906), 110.29277300834656), (np.float64(1844.8663386494081), 111.15467023849487), (np.float64(1844.8663386492299), 112.86440539360046), (np.float64(1570.062570420967), 115.60491871833801), (np.float64(1152.6617957376257), 128.48490405082703), (np.float64(135.94548206071704), 426.53163981437683)]
(REAL, NOT adjusted by restarts)probability of this sequence is: 2.358491922940781e-09
probability of this sequence is: 1.698284411306947e-05
uncertainty:
{'ate': np.float64(18638.054517939352), 'se': np.float64(1446.4923451875868), 'ci': (np.float64(15802.907321958442), np.float64(21473.20171392026)), 'significant': np.True_}
checked:
1301
