Starting EXP33.5, type=probe, run 2/3
Job 68227860, task 37
loaded cached data
loaded cached data
loaded cached data
loaded cached data
loaded cached data
loaded cached data
START ATE IS: 0.06132348745294095
PROBE TRIGGERED! Error reduced from inf to 0.121 (ATE went to 0.06133003434352487).
PROBE TRIGGERED! Error reduced from 0.121 to 0.062 (ATE went to 0.0019593823287619772).
***
FINISHED
ATE before: 0.06132348745294095
ATE now is: -0.005384345665947345
sequence is: (('bin_equal_frequency_2', 'wt'), ('norm_log', 'gestat10'))
***
Execution time: 148.711 sec
distances from ATE (with time):
[(np.float64(0.12132348745294094), 0), (np.float64(0.12132348745294094), 0.266040563583374), (np.float64(0.12131956651075296), 1.1732439994812012), (np.float64(0.12130306780237948), 3.9900801181793213), (np.float64(0.12129993187371066), 4.17086935043335), (np.float64(0.12129361859116941), 4.369315147399902), (np.float64(0.12128751533409433), 4.534628868103027), (np.float64(0.12128213256326448), 4.739641427993774), (np.float64(0.061959382328761976), 5.146774768829346), (np.float64(0.12132348745294094), 5.165543079376221), (np.float64(0.061959382328761976), 5.584980010986328), (np.float64(0.061953924978689914), 99.42438411712646), (np.float64(0.0619522965317763), 99.65774321556091), (np.float64(0.06192110569483997), 100.18686842918396), (np.float64(0.06192097987279343), 100.63308262825012), (np.float64(0.061883084490775196), 103.07780170440674), (np.float64(0.05461565433405265), 148.7108154296875)]
uncertainty:
{'ate': np.float64(-0.00538434534415734), 'se': np.float64(0.002931613809913873), 'ci': (np.float64(-0.011130347246528019), np.float64(0.00036165655821333853)), 'significant': np.False_}
checked:
1315
