Starting EXP33.4, type=probe, run 1/3
Job 68241893, task 369
loaded cached data
loaded cached data
loaded cached data
loaded cached data
loaded cached data
loaded cached data
START ATE IS: 0.061323487541597756
PROBE TRIGGERED! Error reduced from inf to 0.121 (ATE went to 0.06133003431090353).
PROBE TRIGGERED! Error reduced from 0.121 to 0.062 (ATE went to 0.0019593816858298027).
***
FINISHED
ATE before: 0.061323487541597756
ATE now is: -0.005384345357617536
sequence is: (('bin_equal_frequency_2', 'wt'), ('norm_log', 'gestat10'))
***
Execution time: 99.338 sec
distances from ATE (with time):
[(np.float64(0.12132348754159775), 0), (np.float64(0.12132348754159775), 0.19777774810791016), (np.float64(0.12131956678473377), 0.8844153881072998), (np.float64(0.12130306780023714), 3.0260236263275146), (np.float64(0.12129993140855408), 3.101961135864258), (np.float64(0.12129361813537314), 3.180610418319702), (np.float64(0.12128751563459819), 3.295647382736206), (np.float64(0.1212821327781353), 3.3558788299560547), (np.float64(0.061959381685829804), 3.4921820163726807), (np.float64(0.12132348754159775), 3.5070865154266357), (np.float64(0.061959381685829804), 3.644852876663208), (np.float64(0.06195392450596442), 68.04202508926392), (np.float64(0.06195229626265327), 68.18076205253601), (np.float64(0.061921105748304346), 68.50304889678955), (np.float64(0.06192098031541893), 68.76235437393188), (np.float64(0.061883084545031594), 70.2629542350769), (np.float64(0.05461565464238246), 99.33742475509644)]
uncertainty:
{'ate': np.float64(-0.005384345342846195), 'se': np.float64(0.0032780948826050143), 'ci': (np.float64(-0.0118094951660255), np.float64(0.0010408044803331112)), 'significant': np.False_}
checked:
1315
