Starting EXP30.7, type=probe_probs_no_restart, run 2/3
Job 68225872, task 157
loaded cached data
loaded cached data
loaded cached data
loaded cached data
loaded cached data
loaded cached data
START ATE IS: 8646.332201737545
***
FINISHED
ATE before: 8646.332201737545
ATE now is: 16507.87463246469
sequence is: (('norm_log', 'education'), ('zscore_clip_3', 'education'), ('isolationForest', 'Age'))
***
Execution time: 2152.737 sec
distances from ATE (with time):
[(np.float64(7853.667798262455), 0), (np.float64(7853.667798262155), 0.720355749130249), (np.float64(7853.667798258799), 0.9845070838928223), (np.float64(7853.6677982536), 1.2416260242462158), (np.float64(7783.845185585145), 2.0395305156707764), (np.float64(6281.908838752621), 2.5289499759674072), (np.float64(1685.8665764813613), 12.330185174942017), (np.float64(1685.866576480952), 68.00163674354553), (np.float64(1476.6700868350654), 165.06377863883972), (np.float64(1403.0764478765086), 475.2049443721771), (np.float64(458.8226326552267), 526.7905128002167), (np.float64(345.0719857255881), 1160.6669199466705), (np.float64(234.6563157460514), 1703.931982755661), (np.float64(179.38727710882267), 1849.9486989974976), (np.float64(7.874632464689057), 2152.7365725040436)]
probability of this sequence is: 7.264155122657606e-07
uncertainty:
{'ate': np.float64(16507.87463243014), 'se': np.float64(538.5629206561351), 'ci': (np.float64(15452.30692093992), np.float64(17563.44234392036)), 'significant': np.True_}
checked:
1839
