Starting EXP36.2, type=probe, run 3/3
Job 68242910, task 452
loaded cached data
loaded cached data
loaded cached data
loaded cached data
loaded cached data
loaded cached data
START ATE IS: -12983.763154005741
***
FINISHED
ATE before: -12983.763154005741
ATE now is: 8222.95311168343
sequence is: (('bin_equal_frequency_2', 'bathrooms'),)
***
Execution time: 0.003 sec
distances from ATE (with time):
[(np.float64(23116.843154005743), 0), (np.float64(1910.1268883165703), 0.0028924942016601562)]
uncertainty:
{'ate': np.float64(8222.953112860145), 'se': np.float64(57344.97838896139), 'ci': (np.float64(-104251.26468503222), np.float64(120697.17091075252)), 'significant': np.False_}
checked:
1
