Starting EXP30.9, type=probe_probs_no_restart, run 3/3
Job 68225891, task 176
loaded cached data
loaded cached data
loaded cached data
loaded cached data
loaded cached data
loaded cached data
START ATE IS: 8760.333949581764
***
FINISHED
ATE before: 8760.333949581764
ATE now is: 16405.45708833038
sequence is: (('bin_equal_frequency_5', 'education'), ('isolationForest', 'Age'))
***
Execution time: 829.800 sec
distances from ATE (with time):
[(np.float64(7739.666050418236), 0), (np.float64(7739.6660504142055), 0.2964611053466797), (np.float64(7739.666050412479), 1.1658272743225098), (np.float64(7675.911940295551), 3.3697264194488525), (np.float64(6181.334982931598), 4.229506492614746), (np.float64(1504.6189003649943), 21.62759494781494), (np.float64(1504.6189003627278), 110.30963683128357), (np.float64(1504.6189003616073), 279.79819226264954), (np.float64(750.4514471382154), 422.1039855480194), (np.float64(94.54291166962139), 829.7989547252655)]
probability of this sequence is: 1.398349861111589e-05
uncertainty:
{'ate': np.float64(16405.457088332805), 'se': np.float64(498.9763746312222), 'ci': (np.float64(15427.477631142605), np.float64(17383.436545523007)), 'significant': np.True_}
checked:
789
