Starting EXP30.5, type=probe_probs_with_restart, run 3/3
Job 68225858, task 143
loaded cached data
loaded cached data
loaded cached data
loaded cached data
loaded cached data
loaded cached data
START ATE IS: 8772.340252751586
PROBE TRIGGERED! Error reduced from inf to 7727.660 (ATE went to 8772.340252751044).
PROBE TRIGGERED! Error reduced from 7727.660 to 6166.617 (ATE went to 10333.383471678122).
PROBE TRIGGERED! Error reduced from 6166.617 to 1830.704 (ATE went to 14669.29582750103).
PROBE TRIGGERED! Error reduced from 1830.704 to 1588.122 (ATE went to 14911.878234265905).
PROBE TRIGGERED! Error reduced from 1588.122 to 1347.644 (ATE went to 15152.355627990924).
PROBE TRIGGERED! Error reduced from 1347.644 to 1104.715 (ATE went to 15395.285452829907).
PROBE TRIGGERED! Error reduced from 1104.715 to 546.548 (ATE went to 15953.451714871991).
PROBE TRIGGERED! Error reduced from 546.548 to 145.472 (ATE went to 16354.527932643266).
***
FINISHED
ATE before: 8772.340252751586
ATE now is: 16571.393598144572
sequence is: (('IQR', 'education'), ('norm_log', 'Age'), ('isolationForest', 'Age'), ('norm_log', 'education'))
***
Execution time: 751.185 sec
distances from ATE (with time):
[(np.float64(7727.659747248414), 0), (np.float64(7727.659747248414), 0.21711468696594238), (np.float64(7727.659747246877), 1.1531014442443848), (np.float64(7727.659747245991), 2.3078064918518066), (np.float64(7664.223526538843), 3.8864753246307373), (np.float64(6166.616528321878), 4.224483966827393), (np.float64(7727.659747248414), 4.277963161468506), (np.float64(6166.616528321878), 4.630638837814331), (np.float64(6166.6165283216305), 5.8814897537231445), (np.float64(6166.616528320819), 10.657542705535889), (np.float64(6166.616528319239), 11.045329809188843), (np.float64(6152.634746099828), 12.525954008102417), (np.float64(1830.7041724989704), 19.936991691589355), (np.float64(7727.659747248414), 19.956209659576416), (np.float64(6166.616528321878), 20.29059100151062), (np.float64(1830.7041724989704), 23.974921941757202), (np.float64(1830.7041724987266), 45.05992269515991), (np.float64(1830.7041724886585), 48.709155559539795), (np.float64(1588.1217657340949), 75.92574787139893), (np.float64(7727.659747248414), 75.9478075504303), (np.float64(6166.616528321878), 76.28899192810059), (np.float64(1830.7041724989704), 80.02494764328003), (np.float64(1588.1217657340949), 100.01986813545227), (np.float64(1588.1217657337347), 103.64459228515625), (np.float64(1347.6443720090756), 195.9024543762207), (np.float64(7727.659747248414), 195.92194199562073), (np.float64(6166.616528321878), 196.21241402626038), (np.float64(1830.7041724989704), 199.76959466934204), (np.float64(1347.6443720090756), 218.37924194335938), (np.float64(1104.7145471700933), 244.52465677261353), (np.float64(7727.659747248414), 244.5442385673523), (np.float64(1830.7041724989704), 248.15645503997803), (np.float64(1588.121765732507), 255.74860763549805), (np.float64(1347.6443720090756), 259.3658392429352), (np.float64(1124.1405391791286), 282.02784848213196), (np.float64(546.5482851280085), 591.5471704006195), (np.float64(7727.659747248414), 591.5660314559937), (np.float64(1830.7041724989704), 595.340432882309), (np.float64(1588.121765732507), 603.3843095302582), (np.float64(1347.6443720090756), 607.362868309021), (np.float64(546.5482851280085), 626.4140341281891), (np.float64(538.8483614773668), 650.9954781532288), (np.float64(145.47206735673353), 662.4612243175507), (np.float64(7727.659747248414), 662.4813888072968), (np.float64(1830.7041724989704), 666.2305591106415), (np.float64(1588.121765732507), 674.3387200832367), (np.float64(1347.6443720090756), 681.8845338821411), (np.float64(546.5482851280085), 689.2920126914978), (np.float64(538.8483614773668), 708.8687252998352), (np.float64(145.47206735673353), 716.6075098514557), (np.float64(71.39359814457202), 751.1847078800201)]
(REAL, NOT adjusted by restarts)probability of this sequence is: 8.254721730292733e-08
probability of this sequence is: 0.03123402381428121
uncertainty:
{'ate': np.float64(16571.393598126924), 'se': np.float64(596.5252260875017), 'ci': (np.float64(15402.219441045918), np.float64(17740.567755207932)), 'significant': np.True_}
checked:
518
