Starting EXP30.6, type=probe_probs_with_restart, run 1/3
Job 68239825, task 150
loaded cached data
loaded cached data
loaded cached data
loaded cached data
loaded cached data
loaded cached data
START ATE IS: 8690.906410154244
PROBE TRIGGERED! Error reduced from inf to 10083.094 (ATE went to 8690.906410155303).
PROBE TRIGGERED! Error reduced from 10083.094 to 8496.713 (ATE went to 10277.287479612487).
PROBE TRIGGERED! Error reduced from 8496.713 to 3613.583 (ATE went to 15160.417294565266).
PROBE TRIGGERED! Error reduced from 3613.583 to 2798.420 (ATE went to 15975.580128463327).
PROBE TRIGGERED! Error reduced from 2798.420 to 2488.984 (ATE went to 16285.01573455856).
PROBE TRIGGERED! Error reduced from 2488.984 to 1977.430 (ATE went to 16796.569723780623).
PROBE TRIGGERED! Error reduced from 1977.430 to 1698.876 (ATE went to 17075.123881200187).
***
FINISHED
ATE before: 8690.906410154244
ATE now is: 18163.417206155387
sequence is: (('norm_log', 'education'), ('bin_equal_width_5', 'education'), ('isolationForest', 'Age'))
***
Execution time: 2891.996 sec
distances from ATE (with time):
[(np.float64(10083.093589845756), 0), (np.float64(10083.093589844697), 0.13956975936889648), (np.float64(10083.093589845756), 0.20167136192321777), (np.float64(10083.093589844697), 0.4064292907714844), (np.float64(10083.093589840018), 1.3667387962341309), (np.float64(10083.093589839598), 2.5573689937591553), (np.float64(10018.976058105905), 4.170832633972168), (np.float64(8496.712520387513), 4.5352678298950195), (np.float64(10083.093589845756), 4.594267845153809), (np.float64(10083.093589844697), 4.797124862670898), (np.float64(8496.712520387513), 4.981642246246338), (np.float64(8496.712520382374), 11.797625303268433), (np.float64(8483.918134912292), 13.16829538345337), (np.float64(3613.5827054347337), 21.041743755340576), (np.float64(10083.093589845756), 21.063111305236816), (np.float64(10083.093589844697), 21.233023166656494), (np.float64(8496.712520387513), 21.408833265304565), (np.float64(3613.5827054347337), 25.496840238571167), (np.float64(3613.582705434299), 48.24179553985596), (np.float64(3613.582705415287), 52.13942885398865), (np.float64(3321.036365520087), 80.9914186000824), (np.float64(2798.419871536673), 225.2403802871704), (np.float64(10083.093589845756), 225.25949907302856), (np.float64(3613.5827054347337), 229.1784029006958), (np.float64(3321.0363655196743), 238.50252437591553), (np.float64(2798.419871536673), 254.02084350585938), (np.float64(2798.41987153636), 295.8451726436615), (np.float64(2488.9842654414406), 500.63640546798706), (np.float64(10083.093589845756), 500.655464887619), (np.float64(10083.093589844697), 500.8287925720215), (np.float64(8496.712520387513), 501.00157713890076), (np.float64(3613.5827054347337), 505.10571694374084), (np.float64(2798.419871536673), 521.4070298671722), (np.float64(2798.41987153636), 529.1217470169067), (np.float64(2564.6321311638712), 542.0038402080536), (np.float64(2564.632131162907), 559.9264545440674), (np.float64(2488.9842654414406), 597.3391621112823), (np.float64(2392.675460875329), 601.1971826553345), (np.float64(2240.74404640176), 818.0310020446777), (np.float64(1977.4302762193765), 994.0382704734802), (np.float64(10083.093589845756), 994.0573709011078), (np.float64(3613.5827054347337), 997.9782030582428), (np.float64(3321.0363655196743), 1002.5508003234863), (np.float64(2798.419871536673), 1014.1656723022461), (np.float64(2488.984265440842), 1035.293890953064), (np.float64(2392.675460875591), 1039.0938289165497), (np.float64(2240.74404640176), 1086.59987449646), (np.float64(1698.8761187998134), 1176.322478055954), (np.float64(10083.093589845756), 1176.3407273292542), (np.float64(8496.712520387513), 1176.5018043518066), (np.float64(3613.5827054347337), 1180.6106448173523), (np.float64(3321.0363655196743), 1184.8669264316559), (np.float64(2798.419871536673), 1196.648989200592), (np.float64(2488.984265440842), 1209.3292832374573), (np.float64(2392.675460875591), 1213.1337778568268), (np.float64(2240.74404640176), 1241.5209515094757), (np.float64(1698.8761187998134), 1276.9884026050568), (np.float64(1698.8761187919627), 1947.29514670372), (np.float64(1698.876118791959), 1962.6688487529755), (np.float64(610.5827938446128), 2891.9952948093414)]
(REAL, NOT adjusted by restarts)probability of this sequence is: 1.8160387806644015e-07
probability of this sequence is: 7.342749196304577e-05
uncertainty:
{'ate': np.float64(18163.417206151116), 'se': np.float64(504.70254188506914), 'ci': (np.float64(17174.214640527796), np.float64(19152.619771774436)), 'significant': np.True_}
checked:
1766
