Starting EXP29.1, type=probe, run 2/3
Job 68225150, task 19
loaded cached data
loaded cached data
loaded cached data
loaded cached data
loaded cached data
loaded cached data
START ATE IS: 0.05623125313833907
PROBE TRIGGERED! Error reduced from inf to 0.117 (ATE went to 0.057363778003969475).
PROBE TRIGGERED! Error reduced from 0.117 to 0.067 (ATE went to 0.007002340538904832).
***
FINISHED
ATE before: 0.05623125313833907
ATE now is: -3.33137837520054e-05
sequence is: (('bin_equal_frequency_2', 'wt'), ('norm_log', 'gestat10'))
***
Execution time: 14.735 sec
distances from ATE (with time):
[(np.float64(0.11623125313833907), 0), (np.float64(0.11623125313833907), 0.022369861602783203), (np.float64(0.11521062888063871), 0.12401437759399414), (np.float64(0.06700234053890483), 0.3492553234100342), (np.float64(0.11623125313833907), 0.3529207706451416), (np.float64(0.06700234053890483), 0.36820268630981445), (np.float64(0.06660262881706362), 11.874746084213257), (np.float64(0.06611091776867967), 11.889132022857666), (np.float64(0.06599219811575309), 11.930351734161377), (np.float64(0.06555600726870703), 11.99068832397461), (np.float64(0.06546364355635433), 12.230303525924683), (np.float64(0.05996668621624799), 14.734842300415039)]
uncertainty:
{'ate': np.float64(-3.331716915171753e-05), 'se': np.float64(0.02077465612813271), 'ci': (np.float64(-0.040805004047454234), np.float64(0.0407383697091508)), 'significant': np.False_}
checked:
1303
