Starting EXP31.21, type=probe, run 1/3
Job 68225949, task 234
loaded cached data
loaded cached data
loaded cached data
loaded cached data
loaded cached data
loaded cached data
START ATE IS: -0.02466386312846071
***
FINISHED
ATE before: -0.02466386312846071
ATE now is: -0.02466386312846071
sequence is: (('bin_equal_frequency_2', 'birattnd'),)
***
Execution time: 0.006 sec
distances from ATE (with time):
[(np.float64(0.03533613687153929), 0)]
uncertainty:
{'ate': np.float64(-0.024663863137474207), 'se': np.float64(0.007220244583273887), 'ci': (np.float64(-0.03881706338236488), np.float64(-0.010510662892583534)), 'significant': np.True_}
checked:
1
