Starting EXP29.6, type=probe_probs_with_restart, run 3/3
Job 68238553, task 71
loaded cached data
loaded cached data
loaded cached data
loaded cached data
loaded cached data
loaded cached data
START ATE IS: 0.061819338966527936
PROBE TRIGGERED! Error reduced from inf to 0.122 (ATE went to 0.06181933900098115).
PROBE TRIGGERED! Error reduced from 0.122 to 0.095 (ATE went to 0.03524070488430605).
PROBE TRIGGERED! Error reduced from 0.095 to 0.085 (ATE went to 0.02524514930608102).
***
FINISHED
ATE before: 0.061819338966527936
ATE now is: -0.0008030967753697001
sequence is: (('bin_equal_frequency_2', 'wt'),)
***
Execution time: 13208.927 sec
distances from ATE (with time):
[(np.float64(0.12181933896652794), 0), (np.float64(0.12181933896652794), 0.017418622970581055), (np.float64(0.12181933896115174), 0.08197832107543945), (np.float64(0.12181933888164931), 0.0980992317199707), (np.float64(0.12181933883272245), 0.13015437126159668), (np.float64(0.12181754682553225), 0.9715750217437744), (np.float64(0.12181746794605769), 1.0038971900939941), (np.float64(0.12176852852621176), 1.0362699031829834), (np.float64(0.11738662472056645), 1.1011345386505127), (np.float64(0.09524070488430605), 14.007404088973999), (np.float64(0.12181933896652794), 14.011850833892822), (np.float64(0.09524070488430605), 14.026497602462769), (np.float64(0.09524070471504911), 14.054213285446167), (np.float64(0.09524070471164492), 16.1613450050354), (np.float64(0.09520473127169012), 27.48177194595337), (np.float64(0.08524514930608101), 27.543638467788696), (np.float64(0.12181933896652794), 27.54814577102661), (np.float64(0.09524070488430605), 27.562649965286255), (np.float64(0.09524070471504911), 27.604167461395264), (np.float64(0.08524514930608101), 27.620455503463745), (np.float64(0.08296337004740086), 49.8752076625824), (np.float64(0.08283161786986207), 85.16205549240112), (np.float64(0.07701585967621731), 85.31955575942993), (np.float64(0.07701585923186804), 168.58567070960999), (np.float64(0.07701395619157905), 1248.7593421936035), (np.float64(0.07693899570907035), 1248.9352014064789), (np.float64(0.07685895548382045), 1249.512475013733), (np.float64(0.07682269042765491), 1463.7236676216125), (np.float64(0.07682269006385259), 2800.977017402649), (np.float64(0.059196903224630296), 13208.926471233368)]
(REAL, NOT adjusted by restarts)probability of this sequence is: 1.9607843137254904e-12
probability of this sequence is: 1.0039215686274514e-12
uncertainty:
{'ate': np.float64(-0.0008030971290760702), 'se': np.float64(0.008590935082382962), 'ci': (np.float64(-0.01764457670512113), np.float64(0.016038382446968993)), 'significant': np.False_}
checked:
570184
