Starting EXP29.8, type=probe, run 3/3
Job 68238575, task 83
loaded cached data
loaded cached data
loaded cached data
loaded cached data
loaded cached data
loaded cached data
START ATE IS: 0.06447281761919703
PROBE TRIGGERED! Error reduced from inf to 0.124 (ATE went to 0.06440371703863623).
PROBE TRIGGERED! Error reduced from 0.124 to 0.064 (ATE went to 0.004031133942499143).
***
FINISHED
ATE before: 0.06447281761919703
ATE now is: -0.003749233570699153
sequence is: (('bin_equal_frequency_2', 'wt'), ('norm_log', 'gestat10'))
***
Execution time: 27.534 sec
distances from ATE (with time):
[(np.float64(0.12447281761919703), 0), (np.float64(0.12440371703863623), 0.04131197929382324), (np.float64(0.12447281761919703), 0.04723381996154785), (np.float64(0.12440371703863623), 0.06351375579833984), (np.float64(0.06403113394249914), 0.7830748558044434), (np.float64(0.12447281761919703), 0.7890956401824951), (np.float64(0.12440371703863623), 0.8051989078521729), (np.float64(0.06403113394249914), 0.8207743167877197), (np.float64(0.06395335243123776), 0.841350793838501), (np.float64(0.06386428036640833), 21.260902643203735), (np.float64(0.056250766429300846), 27.53365683555603)]
uncertainty:
{'ate': np.float64(-0.0037492341582787145), 'se': np.float64(0.007370100519407011), 'ci': (np.float64(-0.01819664828582229), np.float64(0.010698179969264858)), 'significant': np.False_}
checked:
1313
