Starting EXP30.8, type=probe_probs_no_restart, run 1/3
Job 68225880, task 165
loaded cached data
loaded cached data
loaded cached data
loaded cached data
loaded cached data
loaded cached data
START ATE IS: 8783.381786919466
***
FINISHED
ATE before: 8783.381786919466
ATE now is: 16441.864901780253
sequence is: (('IQR', 'education'), ('norm_min_max', 'Age'), ('isolationForest', 'Age'), ('norm_log', 'education'))
***
Execution time: 3225.249 sec
distances from ATE (with time):
[(np.float64(7716.618213080534), 0), (np.float64(7716.618213077558), 0.40143704414367676), (np.float64(7716.618213071792), 2.997791051864624), (np.float64(7654.829957147034), 4.036834716796875), (np.float64(6153.936527647995), 4.88890814781189), (np.float64(1881.5757006656459), 21.264304876327515), (np.float64(1881.575700661855), 253.56612300872803), (np.float64(302.7344683466963), 362.44854259490967), (np.float64(164.43530854348865), 676.9051144123077), (np.float64(164.43530854241544), 1568.237982749939), (np.float64(106.36321895116271), 2220.3259992599487), (np.float64(58.135098219747306), 3225.248504638672)]
probability of this sequence is: 2.0990578114172955e-07
uncertainty:
{'ate': np.float64(16441.864901749075), 'se': np.float64(485.394744528508), 'ci': (np.float64(15490.505584096976), np.float64(17393.224219401174)), 'significant': np.True_}
checked:
2286
