Starting EXP29.8, type=probe, run 1/3
Job 68238573, task 81
loaded cached data
loaded cached data
loaded cached data
loaded cached data
loaded cached data
loaded cached data
START ATE IS: 0.06521598036934394
PROBE TRIGGERED! Error reduced from inf to 0.125 (ATE went to 0.06523338841260391).
PROBE TRIGGERED! Error reduced from 0.125 to 0.066 (ATE went to 0.0057431896395085755).
***
FINISHED
ATE before: 0.06521598036934394
ATE now is: -0.0016598517355864123
sequence is: (('bin_equal_frequency_2', 'wt'), ('norm_log', 'gestat10'))
***
Execution time: 27.580 sec
distances from ATE (with time):
[(np.float64(0.12521598036934395), 0), (np.float64(0.12521598036934395), 0.0470731258392334), (np.float64(0.1252157600496504), 0.16977214813232422), (np.float64(0.12520487254492918), 0.19922780990600586), (np.float64(0.12511701793802174), 0.2745068073272705), (np.float64(0.06574318963950858), 0.7897918224334717), (np.float64(0.12521598036934395), 0.796128511428833), (np.float64(0.06574318963950858), 0.8280823230743408), (np.float64(0.06573959969462867), 20.852213144302368), (np.float64(0.06572552422176622), 20.867496013641357), (np.float64(0.06564307756314161), 20.882866859436035), (np.float64(0.05834014826441358), 27.579757690429688)]
uncertainty:
{'ate': np.float64(-0.0016598517678198437), 'se': np.float64(0.007371588313843802), 'ci': (np.float64(-0.0161101823796513), np.float64(0.012790478844011612)), 'significant': np.False_}
checked:
1311
