Starting EXP31.18, type=probe, run 2/3
Job 68225941, task 226
loaded cached data
loaded cached data
loaded cached data
loaded cached data
loaded cached data
loaded cached data
START ATE IS: 0.06274027753665842
PROBE TRIGGERED! Error reduced from inf to 0.132 (ATE went to 0.07232906310895029).
PROBE TRIGGERED! Error reduced from 0.132 to 0.064 (ATE went to 0.0040354909663621).
***
FINISHED
ATE before: 0.06274027753665842
ATE now is: -0.003971119614355797
sequence is: (('bin_equal_frequency_2', 'wt'), ('norm_log', 'gestat10'))
***
Execution time: 7.615 sec
distances from ATE (with time):
[(np.float64(0.12274027753665842), 0), (np.float64(0.12274027753665842), 0.02089381217956543), (np.float64(0.12266245294533339), 0.04987788200378418), (np.float64(0.0640354909663621), 0.12812328338623047), (np.float64(0.12274027753665842), 0.13092827796936035), (np.float64(0.0640354909663621), 0.15055012702941895), (np.float64(0.06397233035199656), 5.966309547424316), (np.float64(0.06395959995338955), 6.097005605697632), (np.float64(0.0560288803856442), 7.613967418670654)]
uncertainty:
{'ate': np.float64(-0.003971119614349844), 'se': np.float64(0.006625907358675909), 'ci': (np.float64(-0.016959293199095695), np.float64(0.009017053970396007)), 'significant': np.False_}
checked:
443
