Starting EXP30.8, type=probe_probs_with_restart, run 2/3
Job 68225884, task 169
loaded cached data
loaded cached data
loaded cached data
loaded cached data
loaded cached data
loaded cached data
START ATE IS: 8856.444030106333
PROBE TRIGGERED! Error reduced from inf to 7643.556 (ATE went to 8856.444030107108).
PROBE TRIGGERED! Error reduced from 7643.556 to 6082.702 (ATE went to 10417.298440393746).
PROBE TRIGGERED! Error reduced from 6082.702 to 1215.344 (ATE went to 15284.656499144834).
PROBE TRIGGERED! Error reduced from 1215.344 to 930.491 (ATE went to 15569.508973674165).
PROBE TRIGGERED! Error reduced from 930.491 to 475.173 (ATE went to 16975.173173642117).
PROBE TRIGGERED! Error reduced from 475.173 to 287.246 (ATE went to 16212.75382987411).
PROBE TRIGGERED! Error reduced from 287.246 to 124.745 (ATE went to 16375.254603682928).
***
FINISHED
ATE before: 8856.444030106333
ATE now is: 16476.428664107276
sequence is: (('norm_log', 'education'), ('isolationForest', 'Age'), ('bin_equal_width_5', 'education'), ('IQR', 'education'))
***
Execution time: 4987.797 sec
distances from ATE (with time):
[(np.float64(7643.555969893667), 0), (np.float64(7643.555969892892), 0.2854011058807373), (np.float64(7643.555969893667), 0.44672632217407227), (np.float64(7643.555969892892), 0.9069960117340088), (np.float64(7643.555969889561), 1.331282615661621), (np.float64(7643.555969889327), 3.8202099800109863), (np.float64(7578.238597616053), 8.098368883132935), (np.float64(6082.701559606254), 8.747762680053711), (np.float64(7643.555969893667), 8.873711347579956), (np.float64(7643.555969892892), 9.189406394958496), (np.float64(6082.701559606254), 9.49650239944458), (np.float64(6082.701559603751), 11.658947706222534), (np.float64(6082.701559601237), 20.64202356338501), (np.float64(6066.59309849754), 24.16584062576294), (np.float64(1215.343500855166), 36.951592683792114), (np.float64(7643.555969893667), 36.98725128173828), (np.float64(7643.555969892892), 37.316261768341064), (np.float64(6082.701559606254), 37.65428709983826), (np.float64(1215.343500855166), 43.65616178512573), (np.float64(1215.3435008541128), 51.96302270889282), (np.float64(1215.3435008490433), 87.31977319717407), (np.float64(1209.6070208707515), 125.45725440979004), (np.float64(930.4910263258353), 131.72916555404663), (np.float64(7643.555969893667), 131.7640929222107), (np.float64(7643.555969892892), 132.12603306770325), (np.float64(6082.701559606254), 132.45278811454773), (np.float64(1215.343500855166), 138.43734097480774), (np.float64(1215.3435008541128), 144.67257642745972), (np.float64(930.4910263258353), 170.38103532791138), (np.float64(930.4910263257079), 176.27449011802673), (np.float64(878.5303452242551), 330.68849897384644), (np.float64(475.17317364211704), 758.5579991340637), (np.float64(7643.555969893667), 758.5942893028259), (np.float64(7643.555969892892), 758.9651591777802), (np.float64(6082.701559606254), 759.3173789978027), (np.float64(1215.343500855166), 765.3863270282745), (np.float64(1215.3435008541128), 772.0231699943542), (np.float64(934.1601489888908), 791.6130027770996), (np.float64(930.4910263258353), 805.6308279037476), (np.float64(930.4910263257079), 811.7844145298004), (np.float64(475.17317364211704), 845.1869821548462), (np.float64(475.1731736417569), 897.6883101463318), (np.float64(287.2461701258908), 1474.2382636070251), (np.float64(7643.555969893667), 1474.2696657180786), (np.float64(1215.343500855166), 1480.3301680088043), (np.float64(930.4910263264755), 1487.6844701766968), (np.float64(878.5303452242551), 1530.509028673172), (np.float64(475.17317364211704), 1538.7322816848755), (np.float64(287.2461701258908), 1617.759482383728), (np.float64(287.24617012407543), 2642.9580907821655), (np.float64(287.2461701234879), 2982.4637579917908), (np.float64(287.2461701234697), 3005.924314260483), (np.float64(124.74539631707194), 4702.915982961655), (np.float64(7643.555969893667), 4702.951185941696), (np.float64(6082.701559606254), 4703.268397331238), (np.float64(1215.343500855166), 4709.190437555313), (np.float64(930.4910263264755), 4714.998188495636), (np.float64(878.5303452242551), 4777.382642745972), (np.float64(475.17317364211704), 4783.2235016822815), (np.float64(124.74539631707194), 4801.029499292374), (np.float64(23.571335892724164), 4987.795251369476)]
(REAL, NOT adjusted by restarts)probability of this sequence is: 2.3584919229407814e-09
probability of this sequence is: 0.019709348981222077
uncertainty:
{'ate': np.float64(16476.428664093102), 'se': np.float64(471.7513771259818), 'ci': (np.float64(15551.810161715315), np.float64(17401.04716647089)), 'significant': np.True_}
checked:
1775
