Starting EXP29.8, type=probe_probs_with_restart, run 2/3
Job 68238580, task 88
loaded cached data
loaded cached data
loaded cached data
loaded cached data
loaded cached data
loaded cached data
START ATE IS: 0.061037540689902
PROBE TRIGGERED! Error reduced from inf to 0.121 (ATE went to 0.06103754029126436).
PROBE TRIGGERED! Error reduced from 0.121 to 0.096 (ATE went to 0.03586202127684023).
PROBE TRIGGERED! Error reduced from 0.096 to 0.086 (ATE went to 0.025723799468503634).
PROBE TRIGGERED! Error reduced from 0.086 to 0.061 (ATE went to 0.000991719984844278).
***
FINISHED
ATE before: 0.061037540689902
ATE now is: -0.006265906712481078
sequence is: (('IQR', 'gestat10'), ('bin_equal_frequency_2', 'wt'))
***
Execution time: 13859.996 sec
distances from ATE (with time):
[(np.float64(0.121037540689902), 0), (np.float64(0.12103754029126436), 0.009080648422241211), (np.float64(0.121037540689902), 0.014359235763549805), (np.float64(0.12103754029126436), 0.027665376663208008), (np.float64(0.12094261885986057), 0.7310750484466553), (np.float64(0.11745475395137997), 0.8876118659973145), (np.float64(0.09586202127684024), 15.671703815460205), (np.float64(0.121037540689902), 15.677007675170898), (np.float64(0.09586202127684024), 15.692088603973389), (np.float64(0.09586202103542513), 15.721038341522217), (np.float64(0.0958620208336887), 17.803627729415894), (np.float64(0.09586202080243322), 17.819454669952393), (np.float64(0.09586202060732428), 17.851523399353027), (np.float64(0.09578909828866429), 31.37603497505188), (np.float64(0.09578614406258842), 31.47178554534912), (np.float64(0.0869095076380289), 31.56807804107666), (np.float64(0.08572379946850363), 36.77632975578308), (np.float64(0.121037540689902), 36.78160333633423), (np.float64(0.09586202127684024), 36.797327756881714), (np.float64(0.09586202103542513), 36.84414839744568), (np.float64(0.08897237288977985), 36.86499524116516), (np.float64(0.08572379946850363), 36.90330529212952), (np.float64(0.08572379928628682), 61.07895636558533), (np.float64(0.08572379918856018), 61.35130572319031), (np.float64(0.08518390325903129), 103.87576603889465), (np.float64(0.0832662028570658), 104.4666600227356), (np.float64(0.07998122454172671), 133.2515263557434), (np.float64(0.07998122375135881), 744.6368577480316), (np.float64(0.07997760282795757), 1041.9085576534271), (np.float64(0.0799368280072708), 1041.979242324829), (np.float64(0.07993682587961064), 7517.816468000412), (np.float64(0.060991719984844275), 13859.664647817612), (np.float64(0.121037540689902), 13859.669610977173), (np.float64(0.09586202127684024), 13859.891186952591), (np.float64(0.060991719984844275), 13859.905150413513), (np.float64(0.05373409328751892), 13859.995712280273)]
(REAL, NOT adjusted by restarts)probability of this sequence is: 3.4951592045017656e-15
probability of this sequence is: 0.032146024955565816
uncertainty:
{'ate': np.float64(-0.006265906999807358), 'se': np.float64(0.007605835059712899), 'ci': (np.float64(-0.021175563718276787), np.float64(0.00864374971866207)), 'significant': np.False_}
checked:
536952
