Starting EXP31.18, type=probe_probs_with_restart, run 3/3
Job 68225948, task 233
loaded cached data
loaded cached data
loaded cached data
loaded cached data
loaded cached data
loaded cached data
START ATE IS: -0.024891101431243616
***
FINISHED
ATE before: -0.024891101431243616
ATE now is: -0.024891101431241465
sequence is: (('norm_min_max', 'crace'),)
***
Execution time: 0.006 sec
distances from ATE (with time):
[(np.float64(0.03510889856875638), 0)]
(REAL, NOT adjusted by restarts)probability of this sequence is: 0.03210678210678211
probability of this sequence is: 0.03210678210678211
uncertainty:
{'ate': np.float64(-0.02489110143123824), 'se': np.float64(0.007166853482492052), 'ci': (np.float64(-0.038939643321152115), np.float64(-0.010842559541324365)), 'significant': np.True_}
checked:
1
