Starting EXP33.1, type=probe, run 1/3
Job 68227465, task 0
loaded cached data
loaded cached data
loaded cached data
loaded cached data
loaded cached data
loaded cached data
START ATE IS: 0.061323487827131574
PROBE TRIGGERED! Error reduced from inf to 0.121 (ATE went to 0.06133003433445259).
PROBE TRIGGERED! Error reduced from 0.121 to 0.062 (ATE went to 0.0019593815021162683).
***
FINISHED
ATE before: 0.061323487827131574
ATE now is: -0.005384345354062895
sequence is: (('bin_equal_frequency_2', 'wt'), ('norm_log', 'gestat10'))
***
Execution time: 29.270 sec
distances from ATE (with time):
[(np.float64(0.12132348782713157), 0), (np.float64(0.12132348782713157), 0.044332027435302734), (np.float64(0.12131956703434166), 0.18190336227416992), (np.float64(0.12130306779949579), 0.6228325366973877), (np.float64(0.12129993163702574), 0.6375303268432617), (np.float64(0.12129361786829963), 0.652001142501831), (np.float64(0.12128751566471117), 0.6786441802978516), (np.float64(0.12128213185704406), 0.6925032138824463), (np.float64(0.061959381502116266), 0.7208654880523682), (np.float64(0.12132348782713157), 0.7259521484375), (np.float64(0.061959381502116266), 0.7547359466552734), (np.float64(0.061953924508620035), 21.557225465774536), (np.float64(0.061952296050523596), 21.591810941696167), (np.float64(0.06192110575018659), 21.679728746414185), (np.float64(0.061920980318480354), 21.751466512680054), (np.float64(0.06188308460731291), 22.13353443145752), (np.float64(0.0546156546459371), 29.269587755203247)]
uncertainty:
{'ate': np.float64(-0.00538434534380515), 'se': np.float64(0.006569764643922853), 'ci': (np.float64(-0.018262472961803805), np.float64(0.007493782274193504)), 'significant': np.False_}
checked:
1315
