Starting EXP32.6, type=probe, run 3/3
Job 68241817, task 335
loaded cached data
loaded cached data
loaded cached data
loaded cached data
loaded cached data
loaded cached data
START ATE IS: 9708.109356967983
PROBE TRIGGERED! Error reduced from inf to 9587.204 (ATE went to 9186.795694541743).
PROBE TRIGGERED! Error reduced from 9587.204 to 6313.246 (ATE went to 12460.75435802301).
PROBE TRIGGERED! Error reduced from 6313.246 to 1825.733 (ATE went to 16948.267035563276).
PROBE TRIGGERED! Error reduced from 1825.733 to 1351.125 (ATE went to 17422.875445307785).
***
FINISHED
ATE before: 9708.109356967983
ATE now is: 18771.514559867894
sequence is: (('bin_equal_frequency_5', 'education'), ('isolationForest', 'gender'))
***
Execution time: 351.982 sec
distances from ATE (with time):
[(np.float64(9065.890643032017), 0), (np.float64(9065.890643032017), 1.128286600112915), (np.float64(6313.24564197699), 8.493453979492188), (np.float64(9065.890643032017), 8.595816373825073), (np.float64(6313.24564197699), 9.326792240142822), (np.float64(1825.7329644367237), 38.44824719429016), (np.float64(9065.890643032017), 38.481252908706665), (np.float64(6313.24564197699), 39.11087679862976), (np.float64(1825.7329644367237), 46.066996335983276), (np.float64(1351.1245546922146), 60.09406328201294), (np.float64(9065.890643032017), 60.12752175331116), (np.float64(6313.24564197699), 60.42932677268982), (np.float64(1825.7329644367237), 67.18815994262695), (np.float64(1351.1245546922146), 74.33207654953003), (np.float64(2.485440132106305), 351.98120069503784)]
uncertainty:
{'ate': np.float64(18771.51455986628), 'se': np.float64(574.9425824176251), 'ci': (np.float64(17644.64272474569), np.float64(19898.38639498687)), 'significant': np.True_}
checked:
277
