Starting EXP31.3, type=probe, run 2/3
Job 68239865, task 181
loaded cached data
loaded cached data
loaded cached data
loaded cached data
loaded cached data
loaded cached data
START ATE IS: -0.024891101431238107
***
FINISHED
ATE before: -0.024891101431238107
ATE now is: -0.024891101431238107
sequence is: (('bin_equal_frequency_2', 'pre4000'),)
***
Execution time: 0.003 sec
distances from ATE (with time):
[(np.float64(0.03510889856876189), 0)]
uncertainty:
{'ate': np.float64(-0.02489110143124071), 'se': np.float64(0.00739866538370047), 'ci': (np.float64(-0.039394040618271356), np.float64(-0.010388162244210063)), 'significant': np.True_}
checked:
1
