Starting EXP36.2, type=probe_probs_with_restart, run 2/3
Job 68242968, task 457
loaded cached data
loaded cached data
loaded cached data
loaded cached data
loaded cached data
loaded cached data
START ATE IS: -5314.130349256823
PROBE TRIGGERED! Error reduced from inf to 15447.210 (ATE went to -5314.130311692714).
PROBE TRIGGERED! Error reduced from 15447.210 to 13762.962 (ATE went to -3629.8823726246555).
PROBE TRIGGERED! Error reduced from 13762.962 to 5959.580 (ATE went to 4173.500218690296).
PROBE TRIGGERED! Error reduced from 5959.580 to 4601.638 (ATE went to 5531.442262439336).
***
FINISHED
ATE before: -5314.130349256823
ATE now is: 11036.231951123222
sequence is: (('bin_equal_width_5', 'grade'),)
***
Execution time: 2.883 sec
distances from ATE (with time):
[(np.float64(15447.210349256824), 0), (np.float64(15447.210311692714), 0.0011343955993652344), (np.float64(15447.210349256824), 0.002014636993408203), (np.float64(15447.210311692714), 0.0036842823028564453), (np.float64(15447.210283237186), 0.00856924057006836), (np.float64(15447.210247193201), 0.013332605361938477), (np.float64(14142.957543664348), 0.027129173278808594), (np.float64(14081.50404960145), 0.02871084213256836), (np.float64(13762.962372624655), 0.04120898246765137), (np.float64(15447.210349256824), 0.04200291633605957), (np.float64(15447.210311692714), 0.043529510498046875), (np.float64(13762.962372624655), 0.045075416564941406), (np.float64(13762.96236460906), 0.14194464683532715), (np.float64(13762.962350614558), 0.14377999305725098), (np.float64(5959.579781309704), 0.17435288429260254), (np.float64(15447.210349256824), 0.17513108253479004), (np.float64(15447.210311692714), 0.17668390274047852), (np.float64(13762.962372624655), 0.1782853603363037), (np.float64(5959.579781309704), 0.18036818504333496), (np.float64(5959.579742416099), 0.184556245803833), (np.float64(4601.6377375606635), 0.2122504711151123), (np.float64(15447.210349256824), 0.21304035186767578), (np.float64(13762.962372624655), 0.21465206146240234), (np.float64(5959.579781309704), 0.21671032905578613), (np.float64(4601.6377375606635), 0.22060251235961914), (np.float64(4601.63773219339), 0.4580385684967041), (np.float64(4601.637708162334), 0.46065378189086914), (np.float64(903.1519511232218), 2.8829994201660156)]
(REAL, NOT adjusted by restarts)probability of this sequence is: 0.00043290043290043295
probability of this sequence is: 0.00017731601731601736
uncertainty:
{'ate': np.float64(11036.231957015276), 'se': np.float64(67808.68135805584), 'ci': (np.float64(-121961.08724891474), np.float64(144033.55116294528)), 'significant': np.False_}
checked:
487
