Starting EXP31.15, type=probe, run 1/3
Job 68239900, task 216
loaded cached data
loaded cached data
loaded cached data
loaded cached data
loaded cached data
loaded cached data
START ATE IS: -0.02466386483692661
***
FINISHED
ATE before: -0.02466386483692661
ATE now is: -0.024663864836909143
sequence is: (('bin_equal_frequency_2', 'meduc6'),)
***
Execution time: 0.007 sec
distances from ATE (with time):
[(np.float64(0.03533613516307339), 0)]
uncertainty:
{'ate': np.float64(-0.024663864836923746), 'se': np.float64(0.0073432344320149435), 'ci': (np.float64(-0.03905814996252426), np.float64(-0.010269579711323229)), 'significant': np.True_}
checked:
1
