Starting EXP29.7, type=probe_probs_with_restart, run 3/3
Job 68238562, task 80
loaded cached data
loaded cached data
loaded cached data
loaded cached data
loaded cached data
loaded cached data
START ATE IS: 0.059209190554686486
PROBE TRIGGERED! Error reduced from inf to 0.119 (ATE went to 0.05920918965521796).
PROBE TRIGGERED! Error reduced from 0.119 to 0.095 (ATE went to 0.03456356875819968).
PROBE TRIGGERED! Error reduced from 0.095 to 0.085 (ATE went to 0.025084756990747876).
PROBE TRIGGERED! Error reduced from 0.085 to 0.075 (ATE went to 0.014717479792940828).
***
FINISHED
ATE before: 0.059209190554686486
ATE now is: -0.0033018872640477605
sequence is: (('bin_equal_frequency_2', 'wt'),)
***
Execution time: 9034.869 sec
distances from ATE (with time):
[(np.float64(0.11920919055468648), 0), (np.float64(0.11920918965521796), 0.012023687362670898), (np.float64(0.11920919055468648), 0.017070770263671875), (np.float64(0.11920918965521796), 0.03325510025024414), (np.float64(0.11920918853370041), 0.06493830680847168), (np.float64(0.1192091883883088), 0.7681009769439697), (np.float64(0.11920918803437877), 0.7995700836181641), (np.float64(0.11920386240240533), 0.8943536281585693), (np.float64(0.11915508478947529), 0.9102053642272949), (np.float64(0.11553398624597983), 1.087268352508545), (np.float64(0.09456356875819968), 15.979026556015015), (np.float64(0.11920919055468648), 15.984212636947632), (np.float64(0.09456356875819968), 16.00168204307556), (np.float64(0.09456356789494666), 18.55913543701172), (np.float64(0.0945635677682437), 18.731626272201538), (np.float64(0.09456356769226071), 18.954646110534668), (np.float64(0.09451181431177795), 31.927278518676758), (np.float64(0.08508475699074787), 32.131027936935425), (np.float64(0.11920919055468648), 32.1361448764801), (np.float64(0.09456356875819968), 32.15455412864685), (np.float64(0.08508475699074787), 32.22387981414795), (np.float64(0.08508475696944678), 32.31629753112793), (np.float64(0.08508475674973386), 57.94403052330017), (np.float64(0.08508475652874317), 58.10693335533142), (np.float64(0.08111724367768751), 58.802555084228516), (np.float64(0.07471747979294083), 100.52604246139526), (np.float64(0.11920919055468648), 100.53103446960449), (np.float64(0.09456356875819968), 100.5496118068695), (np.float64(0.08508475699074787), 100.60088610649109), (np.float64(0.08230930345248384), 100.65457320213318), (np.float64(0.08111724367768751), 100.69214868545532), (np.float64(0.07596365704896876), 100.78520584106445), (np.float64(0.07471747979294083), 100.84428024291992), (np.float64(0.07471747956214919), 105.83667349815369), (np.float64(0.07469257703476169), 196.62557220458984), (np.float64(0.07469111393094083), 197.0000467300415), (np.float64(0.07466670297453434), 197.18978309631348), (np.float64(0.07452019648608643), 198.8739562034607), (np.float64(0.0736252577165665), 228.01263284683228), (np.float64(0.07235575231337314), 255.17152547836304), (np.float64(0.07195839712780945), 280.6882996559143), (np.float64(0.07114632440567162), 2840.6257309913635), (np.float64(0.07092749965265013), 3821.792355775833), (np.float64(0.05669811273595224), 9034.868227481842)]
(REAL, NOT adjusted by restarts)probability of this sequence is: 1.9607843137254904e-12
probability of this sequence is: 8.031372549019611e-13
uncertainty:
{'ate': np.float64(-0.003301887219514863), 'se': np.float64(0.007992033942484971), 'ci': (np.float64(-0.01896881784570777), np.float64(0.012365043406678043)), 'significant': np.False_}
checked:
361672
