Starting EXP33.3, type=probe, run 2/3
Job 68227484, task 19
loaded cached data
loaded cached data
loaded cached data
loaded cached data
loaded cached data
loaded cached data
START ATE IS: 0.061323487393503184
PROBE TRIGGERED! Error reduced from inf to 0.121 (ATE went to 0.06133003420665877).
PROBE TRIGGERED! Error reduced from 0.121 to 0.062 (ATE went to 0.0019593811189441853).
***
FINISHED
ATE before: 0.061323487393503184
ATE now is: -0.005384345020170442
sequence is: (('bin_equal_frequency_2', 'wt'), ('norm_log', 'gestat10'))
***
Execution time: 41.174 sec
distances from ATE (with time):
[(np.float64(0.12132348739350318), 0), (np.float64(0.12132348739350318), 0.0645747184753418), (np.float64(0.12131956623137435), 0.2900254726409912), (np.float64(0.12130306779993577), 1.041447401046753), (np.float64(0.12129993260317207), 1.0677490234375), (np.float64(0.12129361848937723), 1.0940911769866943), (np.float64(0.12128751582697235), 1.1411795616149902), (np.float64(0.12128213253122255), 1.1675326824188232), (np.float64(0.06195938111894418), 1.219789981842041), (np.float64(0.12132348739350318), 1.2254447937011719), (np.float64(0.06195938111894418), 1.2793018817901611), (np.float64(0.06195392466921126), 28.084145545959473), (np.float64(0.061952296012095495), 28.142420530319214), (np.float64(0.06192110579603756), 28.2874755859375), (np.float64(0.0619209804710098), 28.403363704681396), (np.float64(0.061883084180439446), 29.046260356903076), (np.float64(0.05461565497982956), 41.173973083496094)]
uncertainty:
{'ate': np.float64(-0.005384345341499175), 'se': np.float64(0.003786086356156483), 'ci': (np.float64(-0.01280524932819393), np.float64(0.00203655864519558)), 'significant': np.False_}
checked:
1315
