Starting EXP36.1, type=probe_probs_with_restart, run 2/3
Job 68242906, task 448
loaded cached data
loaded cached data
loaded cached data
loaded cached data
loaded cached data
loaded cached data
START ATE IS: 88086.51118349306
PROBE TRIGGERED! Error reduced from inf to 77953.431 (ATE went to 88086.51116767322).
PROBE TRIGGERED! Error reduced from 77953.431 to 47729.865 (ATE went to 57862.94468950098).
PROBE TRIGGERED! Error reduced from 47729.865 to 27851.685 (ATE went to 37984.76505093615).
PROBE TRIGGERED! Error reduced from 27851.685 to 23939.603 (ATE went to 34072.68338048259).
PROBE TRIGGERED! Error reduced from 23939.603 to 21174.940 (ATE went to 31308.019703302336).
PROBE TRIGGERED! Error reduced from 21174.940 to 18601.471 (ATE went to 28734.55132436322).
PROBE TRIGGERED! Error reduced from 18601.471 to 15568.724 (ATE went to 25701.803814166098).
PROBE TRIGGERED! Error reduced from 15568.724 to 5787.405 (ATE went to 15920.485433841028).
PROBE TRIGGERED! Error reduced from 5787.405 to 4048.340 (ATE went to 14181.419682504718).
PROBE TRIGGERED! Error reduced from 4048.340 to 2977.410 (ATE went to 13110.48966323821).
***
FINISHED
ATE before: 88086.51118349306
ATE now is: 11474.07766825602
sequence is: (('norm_log', 'sqft_living'), ('norm_log', 'grade'), ('bin_equal_frequency_5', 'sqft_lot'), ('bin_equal_frequency_5', 'yr_built'))
***
Execution time: 23.016 sec
distances from ATE (with time):
[(np.float64(77953.43118349306), 0), (np.float64(77953.43116767322), 0.0014438629150390625), (np.float64(77953.43118349306), 0.0027899742126464844), (np.float64(77953.43116767322), 0.005162954330444336), (np.float64(77953.43114395533), 0.009915590286254883), (np.float64(76489.60937745008), 0.04601311683654785), (np.float64(47729.86468950098), 0.050670623779296875), (np.float64(77953.43118349306), 0.05194091796875), (np.float64(77953.43116767322), 0.05414986610412598), (np.float64(47729.86468950098), 0.05641674995422363), (np.float64(27851.685050936147), 0.10874199867248535), (np.float64(77953.43118349306), 0.10999536514282227), (np.float64(77953.43116767322), 0.11220622062683105), (np.float64(47729.86468950098), 0.11445116996765137), (np.float64(27851.685050936147), 0.11672711372375488), (np.float64(27851.68501721824), 0.12216520309448242), (np.float64(27740.39270574192), 2.1567463874816895), (np.float64(26732.375591244723), 2.526770830154419), (np.float64(23939.603380482586), 4.9748265743255615), (np.float64(77953.43118349306), 4.9761152267456055), (np.float64(27851.685050936147), 4.978653192520142), (np.float64(23939.603380482586), 4.989652156829834), (np.float64(23939.603373152277), 7.129688024520874), (np.float64(23939.60337027975), 7.133593320846558), (np.float64(23939.6033560024), 7.137510538101196), (np.float64(23939.603345312193), 7.141419172286987), (np.float64(22660.090463678855), 7.409025430679321), (np.float64(22146.402099714665), 7.448991775512695), (np.float64(21174.939703302334), 9.787901401519775), (np.float64(77953.43118349306), 9.789196014404297), (np.float64(75067.60960156341), 9.792364835739136), (np.float64(27851.685050936147), 9.794655561447144), (np.float64(23939.603380482586), 9.800454378128052), (np.float64(21174.939703302334), 9.841098308563232), (np.float64(20774.808024545106), 13.237378358840942), (np.float64(19808.522900214302), 13.259621381759644), (np.float64(18601.47132436322), 13.35927152633667), (np.float64(77953.43118349306), 13.360490322113037), (np.float64(27851.685050936147), 13.36298418045044), (np.float64(23939.603380482586), 13.369406938552856), (np.float64(22146.402099714665), 13.391541242599487), (np.float64(21174.939703302334), 13.421781539916992), (np.float64(18660.60137977806), 13.429720163345337), (np.float64(18601.47132436322), 13.448888301849365), (np.float64(15568.723814166098), 13.742034435272217), (np.float64(77953.43118349306), 13.74333906173706), (np.float64(75067.60960156341), 13.746334552764893), (np.float64(27851.685050936147), 13.748644828796387), (np.float64(23939.603380482586), 13.75211238861084), (np.float64(22146.402099714665), 13.77781057357788), (np.float64(21174.939703302334), 13.78919267654419), (np.float64(18660.60137977806), 13.793705463409424), (np.float64(18601.47132436322), 13.808433294296265), (np.float64(15568.723814166098), 13.857202291488647), (np.float64(15508.027684774655), 13.878326892852783), (np.float64(5787.405433841028), 22.650975942611694), (np.float64(77953.43118349306), 22.65224575996399), (np.float64(27851.685050936147), 22.654893398284912), (np.float64(23939.603380482586), 22.66668963432312), (np.float64(22146.402099714665), 22.67945122718811), (np.float64(5787.405433841028), 22.690388202667236), (np.float64(4048.3396825047184), 22.74681806564331), (np.float64(77953.43118349306), 22.748092651367188), (np.float64(75067.60960156341), 22.75105857849121), (np.float64(27851.685050936147), 22.753364324569702), (np.float64(23939.603380482586), 22.756855487823486), (np.float64(5787.405433841028), 22.77695870399475), (np.float64(4048.3396825047184), 22.78794836997986), (np.float64(2977.4096632382098), 22.88455581665039), (np.float64(77953.43118349306), 22.885833501815796), (np.float64(27851.685050936147), 22.88816237449646), (np.float64(23939.603380482586), 22.899820804595947), (np.float64(5787.405433841028), 22.9032781124115), (np.float64(4048.3396825047184), 22.9388906955719), (np.float64(1340.997668256021), 23.015440940856934)]
(REAL, NOT adjusted by restarts)probability of this sequence is: 2.6888599748246987e-10
probability of this sequence is: 0.06955377944188754
uncertainty:
{'ate': np.float64(11474.077676759196), 'se': np.float64(75382.06426982969), 'ci': (np.float64(-136484.99031217358), np.float64(159433.14566569196)), 'significant': np.False_}
checked:
2577
