Starting EXP30.3, type=probe_probs_with_restart, run 3/3
Job 68239052, task 125
loaded cached data
loaded cached data
loaded cached data
loaded cached data
loaded cached data
loaded cached data
START ATE IS: 8669.189421039133
PROBE TRIGGERED! Error reduced from inf to 10104.811 (ATE went to 8669.189421038092).
PROBE TRIGGERED! Error reduced from 10104.811 to 8513.008 (ATE went to 10260.99220823423).
PROBE TRIGGERED! Error reduced from 8513.008 to 4629.675 (ATE went to 14144.325332132234).
PROBE TRIGGERED! Error reduced from 4629.675 to 3211.402 (ATE went to 15562.597675959712).
PROBE TRIGGERED! Error reduced from 3211.402 to 2855.103 (ATE went to 15918.8970798672).
PROBE TRIGGERED! Error reduced from 2855.103 to 2073.492 (ATE went to 16700.508308772016).
PROBE TRIGGERED! Error reduced from 2073.492 to 1710.168 (ATE went to 17063.831960286057).
PROBE TRIGGERED! Error reduced from 1710.168 to 1441.094 (ATE went to 20215.094232692016).
***
FINISHED
ATE before: 8669.189421039133
ATE now is: 18254.061551703075
sequence is: (('IQR', 'education'), ('norm_log', 'education'), ('bin_equal_width_5', 'education'), ('isolationForest', 'Age'))
***
Execution time: 1199.259 sec
distances from ATE (with time):
[(np.float64(10104.810578960867), 0), (np.float64(10104.810578960867), 0.1291484832763672), (np.float64(10104.810578959019), 0.3448619842529297), (np.float64(10057.410128501644), 2.146522283554077), (np.float64(8513.00779176577), 2.3526031970977783), (np.float64(10104.810578960867), 2.384610176086426), (np.float64(8513.00779176577), 2.588934898376465), (np.float64(8513.007791765203), 3.351879596710205), (np.float64(8513.007791762826), 5.7607691287994385), (np.float64(8513.00779176196), 5.851811408996582), (np.float64(4629.674667867766), 10.707070112228394), (np.float64(10104.810578960867), 10.718482494354248), (np.float64(8513.00779176577), 10.873095989227295), (np.float64(4629.674667867766), 13.109835863113403), (np.float64(4629.67466786761), 15.85514521598816), (np.float64(3211.4023240402876), 20.822356462478638), (np.float64(10104.810578960867), 20.83373713493347), (np.float64(8513.00779176577), 20.908506393432617), (np.float64(4629.674667867766), 23.10408926010132), (np.float64(4389.728527591149), 25.37613797187805), (np.float64(3211.4023240402876), 27.544377088546753), (np.float64(3211.402324040064), 36.93028473854065), (np.float64(3211.4023240396164), 55.307750940322876), (np.float64(3211.402324039429), 72.19651627540588), (np.float64(3211.4023240389124), 159.2892987728119), (np.float64(3211.402324037601), 165.87834858894348), (np.float64(3211.4023240375373), 170.2548863887787), (np.float64(2855.1029201328), 305.90823459625244), (np.float64(10104.810578960867), 305.9190106391907), (np.float64(8513.00779176577), 305.99857687950134), (np.float64(4629.674667867766), 308.1857216358185), (np.float64(4389.728527591149), 310.5363519191742), (np.float64(3211.4023240402876), 312.7116160392761), (np.float64(3028.7702990001853), 324.7285690307617), (np.float64(2073.491691227984), 327.3122112751007), (np.float64(10104.810578960867), 327.3232452869415), (np.float64(8513.00779176577), 327.4018452167511), (np.float64(4629.674667867766), 329.59845328330994), (np.float64(4389.728527591149), 331.80893182754517), (np.float64(3211.4023240402876), 334.10374999046326), (np.float64(3028.7702990001853), 340.8795247077942), (np.float64(2073.491691227984), 345.2702386379242), (np.float64(2073.4916912270055), 520.5105218887329), (np.float64(1997.704434695399), 575.0877983570099), (np.float64(1924.5131918182997), 609.6714146137238), (np.float64(1710.1680397139426), 1091.6411979198456), (np.float64(10104.810578960867), 1091.6526997089386), (np.float64(8513.00779176577), 1091.734620809555), (np.float64(4629.674667867766), 1093.8934707641602), (np.float64(4389.728527591149), 1096.0542540550232), (np.float64(3211.4023240402876), 1098.2886621952057), (np.float64(3028.7702990001853), 1107.3981261253357), (np.float64(2073.491691227984), 1113.9845345020294), (np.float64(1710.1680397139426), 1120.6059181690216), (np.float64(1441.0942326920158), 1127.399144411087), (np.float64(10104.810578960867), 1127.4102087020874), (np.float64(8513.00779176577), 1127.495816707611), (np.float64(4629.674667867766), 1129.6918985843658), (np.float64(4389.728527591149), 1131.951804637909), (np.float64(3211.4023240402876), 1134.1180274486542), (np.float64(1710.1680397139426), 1143.1218428611755), (np.float64(1441.0942326920158), 1152.04643034935), (np.float64(1358.465521472197), 1181.2857029438019), (np.float64(519.9384482969253), 1199.258685350418)]
(REAL, NOT adjusted by restarts)probability of this sequence is: 2.3584919229407814e-09
probability of this sequence is: 0.04519251352957697
uncertainty:
{'ate': np.float64(18254.06155170102), 'se': np.float64(888.3793739621109), 'ci': (np.float64(16512.854914138843), np.float64(19995.268189263195)), 'significant': np.True_}
checked:
1159
