Starting EXP33.4, type=probe, run 1/3
Job 68227493, task 27
loaded cached data
loaded cached data
loaded cached data
loaded cached data
loaded cached data
loaded cached data
START ATE IS: 0.061323487541597756
PROBE TRIGGERED! Error reduced from inf to 0.121 (ATE went to 0.06133003431090353).
PROBE TRIGGERED! Error reduced from 0.121 to 0.062 (ATE went to 0.0019593816858298027).
***
FINISHED
ATE before: 0.061323487541597756
ATE now is: -0.005384345357617536
sequence is: (('bin_equal_frequency_2', 'wt'), ('norm_log', 'gestat10'))
***
Execution time: 104.383 sec
distances from ATE (with time):
[(np.float64(0.12132348754159775), 0), (np.float64(0.12132348754159775), 0.1749269962310791), (np.float64(0.12131956678473377), 0.7766172885894775), (np.float64(0.12130306780023714), 2.7383315563201904), (np.float64(0.12129993140855408), 2.8122870922088623), (np.float64(0.12129361813537314), 2.883673667907715), (np.float64(0.12128751563459819), 3.0125749111175537), (np.float64(0.1212821327781353), 3.0871355533599854), (np.float64(0.061959381685829804), 3.232325315475464), (np.float64(0.12132348754159775), 3.2473931312561035), (np.float64(0.061959381685829804), 3.4001753330230713), (np.float64(0.06195392450596442), 71.75538182258606), (np.float64(0.06195229626265327), 71.90971493721008), (np.float64(0.061921105748304346), 72.27446866035461), (np.float64(0.06192098031541893), 72.5585241317749), (np.float64(0.061883084545031594), 74.16575860977173), (np.float64(0.05461565464238246), 104.382559299469)]
uncertainty:
{'ate': np.float64(-0.005384345342846195), 'se': np.float64(0.0032780948826050143), 'ci': (np.float64(-0.0118094951660255), np.float64(0.0010408044803331112)), 'significant': np.False_}
checked:
1315
