Starting EXP33.5, type=probe, run 1/3
Job 68227859, task 36
loaded cached data
loaded cached data
loaded cached data
loaded cached data
loaded cached data
loaded cached data
START ATE IS: 0.061323488034923726
PROBE TRIGGERED! Error reduced from inf to 0.121 (ATE went to 0.06133003452279004).
PROBE TRIGGERED! Error reduced from 0.121 to 0.062 (ATE went to 0.0019593817104643745).
***
FINISHED
ATE before: 0.061323488034923726
ATE now is: -0.0053843452563493615
sequence is: (('bin_equal_frequency_2', 'wt'), ('norm_log', 'gestat10'))
***
Execution time: 55.830 sec
distances from ATE (with time):
[(np.float64(0.12132348803492372), 0), (np.float64(0.12132348803492372), 0.09940600395202637), (np.float64(0.12131956655046962), 0.4392666816711426), (np.float64(0.12130306779918759), 1.506971836090088), (np.float64(0.12129993168697528), 1.545445442199707), (np.float64(0.12129361867738486), 1.5832805633544922), (np.float64(0.12128751579204117), 1.6575431823730469), (np.float64(0.12128213401111096), 1.695793867111206), (np.float64(0.061959381710464376), 1.7724981307983398), (np.float64(0.12132348803492372), 1.781184434890747), (np.float64(0.061959381710464376), 1.8640124797821045), (np.float64(0.06195392416243966), 38.5666925907135), (np.float64(0.06195229583181177), 38.6445050239563), (np.float64(0.06192110550689741), 38.83576226234436), (np.float64(0.06192098033522409), 39.00065469741821), (np.float64(0.061883084980131405), 39.85099792480469), (np.float64(0.054615654743650634), 55.829347372055054)]
uncertainty:
{'ate': np.float64(-0.0053843453441010936), 'se': np.float64(0.0029316138097528364), 'ci': (np.float64(-0.01113034724615614), np.float64(0.0003616565579539514)), 'significant': np.False_}
checked:
1315
