Starting EXP36.3, type=probe, run 3/3
Job 68242983, task 461
loaded cached data
loaded cached data
loaded cached data
loaded cached data
loaded cached data
loaded cached data
START ATE IS: 88688.74628372205
PROBE TRIGGERED! Error reduced from inf to 77811.832 (ATE went to 87944.9121974249).
PROBE TRIGGERED! Error reduced from 77811.832 to 61321.594 (ATE went to 71454.67363583273).
PROBE TRIGGERED! Error reduced from 61321.594 to 49947.363 (ATE went to 60080.44330526265).
PROBE TRIGGERED! Error reduced from 49947.363 to 42401.551 (ATE went to 52534.63067576319).
PROBE TRIGGERED! Error reduced from 42401.551 to 37435.526 (ATE went to 47568.60579936668).
PROBE TRIGGERED! Error reduced from 37435.526 to 28872.973 (ATE went to 39006.05318123451).
PROBE TRIGGERED! Error reduced from 28872.973 to 25899.173 (ATE went to 36032.25312715476).
PROBE TRIGGERED! Error reduced from 25899.173 to 18125.891 (ATE went to 28258.970825798137).
PROBE TRIGGERED! Error reduced from 18125.891 to 15130.966 (ATE went to 25264.04604343997).
PROBE TRIGGERED! Error reduced from 15130.966 to 12797.666 (ATE went to 22930.746233862646).
PROBE TRIGGERED! Error reduced from 12797.666 to 5991.947 (ATE went to 16125.026546596366).
PROBE TRIGGERED! Error reduced from 5991.947 to 2669.546 (ATE went to 12802.626353192289).
***
FINISHED
ATE before: 88688.74628372205
ATE now is: 11387.796927276715
sequence is: (('IQR', 'sqft_lot'), ('bin_equal_frequency_2', 'bedrooms'), ('bin_equal_frequency_5', 'sqft_living'), ('zscore_clip_3', 'grade'), ('IQR', 'sqft_basement'), ('bin_equal_frequency_2', 'sqft_lot15'))
***
Execution time: 79.585 sec
distances from ATE (with time):
[(np.float64(78555.66628372205), 0), (np.float64(77811.8321974249), 0.0017588138580322266), (np.float64(78555.66628372205), 0.002454519271850586), (np.float64(77811.8321974249), 0.0043261051177978516), (np.float64(61321.59363583273), 0.006194114685058594), (np.float64(78555.66628372205), 0.0068624019622802734), (np.float64(77811.8321974249), 0.008672714233398438), (np.float64(61321.59363583273), 0.010404586791992188), (np.float64(49947.36330526265), 0.04852747917175293), (np.float64(78555.66628372205), 0.049178361892700195), (np.float64(77811.8321974249), 0.05090832710266113), (np.float64(61321.59363583273), 0.05255722999572754), (np.float64(49947.36330526265), 0.054277658462524414), (np.float64(42401.55067576319), 0.06643271446228027), (np.float64(78555.66628372205), 0.06707477569580078), (np.float64(77811.8321974249), 0.06878352165222168), (np.float64(61321.59363583273), 0.07044506072998047), (np.float64(49947.36330526265), 0.07215237617492676), (np.float64(42401.55067576319), 0.08428740501403809), (np.float64(39871.192617302455), 1.6853606700897217), (np.float64(37435.525799366675), 2.3664119243621826), (np.float64(78555.66628372205), 2.367065906524658), (np.float64(61321.59363583273), 2.3689098358154297), (np.float64(49947.36330526265), 2.3706486225128174), (np.float64(40228.9349295247), 2.376338481903076), (np.float64(37435.525799366675), 2.3924548625946045), (np.float64(28872.973181234505), 2.4085094928741455), (np.float64(78555.66628372205), 2.409148931503296), (np.float64(49947.36330526265), 2.4108924865722656), (np.float64(40228.9349295247), 2.4182307720184326), (np.float64(37435.525799366675), 2.4228458404541016), (np.float64(30860.79688614529), 2.4415230751037598), (np.float64(29470.858001186025), 7.1857688426971436), (np.float64(28470.743039311033), 7.701453447341919), (np.float64(25899.17312715476), 7.704269647598267), (np.float64(78555.66628372205), 7.70494818687439), (np.float64(49947.36330526265), 7.706901550292969), (np.float64(40228.9349295247), 7.714247465133667), (np.float64(37435.525799366675), 7.720476150512695), (np.float64(30860.79688614529), 7.741535663604736), (np.float64(30712.493373136313), 7.812059164047241), (np.float64(26998.719370157865), 7.8223466873168945), (np.float64(18125.89082579814), 9.148412704467773), (np.float64(78555.66628372205), 9.149094343185425), (np.float64(49947.36330526265), 9.150946855545044), (np.float64(39397.19647240223), 9.15837287902832), (np.float64(37435.525799366675), 9.162343263626099), (np.float64(33247.51330490627), 9.228495597839355), (np.float64(31148.441892445946), 9.234777212142944), (np.float64(30712.493373136313), 9.247913599014282), (np.float64(20446.803367998356), 9.265440464019775), (np.float64(20283.94086895362), 9.269416332244873), (np.float64(18125.89082579814), 9.277353763580322), (np.float64(16990.730059087015), 18.879088163375854), (np.float64(15130.966043439968), 29.65040683746338), (np.float64(78555.66628372205), 29.651105403900146), (np.float64(61321.59363583273), 29.653759002685547), (np.float64(49947.36330526265), 29.655498504638672), (np.float64(40228.9349295247), 29.661202669143677), (np.float64(40001.012891545), 29.68726420402527), (np.float64(33247.51330490627), 29.736576080322266), (np.float64(31148.441892445946), 29.745715856552124), (np.float64(30712.493373136313), 29.774585247039795), (np.float64(20446.803367998356), 29.816150426864624), (np.float64(18284.634867325687), 29.8201003074646), (np.float64(15290.520866953824), 29.90550208091736), (np.float64(15130.966043439968), 29.909982681274414), (np.float64(14778.36725391873), 52.42893409729004), (np.float64(14712.49657361334), 52.913071632385254), (np.float64(14278.14503380484), 53.69790482521057), (np.float64(12797.666233862647), 53.70239877700806), (np.float64(78555.66628372205), 53.70307469367981), (np.float64(77811.8321974249), 53.70610690116882), (np.float64(61321.59363583273), 53.7077841758728), (np.float64(49947.36330526265), 53.70951867103577), (np.float64(42401.55067576319), 53.73394465446472), (np.float64(30712.493373136313), 53.76607346534729), (np.float64(20446.803367998356), 53.831392765045166), (np.float64(18284.634867325687), 53.84088850021362), (np.float64(17457.03574084778), 54.00427007675171), (np.float64(5991.946546596366), 54.00868201255798), (np.float64(78555.66628372205), 54.00934815406799), (np.float64(77811.8321974249), 54.011107206344604), (np.float64(61321.59363583273), 54.012773752212524), (np.float64(49947.36330526265), 54.01451134681702), (np.float64(42401.55067576319), 54.042770862579346), (np.float64(30712.493373136313), 54.07937693595886), (np.float64(20446.803367998356), 54.14969348907471), (np.float64(18284.634867325687), 54.16306805610657), (np.float64(5991.946546596366), 54.27350187301636), (np.float64(2669.5463531922887), 54.42378044128418), (np.float64(78555.66628372205), 54.424442291259766), (np.float64(77811.8321974249), 54.42619228363037), (np.float64(61321.59363583273), 54.42785358428955), (np.float64(49947.36330526265), 54.42957878112793), (np.float64(42401.55067576319), 54.46180534362793), (np.float64(30712.493373136313), 54.50549650192261), (np.float64(20446.803367998356), 54.58815264701843), (np.float64(18284.634867325687), 54.605358362197876), (np.float64(12651.033659515919), 54.69411516189575), (np.float64(11855.819484090667), 54.69799876213074), (np.float64(5991.946546596366), 54.735162019729614), (np.float64(2669.5463531922887), 54.8744580745697), (np.float64(1254.716927276715), 79.58432149887085)]
uncertainty:
{'ate': np.float64(11387.796922196943), 'se': np.float64(33090.35137868947), 'ci': (np.float64(-53503.963921500166), np.float64(76279.55776589406)), 'significant': np.False_}
checked:
16128
