Starting EXP31.39, type=probe_probs_no_restart, run 1/3
Job 68241695, task 291
loaded cached data
loaded cached data
loaded cached data
loaded cached data
loaded cached data
loaded cached data
START ATE IS: -0.024663886574347496
***
FINISHED
ATE before: -0.024663886574347496
ATE now is: -0.024663887764500635
sequence is: (('norm_min_max', 'infant_id'),)
***
Execution time: 0.010 sec
distances from ATE (with time):
[(np.float64(0.0353361134256525), 0), (np.float64(0.03533611223549936), 0.009828567504882812)]
probability of this sequence is: 0.01481851481851482
uncertainty:
{'ate': np.float64(-0.02466388776529048), 'se': np.float64(0.00671643093629387), 'ci': (np.float64(-0.03782951024578751), np.float64(-0.011498265284793445)), 'significant': np.True_}
checked:
1
