Starting EXP29.4, type=probe, run 1/3
Job 68238464, task 45
loaded cached data
loaded cached data
loaded cached data
loaded cached data
loaded cached data
loaded cached data
START ATE IS: 0.05553418191392809
PROBE TRIGGERED! Error reduced from inf to 0.116 (ATE went to 0.0555723737908607).
***
FINISHED
ATE before: 0.05553418191392809
ATE now is: -0.0056660972634866025
sequence is: (('bin_equal_frequency_2', 'wt'),)
***
Execution time: 0.407 sec
distances from ATE (with time):
[(np.float64(0.11553418191392809), 0), (np.float64(0.11553418191392809), 0.035724639892578125), (np.float64(0.11549248728154535), 0.06702375411987305), (np.float64(0.11546948148426939), 0.15167617797851562), (np.float64(0.11537738853446919), 0.31934380531311035), (np.float64(0.1150591618644293), 0.3520505428314209), (np.float64(0.054333902736513395), 0.4066753387451172)]
uncertainty:
{'ate': np.float64(-0.00566609704944), 'se': np.float64(0.010827695414877726), 'ci': (np.float64(-0.026894744637125764), np.float64(0.015562550538245765)), 'significant': np.False_}
checked:
54
