Starting EXP31.24, type=probe, run 3/3
Job 68225961, task 245
loaded cached data
loaded cached data
loaded cached data
loaded cached data
loaded cached data
loaded cached data
START ATE IS: 0.06210615900527631
PROBE TRIGGERED! Error reduced from inf to 0.122 (ATE went to 0.062087320376988844).
PROBE TRIGGERED! Error reduced from 0.122 to 0.063 (ATE went to 0.0031510500998525757).
***
FINISHED
ATE before: 0.06210615900527631
ATE now is: -0.004807433152225651
sequence is: (('bin_equal_frequency_2', 'wt'), ('norm_log', 'gestat10'))
***
Execution time: 11.231 sec
distances from ATE (with time):
[(np.float64(0.1221061590052763), 0), (np.float64(0.12208732037698884), 0.06640505790710449), (np.float64(0.1221061590052763), 0.06957101821899414), (np.float64(0.12208732037698884), 0.07837963104248047), (np.float64(0.12208697695098135), 0.1908712387084961), (np.float64(0.06315105009985257), 0.23857402801513672), (np.float64(0.1221061590052763), 0.24194717407226562), (np.float64(0.12208732037698884), 0.2506096363067627), (np.float64(0.06315105009985257), 0.2588179111480713), (np.float64(0.06314895554474347), 8.093760251998901), (np.float64(0.06313084593505734), 8.108177661895752), (np.float64(0.06313079663332993), 8.123785018920898), (np.float64(0.06311979335062275), 8.153120994567871), (np.float64(0.06310267141752245), 8.22241735458374), (np.float64(0.06308944417335313), 8.26402997970581), (np.float64(0.05519256684777435), 11.230470895767212)]
uncertainty:
{'ate': np.float64(-0.004807433128243471), 'se': np.float64(0.006606706837946746), 'ci': (np.float64(-0.01775797066606323), np.float64(0.008143104409576288)), 'significant': np.False_}
checked:
638
