Starting EXP29.6, type=probe_probs_with_restart, run 1/3
Job 68225730, task 69
loaded cached data
loaded cached data
loaded cached data
loaded cached data
loaded cached data
loaded cached data
START ATE IS: 0.057522546998740855
PROBE TRIGGERED! Error reduced from inf to 0.118 (ATE went to 0.05752254662629926).
PROBE TRIGGERED! Error reduced from 0.118 to 0.096 (ATE went to 0.03640396559072981).
PROBE TRIGGERED! Error reduced from 0.096 to 0.087 (ATE went to 0.0266258062646273).
PROBE TRIGGERED! Error reduced from 0.087 to 0.061 (ATE went to 0.0010477047646794146).
***
FINISHED
ATE before: 0.057522546998740855
ATE now is: -0.009527605434476413
sequence is: (('IQR', 'gestat10'), ('bin_equal_frequency_2', 'wt'))
***
Execution time: 8916.586 sec
distances from ATE (with time):
[(np.float64(0.11752254699874085), 0), (np.float64(0.11752254662629927), 0.0060558319091796875), (np.float64(0.11752254699874085), 0.010153770446777344), (np.float64(0.11752254662629927), 0.018928050994873047), (np.float64(0.11752254607018472), 0.036292314529418945), (np.float64(0.11752254558202241), 0.044851064682006836), (np.float64(0.11752254555706573), 0.45818138122558594), (np.float64(0.11751210788017591), 0.4755847454071045), (np.float64(0.11746568214343947), 0.49292707443237305), (np.float64(0.11389688190801367), 0.5976448059082031), (np.float64(0.1138580811404643), 0.9080815315246582), (np.float64(0.0964039655907298), 11.071544647216797), (np.float64(0.11752254699874085), 11.075551986694336), (np.float64(0.0964039655907298), 11.086189985275269), (np.float64(0.09640396518159523), 11.1056649684906), (np.float64(0.09640396515837821), 12.481618404388428), (np.float64(0.09640396501489748), 12.492372035980225), (np.float64(0.0964039645575068), 12.50285291671753), (np.float64(0.09640396427955172), 12.565998792648315), (np.float64(0.09639332417295746), 22.14427161216736), (np.float64(0.0963450018590529), 22.16559410095215), (np.float64(0.087208988971608), 22.294046878814697), (np.float64(0.08662580626462729), 25.055954456329346), (np.float64(0.11752254699874085), 25.059990406036377), (np.float64(0.0964039655907298), 25.070892572402954), (np.float64(0.09640396518159523), 25.099677324295044), (np.float64(0.08662580626462729), 25.11081576347351), (np.float64(0.0849421083852107), 25.132744550704956), (np.float64(0.08494210794426925), 25.628839015960693), (np.float64(0.08494210774537903), 41.942917823791504), (np.float64(0.08494210759018714), 41.991722106933594), (np.float64(0.08494210731052296), 42.22522854804993), (np.float64(0.08430634888507754), 70.29323124885559), (np.float64(0.0835987770152394), 70.73334765434265), (np.float64(0.08298837056590291), 70.78204774856567), (np.float64(0.08007586400894617), 71.07031583786011), (np.float64(0.07835329331416185), 89.72407722473145), (np.float64(0.07822244960151815), 676.5881881713867), (np.float64(0.07812511045856768), 888.8337204456329), (np.float64(0.06104770476467941), 8916.286661624908), (np.float64(0.11752254699874085), 8916.29073047638), (np.float64(0.0964039655907298), 8916.52272105217), (np.float64(0.06104770476467941), 8916.532463788986), (np.float64(0.05047239456552358), 8916.585277080536)]
(REAL, NOT adjusted by restarts)probability of this sequence is: 3.4951592045017656e-15
probability of this sequence is: 0.032146024955565816
uncertainty:
{'ate': np.float64(-0.00952760541258369), 'se': np.float64(0.008903555219353964), 'ci': (np.float64(-0.026982158021950177), np.float64(0.0079269471967828)), 'significant': np.False_}
checked:
509591
