Starting EXP36.7, type=probe, run 1/3
Job 68243036, task 495
loaded cached data
loaded cached data
loaded cached data
loaded cached data
loaded cached data
loaded cached data
START ATE IS: 67163.44131408416
PROBE TRIGGERED! Error reduced from inf to 55732.081 (ATE went to 65865.16126762072).
PROBE TRIGGERED! Error reduced from 55732.081 to 47648.403 (ATE went to 57781.482733059194).
PROBE TRIGGERED! Error reduced from 47648.403 to 41613.407 (ATE went to 51746.4870520934).
PROBE TRIGGERED! Error reduced from 41613.407 to 34732.638 (ATE went to 44865.718276538806).
PROBE TRIGGERED! Error reduced from 34732.638 to 27372.676 (ATE went to 37505.75643249493).
PROBE TRIGGERED! Error reduced from 27372.676 to 24489.909 (ATE went to 34622.98945588531).
PROBE TRIGGERED! Error reduced from 24489.909 to 16492.797 (ATE went to 26625.87749837334).
PROBE TRIGGERED! Error reduced from 16492.797 to 14394.059 (ATE went to 24527.13872647678).
PROBE TRIGGERED! Error reduced from 14394.059 to 12758.652 (ATE went to 22891.731936129432).
PROBE TRIGGERED! Error reduced from 12758.652 to 5749.987 (ATE went to 15883.066636119658).
PROBE TRIGGERED! Error reduced from 5749.987 to 4466.256 (ATE went to 14599.335950737477).
PROBE TRIGGERED! Error reduced from 4466.256 to 3248.522 (ATE went to 13381.602377286647).
***
FINISHED
ATE before: 67163.44131408416
ATE now is: 12108.334627355118
sequence is: (('bin_equal_frequency_2', 'sqft_living15'), ('bin_equal_frequency_2', 'grade'), ('bin_equal_frequency_2', 'sqft_lot15'), ('bin_equal_frequency_2', 'bathrooms'), ('bin_equal_frequency_5', 'yr_built'), ('bin_equal_frequency_2', 'bedrooms'), ('bin_equal_frequency_5', 'sqft_living'))
***
Execution time: 282.858 sec
distances from ATE (with time):
[(np.float64(57030.36131408416), 0), (np.float64(55732.08126762071), 0.003874540328979492), (np.float64(57030.36131408416), 0.005933523178100586), (np.float64(55732.08126762071), 0.011467695236206055), (np.float64(47648.40273305919), 0.016735315322875977), (np.float64(57030.36131408416), 0.018689393997192383), (np.float64(55732.08126762071), 0.023824453353881836), (np.float64(47648.40273305919), 0.0287015438079834), (np.float64(43545.69601217115), 0.08539676666259766), (np.float64(41613.4070520934), 0.13783597946166992), (np.float64(57030.36131408416), 0.1397702693939209), (np.float64(55732.08126762071), 0.14480972290039062), (np.float64(47648.40273305919), 0.14964056015014648), (np.float64(41613.4070520934), 0.1545393466949463), (np.float64(40343.43941950345), 0.18858838081359863), (np.float64(39793.37453855957), 0.35199999809265137), (np.float64(34732.638276538804), 3.6105825901031494), (np.float64(57030.36131408416), 3.6125333309173584), (np.float64(47648.40273305919), 3.6175014972686768), (np.float64(43545.69601217115), 3.622384786605835), (np.float64(41613.4070520934), 3.6273422241210938), (np.float64(34732.638276538804), 3.6387691497802734), (np.float64(27372.676432494925), 3.6775221824645996), (np.float64(57030.36131408416), 3.6794776916503906), (np.float64(47648.40273305919), 3.6843786239624023), (np.float64(43545.69601217115), 3.6892850399017334), (np.float64(41613.4070520934), 3.6942408084869385), (np.float64(34732.638276538804), 3.7056055068969727), (np.float64(26707.950282255493), 3.852306365966797), (np.float64(25201.18195505), 7.318828105926514), (np.float64(24930.108683296203), 10.053204774856567), (np.float64(24489.90945588531), 12.73468565940857), (np.float64(57030.36131408416), 12.736698865890503), (np.float64(47648.40273305919), 12.741934776306152), (np.float64(43545.69601217115), 12.746920824050903), (np.float64(41613.4070520934), 12.752043962478638), (np.float64(34732.638276538804), 12.768535375595093), (np.float64(34546.274661667056), 12.807752132415771), (np.float64(24489.90945588531), 12.868777513504028), (np.float64(16492.797498373337), 21.78973627090454), (np.float64(57030.36131408416), 21.791709661483765), (np.float64(47648.40273305919), 21.79687786102295), (np.float64(43545.69601217115), 21.801894187927246), (np.float64(34732.638276538804), 21.81344985961914), (np.float64(34546.274661667056), 21.862704753875732), (np.float64(27372.676432494925), 21.882636785507202), (np.float64(26385.32394864066), 22.008658170700073), (np.float64(19176.365165601383), 22.06764054298401), (np.float64(16492.797498373337), 22.08879804611206), (np.float64(16059.923822397332), 37.4336953163147), (np.float64(14394.05872647678), 46.23852562904358), (np.float64(57030.36131408416), 46.240511894226074), (np.float64(47648.40273305919), 46.24593496322632), (np.float64(43545.69601217115), 46.2508282661438), (np.float64(34732.638276538804), 46.25717496871948), (np.float64(34546.274661667056), 46.30349779129028), (np.float64(27372.676432494925), 46.309999227523804), (np.float64(24489.90945588531), 46.348830461502075), (np.float64(24329.102414943016), 46.3828763961792), (np.float64(19176.365165601383), 46.69340467453003), (np.float64(16492.797498373337), 46.75378751754761), (np.float64(16059.923822397332), 61.01823282241821), (np.float64(13161.608705040739), 72.177330493927), (np.float64(12758.651936129432), 88.63825106620789), (np.float64(57030.36131408416), 88.64024472236633), (np.float64(47648.40273305919), 88.6462333202362), (np.float64(43545.69601217115), 88.65589714050293), (np.float64(40150.4393789842), 88.66214370727539), (np.float64(34732.638276538804), 88.66851115226746), (np.float64(24489.90945588531), 88.71012330055237), (np.float64(24329.102414943016), 88.8288586139679), (np.float64(17193.474909714103), 89.30134844779968), (np.float64(15270.222709380452), 89.51338911056519), (np.float64(13827.047406216587), 103.9095458984375), (np.float64(12980.667076205495), 103.92930936813354), (np.float64(5749.986636119658), 126.8028564453125), (np.float64(57030.36131408416), 126.80492186546326), (np.float64(47648.40273305919), 126.81114315986633), (np.float64(43545.69601217115), 126.82114315032959), (np.float64(41613.4070520934), 126.82625436782837), (np.float64(40150.4393789842), 126.83277249336243), (np.float64(34732.638276538804), 126.83928942680359), (np.float64(24489.90945588531), 126.88364124298096), (np.float64(15270.222709380452), 127.73666310310364), (np.float64(7053.217060056528), 136.68757033348083), (np.float64(6732.3383744026705), 181.72214031219482), (np.float64(4466.255950737477), 181.74501156806946), (np.float64(57030.36131408416), 181.74709129333496), (np.float64(47648.40273305919), 181.75362133979797), (np.float64(43545.69601217115), 181.7635998725891), (np.float64(40150.4393789842), 181.77006149291992), (np.float64(34732.638276538804), 181.77657389640808), (np.float64(24489.90945588531), 181.825519323349), (np.float64(24329.102414943016), 181.93770551681519), (np.float64(18285.483059942395), 181.96317648887634), (np.float64(14394.05872647678), 182.4149923324585), (np.float64(9272.91683498955), 186.61397504806519), (np.float64(6039.045101531639), 198.5125377178192), (np.float64(4693.846339238175), 258.2103431224823), (np.float64(4691.498121607256), 270.03123474121094), (np.float64(3248.5223772866466), 276.6942069530487), (np.float64(57030.36131408416), 276.69625091552734), (np.float64(47648.40273305919), 276.7041382789612), (np.float64(43545.69601217115), 276.7141480445862), (np.float64(41613.4070520934), 276.7192177772522), (np.float64(40150.4393789842), 276.725723028183), (np.float64(34732.638276538804), 276.73221015930176), (np.float64(24489.90945588531), 276.795535326004), (np.float64(14040.488589022842), 276.93348240852356), (np.float64(13827.047406216587), 277.3452730178833), (np.float64(12980.667076205495), 277.40416193008423), (np.float64(9427.361642693688), 278.67017674446106), (np.float64(7053.217060056528), 278.99715757369995), (np.float64(1975.254627355118), 282.85705637931824)]
uncertainty:
{'ate': np.float64(12108.334628003548), 'se': np.float64(33259.94994925464), 'ci': (np.float64(-53093.15084406184), np.float64(77309.82010006893)), 'significant': np.False_}
checked:
23810
