Starting EXP33.3, type=probe, run 1/3
Job 68241884, task 360
loaded cached data
loaded cached data
loaded cached data
loaded cached data
loaded cached data
loaded cached data
START ATE IS: 0.061323487555294674
PROBE TRIGGERED! Error reduced from inf to 0.121 (ATE went to 0.06133003411503174).
PROBE TRIGGERED! Error reduced from 0.121 to 0.062 (ATE went to 0.0019593819750485355).
***
FINISHED
ATE before: 0.061323487555294674
ATE now is: -0.00538434489321291
sequence is: (('bin_equal_frequency_2', 'wt'), ('norm_log', 'gestat10'))
***
Execution time: 73.320 sec
distances from ATE (with time):
[(np.float64(0.12132348755529468), 0), (np.float64(0.12132348755529468), 0.15472102165222168), (np.float64(0.1213195671447509), 0.6606957912445068), (np.float64(0.1213030678004138), 2.193460702896118), (np.float64(0.12129993167526894), 2.234848737716675), (np.float64(0.12129361870347935), 2.274925470352173), (np.float64(0.12128751522526723), 2.3571290969848633), (np.float64(0.12128213273615074), 2.39629864692688), (np.float64(0.061959381975048536), 2.475687026977539), (np.float64(0.12132348755529468), 2.4864277839660645), (np.float64(0.061959381975048536), 2.5699212551116943), (np.float64(0.06195392469548385), 51.556514501571655), (np.float64(0.06195229652972302), 51.65952754020691), (np.float64(0.061921105414011086), 51.90613007545471), (np.float64(0.06192098055023795), 52.10644507408142), (np.float64(0.061883085018012166), 53.19152331352234), (np.float64(0.054615655106787085), 73.31924414634705)]
uncertainty:
{'ate': np.float64(-0.005384345343161595), 'se': np.float64(0.003786086356514947), 'ci': (np.float64(-0.012805249330558956), np.float64(0.0020365586442357662)), 'significant': np.False_}
checked:
1315
