Starting EXP29.3, type=probe_probs_no_restart, run 1/3
Job 68238305, task 39
loaded cached data
loaded cached data
loaded cached data
loaded cached data
loaded cached data
loaded cached data
START ATE IS: 0.03947928612782659
***
FINISHED
ATE before: 0.03947928612782659
ATE now is: -0.0023655014097221806
sequence is: (('IQR', 'gestat10'), ('bin_equal_frequency_5', 'wt'), ('norm_log', 'gestat10'))
***
Execution time: 1670.575 sec
distances from ATE (with time):
[(np.float64(0.09947928612782658), 0), (np.float64(0.09947928562240282), 0.030579805374145508), (np.float64(0.09947928560433304), 0.07281255722045898), (np.float64(0.09947928552100799), 0.07807660102844238), (np.float64(0.09947928500666359), 0.24756217002868652), (np.float64(0.09938601715591544), 0.284470796585083), (np.float64(0.09938263543927618), 0.2949550151824951), (np.float64(0.09464835166319416), 0.3528721332550049), (np.float64(0.07470201290873223), 7.615771532058716), (np.float64(0.0747020123508787), 40.94259738922119), (np.float64(0.07470201221443189), 40.94925594329834), (np.float64(0.07470201197539017), 41.029563426971436), (np.float64(0.07461868130350933), 70.98075556755066), (np.float64(0.07460029942927045), 70.99414587020874), (np.float64(0.064187319541208), 71.06776738166809), (np.float64(0.06418731929732398), 795.9710273742676), (np.float64(0.06418731926414692), 801.38454413414), (np.float64(0.0641416843139551), 1662.2494406700134), (np.float64(0.06413575989469414), 1663.7987644672394), (np.float64(0.06409695286773091), 1667.409950017929), (np.float64(0.063366488614539), 1670.5663862228394), (np.float64(0.05763449859027782), 1670.5743560791016)]
probability of this sequence is: 2.5285025613047235e-09
uncertainty:
{'ate': np.float64(-0.0023655011996987878), 'se': np.float64(0.012578001608410732), 'ci': (np.float64(-0.02702902861113445), np.float64(0.022298026211736873)), 'significant': np.False_}
checked:
172900
