Starting EXP30.8, type=probe_probs_with_restart, run 1/3
Job 68225883, task 168
loaded cached data
loaded cached data
loaded cached data
loaded cached data
loaded cached data
loaded cached data
START ATE IS: 8760.289762808177
PROBE TRIGGERED! Error reduced from inf to 7739.710 (ATE went to 8760.289762808477).
PROBE TRIGGERED! Error reduced from 7739.710 to 6183.355 (ATE went to 10316.6451832543).
PROBE TRIGGERED! Error reduced from 6183.355 to 2121.294 (ATE went to 14378.705693016494).
PROBE TRIGGERED! Error reduced from 2121.294 to 644.763 (ATE went to 15855.237253779513).
***
FINISHED
ATE before: 8760.289762808177
ATE now is: 16441.054698411506
sequence is: (('IQR', 'education'), ('isolationForest', 'Age'))
***
Execution time: 371.136 sec
distances from ATE (with time):
[(np.float64(7739.710237191823), 0), (np.float64(7739.7102371915225), 0.220961332321167), (np.float64(7739.710237191823), 0.3218061923980713), (np.float64(7739.7102371915225), 0.6502323150634766), (np.float64(7739.710237189614), 0.9557948112487793), (np.float64(7739.710237187823), 2.768692970275879), (np.float64(7679.720842260202), 5.94249963760376), (np.float64(6183.354816745699), 6.447902202606201), (np.float64(7739.710237191823), 6.517967700958252), (np.float64(7739.7102371915225), 6.7679603099823), (np.float64(6183.354816745699), 7.024436712265015), (np.float64(6183.3548167445715), 8.757818222045898), (np.float64(6183.354816740613), 15.942792415618896), (np.float64(6173.511080802702), 18.535569190979004), (np.float64(2121.2943069835055), 28.731441974639893), (np.float64(7739.710237191823), 28.758471965789795), (np.float64(7739.7102371915225), 28.98528790473938), (np.float64(6183.354816745699), 29.208866834640503), (np.float64(2121.2943069835055), 34.6016526222229), (np.float64(644.7627462204873), 54.0022509098053), (np.float64(7739.710237191823), 54.02968716621399), (np.float64(6183.354816745699), 54.26162099838257), (np.float64(2121.2943069835055), 59.64908838272095), (np.float64(1890.81347771123), 65.20483207702637), (np.float64(644.7627462204873), 70.50413084030151), (np.float64(644.7627462160017), 171.1016058921814), (np.float64(644.7627462091168), 181.85413074493408), (np.float64(644.7627462091077), 203.25323581695557), (np.float64(58.94530158849375), 371.1354606151581)]
(REAL, NOT adjusted by restarts)probability of this sequence is: 7.8307592222249e-05
probability of this sequence is: 0.001928150820904514
uncertainty:
{'ate': np.float64(16441.054698396354), 'se': np.float64(515.1301724102065), 'ci': (np.float64(15431.414826277813), np.float64(17450.694570514894)), 'significant': np.True_}
checked:
253
