Starting EXP29.3, type=probe_probs_with_restart, run 2/3
Job 68238462, task 43
loaded cached data
loaded cached data
loaded cached data
loaded cached data
loaded cached data
loaded cached data
START ATE IS: 0.05591569904604329
PROBE TRIGGERED! Error reduced from inf to 0.116 (ATE went to 0.05591570302814745).
PROBE TRIGGERED! Error reduced from 0.116 to 0.090 (ATE went to 0.029772883314807576).
PROBE TRIGGERED! Error reduced from 0.090 to 0.079 (ATE went to 0.019014467244067034).
PROBE TRIGGERED! Error reduced from 0.079 to 0.071 (ATE went to 0.01077159901079212).
***
FINISHED
ATE before: 0.05591569904604329
ATE now is: -0.006567011271622231
sequence is: (('bin_equal_frequency_2', 'wt'),)
***
Execution time: 8053.552 sec
distances from ATE (with time):
[(np.float64(0.11591569904604329), 0), (np.float64(0.11591569904604329), 0.01060628890991211), (np.float64(0.11591569896879861), 0.06502056121826172), (np.float64(0.11591569716727149), 0.08805418014526367), (np.float64(0.11576105936344144), 0.43471646308898926), (np.float64(0.11572195865751608), 0.5116963386535645), (np.float64(0.11293482127358129), 0.5271451473236084), (np.float64(0.11243513300239912), 0.7978284358978271), (np.float64(0.08977288331480757), 10.368858098983765), (np.float64(0.11591569904604329), 10.372111082077026), (np.float64(0.08977288331480757), 10.38107442855835), (np.float64(0.08977288331009314), 11.697845220565796), (np.float64(0.08977287885746899), 11.744240999221802), (np.float64(0.08964388163767883), 20.732206344604492), (np.float64(0.08961031212112558), 20.797311782836914), (np.float64(0.08960298776317357), 20.825136184692383), (np.float64(0.08108343645342062), 20.843615293502808), (np.float64(0.07901446724406704), 23.27469229698181), (np.float64(0.11591569904604329), 23.27784299850464), (np.float64(0.08977288331480757), 23.287090063095093), (np.float64(0.07901446724406704), 23.322145223617554), (np.float64(0.07735461209895475), 23.34149718284607), (np.float64(0.07735461058125102), 23.790584802627563), (np.float64(0.07735460940013664), 38.81771898269653), (np.float64(0.07735460875834217), 38.83942246437073), (np.float64(0.07735460839063152), 38.85030460357666), (np.float64(0.07735460739085398), 38.86146855354309), (np.float64(0.0768335620937004), 65.38688039779663), (np.float64(0.07465958958245092), 65.39829540252686), (np.float64(0.07321391699221488), 65.69947242736816), (np.float64(0.07154160411000665), 82.07705664634705), (np.float64(0.0713739831854373), 585.3654401302338), (np.float64(0.07136849938096723), 585.4022738933563), (np.float64(0.07077159901079212), 758.6945197582245), (np.float64(0.11591569904604329), 758.6977167129517), (np.float64(0.08977288331480757), 758.7244851589203), (np.float64(0.07901446724406704), 758.7758574485779), (np.float64(0.07735461209895475), 758.7954664230347), (np.float64(0.07735461058125102), 758.9288647174835), (np.float64(0.07321391864103759), 758.9688642024994), (np.float64(0.07154160807960225), 759.0105931758881), (np.float64(0.07154160411000665), 759.5941276550293), (np.float64(0.06858629805498134), 760.8305861949921), (np.float64(0.06857929903139083), 761.135409116745), (np.float64(0.06857929815054775), 763.2664976119995), (np.float64(0.06841746231235776), 1113.6296482086182), (np.float64(0.06817390913538651), 1113.9699218273163), (np.float64(0.05343298872837777), 8053.550923585892)]
(REAL, NOT adjusted by restarts)probability of this sequence is: 1.9607843137254904e-12
probability of this sequence is: 8.031372549019611e-13
uncertainty:
{'ate': np.float64(-0.006567011543998518), 'se': np.float64(0.012483698345382032), 'ci': (np.float64(-0.031045042782540996), np.float64(0.01791101969454396)), 'significant': np.False_}
checked:
570385
