Starting EXP33.5, type=probe, run 3/3
Job 68241904, task 380
loaded cached data
loaded cached data
loaded cached data
loaded cached data
loaded cached data
loaded cached data
START ATE IS: 0.06132348745294095
PROBE TRIGGERED! Error reduced from inf to 0.121 (ATE went to 0.06133003434352487).
PROBE TRIGGERED! Error reduced from 0.121 to 0.062 (ATE went to 0.0019593823287619772).
***
FINISHED
ATE before: 0.06132348745294095
ATE now is: -0.005384345665947345
sequence is: (('bin_equal_frequency_2', 'wt'), ('norm_log', 'gestat10'))
***
Execution time: 132.727 sec
distances from ATE (with time):
[(np.float64(0.12132348745294094), 0), (np.float64(0.12132348745294094), 0.27789974212646484), (np.float64(0.12131956651075296), 1.184063196182251), (np.float64(0.12130306780237948), 3.8003146648406982), (np.float64(0.12129993187371066), 3.876310348510742), (np.float64(0.12129361859116941), 3.9506232738494873), (np.float64(0.12128751533409433), 4.10531759262085), (np.float64(0.12128213256326448), 4.181133508682251), (np.float64(0.061959382328761976), 4.335336923599243), (np.float64(0.12132348745294094), 4.354825735092163), (np.float64(0.061959382328761976), 4.513347864151001), (np.float64(0.061953924978689914), 91.33621335029602), (np.float64(0.0619522965317763), 91.51674127578735), (np.float64(0.06192110569483997), 91.98106527328491), (np.float64(0.06192097987279343), 92.36468648910522), (np.float64(0.061883084490775196), 94.3702757358551), (np.float64(0.05461565433405265), 132.7266731262207)]
uncertainty:
{'ate': np.float64(-0.00538434534415734), 'se': np.float64(0.002931613809913873), 'ci': (np.float64(-0.011130347246528019), np.float64(0.00036165655821333853)), 'significant': np.False_}
checked:
1315
