Starting EXP31.12, type=probe, run 3/3
Job 68225924, task 209
loaded cached data
loaded cached data
loaded cached data
loaded cached data
loaded cached data
loaded cached data
START ATE IS: -0.024891101431194752
***
FINISHED
ATE before: -0.024891101431194752
ATE now is: -0.024891101431232965
sequence is: (('bin_equal_frequency_2', 'data_year'),)
***
Execution time: 0.005 sec
distances from ATE (with time):
[(np.float64(0.035108898568805245), 0), (np.float64(0.03510889856876703), 0.004228353500366211)]
uncertainty:
{'ate': np.float64(-0.02489110143121656), 'se': np.float64(0.0067664961876160576), 'ci': (np.float64(-0.038154857683410565), np.float64(-0.011627345179022561)), 'significant': np.True_}
checked:
1
