Starting EXP31.18, type=probe_probs_with_restart, run 1/3
Job 68225946, task 231
loaded cached data
loaded cached data
loaded cached data
loaded cached data
loaded cached data
loaded cached data
START ATE IS: -0.024663864836921363
***
FINISHED
ATE before: -0.024663864836921363
ATE now is: -0.024663864836921363
sequence is: (('norm_min_max', 'hemo'),)
***
Execution time: 0.005 sec
distances from ATE (with time):
[(np.float64(0.03533613516307864), 0)]
(REAL, NOT adjusted by restarts)probability of this sequence is: 0.03210678210678211
probability of this sequence is: 0.03210678210678211
uncertainty:
{'ate': np.float64(-0.024663864836923746), 'se': np.float64(0.007292053804787811), 'ci': (np.float64(-0.03895782572091912), np.float64(-0.010369903952928375)), 'significant': np.True_}
checked:
1
