Starting EXP36.6, type=probe, run 2/3
Job 68243027, task 487
loaded cached data
loaded cached data
loaded cached data
loaded cached data
loaded cached data
loaded cached data
START ATE IS: 95265.53934041067
PROBE TRIGGERED! Error reduced from inf to 82233.141 (ATE went to 92366.22055229542).
PROBE TRIGGERED! Error reduced from 82233.141 to 72560.439 (ATE went to 82693.51910468153).
PROBE TRIGGERED! Error reduced from 72560.439 to 57215.392 (ATE went to 67348.47212960842).
PROBE TRIGGERED! Error reduced from 57215.392 to 44973.623 (ATE went to 55106.70285222043).
PROBE TRIGGERED! Error reduced from 44973.623 to 39756.995 (ATE went to 49890.07470016936).
PROBE TRIGGERED! Error reduced from 39756.995 to 32723.320 (ATE went to 42856.399765043454).
PROBE TRIGGERED! Error reduced from 32723.320 to 27926.210 (ATE went to 38059.28995456953).
PROBE TRIGGERED! Error reduced from 27926.210 to 20449.646 (ATE went to 30582.7263314271).
PROBE TRIGGERED! Error reduced from 20449.646 to 14601.710 (ATE went to 24734.789555282056).
PROBE TRIGGERED! Error reduced from 14601.710 to 11529.032 (ATE went to 21662.11168559481).
PROBE TRIGGERED! Error reduced from 11529.032 to 7965.265 (ATE went to 18098.344715387935).
PROBE TRIGGERED! Error reduced from 7965.265 to 6548.846 (ATE went to 16681.926151384287).
***
FINISHED
ATE before: 95265.53934041067
ATE now is: 12265.657702132117
sequence is: (('bin_equal_width_5', 'sqft_basement'), ('norm_log', 'sqft_lot'), ('bin_equal_frequency_2', 'bathrooms'), ('bin_equal_frequency_2', 'sqft_lot15'), ('bin_equal_frequency_2', 'bedrooms'), ('bin_equal_frequency_2', 'sqft_living15'), ('bin_equal_frequency_2', 'yr_built'), ('bin_equal_frequency_2', 'grade'), ('bin_equal_frequency_10', 'sqft_living'), ('zscore_clip_3', 'view'))
***
Execution time: 2962.790 sec
distances from ATE (with time):
[(np.float64(85132.45934041067), 0), (np.float64(82233.14055229542), 0.005774974822998047), (np.float64(85132.45934041067), 0.009255170822143555), (np.float64(82233.14055229542), 0.01732158660888672), (np.float64(76843.66008228026), 0.02529287338256836), (np.float64(74202.69749341688), 0.07072567939758301), (np.float64(74195.03337238597), 0.0940086841583252), (np.float64(72560.43910468153), 0.1144111156463623), (np.float64(85132.45934041067), 0.11771678924560547), (np.float64(82233.14055229542), 0.12540817260742188), (np.float64(72560.43910468153), 0.13289570808410645), (np.float64(57215.392129608415), 0.30287981033325195), (np.float64(85132.45934041067), 0.306225061416626), (np.float64(82233.14055229542), 0.31392574310302734), (np.float64(72560.43910468153), 0.32137370109558105), (np.float64(57215.392129608415), 0.3290550708770752), (np.float64(55871.60772191253), 0.349184513092041), (np.float64(44973.622852220426), 0.4722440242767334), (np.float64(85132.45934041067), 0.4755375385284424), (np.float64(82233.14055229542), 0.483229398727417), (np.float64(72560.43910468153), 0.4907069206237793), (np.float64(57215.392129608415), 0.49832582473754883), (np.float64(55871.60772191253), 0.5183508396148682), (np.float64(44973.622852220426), 0.5513565540313721), (np.float64(39756.99470016936), 6.743074893951416), (np.float64(85132.45934041067), 6.746407985687256), (np.float64(72560.43910468153), 6.7545013427734375), (np.float64(57215.392129608415), 6.762417554855347), (np.float64(53433.36877173512), 6.778102874755859), (np.float64(43623.04018900721), 6.788395404815674), (np.float64(39756.99470016936), 6.85047173500061), (np.float64(32723.319765043452), 27.767317056655884), (np.float64(85132.45934041067), 27.770573139190674), (np.float64(72560.43910468153), 27.778552055358887), (np.float64(57215.392129608415), 27.78652548789978), (np.float64(43623.04018900721), 27.812417030334473), (np.float64(39756.99470016936), 27.871331214904785), (np.float64(34335.38140843605), 28.09714102745056), (np.float64(30470.861576004972), 28.235747575759888), (np.float64(30421.057134080023), 46.76298666000366), (np.float64(27926.20995456953), 58.08937907218933), (np.float64(85132.45934041067), 58.0926468372345), (np.float64(72560.43910468153), 58.10085368156433), (np.float64(57215.392129608415), 58.10855674743652), (np.float64(53433.36877173512), 58.11632227897644), (np.float64(43623.04018900721), 58.14181470870972), (np.float64(39756.99470016936), 58.1519250869751), (np.float64(34335.38140843605), 58.57166075706482), (np.float64(30470.861576004972), 58.586735248565674), (np.float64(29310.884562494917), 64.23476099967957), (np.float64(20449.646331427102), 70.19085884094238), (np.float64(85132.45934041067), 70.19422459602356), (np.float64(72560.43910468153), 70.20223307609558), (np.float64(57215.392129608415), 70.22533369064331), (np.float64(53433.36877173512), 70.23308682441711), (np.float64(43623.04018900721), 70.27978801727295), (np.float64(39756.99470016936), 70.28995299339294), (np.float64(34335.38140843605), 70.57736158370972), (np.float64(30470.861576004972), 70.59242606163025), (np.float64(29310.884562494917), 70.69324374198914), (np.float64(20449.646331427102), 70.7236659526825), (np.float64(18971.0417447153), 70.74022579193115), (np.float64(14601.709555282056), 150.93417263031006), (np.float64(85132.45934041067), 150.9374930858612), (np.float64(72560.43910468153), 150.94683647155762), (np.float64(57215.392129608415), 150.9697642326355), (np.float64(53433.36877173512), 150.97745299339294), (np.float64(43623.04018900721), 151.03178310394287), (np.float64(39756.99470016936), 151.04192280769348), (np.float64(34335.38140843605), 151.47832465171814), (np.float64(30470.861576004972), 151.49345064163208), (np.float64(29083.94404847426), 151.64678311347961), (np.float64(25999.665692523966), 151.6906304359436), (np.float64(20449.646331427102), 151.7935712337494), (np.float64(18971.0417447153), 151.8100962638855), (np.float64(16733.805696239746), 152.02467823028564), (np.float64(14601.709555282056), 152.0575556755066), (np.float64(13507.908077802296), 239.03816723823547), (np.float64(11529.03168559481), 240.2403860092163), (np.float64(85132.45934041067), 240.24371981620789), (np.float64(74195.03337238597), 240.25341892242432), (np.float64(72560.43910468153), 240.26094365119934), (np.float64(53433.36877173512), 240.26864075660706), (np.float64(41410.03467430835), 240.2952380180359), (np.float64(28762.638242161265), 240.38633561134338), (np.float64(23790.86874602615), 247.4211540222168), (np.float64(19963.61566221615), 257.4573049545288), (np.float64(12743.134079882822), 270.0845139026642), (np.float64(7965.264715387935), 819.3952767848969), (np.float64(85132.45934041067), 819.3987605571747), (np.float64(74195.03337238597), 819.4216632843018), (np.float64(72560.43910468153), 819.4295270442963), (np.float64(62037.68365474569), 819.4703552722931), (np.float64(57215.392129608415), 819.497594833374), (np.float64(53433.36877173512), 819.5071036815643), (np.float64(45374.61546046965), 819.6441259384155), (np.float64(43623.04018900721), 819.6544806957245), (np.float64(41410.03467430835), 819.674352645874), (np.float64(39756.99470016936), 819.6848151683807), (np.float64(39701.834816147915), 820.4888405799866), (np.float64(39522.10826834394), 820.5041303634644), (np.float64(37482.2752014552), 820.9881536960602), (np.float64(34230.02694008454), 821.1168200969696), (np.float64(34160.60389687784), 821.1509425640106), (np.float64(31365.171008641642), 821.1686828136444), (np.float64(30643.218963375206), 821.5982894897461), (np.float64(26548.67798453504), 821.6181263923645), (np.float64(19963.61566221615), 821.6368787288666), (np.float64(19734.05174261101), 821.8310878276825), (np.float64(13612.075215910218), 822.1137771606445), (np.float64(13528.000018012235), 828.0281035900116), (np.float64(7965.264715387935), 839.3135595321655), (np.float64(7965.264714627088), 1362.2879557609558), (np.float64(7571.569424904306), 1379.9449429512024), (np.float64(7459.079497563545), 1388.629103422165), (np.float64(6548.846151384287), 1397.390216588974), (np.float64(85132.45934041067), 1397.3937129974365), (np.float64(74195.03337238597), 1397.4178793430328), (np.float64(72560.43910468153), 1397.4256010055542), (np.float64(57215.392129608415), 1397.4334201812744), (np.float64(45374.61546046965), 1397.4912493228912), (np.float64(41410.03467430835), 1397.7374858856201), (np.float64(39756.99470016936), 1397.7478713989258), (np.float64(39701.834816147915), 1398.6947576999664), (np.float64(39522.10826834394), 1398.7098486423492), (np.float64(34230.02694008454), 1399.0615134239197), (np.float64(31365.171008641642), 1399.4912059307098), (np.float64(28964.81893099077), 1399.965938091278), (np.float64(25507.709743344152), 1400.5096151828766), (np.float64(19225.749389583252), 1400.9656891822815), (np.float64(13884.056812321889), 1400.9872357845306), (np.float64(12247.739400344339), 1407.6405720710754), (np.float64(7102.120490546547), 1468.410136938095), (np.float64(6951.756586271391), 2030.689227104187), (np.float64(6676.115171439755), 2822.884727716446), (np.float64(6579.541703965178), 2848.6717183589935), (np.float64(6283.543822969345), 2908.5009236335754), (np.float64(2132.5777021321173), 2962.789124250412)]
uncertainty:
{'ate': np.float64(12265.657702247441), 'se': np.float64(36798.47691088397), 'ci': (np.float64(-59875.05575356896), np.float64(84406.37115806383)), 'significant': np.False_}
checked:
158136
