Starting EXP36.4, type=probe_probs_with_restart, run 2/3
Job 68242999, task 475
loaded cached data
loaded cached data
loaded cached data
loaded cached data
loaded cached data
loaded cached data
START ATE IS: 45223.669554276894
PROBE TRIGGERED! Error reduced from inf to 35090.590 (ATE went to 45223.669574669984).
PROBE TRIGGERED! Error reduced from 35090.590 to 26201.779 (ATE went to 36334.858968348424).
PROBE TRIGGERED! Error reduced from 26201.779 to 22235.346 (ATE went to 32368.425865623296).
PROBE TRIGGERED! Error reduced from 22235.346 to 18350.989 (ATE went to 28484.069396663184).
PROBE TRIGGERED! Error reduced from 18350.989 to 15062.517 (ATE went to 25195.59738794819).
PROBE TRIGGERED! Error reduced from 15062.517 to 12951.334 (ATE went to 23084.413885644593).
PROBE TRIGGERED! Error reduced from 12951.334 to 9258.917 (ATE went to 19391.996671721947).
PROBE TRIGGERED! Error reduced from 9258.917 to 7401.078 (ATE went to 17534.157775569427).
PROBE TRIGGERED! Error reduced from 7401.078 to 6554.713 (ATE went to 16687.793215424026).
PROBE TRIGGERED! Error reduced from 6554.713 to 5587.545 (ATE went to 15720.625298215722).
PROBE TRIGGERED! Error reduced from 5587.545 to 4627.888 (ATE went to 14760.968046750371).
PROBE TRIGGERED! Error reduced from 4627.888 to 3910.979 (ATE went to 14044.05925795758).
***
FINISHED
ATE before: 45223.669554276894
ATE now is: 12117.464176594978
sequence is: (('bin_equal_frequency_10', 'sqft_living'), ('bin_equal_frequency_5', 'yr_built'), ('norm_log', 'sqft_living'), ('zscore_clip_3', 'bathrooms'), ('bin_equal_frequency_5', 'sqft_living15'))
***
Execution time: 108.938 sec
distances from ATE (with time):
[(np.float64(35090.58955427689), 0), (np.float64(35090.58955427689), 0.0038874149322509766), (np.float64(35090.589542332236), 0.01088571548461914), (np.float64(35090.58953754857), 0.03052377700805664), (np.float64(31638.788043590837), 0.05604243278503418), (np.float64(26201.778968348422), 0.07876133918762207), (np.float64(35090.58955427689), 0.0803987979888916), (np.float64(26201.778968348422), 0.08679056167602539), (np.float64(26201.778967029582), 0.2885305881500244), (np.float64(25809.52968915488), 0.44530534744262695), (np.float64(24452.658524752653), 2.7297980785369873), (np.float64(22235.345865623298), 2.7621285915374756), (np.float64(35090.58955427689), 2.763864278793335), (np.float64(22235.345865623298), 2.7684166431427), (np.float64(22235.34581760841), 2.7802248001098633), (np.float64(18350.989396663186), 2.842271327972412), (np.float64(35090.58955427689), 2.8439784049987793), (np.float64(22235.345865623298), 2.848543643951416), (np.float64(18350.989396663186), 2.8656861782073975), (np.float64(18350.989374946694), 2.9664318561553955), (np.float64(18350.989341473833), 3.378105640411377), (np.float64(17034.119484778494), 6.4983811378479), (np.float64(15062.51738794819), 9.23111081123352), (np.float64(35090.58955427689), 9.232767820358276), (np.float64(22235.345865623298), 9.237097978591919), (np.float64(18350.989396663186), 9.257199048995972), (np.float64(17527.872862649376), 9.350910663604736), (np.float64(15062.51738794819), 9.357043504714966), (np.float64(15062.517329464508), 9.997953414916992), (np.float64(12951.333885644593), 16.205429553985596), (np.float64(35090.58955427689), 16.207157373428345), (np.float64(22235.345865623298), 16.211726903915405), (np.float64(18350.989396663186), 16.229939699172974), (np.float64(12951.333885644593), 16.239943027496338), (np.float64(9258.916671721947), 16.286140203475952), (np.float64(35090.58955427689), 16.287859439849854), (np.float64(22235.345865623298), 16.29230570793152), (np.float64(12951.333885644593), 16.305814027786255), (np.float64(9258.916671721947), 16.348586797714233), (np.float64(7401.077775569427), 16.51761293411255), (np.float64(35090.58955427689), 16.519348859786987), (np.float64(22235.345865623298), 16.523842334747314), (np.float64(18350.989396663186), 16.541831493377686), (np.float64(12951.333885644593), 16.551923990249634), (np.float64(9258.916671721947), 16.58485460281372), (np.float64(7401.077775569427), 16.671059608459473), (np.float64(7401.077771024882), 17.637606143951416), (np.float64(6817.512688398152), 29.46393632888794), (np.float64(6554.713215424026), 34.36664891242981), (np.float64(35090.58955427689), 34.368284463882446), (np.float64(24452.658524752653), 34.372801065444946), (np.float64(22235.345865623298), 34.376930475234985), (np.float64(12951.333885644593), 34.38576126098633), (np.float64(9258.916671721947), 34.413331031799316), (np.float64(6554.713215424026), 34.54285907745361), (np.float64(6231.608976624915), 35.09790635108948), (np.float64(5587.545298215722), 47.81913185119629), (np.float64(35090.58955427689), 47.82084774971008), (np.float64(24452.658524752653), 47.82540535926819), (np.float64(22235.345865623298), 47.829540491104126), (np.float64(12951.333885644593), 47.838351011276245), (np.float64(9258.916671721947), 47.87811541557312), (np.float64(6554.713215424026), 47.99467420578003), (np.float64(5587.545298215722), 48.280643939971924), (np.float64(5189.689273987404), 61.60126495361328), (np.float64(4627.888046750371), 68.39184284210205), (np.float64(35090.58955427689), 68.39347052574158), (np.float64(24452.658524752653), 68.39825582504272), (np.float64(22235.345865623298), 68.40237402915955), (np.float64(12951.333885644593), 68.41115260124207), (np.float64(9258.916671721947), 68.450110912323), (np.float64(6554.713215424026), 68.60352206230164), (np.float64(5587.545298215722), 69.0098946094513), (np.float64(3910.9792579575806), 70.53960990905762), (np.float64(35090.58955427689), 70.54125189781189), (np.float64(24452.658524752653), 70.54553651809692), (np.float64(22235.345865623298), 70.54966306686401), (np.float64(12951.333885644593), 70.56203818321228), (np.float64(9258.916671721947), 70.62092638015747), (np.float64(6554.713215424026), 70.73119616508484), (np.float64(4627.888046750371), 71.0524492263794), (np.float64(3910.9792579575806), 71.29347038269043), (np.float64(3910.9792528849594), 80.19316291809082), (np.float64(3904.3935579185363), 81.04785799980164), (np.float64(1984.3841765949783), 108.93797278404236)]
(REAL, NOT adjusted by restarts)probability of this sequence is: 2.6605911933948787e-14
probability of this sequence is: 2.5900199993048072e-05
uncertainty:
{'ate': np.float64(12117.464177360722), 'se': np.float64(37324.38818941282), 'ci': (np.float64(-61062.93689402156), np.float64(85297.86524874301)), 'significant': np.False_}
checked:
10161
