Starting EXP31.12, type=probe_probs_no_restart, run 3/3
Job 68239896, task 212
loaded cached data
loaded cached data
loaded cached data
loaded cached data
loaded cached data
loaded cached data
START ATE IS: -0.024891101431238193
***
FINISHED
ATE before: -0.024891101431238193
ATE now is: -0.024891101431238193
sequence is: (('norm_min_max', 'rh'),)
***
Execution time: 0.004 sec
distances from ATE (with time):
[(np.float64(0.0351088985687618), 0)]
probability of this sequence is: 0.04816017316017316
uncertainty:
{'ate': np.float64(-0.02489110143124064), 'se': np.float64(0.007387564673251334), 'ci': (np.float64(-0.03937228259301518), np.float64(-0.010409920269466098)), 'significant': np.True_}
checked:
1
