Starting EXP30.3, type=probe, run 1/3
Job 68238623, task 117
loaded cached data
loaded cached data
loaded cached data
loaded cached data
loaded cached data
loaded cached data
START ATE IS: 8777.458408734768
PROBE TRIGGERED! Error reduced from inf to 11929.114 (ATE went to 6844.885938709489).
PROBE TRIGGERED! Error reduced from 11929.114 to 10503.788 (ATE went to 8270.21191079529).
PROBE TRIGGERED! Error reduced from 10503.788 to 7509.893 (ATE went to 11264.106819955396).
PROBE TRIGGERED! Error reduced from 7509.893 to 3676.161 (ATE went to 15097.839300772102).
PROBE TRIGGERED! Error reduced from 3676.161 to 1360.337 (ATE went to 17413.663377791294).
PROBE TRIGGERED! Error reduced from 1360.337 to 1179.496 (ATE went to 17594.504228057423).
***
FINISHED
ATE before: 8777.458408734768
ATE now is: 18955.942315907094
sequence is: (('bin_equal_width_2', 'education'), ('norm_log', 'Age'), ('norm_min_max', 'education'), ('isolationForest', 'Age'))
***
Execution time: 2391.464 sec
distances from ATE (with time):
[(np.float64(9996.541591265232), 0), (np.float64(9996.541591265232), 0.16303730010986328), (np.float64(9996.541591265232), 0.578977108001709), (np.float64(7509.893180044604), 3.022900104522705), (np.float64(9996.541591265232), 3.049560070037842), (np.float64(7509.893180044604), 3.3001182079315186), (np.float64(3676.1606992278976), 12.350264310836792), (np.float64(9996.541591265232), 12.361181735992432), (np.float64(7509.893180044604), 12.545726537704468), (np.float64(3676.1606992278976), 14.606017351150513), (np.float64(1360.336622208706), 18.824698209762573), (np.float64(9996.541591265232), 18.83577585220337), (np.float64(7509.893180044604), 18.917133569717407), (np.float64(3676.1606992278976), 20.938761711120605), (np.float64(1360.336622208706), 23.13789176940918), (np.float64(1360.3366222086115), 177.07552456855774), (np.float64(1360.33662220716), 187.9473979473114), (np.float64(1350.574097828263), 205.059476852417), (np.float64(1179.4957719425765), 241.28458428382874), (np.float64(9996.541591265232), 241.29258179664612), (np.float64(7509.893180044604), 241.38780117034912), (np.float64(3676.1606992278976), 243.41584491729736), (np.float64(1360.336622208706), 245.70455360412598), (np.float64(1179.4957719425765), 266.13047766685486), (np.float64(1179.4957719425547), 802.1755964756012), (np.float64(1179.4957719425074), 842.3212130069733), (np.float64(1179.4957719424856), 853.7576925754547), (np.float64(181.94231590709387), 2391.4630148410797)]
uncertainty:
{'ate': np.float64(18955.942315901215), 'se': np.float64(741.436203046469), 'ci': (np.float64(17502.742794177524), np.float64(20409.141837624906)), 'significant': np.True_}
checked:
2901
