Starting EXP33.1, type=probe, run 2/3
Job 68241852, task 343
loaded cached data
loaded cached data
loaded cached data
loaded cached data
loaded cached data
loaded cached data
START ATE IS: 0.061323487827131574
PROBE TRIGGERED! Error reduced from inf to 0.121 (ATE went to 0.06133003433445259).
PROBE TRIGGERED! Error reduced from 0.121 to 0.062 (ATE went to 0.0019593815021162683).
***
FINISHED
ATE before: 0.061323487827131574
ATE now is: -0.005384345354062895
sequence is: (('bin_equal_frequency_2', 'wt'), ('norm_log', 'gestat10'))
***
Execution time: 29.816 sec
distances from ATE (with time):
[(np.float64(0.12132348782713157), 0), (np.float64(0.12132348782713157), 0.044341325759887695), (np.float64(0.12131956703434166), 0.18223881721496582), (np.float64(0.12130306779949579), 0.6370806694030762), (np.float64(0.12129993163702574), 0.6578586101531982), (np.float64(0.12129361786829963), 0.6734611988067627), (np.float64(0.12128751566471117), 0.7018108367919922), (np.float64(0.12128213185704406), 0.7164387702941895), (np.float64(0.061959381502116266), 0.746345043182373), (np.float64(0.12132348782713157), 0.7514832019805908), (np.float64(0.061959381502116266), 0.7810955047607422), (np.float64(0.061953924508620035), 21.860700845718384), (np.float64(0.061952296050523596), 21.8979070186615), (np.float64(0.06192110575018659), 21.9908926486969), (np.float64(0.061920980318480354), 22.063812017440796), (np.float64(0.06188308460731291), 22.455814838409424), (np.float64(0.0546156546459371), 29.815850734710693)]
uncertainty:
{'ate': np.float64(-0.00538434534380515), 'se': np.float64(0.006569764643922853), 'ci': (np.float64(-0.018262472961803805), np.float64(0.007493782274193504)), 'significant': np.False_}
checked:
1315
