Starting EXP38.5, type=probe, run 3/3
Job 68243321, task 623
loaded cached data
loaded cached data
loaded cached data
loaded cached data
loaded cached data
loaded cached data
START ATE IS: 61567.591945301596
PROBE TRIGGERED! Error reduced from inf to 49623.775 (ATE went to 59756.854639514895).
PROBE TRIGGERED! Error reduced from 49623.775 to 43096.097 (ATE went to 53229.17726202323).
PROBE TRIGGERED! Error reduced from 43096.097 to 35288.884 (ATE went to 45421.96447551015).
PROBE TRIGGERED! Error reduced from 35288.884 to 30006.839 (ATE went to 40139.91882380938).
PROBE TRIGGERED! Error reduced from 30006.839 to 24468.672 (ATE went to 34601.75233073743).
PROBE TRIGGERED! Error reduced from 24468.672 to 20836.602 (ATE went to 30969.682445751365).
PROBE TRIGGERED! Error reduced from 20836.602 to 18166.545 (ATE went to 28299.624575476166).
PROBE TRIGGERED! Error reduced from 18166.545 to 16034.892 (ATE went to 26167.97243177326).
PROBE TRIGGERED! Error reduced from 16034.892 to 13735.330 (ATE went to 23868.40973853714).
PROBE TRIGGERED! Error reduced from 13735.330 to 9550.420 (ATE went to 19683.499767724268).
PROBE TRIGGERED! Error reduced from 9550.420 to 7683.422 (ATE went to 17816.50187720199).
PROBE TRIGGERED! Error reduced from 7683.422 to 4446.545 (ATE went to 14579.625297271334).
PROBE TRIGGERED! Error reduced from 4446.545 to 3420.680 (ATE went to 13553.760291264334).
***
FINISHED
ATE before: 61567.591945301596
ATE now is: 11263.735847865282
sequence is: (('bin_equal_width_2', 'sqft_basement'), ('bin_equal_frequency_10', 'sqft_living'), ('bin_equal_frequency_2', 'yr_built'), ('bin_equal_frequency_2', 'sqft_living15'), ('bin_equal_frequency_2', 'sqft_lot15'))
***
Execution time: 611.378 sec
distances from ATE (with time):
[(np.float64(51434.511945301594), 0), (np.float64(49623.77463951489), 0.019529342651367188), (np.float64(51434.511945301594), 0.02703380584716797), (np.float64(49623.77463951489), 0.05739426612854004), (np.float64(43096.09726202323), 0.11896753311157227), (np.float64(51434.511945301594), 0.1282658576965332), (np.float64(49623.77463951489), 0.16800212860107422), (np.float64(43096.09726202323), 0.24604034423828125), (np.float64(41449.12175889598), 1.0988783836364746), (np.float64(40317.58388827133), 1.9281268119812012), (np.float64(35288.884475510145), 1.9975128173828125), (np.float64(51434.511945301594), 2.0068752765655518), (np.float64(49623.77463951489), 2.0502054691314697), (np.float64(43096.09726202323), 2.097059726715088), (np.float64(35288.884475510145), 2.1433780193328857), (np.float64(35187.66425935887), 2.2099061012268066), (np.float64(33087.27912679418), 2.320964813232422), (np.float64(32086.26928265408), 4.22374963760376), (np.float64(31776.84684316506), 20.508914709091187), (np.float64(30006.838823809376), 20.574453115463257), (np.float64(51434.511945301594), 20.5823974609375), (np.float64(43096.09726202323), 20.613187551498413), (np.float64(35288.884475510145), 20.639727354049683), (np.float64(32086.26928265408), 20.667840480804443), (np.float64(32006.482630046616), 20.72680163383484), (np.float64(30006.838823809376), 20.759931802749634), (np.float64(27947.408710770163), 45.76447153091431), (np.float64(24468.672330737427), 45.86201786994934), (np.float64(51434.511945301594), 45.869595527648926), (np.float64(43096.09726202323), 45.89820337295532), (np.float64(35288.884475510145), 45.92513370513916), (np.float64(32086.26928265408), 45.97802972793579), (np.float64(32006.482630046616), 46.0378360748291), (np.float64(30006.838823809376), 46.13542318344116), (np.float64(24468.672330737427), 46.20066046714783), (np.float64(20836.602445751363), 46.36613464355469), (np.float64(51434.511945301594), 46.37379217147827), (np.float64(41449.12175889598), 46.40205645561218), (np.float64(35288.884475510145), 46.428600549697876), (np.float64(32086.26928265408), 46.45539307594299), (np.float64(24468.672330737427), 46.54003071784973), (np.float64(20836.602445751363), 46.573195695877075), (np.float64(18826.99187512949), 47.230133295059204), (np.float64(18166.544575476168), 94.8543963432312), (np.float64(51434.511945301594), 94.86197209358215), (np.float64(41449.12175889598), 94.89254379272461), (np.float64(32086.26928265408), 94.91806364059448), (np.float64(20836.602445751363), 95.02626991271973), (np.float64(18826.99187512949), 95.54678750038147), (np.float64(18166.544575476168), 95.58960771560669), (np.float64(17751.562705430544), 107.24835062026978), (np.float64(16034.892431773262), 145.08225226402283), (np.float64(51434.511945301594), 145.0899634361267), (np.float64(41449.12175889598), 145.12130999565125), (np.float64(32086.26928265408), 145.14915132522583), (np.float64(20836.602445751363), 145.18373250961304), (np.float64(18826.99187512949), 145.6977458000183), (np.float64(18166.544575476168), 145.73669719696045), (np.float64(16034.892431773262), 145.7756757736206), (np.float64(15246.43699166251), 146.88131761550903), (np.float64(13735.329738537139), 146.9287292957306), (np.float64(51434.511945301594), 146.93657565116882), (np.float64(41449.12175889598), 146.96429991722107), (np.float64(32086.26928265408), 146.98996925354004), (np.float64(20836.602445751363), 147.07541251182556), (np.float64(18826.99187512949), 147.43959498405457), (np.float64(13735.329738537139), 148.32115173339844), (np.float64(9550.419767724268), 203.6798346042633), (np.float64(51434.511945301594), 203.68771481513977), (np.float64(41449.12175889598), 203.71942973136902), (np.float64(32086.26928265408), 203.74580836296082), (np.float64(20836.602445751363), 203.85777473449707), (np.float64(18826.99187512949), 204.3517689704895), (np.float64(16737.81704062024), 206.58579802513123), (np.float64(9550.419767724268), 207.729590177536), (np.float64(9378.998544778535), 298.0109374523163), (np.float64(7683.42187720199), 305.7315332889557), (np.float64(51434.511945301594), 305.7394948005676), (np.float64(48074.345569528276), 305.77827429771423), (np.float64(41449.12175889598), 305.805166721344), (np.float64(32086.26928265408), 305.83341360092163), (np.float64(27947.408710770163), 305.93134474754333), (np.float64(25591.504846785276), 306.46827721595764), (np.float64(23356.098714666907), 306.734925031662), (np.float64(19689.691431124862), 307.2734429836273), (np.float64(15361.769126348778), 309.1088352203369), (np.float64(9550.419767724268), 310.9895284175873), (np.float64(4446.545297271334), 345.53975343704224), (np.float64(51434.511945301594), 345.54762506484985), (np.float64(48074.345569528276), 345.5787868499756), (np.float64(41449.12175889598), 345.60534167289734), (np.float64(32086.26928265408), 345.6330759525299), (np.float64(27947.408710770163), 345.7791738510132), (np.float64(23356.098714666907), 346.3307662010193), (np.float64(22883.980488283785), 348.32712292671204), (np.float64(21346.56900536646), 348.4044358730316), (np.float64(20306.831808324947), 349.0463938713074), (np.float64(17751.562705430544), 349.81583857536316), (np.float64(17287.295353289242), 350.00364685058594), (np.float64(9550.419767724268), 350.1614456176758), (np.float64(9479.596324689317), 351.6286244392395), (np.float64(4446.545297271334), 351.69593334198), (np.float64(3420.6802912643343), 352.5368492603302), (np.float64(51434.511945301594), 352.54434466362), (np.float64(43096.09726202323), 352.5714886188507), (np.float64(41449.12175889598), 352.6463496685028), (np.float64(32086.26928265408), 352.67292833328247), (np.float64(30006.838823809376), 352.82527256011963), (np.float64(23356.098714666907), 353.4604732990265), (np.float64(22883.980488283785), 355.137145280838), (np.float64(22698.629396493066), 355.2756202220917), (np.float64(19054.72852932984), 355.8203954696655), (np.float64(17287.295353289242), 356.11132979393005), (np.float64(14364.188657604233), 356.42426443099976), (np.float64(12115.03480562011), 356.6580972671509), (np.float64(4446.545297271334), 357.37555408477783), (np.float64(1130.6558478652823), 611.3774852752686)]
uncertainty:
{'ate': np.float64(11263.735850135623), 'se': np.float64(11849.514474762138), 'ci': (np.float64(-11961.541512883558), np.float64(34489.0132131548)), 'significant': np.False_}
checked:
12437
