Starting EXP34.3, type=probe, run 3/3
Job 68241942, task 407
loaded cached data
loaded cached data
loaded cached data
loaded cached data
loaded cached data
loaded cached data
START ATE IS: 8774.433204674615
PROBE TRIGGERED! Error reduced from inf to 11932.920 (ATE went to 6841.079963990062).
PROBE TRIGGERED! Error reduced from 11932.920 to 10435.054 (ATE went to 8338.946178943983).
PROBE TRIGGERED! Error reduced from 10435.054 to 7375.414 (ATE went to 11398.586361786553).
PROBE TRIGGERED! Error reduced from 7375.414 to 3184.301 (ATE went to 15589.69918992189).
PROBE TRIGGERED! Error reduced from 3184.301 to 2605.956 (ATE went to 16168.043794417357).
PROBE TRIGGERED! Error reduced from 2605.956 to 1014.856 (ATE went to 19788.856039813472).
***
FINISHED
ATE before: 8774.433204674615
ATE now is: 18007.96176097002
sequence is: (('bin_equal_width_2', 'education'), ('bin_equal_width_2', 'Age'), ('isolationForest', 'Age'))
***
Execution time: 3677.345 sec
distances from ATE (with time):
[(np.float64(9999.566795325385), 0), (np.float64(9999.566795325385), 1.8372561931610107), (np.float64(9999.566795325385), 7.860334396362305), (np.float64(7375.4136382134475), 52.55511689186096), (np.float64(9999.566795325385), 53.14664649963379), (np.float64(7375.4136382134475), 58.49502921104431), (np.float64(3184.30081007811), 229.68037724494934), (np.float64(9999.566795325385), 229.88377952575684), (np.float64(7375.4136382134475), 233.385112285614), (np.float64(3184.30081007811), 258.6192526817322), (np.float64(2605.9562055826427), 309.51032996177673), (np.float64(9999.566795325385), 309.7231957912445), (np.float64(7375.4136382134475), 311.5049273967743), (np.float64(3184.30081007811), 336.4596736431122), (np.float64(2605.9562055826427), 364.6227343082428), (np.float64(2358.765340978829), 389.1863729953766), (np.float64(1014.8560398134723), 545.7287330627441), (np.float64(9999.566795325385), 545.9574897289276), (np.float64(7375.4136382134475), 549.4589328765869), (np.float64(3184.30081007811), 574.4350128173828), (np.float64(2358.765340978829), 655.081018447876), (np.float64(1014.8560398134723), 682.4763169288635), (np.float64(766.0382390299783), 3677.344526052475)]
uncertainty:
{'ate': np.float64(18007.961760948838), 'se': np.float64(332.2958140443918), 'ci': (np.float64(17356.673289580693), np.float64(18659.250232316983)), 'significant': np.True_}
checked:
542
