Starting EXP33.3, type=probe, run 3/3
Job 68241886, task 362
loaded cached data
loaded cached data
loaded cached data
loaded cached data
loaded cached data
loaded cached data
START ATE IS: 0.061323487555294674
PROBE TRIGGERED! Error reduced from inf to 0.121 (ATE went to 0.06133003411503174).
PROBE TRIGGERED! Error reduced from 0.121 to 0.062 (ATE went to 0.0019593819750485355).
***
FINISHED
ATE before: 0.061323487555294674
ATE now is: -0.00538434489321291
sequence is: (('bin_equal_frequency_2', 'wt'), ('norm_log', 'gestat10'))
***
Execution time: 82.956 sec
distances from ATE (with time):
[(np.float64(0.12132348755529468), 0), (np.float64(0.12132348755529468), 0.16594338417053223), (np.float64(0.1213195671447509), 0.7112138271331787), (np.float64(0.1213030678004138), 2.443018913269043), (np.float64(0.12129993167526894), 2.4904143810272217), (np.float64(0.12129361870347935), 2.5378942489624023), (np.float64(0.12128751522526723), 2.6358277797698975), (np.float64(0.12128213273615074), 2.6832337379455566), (np.float64(0.061959381975048536), 2.7755110263824463), (np.float64(0.12132348755529468), 2.7871832847595215), (np.float64(0.061959381975048536), 2.883488178253174), (np.float64(0.06195392469548385), 58.00955605506897), (np.float64(0.06195229652972302), 58.12960243225098), (np.float64(0.061921105414011086), 58.40751504898071), (np.float64(0.06192098055023795), 58.624621629714966), (np.float64(0.061883085018012166), 59.84527778625488), (np.float64(0.054615655106787085), 82.95534753799438)]
uncertainty:
{'ate': np.float64(-0.005384345343161595), 'se': np.float64(0.003786086356514947), 'ci': (np.float64(-0.012805249330558956), np.float64(0.0020365586442357662)), 'significant': np.False_}
checked:
1315
