Starting EXP29.5, type=probe, run 1/3
Job 68238533, task 54
loaded cached data
loaded cached data
loaded cached data
loaded cached data
loaded cached data
loaded cached data
START ATE IS: 0.06342767049286174
PROBE TRIGGERED! Error reduced from inf to 0.123 (ATE went to 0.06343092982383763).
PROBE TRIGGERED! Error reduced from 0.123 to 0.066 (ATE went to 0.005825484052543183).
***
FINISHED
ATE before: 0.06342767049286174
ATE now is: -0.003485697615626788
sequence is: (('bin_equal_frequency_2', 'wt'), ('norm_log', 'gestat10'))
***
Execution time: 25.276 sec
distances from ATE (with time):
[(np.float64(0.12342767049286174), 0), (np.float64(0.12342767049286174), 0.046074867248535156), (np.float64(0.12328742369868394), 0.12174725532531738), (np.float64(0.12326368668502224), 0.6483914852142334), (np.float64(0.06582548405254318), 0.7866325378417969), (np.float64(0.12342767049286174), 0.7918210029602051), (np.float64(0.06582548405254318), 0.8228428363800049), (np.float64(0.06570587669220398), 19.098151922225952), (np.float64(0.06557455516045922), 19.11231303215027), (np.float64(0.06551306206812803), 19.19749927520752), (np.float64(0.05651430238437321), 25.27556800842285)]
uncertainty:
{'ate': np.float64(-0.0034856974110438477), 'se': np.float64(0.009316799968799899), 'ci': (np.float64(-0.021750926439648263), np.float64(0.014779531617560567)), 'significant': np.False_}
checked:
1311
