Starting EXP31.15, type=probe, run 1/3
Job 68225931, task 216
loaded cached data
loaded cached data
loaded cached data
loaded cached data
loaded cached data
loaded cached data
START ATE IS: -0.024891097447112133
***
FINISHED
ATE before: -0.024891097447112133
ATE now is: -0.024892384836271583
sequence is: (('bin_equal_frequency_2', 'infant_id'),)
***
Execution time: 0.006 sec
distances from ATE (with time):
[(np.float64(0.035108902552887865), 0), (np.float64(0.035107615163728415), 0.005578041076660156)]
uncertainty:
{'ate': np.float64(-0.02489238483623693), 'se': np.float64(0.0067861546476143016), 'ci': (np.float64(-0.03819467632761398), np.float64(-0.011590093344859881)), 'significant': np.True_}
checked:
1
