Starting EXP36.3, type=probe, run 2/3
Job 68242982, task 460
loaded cached data
loaded cached data
loaded cached data
loaded cached data
loaded cached data
loaded cached data
START ATE IS: 71120.0583821867
PROBE TRIGGERED! Error reduced from inf to 66902.681 (ATE went to 77035.76088341042).
PROBE TRIGGERED! Error reduced from 66902.681 to 49543.488 (ATE went to 59676.568238927604).
PROBE TRIGGERED! Error reduced from 49543.488 to 44433.042 (ATE went to 54566.12216400433).
PROBE TRIGGERED! Error reduced from 44433.042 to 37843.215 (ATE went to 47976.29512196726).
PROBE TRIGGERED! Error reduced from 37843.215 to 28515.762 (ATE went to 38648.84157949673).
PROBE TRIGGERED! Error reduced from 28515.762 to 24921.919 (ATE went to 35054.99888166199).
PROBE TRIGGERED! Error reduced from 24921.919 to 21977.402 (ATE went to 32110.482313934208).
PROBE TRIGGERED! Error reduced from 21977.402 to 18745.843 (ATE went to 28878.92312317487).
PROBE TRIGGERED! Error reduced from 18745.843 to 14712.826 (ATE went to 24845.905905191925).
PROBE TRIGGERED! Error reduced from 14712.826 to 13069.300 (ATE went to 23202.379842335624).
PROBE TRIGGERED! Error reduced from 13069.300 to 4581.527 (ATE went to 14714.606828109067).
PROBE TRIGGERED! Error reduced from 4581.527 to 3926.646 (ATE went to 14059.726077491121).
***
FINISHED
ATE before: 71120.0583821867
ATE now is: 12455.149161896403
sequence is: (('bin_equal_frequency_2', 'sqft_living15'), ('bin_equal_frequency_2', 'bedrooms'), ('bin_equal_width_5', 'sqft_above'), ('bin_equal_frequency_2', 'sqft_living'), ('bin_equal_frequency_2', 'sqft_lot15'), ('norm_log', 'grade'))
***
Execution time: 296.754 sec
distances from ATE (with time):
[(np.float64(60986.9783821867), 0), (np.float64(60986.9783821867), 0.0023572444915771484), (np.float64(49543.4882389276), 0.0060253143310546875), (np.float64(60986.9783821867), 0.006685733795166016), (np.float64(49543.4882389276), 0.010180234909057617), (np.float64(48561.6823282469), 0.03150010108947754), (np.float64(44895.65847954898), 0.04595518112182617), (np.float64(44433.04216400433), 0.2598843574523926), (np.float64(60986.9783821867), 0.26049375534057617), (np.float64(49543.4882389276), 0.26390790939331055), (np.float64(44433.04216400433), 0.265596866607666), (np.float64(40121.39630608815), 0.2776002883911133), (np.float64(37843.21512196726), 1.7025737762451172), (np.float64(60986.9783821867), 1.7032263278961182), (np.float64(49543.4882389276), 1.7049357891082764), (np.float64(48561.6823282469), 1.706620454788208), (np.float64(44433.04216400433), 1.7083220481872559), (np.float64(37843.21512196726), 1.7122571468353271), (np.float64(36296.84183097463), 1.7144832611083984), (np.float64(28515.761579496728), 1.7257351875305176), (np.float64(60986.9783821867), 1.7263672351837158), (np.float64(49543.4882389276), 1.7280323505401611), (np.float64(48561.6823282469), 1.7297265529632568), (np.float64(44433.04216400433), 1.731412410736084), (np.float64(37843.21512196726), 1.7353367805480957), (np.float64(36296.84183097463), 1.7375435829162598), (np.float64(24921.918881661986), 1.7864000797271729), (np.float64(60986.9783821867), 1.7870354652404785), (np.float64(49543.4882389276), 1.7904114723205566), (np.float64(48561.6823282469), 1.792083740234375), (np.float64(44433.04216400433), 1.7937800884246826), (np.float64(40121.39630608815), 1.8129985332489014), (np.float64(24921.918881661986), 1.822005033493042), (np.float64(24408.895566499057), 5.83609414100647), (np.float64(23824.311261754592), 5.84734034538269), (np.float64(22730.546540586744), 10.14453411102295), (np.float64(21977.40231393421), 10.156126737594604), (np.float64(60986.9783821867), 10.156793594360352), (np.float64(49543.4882389276), 10.158784866333008), (np.float64(48561.6823282469), 10.160471439361572), (np.float64(44433.04216400433), 10.162160634994507), (np.float64(37843.21512196726), 10.16613507270813), (np.float64(36296.84183097463), 10.168344259262085), (np.float64(35025.41542311203), 10.213870525360107), (np.float64(34275.62580715325), 10.216615438461304), (np.float64(24921.918881661986), 10.222227096557617), (np.float64(21977.40231393421), 10.278532981872559), (np.float64(20766.558066241567), 16.30260944366455), (np.float64(20766.55802281278), 16.308117389678955), (np.float64(20766.558021096585), 16.346550703048706), (np.float64(18745.84312317487), 21.842079877853394), (np.float64(60986.9783821867), 21.84275245666504), (np.float64(49543.4882389276), 21.8448588848114), (np.float64(48561.6823282469), 21.84654474258423), (np.float64(37843.21512196726), 21.850454092025757), (np.float64(36296.84183097463), 21.873143672943115), (np.float64(25457.42836012248), 21.975417852401733), (np.float64(21977.40231393421), 21.979288816452026), (np.float64(21006.27082503963), 21.983145475387573), (np.float64(14712.825905191925), 22.04477024078369), (np.float64(60986.9783821867), 22.045405864715576), (np.float64(49543.4882389276), 22.047070741653442), (np.float64(48561.6823282469), 22.048739671707153), (np.float64(44433.04216400433), 22.050417184829712), (np.float64(37843.21512196726), 22.054312705993652), (np.float64(36296.84183097463), 22.056506156921387), (np.float64(24921.918881661986), 22.137791633605957), (np.float64(21977.40231393421), 22.189207792282104), (np.float64(13069.299842335624), 22.234089612960815), (np.float64(60986.9783821867), 22.234728813171387), (np.float64(49543.4882389276), 22.238067865371704), (np.float64(48561.6823282469), 22.241379976272583), (np.float64(44433.04216400433), 22.243058681488037), (np.float64(40121.39630608815), 22.272950887680054), (np.float64(39015.30105289498), 22.293165922164917), (np.float64(37435.47487424165), 22.299888849258423), (np.float64(32590.324011307777), 22.302443027496338), (np.float64(25457.42836012248), 22.33595633506775), (np.float64(21977.40231393421), 22.339831829071045), (np.float64(18745.84312317487), 22.342926263809204), (np.float64(13069.299842335624), 22.393190383911133), (np.float64(12799.238917495377), 37.43532466888428), (np.float64(4581.526828109067), 37.43904161453247), (np.float64(60986.9783821867), 37.43973231315613), (np.float64(49543.4882389276), 37.44218564033508), (np.float64(48561.6823282469), 37.44552254676819), (np.float64(44433.04216400433), 37.44861125946045), (np.float64(37843.21512196726), 37.45470905303955), (np.float64(36296.84183097463), 37.45887351036072), (np.float64(32679.77686777331), 37.51284384727478), (np.float64(31092.05615413835), 37.53215432167053), (np.float64(23824.311261754592), 37.53496527671814), (np.float64(21226.21160054399), 37.60236096382141), (np.float64(11690.0170984565), 37.68879675865173), (np.float64(10954.706718889518), 45.237375020980835), (np.float64(7533.782167720632), 45.24366235733032), (np.float64(3926.646077491121), 48.92241716384888), (np.float64(60986.9783821867), 48.92310118675232), (np.float64(49543.4882389276), 48.92530560493469), (np.float64(48561.6823282469), 48.92864108085632), (np.float64(47210.23472457804), 48.9339485168457), (np.float64(37843.21512196726), 48.936161518096924), (np.float64(36296.84183097463), 48.969401359558105), (np.float64(32679.77686777331), 49.003536224365234), (np.float64(31396.554751560383), 49.0427463054657), (np.float64(22086.283054065527), 49.04528522491455), (np.float64(19153.155829748437), 49.05353593826294), (np.float64(17205.475747118056), 49.23827028274536), (np.float64(15650.622514145585), 49.25024437904358), (np.float64(11806.831791127655), 49.278210163116455), (np.float64(10954.706718889518), 56.586095571517944), (np.float64(9173.732779625747), 60.74666404724121), (np.float64(3926.646069609491), 77.7292013168335), (np.float64(2322.069161896403), 296.7533211708069)]
uncertainty:
{'ate': np.float64(12455.149156040206), 'se': np.float64(47145.47790074014), 'ci': (np.float64(-79992.06653531209), np.float64(104902.3648473925)), 'significant': np.False_}
checked:
66303
