Starting EXP31.30, type=probe_probs_with_restart, run 2/3
Job 68226025, task 268
loaded cached data
loaded cached data
loaded cached data
loaded cached data
loaded cached data
loaded cached data
START ATE IS: -0.024663862307510897
***
FINISHED
ATE before: -0.024663862307510897
ATE now is: -0.024663862310389927
sequence is: (('norm_min_max', 'orfath'),)
***
Execution time: 0.008 sec
distances from ATE (with time):
[(np.float64(0.0353361376924891), 0), (np.float64(0.03533613768961007), 0.007423877716064453)]
(REAL, NOT adjusted by restarts)probability of this sequence is: 0.019264069264069265
probability of this sequence is: 0.019264069264069265
uncertainty:
{'ate': np.float64(-0.024663862327646294), 'se': np.float64(0.007241036691752783), 'ci': (np.float64(-0.03885782115764307), np.float64(-0.010469903497649515)), 'significant': np.True_}
checked:
1
