Starting EXP31.42, type=probe, run 1/3
Job 68226170, task 297
loaded cached data
loaded cached data
loaded cached data
loaded cached data
loaded cached data
loaded cached data
START ATE IS: 0.06130230475531463
PROBE TRIGGERED! Error reduced from inf to 0.121 (ATE went to 0.06134274825110809).
PROBE TRIGGERED! Error reduced from 0.121 to 0.062 (ATE went to 0.0020135033461885204).
***
FINISHED
ATE before: 0.06130230475531463
ATE now is: -0.005367347673048815
sequence is: (('bin_equal_frequency_2', 'wt'), ('norm_log', 'gestat10'))
***
Execution time: 20.395 sec
distances from ATE (with time):
[(np.float64(0.12130230475531463), 0), (np.float64(0.12130230475531463), 0.02708148956298828), (np.float64(0.12129691894227732), 0.10545992851257324), (np.float64(0.12127285146138997), 0.11862301826477051), (np.float64(0.12125790257918141), 0.4224052429199219), (np.float64(0.06201350334618852), 0.45847558975219727), (np.float64(0.12130230475531463), 0.4634664058685303), (np.float64(0.06201350334618852), 0.4907665252685547), (np.float64(0.06197604752344181), 15.655129671096802), (np.float64(0.06196737685765411), 16.18726134300232), (np.float64(0.054632652326951185), 20.394071340560913)]
uncertainty:
{'ate': np.float64(-0.00536734778092475), 'se': np.float64(0.006570367748278082), 'ci': (np.float64(-0.01824665608638222), np.float64(0.007511960524532723)), 'significant': np.False_}
checked:
1080
