Starting EXP31.45, type=probe, run 3/3
Job 68226199, task 308
loaded cached data
loaded cached data
loaded cached data
loaded cached data
loaded cached data
loaded cached data
START ATE IS: 0.06154278153758237
PROBE TRIGGERED! Error reduced from inf to 0.122 (ATE went to 0.061538166330651164).
PROBE TRIGGERED! Error reduced from 0.122 to 0.063 (ATE went to 0.0027418788050940623).
***
FINISHED
ATE before: 0.06154278153758237
ATE now is: -0.004988405997972896
sequence is: (('bin_equal_frequency_2', 'wt'), ('norm_log', 'gestat10'))
***
Execution time: 26.647 sec
distances from ATE (with time):
[(np.float64(0.12154278153758237), 0), (np.float64(0.12153816633065116), 0.01244354248046875), (np.float64(0.12154278153758237), 0.019161701202392578), (np.float64(0.12153816633065116), 0.03638148307800293), (np.float64(0.12149574585417273), 0.05429482460021973), (np.float64(0.06274187880509406), 0.4803755283355713), (np.float64(0.12154278153758237), 0.4869077205657959), (np.float64(0.12153816633065116), 0.5039148330688477), (np.float64(0.06274187880509406), 0.5210366249084473), (np.float64(0.06272936697213866), 19.190871238708496), (np.float64(0.06269862607256738), 19.334728002548218), (np.float64(0.055011594002027105), 26.646239042282104)]
uncertainty:
{'ate': np.float64(-0.004988406288120015), 'se': np.float64(0.006575351019263016), 'ci': (np.float64(-0.01787748336532713), np.float64(0.007900670789087098)), 'significant': np.False_}
checked:
1185
