Starting EXP34.5, type=probe_probs_with_restart, run 3/3
Job 68228008, task 89
loaded cached data
loaded cached data
loaded cached data
loaded cached data
loaded cached data
loaded cached data
START ATE IS: 8774.433204885465
PROBE TRIGGERED! Error reduced from inf to 7725.567 (ATE went to 8774.433204872901).
PROBE TRIGGERED! Error reduced from 7725.567 to 6162.798 (ATE went to 10337.201960610797).
PROBE TRIGGERED! Error reduced from 6162.798 to 1495.837 (ATE went to 15004.162924341723).
PROBE TRIGGERED! Error reduced from 1495.837 to 1223.661 (ATE went to 15276.338964082783).
PROBE TRIGGERED! Error reduced from 1223.661 to 104.320 (ATE went to 16395.67972814087).
***
FINISHED
ATE before: 8774.433204885465
ATE now is: 16402.190105811376
sequence is: (('IQR', 'education'), ('isolationForest', 'Age'), ('norm_log', 'Age'))
***
Execution time: 7243.427 sec
distances from ATE (with time):
[(np.float64(7725.566795114535), 0), (np.float64(7725.566795114535), 2.971843719482422), (np.float64(7725.566795112261), 13.323206186294556), (np.float64(7725.566795110388), 16.232349634170532), (np.float64(7725.5667950546795), 19.080751657485962), (np.float64(7661.720210625108), 82.3661048412323), (np.float64(6162.798039389203), 90.0824203491211), (np.float64(7725.566795114535), 91.22068333625793), (np.float64(6162.798039389203), 97.48866844177246), (np.float64(6162.798039384252), 245.80718183517456), (np.float64(6162.798039327938), 249.9228799343109), (np.float64(6148.648919813255), 283.6700315475464), (np.float64(1495.8370756582772), 405.88647508621216), (np.float64(7725.566795114535), 406.2161428928375), (np.float64(6162.798039389203), 412.24739718437195), (np.float64(1495.8370756582772), 454.74523735046387), (np.float64(1495.8370756448367), 513.0763547420502), (np.float64(1458.3812767601885), 612.1665315628052), (np.float64(1458.381276753913), 974.9318079948425), (np.float64(1223.6610359172173), 1058.5757720470428), (np.float64(7725.566795114535), 1058.8508968353271), (np.float64(6162.798039389203), 1063.9980368614197), (np.float64(1495.8370756582772), 1102.9825556278229), (np.float64(1495.8370756448367), 1144.4416558742523), (np.float64(1458.3812767601885), 1225.526650428772), (np.float64(1458.381276753913), 1280.1148178577423), (np.float64(1223.6610359172173), 1319.3340759277344), (np.float64(104.32027185913103), 3189.266447544098), (np.float64(7725.566795114535), 3189.558418035507), (np.float64(6162.798039389203), 3195.0843589305878), (np.float64(1495.8370756582772), 3234.7603085041046), (np.float64(1495.8370756448367), 3279.4769003391266), (np.float64(1458.3812767601885), 3360.719628095627), (np.float64(104.32027185913103), 3409.7444372177124), (np.float64(97.80989418862373), 7243.426702976227)]
(REAL, NOT adjusted by restarts)probability of this sequence is: 2.542454292930162e-06
probability of this sequence is: 0.0010647503573419084
uncertainty:
{'ate': np.float64(16402.190105599704), 'se': np.float64(200.2022063981781), 'ci': (np.float64(16009.800787143044), np.float64(16794.579424056366)), 'significant': np.True_}
checked:
549
