Starting EXP34.3, type=probe_probs_no_restart, run 3/3
Job 68227929, task 68
loaded cached data
loaded cached data
loaded cached data
loaded cached data
loaded cached data
loaded cached data
START ATE IS: 8774.433205324263
***
FINISHED
ATE before: 8774.433205324263
ATE now is: 16489.04937052799
sequence is: (('norm_log', 'Age'), ('bin_equal_frequency_5', 'education'), ('isolationForest', 'Age'))
***
Execution time: 7730.560 sec
distances from ATE (with time):
[(np.float64(7725.566794675737), 0), (np.float64(7725.566794648583), 3.76959490776062), (np.float64(7661.720210104619), 7.644630670547485), (np.float64(6162.798038889878), 9.492939233779907), (np.float64(910.3008102647982), 49.73371338844299), (np.float64(910.3008102548392), 362.9913115501404), (np.float64(903.0354403487745), 699.0022525787354), (np.float64(782.3556406002099), 770.7120468616486), (np.float64(782.3556405050131), 1890.0989956855774), (np.float64(624.572904374696), 2057.4344234466553), (np.float64(624.572904311075), 2077.652032136917), (np.float64(578.2484055265159), 2927.4369854927063), (np.float64(374.3203781018383), 4393.530635356903), (np.float64(297.848363663039), 7688.910694360733), (np.float64(10.950629472008586), 7730.558587551117)]
probability of this sequence is: 4.540096951661003e-07
uncertainty:
{'ate': np.float64(16746.519730007), 'se': np.float64(404.6843149450464), 'ci': (np.float64(15953.352052966868), np.float64(17539.68740704713)), 'significant': np.True_}
checked:
1879
