Starting EXP36.4, type=probe_probs_with_restart, run 3/3
Job 68243000, task 476
loaded cached data
loaded cached data
loaded cached data
loaded cached data
loaded cached data
loaded cached data
START ATE IS: 61943.13496793879
PROBE TRIGGERED! Error reduced from inf to 51810.055 (ATE went to 61943.1349864128).
PROBE TRIGGERED! Error reduced from 51810.055 to 41872.880 (ATE went to 52005.95971848093).
PROBE TRIGGERED! Error reduced from 41872.880 to 37065.760 (ATE went to 47198.840437404615).
PROBE TRIGGERED! Error reduced from 37065.760 to 31291.215 (ATE went to 41424.29532415197).
PROBE TRIGGERED! Error reduced from 31291.215 to 26504.924 (ATE went to 36638.00386608173).
PROBE TRIGGERED! Error reduced from 26504.924 to 19810.222 (ATE went to 29943.30164959886).
PROBE TRIGGERED! Error reduced from 19810.222 to 16843.603 (ATE went to 26976.68260284503).
PROBE TRIGGERED! Error reduced from 16843.603 to 14317.610 (ATE went to 24450.689877226894).
PROBE TRIGGERED! Error reduced from 14317.610 to 12861.408 (ATE went to 22994.488156821386).
PROBE TRIGGERED! Error reduced from 12861.408 to 10540.272 (ATE went to 20673.352278595034).
PROBE TRIGGERED! Error reduced from 10540.272 to 8346.231 (ATE went to 18479.31097168902).
PROBE TRIGGERED! Error reduced from 8346.231 to 4377.732 (ATE went to 14510.811579137626).
***
FINISHED
ATE before: 61943.13496793879
ATE now is: 11789.088912681484
sequence is: (('IQR', 'bedrooms'), ('bin_equal_frequency_5', 'sqft_living'), ('norm_log', 'sqft_basement'), ('bin_equal_frequency_5', 'yr_built'), ('norm_log', 'sqft_living'))
***
Execution time: 144.028 sec
distances from ATE (with time):
[(np.float64(51810.05496793879), 0), (np.float64(51810.05496793879), 0.0040743350982666016), (np.float64(51810.05495323473), 0.03819155693054199), (np.float64(51591.71521873086), 0.06168413162231445), (np.float64(49882.97246082786), 0.06507277488708496), (np.float64(41872.87971848093), 0.0857384204864502), (np.float64(51810.05496793879), 0.08744025230407715), (np.float64(41872.87971848093), 0.09414505958557129), (np.float64(40170.21956120091), 0.36421656608581543), (np.float64(37065.76043740461), 0.38893747329711914), (np.float64(51810.05496793879), 0.39063072204589844), (np.float64(41872.87971848093), 0.3972651958465576), (np.float64(37065.76043740461), 0.40163302421569824), (np.float64(37065.760429607304), 0.41010546684265137), (np.float64(37065.76042127512), 0.7318222522735596), (np.float64(37065.76041975305), 0.736652135848999), (np.float64(31291.21532415197), 0.9702310562133789), (np.float64(51810.05496793879), 0.9720063209533691), (np.float64(41872.87971848093), 0.9758913516998291), (np.float64(37065.76043740461), 0.9804224967956543), (np.float64(31291.21532415197), 1.12666654586792), (np.float64(30265.01406512362), 1.4809327125549316), (np.float64(30056.781346750475), 8.773975133895874), (np.float64(29753.335317209043), 9.24118185043335), (np.float64(26504.92386608173), 11.933324098587036), (np.float64(51810.05496793879), 11.9350106716156), (np.float64(26504.92386608173), 11.939385652542114), (np.float64(26330.226770787704), 12.23165249824524), (np.float64(24989.880629692612), 12.582014083862305), (np.float64(24989.880607493273), 17.390288591384888), (np.float64(24073.590114325227), 18.3753879070282), (np.float64(19810.22164959886), 18.6717369556427), (np.float64(51810.05496793879), 18.673495054244995), (np.float64(26504.92386608173), 18.67800784111023), (np.float64(19810.22164959886), 18.835988521575928), (np.float64(16843.60260284503), 21.199830293655396), (np.float64(51810.05496793879), 21.201491594314575), (np.float64(26504.92386608173), 21.205629587173462), (np.float64(19810.22164959886), 21.21710443496704), (np.float64(16843.60260284503), 21.392444372177124), (np.float64(16843.6026027282), 25.588563919067383), (np.float64(15501.433954162714), 31.019920587539673), (np.float64(14317.609877226894), 45.91661787033081), (np.float64(51810.05496793879), 45.91832995414734), (np.float64(26504.92386608173), 45.923036336898804), (np.float64(19810.22164959886), 45.93114233016968), (np.float64(17592.08526821583), 45.958033084869385), (np.float64(16843.60260284503), 46.43106031417847), (np.float64(16269.109739737256), 46.43711733818054), (np.float64(16146.953126364026), 47.03822994232178), (np.float64(12861.408156821386), 48.841503620147705), (np.float64(51810.05496793879), 48.8431978225708), (np.float64(26504.92386608173), 48.84746217727661), (np.float64(19810.22164959886), 48.85559940338135), (np.float64(17592.08526821583), 48.895891189575195), (np.float64(16843.60260284503), 48.91150522232056), (np.float64(16269.109739737256), 48.91750979423523), (np.float64(16146.953126364026), 49.357176542282104), (np.float64(14317.609877226894), 49.79908585548401), (np.float64(12861.408156821386), 50.1151807308197), (np.float64(12100.637898147075), 70.8555338382721), (np.float64(10540.272278595034), 89.9573974609375), (np.float64(51810.05496793879), 89.95913791656494), (np.float64(26504.92386608173), 89.9641523361206), (np.float64(19810.22164959886), 89.97243118286133), (np.float64(17592.08526821583), 90.01522016525269), (np.float64(16843.60260284503), 90.04374814033508), (np.float64(16269.109739737256), 90.04969549179077), (np.float64(16146.953126364026), 90.09205889701843), (np.float64(13509.326226649338), 90.59704899787903), (np.float64(10540.272278595034), 93.03963828086853), (np.float64(8346.230971689021), 142.04664611816406), (np.float64(51810.05496793879), 142.0483477115631), (np.float64(26504.92386608173), 142.05350875854492), (np.float64(19810.22164959886), 142.06552076339722), (np.float64(15501.433954162714), 142.07082176208496), (np.float64(14317.609877226894), 142.10686492919922), (np.float64(13075.026431733635), 142.20413327217102), (np.float64(9519.297889844629), 142.21616196632385), (np.float64(4377.731579137626), 142.46108865737915), (np.float64(51810.05496793879), 142.46276307106018), (np.float64(26504.92386608173), 142.4669017791748), (np.float64(19810.22164959886), 142.47897219657898), (np.float64(15501.433954162714), 142.48426914215088), (np.float64(14317.609877226894), 142.53198218345642), (np.float64(13075.026431733635), 142.57223629951477), (np.float64(11584.817982746552), 142.62862300872803), (np.float64(4377.731579137626), 142.6626682281494), (np.float64(1656.0089126814837), 144.02711725234985)]
(REAL, NOT adjusted by restarts)probability of this sequence is: 1.6296121059543627e-12
probability of this sequence is: 0.04053367251018388
uncertainty:
{'ate': np.float64(11789.08891074139), 'se': np.float64(35175.03879500474), 'ci': (np.float64(-57177.66780536528), np.float64(80755.84562684805)), 'significant': np.False_}
checked:
4727
