Starting EXP36.5, type=probe, run 3/3
Job 68243004, task 479
loaded cached data
loaded cached data
loaded cached data
loaded cached data
loaded cached data
loaded cached data
START ATE IS: 64110.430135705246
PROBE TRIGGERED! Error reduced from inf to 58498.145 (ATE went to 68631.2246272832).
PROBE TRIGGERED! Error reduced from 58498.145 to 48467.074 (ATE went to 58600.1543609695).
PROBE TRIGGERED! Error reduced from 48467.074 to 41693.757 (ATE went to 51826.83655257067).
PROBE TRIGGERED! Error reduced from 41693.757 to 36548.775 (ATE went to 46681.85461795672).
PROBE TRIGGERED! Error reduced from 36548.775 to 30956.217 (ATE went to 41089.29651445063).
PROBE TRIGGERED! Error reduced from 30956.217 to 25571.770 (ATE went to 35704.8501255301).
PROBE TRIGGERED! Error reduced from 25571.770 to 22006.382 (ATE went to 32139.462012073538).
PROBE TRIGGERED! Error reduced from 22006.382 to 19726.283 (ATE went to 29859.363093670258).
PROBE TRIGGERED! Error reduced from 19726.283 to 16446.533 (ATE went to 26579.612831980765).
PROBE TRIGGERED! Error reduced from 16446.533 to 13956.790 (ATE went to 24089.869892784096).
PROBE TRIGGERED! Error reduced from 13956.790 to 12055.353 (ATE went to 22188.43261478557).
PROBE TRIGGERED! Error reduced from 12055.353 to 10686.415 (ATE went to 20819.495360885365).
***
FINISHED
ATE before: 64110.430135705246
ATE now is: 11977.213018972312
sequence is: (('bin_equal_frequency_2', 'sqft_lot15'), ('bin_equal_frequency_2', 'sqft_living15'), ('bin_equal_frequency_5', 'yr_built'), ('bin_equal_width_2', 'sqft_basement'), ('bin_equal_frequency_2', 'grade'), ('bin_equal_frequency_5', 'sqft_living'))
***
Execution time: 2035.511 sec
distances from ATE (with time):
[(np.float64(53977.350135705245), 0), (np.float64(53977.350135705245), 0.005288362503051758), (np.float64(48467.0743609695), 0.014411449432373047), (np.float64(53977.350135705245), 0.016118764877319336), (np.float64(48467.0743609695), 0.024621248245239258), (np.float64(41693.75655257067), 0.0726311206817627), (np.float64(53977.350135705245), 0.07430243492126465), (np.float64(48467.0743609695), 0.08253669738769531), (np.float64(41693.75655257067), 0.08666539192199707), (np.float64(37612.81136966316), 3.1783933639526367), (np.float64(36548.77461795672), 3.424996852874756), (np.float64(53977.350135705245), 3.426682472229004), (np.float64(41693.75655257067), 3.4309487342834473), (np.float64(36772.07782518589), 3.4486777782440186), (np.float64(36548.77461795672), 3.45412540435791), (np.float64(30956.21651445063), 3.5099704265594482), (np.float64(53977.350135705245), 3.511669874191284), (np.float64(48467.0743609695), 3.5157384872436523), (np.float64(41693.75655257067), 3.5239593982696533), (np.float64(36772.07782518589), 3.5388360023498535), (np.float64(36698.271982511615), 6.952443838119507), (np.float64(36530.585953568356), 6.963303565979004), (np.float64(36066.77125396269), 6.9687981605529785), (np.float64(31709.950886682906), 6.97431206703186), (np.float64(30107.388228773656), 7.002195835113525), (np.float64(29820.905727175123), 11.874142169952393), (np.float64(28275.102803110043), 11.89467716217041), (np.float64(25571.7701255301), 14.247353553771973), (np.float64(53977.350135705245), 14.248987674713135), (np.float64(41693.75655257067), 14.253552675247192), (np.float64(36772.07782518589), 14.267127513885498), (np.float64(36548.77461795672), 14.272512674331665), (np.float64(35679.412052249645), 14.30205249786377), (np.float64(30756.645179655396), 14.307440519332886), (np.float64(30663.409646999724), 14.37054443359375), (np.float64(25571.7701255301), 14.377339124679565), (np.float64(22006.38201207354), 30.649120807647705), (np.float64(53977.350135705245), 30.650779247283936), (np.float64(41693.75655257067), 30.65527033805847), (np.float64(36772.07782518589), 30.66881036758423), (np.float64(30756.645179655396), 30.687257528305054), (np.float64(25571.7701255301), 30.734349727630615), (np.float64(22006.38201207354), 30.807563543319702), (np.float64(19726.28309367026), 42.29204607009888), (np.float64(53977.350135705245), 42.29372477531433), (np.float64(41693.75655257067), 42.298277616500854), (np.float64(36772.07782518589), 42.31178641319275), (np.float64(30756.645179655396), 42.33402729034424), (np.float64(25571.7701255301), 42.39161276817322), (np.float64(22006.38201207354), 42.483149766922), (np.float64(21988.152251667285), 55.24355745315552), (np.float64(21870.321082952047), 59.33029294013977), (np.float64(18949.059544028132), 64.55275344848633), (np.float64(18499.507091570587), 67.92247915267944), (np.float64(18178.7246094949), 71.80421018600464), (np.float64(16446.532831980767), 169.212655544281), (np.float64(53977.350135705245), 169.2143452167511), (np.float64(41693.75655257067), 169.22216534614563), (np.float64(35679.412052249645), 169.23559427261353), (np.float64(30756.645179655396), 169.24443769454956), (np.float64(30663.409646999724), 169.30867290496826), (np.float64(25571.7701255301), 169.31997299194336), (np.float64(21768.732996428247), 169.43827509880066), (np.float64(19726.28309367026), 169.4704782962799), (np.float64(19364.55771170425), 170.0211489200592), (np.float64(19222.21908752154), 193.5229332447052), (np.float64(18499.507091570587), 195.84550499916077), (np.float64(18473.93295770666), 200.89934515953064), (np.float64(14899.890639320538), 201.20629811286926), (np.float64(13956.789892784096), 206.56859922409058), (np.float64(53977.350135705245), 206.5702600479126), (np.float64(41693.75655257067), 206.57566118240356), (np.float64(35679.412052249645), 206.5890793800354), (np.float64(30756.645179655396), 206.60188674926758), (np.float64(30663.409646999724), 206.67241668701172), (np.float64(25571.7701255301), 206.6889786720276), (np.float64(21768.732996428247), 206.79855394363403), (np.float64(19364.55771170425), 207.3702371120453), (np.float64(15269.70213037879), 207.8769130706787), (np.float64(14679.421967328812), 293.23571491241455), (np.float64(13852.761433023554), 301.21497678756714), (np.float64(13647.455161773929), 306.79180359840393), (np.float64(13171.134870233762), 340.9901132583618), (np.float64(13136.09838787003), 492.74895334243774), (np.float64(12604.909037361364), 1738.330281496048), (np.float64(12055.352614785572), 1780.7407376766205), (np.float64(53977.350135705245), 1780.742535352707), (np.float64(41693.75655257067), 1780.8100826740265), (np.float64(35679.412052249645), 1780.8290755748749), (np.float64(30756.645179655396), 1780.843458890915), (np.float64(30663.409646999724), 1780.9443838596344), (np.float64(25571.7701255301), 1780.9626722335815), (np.float64(24458.976641681496), 1781.1327874660492), (np.float64(22006.38201207354), 1781.1654295921326), (np.float64(21364.00938250551), 1782.6360573768616), (np.float64(19592.23609302887), 1786.0529375076294), (np.float64(15062.13809144834), 1790.9987502098083), (np.float64(14918.407805683966), 1791.1183495521545), (np.float64(13747.311592199245), 1828.773533821106), (np.float64(13650.065719814998), 1828.8638594150543), (np.float64(10686.415360885365), 1885.466474533081), (np.float64(53977.350135705245), 1885.4683084487915), (np.float64(41693.75655257067), 1885.4784364700317), (np.float64(35679.412052249645), 1885.4927167892456), (np.float64(30756.645179655396), 1885.507264137268), (np.float64(30663.409646999724), 1885.7175483703613), (np.float64(25571.7701255301), 1885.7359952926636), (np.float64(22006.38201207354), 1885.8158450126648), (np.float64(20151.35010500208), 1890.4685888290405), (np.float64(17708.532670776578), 1894.966560125351), (np.float64(15062.13809144834), 1902.2012026309967), (np.float64(12824.435795861058), 1950.436585187912), (np.float64(9948.834661093782), 1988.8143076896667), (np.float64(1844.1330189723121), 2035.5102579593658)]
uncertainty:
{'ate': np.float64(11977.213019453502), 'se': np.float64(35239.92463488512), 'ci': (np.float64(-57111.34909305423), np.float64(81065.77513196123)), 'significant': np.False_}
checked:
189498
