Starting EXP31.36, type=probe, run 2/3
Job 68240247, task 280
loaded cached data
loaded cached data
loaded cached data
loaded cached data
loaded cached data
loaded cached data
START ATE IS: 0.06199956377743449
PROBE TRIGGERED! Error reduced from inf to 0.122 (ATE went to 0.061974108844651765).
PROBE TRIGGERED! Error reduced from 0.122 to 0.062 (ATE went to 0.002336750959212609).
***
FINISHED
ATE before: 0.06199956377743449
ATE now is: -0.0051822180935292275
sequence is: (('bin_equal_frequency_2', 'wt'), ('norm_log', 'gestat10'))
***
Execution time: 13.439 sec
distances from ATE (with time):
[(np.float64(0.12199956377743448), 0), (np.float64(0.12197410884465176), 0.00858616828918457), (np.float64(0.12199956377743448), 0.011689901351928711), (np.float64(0.12197410884465176), 0.021930217742919922), (np.float64(0.1219673887161255), 0.07158279418945312), (np.float64(0.12196002153544275), 0.10133814811706543), (np.float64(0.06233675095921261), 0.1759333610534668), (np.float64(0.12199956377743448), 0.17891764640808105), (np.float64(0.12197410884465176), 0.1878495216369629), (np.float64(0.06233675095921261), 0.19634151458740234), (np.float64(0.06229550138789152), 9.742124557495117), (np.float64(0.06228750738398903), 9.945364713668823), (np.float64(0.06228452988859533), 9.966559648513794), (np.float64(0.062259213029858616), 9.987661361694336), (np.float64(0.06198420911160296), 13.08349061012268), (np.float64(0.05481778190647077), 13.437618732452393)]
uncertainty:
{'ate': np.float64(-0.0051822187928057956), 'se': np.float64(0.006586269377890464), 'ci': (np.float64(-0.018092696633127042), np.float64(0.007728259047515449)), 'significant': np.False_}
checked:
948
