Starting EXP30.2, type=probe_probs_with_restart, run 3/3
Job 68225820, task 116
loaded cached data
loaded cached data
loaded cached data
loaded cached data
loaded cached data
loaded cached data
START ATE IS: 8648.167249147928
PROBE TRIGGERED! Error reduced from inf to 7851.833 (ATE went to 8648.167249146953).
PROBE TRIGGERED! Error reduced from 7851.833 to 6257.415 (ATE went to 10242.585400102285).
PROBE TRIGGERED! Error reduced from 6257.415 to 1686.372 (ATE went to 14813.628112392931).
PROBE TRIGGERED! Error reduced from 1686.372 to 1405.863 (ATE went to 15094.136971571272).
PROBE TRIGGERED! Error reduced from 1405.863 to 1080.543 (ATE went to 15419.457133875001).
PROBE TRIGGERED! Error reduced from 1080.543 to 103.896 (ATE went to 16396.10412982053).
***
FINISHED
ATE before: 8648.167249147928
ATE now is: 16567.636452443076
sequence is: (('IQR', 'education'), ('norm_log', 'Age'), ('isolationForest', 'Age'))
***
Execution time: 274.984 sec
distances from ATE (with time):
[(np.float64(7851.832750852072), 0), (np.float64(7851.832750852072), 0.0947275161743164), (np.float64(7777.716145002802), 1.5378355979919434), (np.float64(6257.414599897715), 1.6826703548431396), (np.float64(7851.832750852072), 1.7065997123718262), (np.float64(6257.414599897715), 1.8603298664093018), (np.float64(6257.414599896754), 4.30852484703064), (np.float64(6236.816231736928), 4.96609091758728), (np.float64(1686.3718876070689), 7.854643821716309), (np.float64(7851.832750852072), 7.862560987472534), (np.float64(6257.414599897715), 7.975077867507935), (np.float64(1686.3718876070689), 9.564943552017212), (np.float64(1686.371887606907), 11.557913780212402), (np.float64(1686.3718876068488), 13.577113151550293), (np.float64(1659.9145582115252), 29.89640164375305), (np.float64(1405.8630284287283), 31.53925323486328), (np.float64(7851.832750852072), 31.547019958496094), (np.float64(6257.414599897715), 31.658203125), (np.float64(1686.3718876070689), 33.23562002182007), (np.float64(1686.371887606907), 34.873396158218384), (np.float64(1686.3718876068488), 36.53163933753967), (np.float64(1405.8630284287283), 41.64612579345703), (np.float64(1405.863028428641), 43.27249526977539), (np.float64(1080.542866124999), 112.60381937026978), (np.float64(7851.832750852072), 112.61122560501099), (np.float64(6257.414599897715), 112.72884035110474), (np.float64(1686.3718876070689), 114.32765579223633), (np.float64(1686.371887606907), 116.03914427757263), (np.float64(1686.3718876068488), 117.6932008266449), (np.float64(1080.542866124999), 121.36781167984009), (np.float64(103.89587017946906), 134.88970851898193), (np.float64(7851.832750852072), 134.897784948349), (np.float64(1686.3718876070689), 136.4950783252716), (np.float64(1405.863028428832), 138.2502052783966), (np.float64(1080.542866124999), 143.01275610923767), (np.float64(103.89587017946906), 148.2111439704895), (np.float64(67.63645244307554), 274.9829213619232)]
(REAL, NOT adjusted by restarts)probability of this sequence is: 2.542454292930162e-06
probability of this sequence is: 0.0018309942291116733
uncertainty:
{'ate': np.float64(16567.636452443563), 'se': np.float64(1030.7940945090309), 'ci': (np.float64(14547.290004037619), np.float64(18587.982900849507)), 'significant': np.True_}
checked:
501
