Starting EXP29.5, type=probe_probs_with_restart, run 1/3
Job 68225455, task 60
loaded cached data
loaded cached data
loaded cached data
loaded cached data
loaded cached data
loaded cached data
START ATE IS: 0.06468208740581805
PROBE TRIGGERED! Error reduced from inf to 0.125 (ATE went to 0.06468208688431942).
PROBE TRIGGERED! Error reduced from 0.125 to 0.100 (ATE went to 0.040391679517616234).
PROBE TRIGGERED! Error reduced from 0.100 to 0.089 (ATE went to 0.02928809719846818).
PROBE TRIGGERED! Error reduced from 0.089 to 0.069 (ATE went to 0.008740847467719439).
***
FINISHED
ATE before: 0.06468208740581805
ATE now is: -0.0005982702652551705
sequence is: (('IQR', 'gestat10'), ('bin_equal_frequency_2', 'wt'))
***
Execution time: 13666.893 sec
distances from ATE (with time):
[(np.float64(0.12468208740581804), 0), (np.float64(0.12468208688431942), 0.007353067398071289), (np.float64(0.12468208740581804), 0.012051820755004883), (np.float64(0.12468208688431942), 0.02280426025390625), (np.float64(0.12468208653005622), 0.04453730583190918), (np.float64(0.1246820860943717), 0.07557034492492676), (np.float64(0.1246647542523484), 0.6298923492431641), (np.float64(0.12464847827023401), 0.710529088973999), (np.float64(0.12462684327070313), 0.7487235069274902), (np.float64(0.12192911828370309), 0.7838246822357178), (np.float64(0.10039167951761624), 12.75899863243103), (np.float64(0.12468208740581804), 12.764373302459717), (np.float64(0.10039167951761624), 12.776634931564331), (np.float64(0.10039167951290631), 12.798393964767456), (np.float64(0.10039167820294592), 14.541786909103394), (np.float64(0.10039167808949431), 14.823116064071655), (np.float64(0.10037792522928107), 25.91923213005066), (np.float64(0.10036527351168795), 25.94747519493103), (np.float64(0.10034018087720388), 25.990902185440063), (np.float64(0.09288228490332645), 26.03811287879944), (np.float64(0.08928809719846817), 30.725800037384033), (np.float64(0.12468208740581804), 30.730424880981445), (np.float64(0.10039167951761624), 30.74378991127014), (np.float64(0.10039167951290631), 30.779718160629272), (np.float64(0.09327720370137438), 30.792750358581543), (np.float64(0.08928809719846817), 30.82352042198181), (np.float64(0.0892880967275883), 51.13925337791443), (np.float64(0.08813896713181166), 85.57632088661194), (np.float64(0.08776718350470065), 86.04290199279785), (np.float64(0.08737577583887784), 109.63162159919739), (np.float64(0.0838246140152272), 110.92810273170471), (np.float64(0.0838246139618322), 611.5130062103271), (np.float64(0.08373892935007597), 876.9019718170166), (np.float64(0.06874084746771944), 13666.317702293396), (np.float64(0.12468208740581804), 13666.32281780243), (np.float64(0.10039167951761624), 13666.796944141388), (np.float64(0.06874084746771944), 13666.814227581024), (np.float64(0.05940172973474483), 13666.89238858223)]
(REAL, NOT adjusted by restarts)probability of this sequence is: 3.4951592045017656e-15
probability of this sequence is: 0.032146024955565816
uncertainty:
{'ate': np.float64(-0.0005982705129239313), 'se': np.float64(0.009543992442476397), 'ci': (np.float64(-0.019309180148469617), np.float64(0.018112639122621756)), 'significant': np.False_}
checked:
560780
