Starting EXP29.4, type=probe_probs_with_restart, run 2/3
Job 68238530, task 52
loaded cached data
loaded cached data
loaded cached data
loaded cached data
loaded cached data
loaded cached data
START ATE IS: 0.06151611302627944
PROBE TRIGGERED! Error reduced from inf to 0.122 (ATE went to 0.06151611236068628).
PROBE TRIGGERED! Error reduced from 0.122 to 0.100 (ATE went to 0.03968070041828439).
PROBE TRIGGERED! Error reduced from 0.100 to 0.090 (ATE went to 0.029573296899276742).
PROBE TRIGGERED! Error reduced from 0.090 to 0.064 (ATE went to 0.00410762949722195).
***
FINISHED
ATE before: 0.06151611302627944
ATE now is: -0.0058240030498120515
sequence is: (('IQR', 'gestat10'), ('bin_equal_frequency_2', 'wt'))
***
Execution time: 9587.004 sec
distances from ATE (with time):
[(np.float64(0.12151611302627943), 0), (np.float64(0.12151611236068627), 0.00896596908569336), (np.float64(0.12151611302627943), 0.013756275177001953), (np.float64(0.12151611236068627), 0.026141881942749023), (np.float64(0.12151611114239388), 0.03842592239379883), (np.float64(0.12151611111824298), 0.19437599182128906), (np.float64(0.12140160152775965), 0.6516542434692383), (np.float64(0.11805592451885226), 0.8204848766326904), (np.float64(0.09968070041828439), 11.976983785629272), (np.float64(0.12151611302627943), 11.980574607849121), (np.float64(0.09968070041828439), 11.991880416870117), (np.float64(0.09968070016952427), 13.480778932571411), (np.float64(0.0996806996474347), 13.548447132110596), (np.float64(0.09968069934978618), 13.570784330368042), (np.float64(0.09956925203477135), 23.334181547164917), (np.float64(0.09955218253513431), 23.391025066375732), (np.float64(0.09076421887250496), 23.49485683441162), (np.float64(0.08957329689927673), 27.224575519561768), (np.float64(0.12151611302627943), 27.228044748306274), (np.float64(0.09968070041828439), 27.239476203918457), (np.float64(0.09208034363353619), 27.282445669174194), (np.float64(0.08957329689927673), 27.30677843093872), (np.float64(0.08957329538340712), 44.55278420448303), (np.float64(0.08859397974982877), 73.9850754737854), (np.float64(0.08631772219751327), 74.82770943641663), (np.float64(0.08364967307002472), 94.56271982192993), (np.float64(0.08349003627498475), 705.6896662712097), (np.float64(0.08349003514269597), 5146.127618551254), (np.float64(0.06410762949722194), 9586.726808309555), (np.float64(0.12151611302627943), 9586.73055768013), (np.float64(0.09968070041828439), 9586.937185049057), (np.float64(0.06410762949722194), 9586.947697162628), (np.float64(0.054175996950187946), 9587.003676652908)]
(REAL, NOT adjusted by restarts)probability of this sequence is: 3.4951592045017656e-15
probability of this sequence is: 0.032146024955565816
uncertainty:
{'ate': np.float64(-0.005824003085384779), 'se': np.float64(0.010896767491490128), 'ci': (np.float64(-0.02718849397760894), np.float64(0.015540487806839384)), 'significant': np.False_}
checked:
508031
