Starting EXP30.2, type=probe_probs_with_restart, run 1/3
Job 68225818, task 114
loaded cached data
loaded cached data
loaded cached data
loaded cached data
loaded cached data
loaded cached data
START ATE IS: 8832.602983184594
PROBE TRIGGERED! Error reduced from inf to 7667.397 (ATE went to 8832.602983183673).
PROBE TRIGGERED! Error reduced from 7667.397 to 6133.184 (ATE went to 10366.816027044137).
***
FINISHED
ATE before: 8832.602983184594
ATE now is: 16527.771928624905
sequence is: (('isolationForest', 'Age'),)
***
Execution time: 8.033 sec
distances from ATE (with time):
[(np.float64(7667.3970168154065), 0), (np.float64(7667.3970168154065), 0.09426999092102051), (np.float64(7667.397016814923), 0.3267405033111572), (np.float64(7667.3970168138585), 0.5624828338623047), (np.float64(7667.397016813409), 1.0036308765411377), (np.float64(7609.2635342223275), 1.5809874534606934), (np.float64(6133.183972955863), 1.731557846069336), (np.float64(7667.3970168154065), 1.7556257247924805), (np.float64(6133.183972955863), 1.9093914031982422), (np.float64(6133.183972954572), 4.414524555206299), (np.float64(6133.183972953946), 4.620515584945679), (np.float64(6125.602779561665), 5.09857177734375), (np.float64(27.77192862490483), 8.031476974487305)]
(REAL, NOT adjusted by restarts)probability of this sequence is: 0.006029684601113173
probability of this sequence is: 0.0038589981447124306
uncertainty:
{'ate': np.float64(16527.77192863181), 'se': np.float64(970.1997698598052), 'ci': (np.float64(14626.191954876858), np.float64(18429.351902386763)), 'significant': np.True_}
checked:
90
