Starting EXP30.2, type=probe_probs_no_restart, run 2/3
Job 68238618, task 112
loaded cached data
loaded cached data
loaded cached data
loaded cached data
loaded cached data
loaded cached data
START ATE IS: 8977.084143242902
***
FINISHED
ATE before: 8977.084143242902
ATE now is: 18220.415835725165
sequence is: (('norm_log', 'education'), ('bin_equal_width_5', 'education'), ('isolationForest', 'Age'))
***
Execution time: 917.567 sec
distances from ATE (with time):
[(np.float64(9796.915856757098), 0), (np.float64(9796.915856757), 0.133805513381958), (np.float64(9729.240613310867), 0.5634703636169434), (np.float64(8211.340469995019), 0.7048616409301758), (np.float64(3079.763710028701), 3.7950425148010254), (np.float64(3079.7637100283137), 23.252398014068604), (np.float64(3076.3963789658064), 45.458794593811035), (np.float64(1744.2565266999518), 82.81805443763733), (np.float64(1744.2565266997844), 307.41316056251526), (np.float64(1744.2565266983365), 311.9896512031555), (np.float64(1404.447133807178), 377.9808442592621), (np.float64(1021.7594007069238), 814.6795740127563), (np.float64(553.5841642748346), 917.5663478374481)]
probability of this sequence is: 1.8160387806644015e-07
uncertainty:
{'ate': np.float64(18220.415835725915), 'se': np.float64(832.1634105673435), 'ci': (np.float64(16589.387547594964), np.float64(19851.444123856865)), 'significant': np.True_}
checked:
2352
