Starting EXP30.7, type=probe_probs_with_restart, run 1/3
Job 68225874, task 159
loaded cached data
loaded cached data
loaded cached data
loaded cached data
loaded cached data
loaded cached data
START ATE IS: 8825.163067169702
PROBE TRIGGERED! Error reduced from inf to 7674.837 (ATE went to 8825.163067172947).
PROBE TRIGGERED! Error reduced from 7674.837 to 6122.835 (ATE went to 10377.165287171669).
PROBE TRIGGERED! Error reduced from 6122.835 to 1113.282 (ATE went to 15386.71832252664).
PROBE TRIGGERED! Error reduced from 1113.282 to 833.142 (ATE went to 15666.858443753188).
PROBE TRIGGERED! Error reduced from 833.142 to 579.135 (ATE went to 15920.86532680627).
PROBE TRIGGERED! Error reduced from 579.135 to 289.321 (ATE went to 16789.32138862917).
PROBE TRIGGERED! Error reduced from 289.321 to 148.546 (ATE went to 16648.54607353964).
PROBE TRIGGERED! Error reduced from 148.546 to 113.178 (ATE went to 16386.822282697787).
***
FINISHED
ATE before: 8825.163067169702
ATE now is: 16458.335973658126
sequence is: (('IQR', 'education'), ('bin_equal_width_5', 'education'), ('isolationForest', 'Age'), ('norm_log', 'education'))
***
Execution time: 3728.200 sec
distances from ATE (with time):
[(np.float64(7674.836932830298), 0), (np.float64(7674.836932827053), 0.19312000274658203), (np.float64(7674.836932830298), 0.2796602249145508), (np.float64(7674.836932827053), 0.5550928115844727), (np.float64(7674.836932820421), 1.8796520233154297), (np.float64(7674.8369328164445), 3.30602765083313), (np.float64(7614.390275431704), 5.110926151275635), (np.float64(6122.834712828331), 5.528460264205933), (np.float64(7674.836932830298), 5.59052848815918), (np.float64(7674.836932827053), 5.801851272583008), (np.float64(6122.834712828331), 6.015018701553345), (np.float64(6122.834712825468), 7.415994882583618), (np.float64(6122.834712819407), 13.873881578445435), (np.float64(6111.096234386017), 15.39992356300354), (np.float64(1113.28167747336), 24.403282642364502), (np.float64(7674.836932830298), 24.42600440979004), (np.float64(7674.836932827053), 24.622846364974976), (np.float64(6122.834712828331), 24.825363397598267), (np.float64(1113.28167747336), 29.515695333480835), (np.float64(1034.5962603916596), 46.03676986694336), (np.float64(1034.5962603913558), 84.7344114780426), (np.float64(833.1415562468119), 94.66006875038147), (np.float64(7674.836932830298), 94.68388390541077), (np.float64(7674.836932827053), 94.88613867759705), (np.float64(6122.834712828331), 95.08177375793457), (np.float64(1113.28167747336), 99.86440682411194), (np.float64(1034.5962603916596), 114.42780232429504), (np.float64(1034.5962603913558), 120.24182868003845), (np.float64(833.1415562468119), 124.98955655097961), (np.float64(833.141556245926), 129.68232798576355), (np.float64(579.1346731937301), 336.53729224205017), (np.float64(7674.836932830298), 336.5602779388428), (np.float64(7674.836932827053), 336.76919436454773), (np.float64(6122.834712828331), 336.9764835834503), (np.float64(1113.28167747336), 341.73042154312134), (np.float64(1034.5962603916596), 356.4293763637543), (np.float64(579.1346731937301), 361.75299429893494), (np.float64(289.32138862917054), 402.2757170200348), (np.float64(7674.836932830298), 402.29834175109863), (np.float64(1113.28167747336), 407.04967308044434), (np.float64(833.1415562452967), 412.33044266700745), (np.float64(579.1346731937301), 426.27541065216064), (np.float64(289.32138862917054), 441.6526668071747), (np.float64(148.54607353964093), 857.4635779857635), (np.float64(7674.836932830298), 857.485827922821), (np.float64(1113.28167747336), 862.5053288936615), (np.float64(833.1415562452967), 868.6507937908173), (np.float64(579.1346731937301), 883.3175845146179), (np.float64(289.32138862917054), 910.5661408901215), (np.float64(148.54607353964093), 975.3886544704437), (np.float64(148.5460735388806), 1619.9487493038177), (np.float64(148.5460735326451), 1923.7188243865967), (np.float64(113.17771730221284), 3508.594382286072), (np.float64(7674.836932830298), 3508.6135544776917), (np.float64(1113.28167747336), 3513.5576536655426), (np.float64(579.1346731937301), 3523.0238869190216), (np.float64(338.9934021524132), 3552.9817056655884), (np.float64(289.32138862917054), 3572.436145544052), (np.float64(113.17771730221284), 3601.3783395290375), (np.float64(41.66402634187398), 3728.199213027954)]
(REAL, NOT adjusted by restarts)probability of this sequence is: 2.358491922940781e-09
probability of this sequence is: 0.023468460545378517
uncertainty:
{'ate': np.float64(16458.335973664754), 'se': np.float64(510.58491217635367), 'ci': (np.float64(15457.60372894424), np.float64(17459.06821838527)), 'significant': np.True_}
checked:
1572
