Starting EXP30.5, type=probe_probs_with_restart, run 1/3
Job 68239511, task 141
loaded cached data
loaded cached data
loaded cached data
loaded cached data
loaded cached data
loaded cached data
START ATE IS: 8685.139324171429
PROBE TRIGGERED! Error reduced from inf to 10088.861 (ATE went to 8685.139324170928).
PROBE TRIGGERED! Error reduced from 10088.861 to 8527.945 (ATE went to 10246.054654207306).
PROBE TRIGGERED! Error reduced from 8527.945 to 4169.402 (ATE went to 14604.5980478921).
PROBE TRIGGERED! Error reduced from 4169.402 to 2570.992 (ATE went to 16203.007614030523).
PROBE TRIGGERED! Error reduced from 2570.992 to 1131.422 (ATE went to 19905.42181846211).
***
FINISHED
ATE before: 8685.139324171429
ATE now is: 18607.114130464593
sequence is: (('bin_equal_frequency_5', 'education'), ('norm_log', 'education'), ('norm_log', 'Age'), ('isolationForest', 'Age'))
***
Execution time: 771.869 sec
distances from ATE (with time):
[(np.float64(10088.860675828571), 0), (np.float64(10088.860675828571), 0.449678897857666), (np.float64(10088.860675827067), 1.3150670528411865), (np.float64(10088.860675823584), 1.5600106716156006), (np.float64(10088.860675821596), 1.801156997680664), (np.float64(10021.80944263772), 4.934860706329346), (np.float64(8527.945345792694), 5.3503336906433105), (np.float64(10088.860675828571), 5.401731967926025), (np.float64(8527.945345792694), 5.8830578327178955), (np.float64(8527.945345788952), 12.331430435180664), (np.float64(8527.945345784723), 12.507190942764282), (np.float64(8510.262344864224), 13.785565614700317), (np.float64(4169.401952107901), 20.33813977241516), (np.float64(10088.860675828571), 20.357253313064575), (np.float64(8527.945345792694), 20.652169942855835), (np.float64(4169.401952107901), 24.04430842399597), (np.float64(4169.401952107573), 28.35768485069275), (np.float64(4169.401952107022), 32.69337582588196), (np.float64(4169.401952100872), 46.365180015563965), (np.float64(4152.721983343528), 68.06463718414307), (np.float64(3880.0681135806462), 71.61581420898438), (np.float64(2570.9923859694773), 312.93025374412537), (np.float64(10088.860675828571), 312.9436459541321), (np.float64(4169.401952107901), 316.27950048446655), (np.float64(4169.401952107573), 323.37167286872864), (np.float64(3880.0681135813174), 327.61378955841064), (np.float64(2570.9923859694773), 331.265807390213), (np.float64(1131.4218184621095), 390.87513971328735), (np.float64(10088.860675828571), 390.8885531425476), (np.float64(8527.945345792694), 391.1900041103363), (np.float64(4169.401952107901), 394.5406095981598), (np.float64(3880.0681135813174), 398.31294798851013), (np.float64(2570.9923859694773), 401.8711450099945), (np.float64(1737.587016664038), 413.2483458518982), (np.float64(1131.4218184621095), 420.12863993644714), (np.float64(166.88586953540653), 771.8683626651764)]
(REAL, NOT adjusted by restarts)probability of this sequence is: 1.4740574518379878e-08
probability of this sequence is: 0.00058869525833308
uncertainty:
{'ate': np.float64(18607.114130460992), 'se': np.float64(837.8638710727555), 'ci': (np.float64(16964.918980268114), np.float64(20249.30928065387)), 'significant': np.True_}
checked:
770
