Starting EXP29.5, type=probe_probs_with_restart, run 3/3
Job 68225668, task 62
loaded cached data
loaded cached data
loaded cached data
loaded cached data
loaded cached data
loaded cached data
START ATE IS: 0.05951077029816093
PROBE TRIGGERED! Error reduced from inf to 0.120 (ATE went to 0.059510768945822884).
PROBE TRIGGERED! Error reduced from 0.120 to 0.094 (ATE went to 0.03404236718272393).
PROBE TRIGGERED! Error reduced from 0.094 to 0.083 (ATE went to 0.02280089528863008).
PROBE TRIGGERED! Error reduced from 0.083 to 0.062 (ATE went to 0.00193816205463435).
***
FINISHED
ATE before: 0.05951077029816093
ATE now is: -0.007086605867415735
sequence is: (('IQR', 'gestat10'), ('bin_equal_frequency_2', 'wt'))
***
Execution time: 14254.413 sec
distances from ATE (with time):
[(np.float64(0.11951077029816093), 0), (np.float64(0.11951076894582288), 0.00776219367980957), (np.float64(0.11951077029816093), 0.012771844863891602), (np.float64(0.11951076894582288), 0.022674560546875), (np.float64(0.11951076876672004), 0.0339503288269043), (np.float64(0.11951076772625609), 0.4357602596282959), (np.float64(0.11942195451215318), 0.6258416175842285), (np.float64(0.11935257607741875), 0.6483523845672607), (np.float64(0.11928967824957458), 0.7313380241394043), (np.float64(0.11587641190928438), 0.7569119930267334), (np.float64(0.09404236718272393), 13.916030168533325), (np.float64(0.11951077029816093), 13.920751571655273), (np.float64(0.09404236718272393), 13.934492588043213), (np.float64(0.09404236698953196), 16.047444820404053), (np.float64(0.09404236694436158), 16.06277108192444), (np.float64(0.09404236669590076), 16.10534143447876), (np.float64(0.09404236651634809), 16.18359065055847), (np.float64(0.09404236420654924), 16.296342372894287), (np.float64(0.09395246059960073), 28.384710550308228), (np.float64(0.09390925963284477), 28.415595054626465), (np.float64(0.09382761115683205), 28.531079053878784), (np.float64(0.084841528720955), 28.560701608657837), (np.float64(0.08280089528863008), 33.69255471229553), (np.float64(0.11951077029816093), 33.69745993614197), (np.float64(0.09404236718272393), 33.71084237098694), (np.float64(0.08557435806367594), 33.76570510864258), (np.float64(0.08280089528863008), 33.79515051841736), (np.float64(0.08280089475601349), 34.49192404747009), (np.float64(0.08280089456284848), 54.92806696891785), (np.float64(0.08280089245029579), 55.171314001083374), (np.float64(0.08280089187820452), 55.38771176338196), (np.float64(0.08254831586387332), 93.62388348579407), (np.float64(0.07977581829169178), 94.0006263256073), (np.float64(0.07705932311948388), 121.47329545021057), (np.float64(0.07705932112975798), 466.3518421649933), (np.float64(0.07705931937335306), 700.9327974319458), (np.float64(0.07705722820049266), 957.5830428600311), (np.float64(0.07704348418130835), 1790.8452854156494), (np.float64(0.07704314302843912), 1791.8295755386353), (np.float64(0.076999581352108), 1796.0235123634338), (np.float64(0.07695483006810569), 10236.164743900299), (np.float64(0.07680630044332969), 10236.656170606613), (np.float64(0.07673159202199394), 10966.645228385925), (np.float64(0.07667349574346374), 10967.17869091034), (np.float64(0.06193816205463435), 14253.840977668762), (np.float64(0.11951077029816093), 14253.847599983215), (np.float64(0.09404236718272393), 14254.31936955452), (np.float64(0.06193816205463435), 14254.332114219666), (np.float64(0.052913394132584265), 14254.412457704544)]
(REAL, NOT adjusted by restarts)probability of this sequence is: 3.4951592045017656e-15
probability of this sequence is: 0.032146024955565816
uncertainty:
{'ate': np.float64(-0.007086605181965612), 'se': np.float64(0.009489813097993226), 'ci': (np.float64(-0.025691285630881314), np.float64(0.01151807526695009)), 'significant': np.False_}
checked:
566094
