Starting EXP36.6, type=probe_probs_with_restart, run 3/3
Job 68243035, task 494
loaded cached data
loaded cached data
loaded cached data
loaded cached data
loaded cached data
loaded cached data
START ATE IS: 53408.681587541054
PROBE TRIGGERED! Error reduced from inf to 43275.602 (ATE went to 53408.68156640735).
PROBE TRIGGERED! Error reduced from 43275.602 to 37155.427 (ATE went to 47288.50688286076).
PROBE TRIGGERED! Error reduced from 37155.427 to 23439.315 (ATE went to 33572.39491912863).
PROBE TRIGGERED! Error reduced from 23439.315 to 15839.469 (ATE went to 25972.548549827898).
PROBE TRIGGERED! Error reduced from 15839.469 to 10124.528 (ATE went to 20257.608400868157).
PROBE TRIGGERED! Error reduced from 10124.528 to 5022.825 (ATE went to 15155.90511213085).
***
FINISHED
ATE before: 53408.681587541054
ATE now is: 12228.615424211757
sequence is: (('IQR', 'sqft_lot15'), ('norm_log', 'sqft_living'), ('IQR', 'sqft_basement'))
***
Execution time: 22.184 sec
distances from ATE (with time):
[(np.float64(43275.60158754105), 0), (np.float64(43275.60156640735), 0.0023369789123535156), (np.float64(43275.60158754105), 0.0042934417724609375), (np.float64(43275.60156640735), 0.008245468139648438), (np.float64(43275.6015583138), 0.01951885223388672), (np.float64(42912.76756813332), 0.0665891170501709), (np.float64(42641.469235189994), 0.0739433765411377), (np.float64(37155.42688286076), 0.08142852783203125), (np.float64(43275.60158754105), 0.08324575424194336), (np.float64(43275.60156640735), 0.08681869506835938), (np.float64(37155.42688286076), 0.09047889709472656), (np.float64(23439.31491912863), 0.17463397979736328), (np.float64(43275.60158754105), 0.17642807960510254), (np.float64(43275.60156640735), 0.17998385429382324), (np.float64(37155.42688286076), 0.1836683750152588), (np.float64(23439.31491912863), 0.18737125396728516), (np.float64(23439.314907160675), 0.19595813751220703), (np.float64(23293.30598058833), 0.4191572666168213), (np.float64(22552.098660033735), 3.398043632507324), (np.float64(15839.468549827898), 3.48828125), (np.float64(43275.60158754105), 3.4900107383728027), (np.float64(23439.31491912863), 3.493837594985962), (np.float64(23293.30599727747), 3.5099940299987793), (np.float64(15839.468549827898), 3.5197219848632812), (np.float64(15839.468545705031), 3.7378132343292236), (np.float64(15839.46854067547), 3.916947841644287), (np.float64(15839.468523066907), 6.3377063274383545), (np.float64(15839.468517050876), 6.375563144683838), (np.float64(15839.468513864338), 6.407504081726074), (np.float64(10124.528400868157), 6.7748799324035645), (np.float64(43275.60158754105), 6.776638031005859), (np.float64(23439.31491912863), 6.780606746673584), (np.float64(15839.468549827898), 6.801666021347046), (np.float64(10124.528400868157), 6.806643962860107), (np.float64(9966.241392926438), 6.973565340042114), (np.float64(9435.731332055513), 10.908312559127808), (np.float64(5022.825112130849), 14.62719178199768), (np.float64(43275.60158754105), 14.628937482833862), (np.float64(23439.31491912863), 14.63302993774414), (np.float64(10124.528400868157), 14.642497777938843), (np.float64(5022.825112130849), 14.729482889175415), (np.float64(5022.825096799457), 15.624773025512695), (np.float64(5022.82508901324), 21.94309663772583), (np.float64(2095.5354242117573), 22.183225393295288)]
(REAL, NOT adjusted by restarts)probability of this sequence is: 5.565294821493169e-07
probability of this sequence is: 0.0003414515929843637
uncertainty:
{'ate': np.float64(12228.615435647967), 'se': np.float64(27709.084765580967), 'ci': (np.float64(-42094.93182138222), np.float64(66552.16269267816)), 'significant': np.False_}
checked:
1978
