Starting EXP30.6, type=probe_probs_with_restart, run 2/3
Job 68239827, task 151
loaded cached data
loaded cached data
loaded cached data
loaded cached data
loaded cached data
loaded cached data
START ATE IS: 8762.118751546654
PROBE TRIGGERED! Error reduced from inf to 10011.881 (ATE went to 8762.118751548585).
PROBE TRIGGERED! Error reduced from 10011.881 to 8456.496 (ATE went to 10317.503509970029).
PROBE TRIGGERED! Error reduced from 8456.496 to 5024.603 (ATE went to 13749.39737077197).
PROBE TRIGGERED! Error reduced from 5024.603 to 3966.214 (ATE went to 14807.785774370015).
PROBE TRIGGERED! Error reduced from 3966.214 to 2765.772 (ATE went to 16008.228032380048).
PROBE TRIGGERED! Error reduced from 2765.772 to 2475.441 (ATE went to 16298.558516986886).
PROBE TRIGGERED! Error reduced from 2475.441 to 1941.264 (ATE went to 16832.735516517176).
PROBE TRIGGERED! Error reduced from 1941.264 to 1360.629 (ATE went to 17413.37052018796).
***
FINISHED
ATE before: 8762.118751546654
ATE now is: 18442.526570771166
sequence is: (('norm_log', 'education'), ('IQR', 'education'), ('bin_equal_frequency_5', 'education'), ('isolationForest', 'Age'))
***
Execution time: 2797.200 sec
distances from ATE (with time):
[(np.float64(10011.881248453346), 0), (np.float64(10011.881248451415), 0.18486785888671875), (np.float64(10011.881248453346), 0.2662174701690674), (np.float64(10011.881248451415), 0.5276217460632324), (np.float64(10011.881248450538), 1.0243947505950928), (np.float64(10011.881248448452), 2.5734896659851074), (np.float64(9964.792468595744), 4.979752540588379), (np.float64(8456.496490029971), 5.431230545043945), (np.float64(10011.881248453346), 5.490802764892578), (np.float64(10011.881248451415), 5.718637228012085), (np.float64(8456.496490029971), 5.95363187789917), (np.float64(8456.496490028176), 7.536307096481323), (np.float64(5024.602629228029), 23.818410634994507), (np.float64(10011.881248453346), 23.83981966972351), (np.float64(10011.881248451415), 24.03430938720703), (np.float64(8456.496490029971), 24.23483419418335), (np.float64(5024.602629228029), 28.347110509872437), (np.float64(5024.6026292277365), 33.84060597419739), (np.float64(5024.602629227566), 39.27687478065491), (np.float64(3966.214225629985), 43.3972282409668), (np.float64(10011.881248453346), 43.42033267021179), (np.float64(8456.496490029971), 43.64645862579346), (np.float64(5024.602629228029), 47.809728384017944), (np.float64(4809.871983728333), 52.12747240066528), (np.float64(3966.214225629985), 56.282368898391724), (np.float64(3966.214225629412), 74.31428003311157), (np.float64(3966.2142256226543), 125.70498943328857), (np.float64(3966.2142256226216), 150.22981572151184), (np.float64(2765.771967619952), 287.82431960105896), (np.float64(10011.881248453346), 287.84629225730896), (np.float64(8456.496490029971), 288.04314708709717), (np.float64(5024.602629228029), 292.1878628730774), (np.float64(4809.871983728333), 296.75594305992126), (np.float64(3966.214225629985), 300.8489046096802), (np.float64(2765.771967619952), 309.41444993019104), (np.float64(2475.4414830131136), 323.84384655952454), (np.float64(10011.881248453346), 323.86530113220215), (np.float64(5024.602629228029), 327.9878692626953), (np.float64(4809.871983728333), 332.45154428482056), (np.float64(3966.214225629985), 340.5894854068756), (np.float64(2765.771967619952), 344.6227984428406), (np.float64(2475.4414830131136), 353.4362072944641), (np.float64(1941.2644834828243), 365.62812304496765), (np.float64(10011.881248453346), 365.64972043037415), (np.float64(8456.496490029971), 365.85053730010986), (np.float64(5024.602629228029), 369.97550106048584), (np.float64(4809.871983728333), 374.0840051174164), (np.float64(3966.214225629985), 378.4011652469635), (np.float64(2765.771967619952), 387.0498642921448), (np.float64(2475.4414830131136), 391.3512852191925), (np.float64(1941.2644834828243), 399.5158648490906), (np.float64(1941.2644834772145), 694.3586831092834), (np.float64(1360.6294798120398), 1039.213313817978), (np.float64(10011.881248453346), 1039.2337560653687), (np.float64(8456.496490029971), 1039.439683675766), (np.float64(5024.602629228029), 1043.842344045639), (np.float64(4809.871983728333), 1048.2210698127747), (np.float64(3966.214225629985), 1056.7105798721313), (np.float64(2765.771967619952), 1060.8033475875854), (np.float64(2475.4414830131136), 1065.1049690246582), (np.float64(1941.2644834828243), 1073.6009199619293), (np.float64(1360.6294798120398), 1138.3094789981842), (np.float64(1360.629479812007), 2067.049399137497), (np.float64(1360.6294796375441), 2083.400771856308), (np.float64(331.473429228834), 2797.199219226837)]
(REAL, NOT adjusted by restarts)probability of this sequence is: 5.896229807351952e-09
probability of this sequence is: 0.00010694794307148052
uncertainty:
{'ate': np.float64(18442.52657077508), 'se': np.float64(748.7385811875823), 'ci': (np.float64(16975.017507355904), np.float64(19910.035634194257)), 'significant': np.True_}
checked:
1464
