Starting EXP31.15, type=probe_probs_with_restart, run 3/3
Job 68239910, task 224
loaded cached data
loaded cached data
loaded cached data
loaded cached data
loaded cached data
loaded cached data
START ATE IS: -0.024663864836921574
***
FINISHED
ATE before: -0.024663864836921574
ATE now is: -0.024663864836921432
sequence is: (('norm_min_max', 'mpre5'),)
***
Execution time: 0.005 sec
distances from ATE (with time):
[(np.float64(0.03533613516307842), 0)]
(REAL, NOT adjusted by restarts)probability of this sequence is: 0.03852813852813853
probability of this sequence is: 0.03852813852813853
uncertainty:
{'ate': np.float64(-0.02466386483692383), 'se': np.float64(0.007366448706958761), 'ci': (np.float64(-0.03910365482766505), np.float64(-0.010224074846182611)), 'significant': np.True_}
checked:
1
