Starting EXP29.7, type=probe, run 1/3
Job 68225738, task 72
loaded cached data
loaded cached data
loaded cached data
loaded cached data
loaded cached data
loaded cached data
START ATE IS: 0.0651155290790474
PROBE TRIGGERED! Error reduced from inf to 0.125 (ATE went to 0.06510190178810825).
PROBE TRIGGERED! Error reduced from 0.125 to 0.066 (ATE went to 0.005604290926123516).
***
FINISHED
ATE before: 0.0651155290790474
ATE now is: -0.002205796487002428
sequence is: (('bin_equal_frequency_2', 'wt'), ('norm_log', 'gestat10'))
***
Execution time: 32.059 sec
distances from ATE (with time):
[(np.float64(0.12511552907904738), 0), (np.float64(0.12510190178810826), 0.044394493103027344), (np.float64(0.12511552907904738), 0.05105733871459961), (np.float64(0.12510190178810826), 0.0684502124786377), (np.float64(0.12504434759546768), 0.13435578346252441), (np.float64(0.12500198772640309), 0.8863365650177002), (np.float64(0.12498993901444592), 0.9015207290649414), (np.float64(0.06560429092612352), 0.9338922500610352), (np.float64(0.12511552907904738), 0.9393110275268555), (np.float64(0.12510190178810826), 0.9561755657196045), (np.float64(0.06560429092612352), 0.9728391170501709), (np.float64(0.06559797236152594), 0.9941232204437256), (np.float64(0.06549225103840267), 24.36188578605652), (np.float64(0.06547054224623126), 24.809492349624634), (np.float64(0.06540378024426816), 24.91141963005066), (np.float64(0.05779420351299757), 32.05901002883911)]
uncertainty:
{'ate': np.float64(-0.0022057964939822417), 'se': np.float64(0.007853164926389454), 'ci': (np.float64(-0.017600499642545134), np.float64(0.013188906654580652)), 'significant': np.False_}
checked:
1309
