Starting EXP31.27, type=probe_probs_no_restart, run 2/3
Job 68239992, task 256
loaded cached data
loaded cached data
loaded cached data
loaded cached data
loaded cached data
loaded cached data
START ATE IS: -0.024891102590361345
***
FINISHED
ATE before: -0.024891102590361345
ATE now is: -0.024891102590361345
sequence is: (('norm_min_max', 'othermr'),)
***
Execution time: 0.008 sec
distances from ATE (with time):
[(np.float64(0.035108897409638656), 0)]
probability of this sequence is: 0.021404521404521405
uncertainty:
{'ate': np.float64(-0.024891102565522114), 'se': np.float64(0.00721589231807816), 'ci': (np.float64(-0.039035772564900484), np.float64(-0.010746432566143741)), 'significant': np.True_}
checked:
1
