Starting EXP31.36, type=probe_probs_with_restart, run 3/3
Job 68226150, task 287
loaded cached data
loaded cached data
loaded cached data
loaded cached data
loaded cached data
loaded cached data
START ATE IS: 0.06121698899157823
PROBE TRIGGERED! Error reduced from inf to 0.121 (ATE went to 0.0612169889905821).
PROBE TRIGGERED! Error reduced from 0.121 to 0.097 (ATE went to 0.036939122512741875).
PROBE TRIGGERED! Error reduced from 0.097 to 0.086 (ATE went to 0.02579313565999219).
PROBE TRIGGERED! Error reduced from 0.086 to 0.062 (ATE went to 0.001926901811817958).
***
FINISHED
ATE before: 0.06121698899157823
ATE now is: -0.007519526134367678
sequence is: (('IQR', 'gestat10'), ('bin_equal_frequency_2', 'wt'))
***
Execution time: 6037.891 sec
distances from ATE (with time):
[(np.float64(0.12121698899157823), 0), (np.float64(0.1212169889905821), 0.00873112678527832), (np.float64(0.12121698899157823), 0.014449834823608398), (np.float64(0.1212169889905821), 0.03032064437866211), (np.float64(0.1212169889889823), 0.19023919105529785), (np.float64(0.12121518304558418), 0.5144481658935547), (np.float64(0.12118294824905776), 0.5404770374298096), (np.float64(0.11831549714670231), 0.5548655986785889), (np.float64(0.11741394688082657), 0.7167947292327881), (np.float64(0.09693912251274187), 11.166194200515747), (np.float64(0.12121698899157823), 11.170907735824585), (np.float64(0.09693912251274187), 11.183455467224121), (np.float64(0.09693912251269471), 12.079730033874512), (np.float64(0.09693912251269077), 12.811087846755981), (np.float64(0.09693651542578213), 13.468001127243042), (np.float64(0.09693461199239264), 14.071632146835327), (np.float64(0.09692812314189184), 14.145066022872925), (np.float64(0.09691113420056999), 14.196887493133545), (np.float64(0.09649870633206159), 14.303039312362671), (np.float64(0.08766451968702674), 14.329728603363037), (np.float64(0.08579313565999219), 24.79019594192505), (np.float64(0.12121698899157823), 24.795124053955078), (np.float64(0.09693912251274187), 24.806464195251465), (np.float64(0.08788745849323563), 24.853475093841553), (np.float64(0.08579313565999219), 24.879799842834473), (np.float64(0.08579313565994487), 25.348795413970947), (np.float64(0.08579313565993459), 35.90799427032471), (np.float64(0.08579313565992186), 35.96164393424988), (np.float64(0.0857931356598251), 36.13411474227905), (np.float64(0.08579313565977602), 36.252753257751465), (np.float64(0.0857931356597259), 36.66819882392883), (np.float64(0.08577730608058884), 51.14541506767273), (np.float64(0.08554563277655931), 51.390007972717285), (np.float64(0.08190147810953767), 51.42334175109863), (np.float64(0.0797541217016948), 51.440694093704224), (np.float64(0.07975412170168623), 196.19906449317932), (np.float64(0.0797541217016794), 196.5760157108307), (np.float64(0.07975412170161364), 196.62459015846252), (np.float64(0.07975019370796742), 810.3182694911957), (np.float64(0.07973203901435527), 810.564531326294), (np.float64(0.07934713178555425), 3556.2310655117035), (np.float64(0.06192690181181795), 6037.5986342430115), (np.float64(0.12121698899157823), 6037.605087757111), (np.float64(0.09693912251274187), 6037.771146059036), (np.float64(0.06192690181181795), 6037.791044473648), (np.float64(0.05248047386563232), 6037.890029668808)]
(REAL, NOT adjusted by restarts)probability of this sequence is: 7.014590347923682e-15
probability of this sequence is: 0.032206868687051915
uncertainty:
{'ate': np.float64(-0.007519526134524029), 'se': np.float64(0.006837102189399213), 'ci': (np.float64(-0.020921788278304668), np.float64(0.005882736009256611)), 'significant': np.False_}
checked:
158354
