Starting EXP30.2, type=probe, run 2/3
Job 68225812, task 109
loaded cached data
loaded cached data
loaded cached data
loaded cached data
loaded cached data
loaded cached data
START ATE IS: 8512.78982994789
PROBE TRIGGERED! Error reduced from inf to 9940.036 (ATE went to 6559.9638367221705).
PROBE TRIGGERED! Error reduced from 9940.036 to 8389.557 (ATE went to 8110.443127958516).
PROBE TRIGGERED! Error reduced from 8389.557 to 5335.754 (ATE went to 11164.245936115676).
PROBE TRIGGERED! Error reduced from 5335.754 to 2782.949 (ATE went to 13717.050937251359).
PROBE TRIGGERED! Error reduced from 2782.949 to 400.502 (ATE went to 16099.49779532449).
PROBE TRIGGERED! Error reduced from 400.502 to 313.659 (ATE went to 16186.340657537487).
***
FINISHED
ATE before: 8512.78982994789
ATE now is: 16542.42259412332
sequence is: (('bin_equal_frequency_5', 'education'), ('bin_equal_width_10', 'Age'), ('isolationForest', 'Age'))
***
Execution time: 790.631 sec
distances from ATE (with time):
[(np.float64(7987.210170052111), 0), (np.float64(7987.210170052111), 0.09422135353088379), (np.float64(7987.210170052111), 0.3412930965423584), (np.float64(5335.754063884324), 2.3691046237945557), (np.float64(7987.210170052111), 2.391852617263794), (np.float64(5335.754063884324), 2.611145496368408), (np.float64(2782.949062748641), 9.725417137145996), (np.float64(7987.210170052111), 9.733307838439941), (np.float64(5335.754063884324), 9.862124919891357), (np.float64(2782.949062748641), 11.437103509902954), (np.float64(400.50220467550935), 14.648538589477539), (np.float64(7987.210170052111), 14.656270265579224), (np.float64(5335.754063884324), 14.718745231628418), (np.float64(2782.949062748641), 16.30802631378174), (np.float64(400.50220467550935), 18.00042986869812), (np.float64(313.65934246251345), 26.213003396987915), (np.float64(7987.210170052111), 26.21846294403076), (np.float64(5335.754063884324), 26.341532945632935), (np.float64(2782.949062748641), 27.93598961830139), (np.float64(400.50220467550935), 31.148853063583374), (np.float64(313.65934246251345), 32.82383990287781), (np.float64(313.65934246233155), 172.32604312896729), (np.float64(313.6593424560506), 178.8244113922119), (np.float64(313.65934245592143), 198.27536702156067), (np.float64(313.6593424559014), 204.7436773777008), (np.float64(42.42259412331987), 790.6302623748779)]
uncertainty:
{'ate': np.float64(16542.422594124095), 'se': np.float64(1449.5686150958497), 'ci': (np.float64(13701.252224751828), np.float64(19383.59296349636)), 'significant': np.True_}
checked:
1486
