Starting EXP31.12, type=probe, run 1/3
Job 68225922, task 207
loaded cached data
loaded cached data
loaded cached data
loaded cached data
loaded cached data
loaded cached data
START ATE IS: -0.02489110143123837
***
FINISHED
ATE before: -0.02489110143123837
ATE now is: -0.02489110143123837
sequence is: (('bin_equal_frequency_2', 'preterm'),)
***
Execution time: 0.004 sec
distances from ATE (with time):
[(np.float64(0.03510889856876163), 0)]
uncertainty:
{'ate': np.float64(-0.02489110143124064), 'se': np.float64(0.007384827682437831), 'ci': (np.float64(-0.039366917515136136), np.float64(-0.01041528534734514)), 'significant': np.True_}
checked:
1
