Starting EXP29.5, type=probe, run 1/3
Job 68225347, task 54
loaded cached data
loaded cached data
loaded cached data
loaded cached data
loaded cached data
loaded cached data
START ATE IS: 0.05867861166939596
PROBE TRIGGERED! Error reduced from inf to 0.119 (ATE went to 0.05861457131265909).
PROBE TRIGGERED! Error reduced from 0.119 to 0.061 (ATE went to 0.0009559630974366891).
***
FINISHED
ATE before: 0.05867861166939596
ATE now is: -0.00676736231865493
sequence is: (('bin_equal_frequency_2', 'wt'), ('norm_log', 'gestat10'))
***
Execution time: 20.191 sec
distances from ATE (with time):
[(np.float64(0.11867861166939596), 0), (np.float64(0.1186145713126591), 0.02437448501586914), (np.float64(0.11867861166939596), 0.028168678283691406), (np.float64(0.1186145713126591), 0.037294626235961914), (np.float64(0.11846752848191003), 0.0626668930053711), (np.float64(0.060955963097436686), 0.44677281379699707), (np.float64(0.11867861166939596), 0.45050740242004395), (np.float64(0.1186145713126591), 0.45947837829589844), (np.float64(0.060955963097436686), 0.4685366153717041), (np.float64(0.06085610258504695), 0.47917604446411133), (np.float64(0.06077345338911054), 15.284117698669434), (np.float64(0.0607072721264559), 15.455264806747437), (np.float64(0.0605165020846587), 15.59506344795227), (np.float64(0.05323263768134507), 20.190823078155518)]
uncertainty:
{'ate': np.float64(-0.006767362490708596), 'se': np.float64(0.009419604864380215), 'ci': (np.float64(-0.025234136574409656), np.float64(0.011699411592992466)), 'significant': np.False_}
checked:
1313
