Starting EXP34.3, type=probe_probs_with_restart, run 1/3
Job 68242789, task 411
loaded cached data
loaded cached data
loaded cached data
loaded cached data
loaded cached data
loaded cached data
START ATE IS: 8774.433205346428
PROBE TRIGGERED! Error reduced from inf to 9999.567 (ATE went to 8774.433205241749).
PROBE TRIGGERED! Error reduced from 9999.567 to 8436.798 (ATE went to 10337.201961081437).
PROBE TRIGGERED! Error reduced from 8436.798 to 3184.301 (ATE went to 15589.699190009496).
PROBE TRIGGERED! Error reduced from 3184.301 to 1276.286 (ATE went to 17497.713887514612).
***
FINISHED
ATE before: 8774.433205346428
ATE now is: 18821.61046270913
sequence is: (('norm_log', 'education'), ('bin_equal_width_5', 'education'), ('isolationForest', 'Age'))
***
Execution time: 16134.171 sec
distances from ATE (with time):
[(np.float64(9999.566794653572), 0), (np.float64(9999.566794653572), 1.633263111114502), (np.float64(9999.566794624376), 8.352132797241211), (np.float64(9935.720210075255), 37.809651136398315), (np.float64(8436.798038918563), 41.1485641002655), (np.float64(9999.566794653572), 41.726261377334595), (np.float64(8436.798038918563), 45.20217704772949), (np.float64(8436.798038892484), 104.18558430671692), (np.float64(8422.648919237667), 119.5322208404541), (np.float64(3184.3008099905037), 181.33653330802917), (np.float64(9999.566794653572), 181.47511458396912), (np.float64(8436.798038918563), 184.4197280406952), (np.float64(3184.3008099905037), 211.02273082733154), (np.float64(3184.3008099727103), 376.3826549053192), (np.float64(3184.300809457127), 404.00533151626587), (np.float64(3177.0354399614207), 584.080052614212), (np.float64(2898.572903620201), 614.0724844932556), (np.float64(1276.286112485388), 2721.4902245998383), (np.float64(9999.566794653572), 2721.6188158988953), (np.float64(3184.3008099905037), 2749.9971718788147), (np.float64(2898.5729035854947), 2847.663177728653), (np.float64(1276.286112485388), 2876.879515647888), (np.float64(1276.2861124826304), 3369.890866756439), (np.float64(1276.2861124449919), 4873.177485466003), (np.float64(1276.286112433947), 6606.630216836929), (np.float64(1276.2861123419025), 10260.888132810593), (np.float64(1223.0430652107207), 15010.573740243912), (np.float64(1223.0430647136309), 15099.807820796967), (np.float64(47.61046270912993), 16134.170244932175)]
(REAL, NOT adjusted by restarts)probability of this sequence is: 1.8160387806644015e-07
probability of this sequence is: 1.9460371921559475e-05
uncertainty:
{'ate': np.float64(18844.77011214858), 'se': np.float64(256.641808155588), 'ci': (np.float64(18341.761030428137), np.float64(19347.779193869024)), 'significant': np.True_}
checked:
1160
