Starting EXP32.3, type=probe, run 2/3
Job 68226381, task 325
loaded cached data
loaded cached data
loaded cached data
loaded cached data
loaded cached data
loaded cached data
START ATE IS: 14942.096389705364
PROBE TRIGGERED! Error reduced from inf to 2257.785 (ATE went to 14242.215073880303).
PROBE TRIGGERED! Error reduced from 2257.785 to 1809.259 (ATE went to 14690.740912428797).
PROBE TRIGGERED! Error reduced from 1809.259 to 1475.352 (ATE went to 15024.648198565328).
PROBE TRIGGERED! Error reduced from 1475.352 to 463.079 (ATE went to 16963.079022957314).
***
FINISHED
ATE before: 14942.096389705364
ATE now is: 16562.839904302517
sequence is: (('norm_log', 'education'), ('bin_equal_frequency_5', 'Age'))
***
Execution time: 13.280 sec
distances from ATE (with time):
[(np.float64(1557.9036102946357), 0), (np.float64(1557.9036102946357), 0.3052709102630615), (np.float64(1557.9036102946357), 1.622103214263916), (np.float64(1475.3518014346719), 5.512127637863159), (np.float64(1557.9036102946357), 5.581565618515015), (np.float64(1475.3518014346719), 6.400698184967041), (np.float64(463.079022957314), 11.740233898162842), (np.float64(1557.9036102946357), 11.814258337020874), (np.float64(1475.3518014346719), 12.257096767425537), (np.float64(463.079022957314), 12.424942016601562), (np.float64(62.839904302516516), 13.279435157775879)]
uncertainty:
{'ate': np.float64(16562.839904289314), 'se': np.float64(148.55855349632373), 'ci': (np.float64(16271.67019326567), np.float64(16854.009615312956)), 'significant': np.True_}
checked:
52
