Starting EXP34.4, type=probe_probs_with_restart, run 2/3
Job 68227995, task 79
loaded cached data
loaded cached data
loaded cached data
loaded cached data
loaded cached data
loaded cached data
START ATE IS: 8774.433204712712
PROBE TRIGGERED! Error reduced from inf to 7725.567 (ATE went to 8774.433204712943).
PROBE TRIGGERED! Error reduced from 7725.567 to 6162.798 (ATE went to 10337.201960424436).
PROBE TRIGGERED! Error reduced from 6162.798 to 1994.453 (ATE went to 14505.546547239326).
PROBE TRIGGERED! Error reduced from 1994.453 to 1740.810 (ATE went to 14759.189693007082).
PROBE TRIGGERED! Error reduced from 1740.810 to 1448.199 (ATE went to 15051.800809391334).
PROBE TRIGGERED! Error reduced from 1448.199 to 1206.818 (ATE went to 15293.181983667417).
***
FINISHED
ATE before: 8774.433204712712
ATE now is: 16439.841105172818
sequence is: (('IQR', 'education'), ('isolationForest', 'Age'))
***
Execution time: 5938.097 sec
distances from ATE (with time):
[(np.float64(7725.566795287288), 0), (np.float64(7725.566795287057), 1.7475521564483643), (np.float64(7725.566795287288), 2.8836584091186523), (np.float64(7725.566795287057), 6.1320202350616455), (np.float64(7725.5667952632175), 8.99980640411377), (np.float64(7725.566795252898), 20.264256954193115), (np.float64(7661.720211046799), 64.21791744232178), (np.float64(6162.798039575564), 69.91303300857544), (np.float64(7725.566795287288), 71.02629280090332), (np.float64(7725.566795287057), 74.01732969284058), (np.float64(6162.798039575564), 76.72166037559509), (np.float64(6162.798039575475), 95.9119975566864), (np.float64(6162.7980395516315), 176.63971662521362), (np.float64(6162.798039542669), 186.39164066314697), (np.float64(6148.648920277701), 209.4277687072754), (np.float64(1994.4534527606738), 305.9620063304901), (np.float64(7725.566795287288), 306.22982478141785), (np.float64(7725.566795287057), 309.0949378013611), (np.float64(6162.798039575564), 311.75425577163696), (np.float64(1994.4534527606738), 348.7806005477905), (np.float64(1845.458258424187), 494.6535425186157), (np.float64(1845.4582584241234), 903.2575554847717), (np.float64(1740.8103069929184), 1013.7044727802277), (np.float64(7725.566795287288), 1013.9966871738434), (np.float64(7725.566795287057), 1017.0247509479523), (np.float64(6162.798039575564), 1020.8860747814178), (np.float64(1994.4534527606738), 1073.3338160514832), (np.float64(1845.458258424187), 1213.4560284614563), (np.float64(1845.4582584241234), 1266.3239850997925), (np.float64(1740.8103069929184), 1301.156839132309), (np.float64(1740.8103069904537), 1336.4511818885803), (np.float64(1448.199190608666), 2277.901437520981), (np.float64(7725.566795287288), 2278.150234222412), (np.float64(7725.566795287057), 2280.782117843628), (np.float64(6162.798039575564), 2283.4213263988495), (np.float64(1994.4534527606738), 2319.102358818054), (np.float64(1845.458258424187), 2433.294538259506), (np.float64(1448.199190608666), 2517.5429770946503), (np.float64(1206.8180163325833), 2770.0313189029694), (np.float64(7725.566795287288), 2770.260746240616), (np.float64(1994.4534527606738), 2804.676285982132), (np.float64(1973.4577039936994), 2845.644984960556), (np.float64(1740.8103069894696), 2878.6666729450226), (np.float64(1448.199190608666), 2912.753992795944), (np.float64(1448.1991905972682), 4269.380067586899), (np.float64(1448.1991905922641), 4442.111462593079), (np.float64(1448.199190586627), 5628.6359603405), (np.float64(1448.1991905848972), 5721.888004541397), (np.float64(60.15889482718194), 5938.096817731857)]
(REAL, NOT adjusted by restarts)probability of this sequence is: 7.8307592222249e-05
probability of this sequence is: 0.0020153788879308013
uncertainty:
{'ate': np.float64(16439.841105114407), 'se': np.float64(218.3978928436285), 'ci': (np.float64(16011.788822266899), np.float64(16867.893387961914)), 'significant': np.True_}
checked:
440
