Starting EXP31.12, type=probe_probs_with_restart, run 1/3
Job 68239897, task 213
loaded cached data
loaded cached data
loaded cached data
loaded cached data
loaded cached data
loaded cached data
START ATE IS: -0.02466386483692095
***
FINISHED
ATE before: -0.02466386483692095
ATE now is: -0.024663864836921623
sequence is: (('norm_min_max', 'mpre5'),)
***
Execution time: 0.004 sec
distances from ATE (with time):
[(np.float64(0.03533613516307905), 0), (np.float64(0.035336135163078375), 0.003879547119140625)]
(REAL, NOT adjusted by restarts)probability of this sequence is: 0.04816017316017316
probability of this sequence is: 0.04816017316017316
uncertainty:
{'ate': np.float64(-0.024663864836923843), 'se': np.float64(0.007391519089170809), 'ci': (np.float64(-0.03915279748594103), np.float64(-0.010174932187906658)), 'significant': np.True_}
checked:
1
