Starting EXP31.36, type=probe, run 1/3
Job 68226135, task 279
loaded cached data
loaded cached data
loaded cached data
loaded cached data
loaded cached data
loaded cached data
START ATE IS: 0.0621814536802833
PROBE TRIGGERED! Error reduced from inf to 0.122 (ATE went to 0.062138614015996636).
PROBE TRIGGERED! Error reduced from 0.122 to 0.063 (ATE went to 0.00256876403876896).
***
FINISHED
ATE before: 0.0621814536802833
ATE now is: -0.005015597675318409
sequence is: (('bin_equal_frequency_2', 'wt'), ('norm_log', 'gestat10'))
***
Execution time: 19.625 sec
distances from ATE (with time):
[(np.float64(0.1221814536802833), 0), (np.float64(0.12213861401599663), 0.04657745361328125), (np.float64(0.1221814536802833), 0.0520937442779541), (np.float64(0.12213861401599663), 0.06612181663513184), (np.float64(0.06256876403876896), 0.5022077560424805), (np.float64(0.1221814536802833), 0.5076766014099121), (np.float64(0.12213861401599663), 0.5217404365539551), (np.float64(0.06256876403876896), 0.5358340740203857), (np.float64(0.06253187383107928), 14.52207899093628), (np.float64(0.06252835811112233), 14.712971687316895), (np.float64(0.06251852884270002), 14.9436194896698), (np.float64(0.06251561484178264), 14.985522985458374), (np.float64(0.062231571062439525), 19.5389142036438), (np.float64(0.05498440232468159), 19.624056100845337)]
uncertainty:
{'ate': np.float64(-0.005015598241288596), 'se': np.float64(0.0066025328852224365), 'ci': (np.float64(-0.01795795598796778), np.float64(0.00792675950539059)), 'significant': np.False_}
checked:
982
