Starting EXP30.1, type=probe_probs_with_restart, run 1/3
Job 68225807, task 105
loaded cached data
loaded cached data
loaded cached data
loaded cached data
loaded cached data
loaded cached data
START ATE IS: 8974.214583573861
PROBE TRIGGERED! Error reduced from inf to 7525.785 (ATE went to 8974.214583574452).
PROBE TRIGGERED! Error reduced from 7525.785 to 5938.787 (ATE went to 10561.213445576668).
PROBE TRIGGERED! Error reduced from 5938.787 to 1352.608 (ATE went to 15147.392473508193).
PROBE TRIGGERED! Error reduced from 1352.608 to 1044.243 (ATE went to 15455.757054504276).
PROBE TRIGGERED! Error reduced from 1044.243 to 343.417 (ATE went to 16156.583331160316).
***
FINISHED
ATE before: 8974.214583573861
ATE now is: 16437.338510611735
sequence is: (('norm_log', 'education'), ('norm_min_max', 'Age'), ('IQR', 'education'), ('isolationForest', 'Age'))
***
Execution time: 135.373 sec
distances from ATE (with time):
[(np.float64(7525.785416426139), 0), (np.float64(7525.785416425548), 0.023635387420654297), (np.float64(7525.785416426139), 0.03593635559082031), (np.float64(7525.785416425548), 0.07146811485290527), (np.float64(7525.785416425477), 0.18373894691467285), (np.float64(7525.785416424704), 0.2597372531890869), (np.float64(7493.59783759938), 0.7723934650421143), (np.float64(5938.786554423332), 0.8355379104614258), (np.float64(7525.785416426139), 0.8463642597198486), (np.float64(7525.785416425548), 0.8840680122375488), (np.float64(5938.786554423332), 0.9184200763702393), (np.float64(5938.786554423077), 1.1624715328216553), (np.float64(5938.786554422617), 2.1830928325653076), (np.float64(1352.6075264918072), 4.230635166168213), (np.float64(7525.785416426139), 4.235553503036499), (np.float64(7525.785416425548), 4.266200542449951), (np.float64(5938.786554423332), 4.293905258178711), (np.float64(1352.6075264918072), 5.204027891159058), (np.float64(1044.2429454957237), 17.253844261169434), (np.float64(7525.785416426139), 17.257567882537842), (np.float64(7525.785416425548), 17.28178882598877), (np.float64(5938.786554423332), 17.305479288101196), (np.float64(1352.6075264918072), 18.17282772064209), (np.float64(1044.2429454957237), 22.737001180648804), (np.float64(1044.2429454956418), 23.61849331855774), (np.float64(343.41666883968355), 106.14843273162842), (np.float64(7525.785416426139), 106.152512550354), (np.float64(7525.785416425548), 106.17901086807251), (np.float64(5938.786554423332), 106.20419335365295), (np.float64(1352.6075264918072), 107.08780932426453), (np.float64(1044.2429454957237), 112.73747968673706), (np.float64(1044.2429454956418), 113.62476372718811), (np.float64(343.41666883968355), 118.30689024925232), (np.float64(62.66148938826518), 135.37143421173096)]
(REAL, NOT adjusted by restarts)probability of this sequence is: 2.0990578114172955e-07
probability of this sequence is: 0.01273370408630859
uncertainty:
{'ate': np.float64(16437.33851061282), 'se': np.float64(1432.416496572996), 'ci': (np.float64(13629.781064409612), np.float64(19244.895956816028)), 'significant': np.True_}
checked:
528
