Starting EXP34.4, type=probe_probs_no_restart, run 1/3
Job 68242797, task 417
loaded cached data
loaded cached data
loaded cached data
loaded cached data
loaded cached data
loaded cached data
START ATE IS: 8774.433205474146
***
FINISHED
ATE before: 8774.433205474146
ATE now is: 18752.131421079288
sequence is: (('bin_equal_frequency_5', 'education'), ('norm_log', 'education'), ('isolationForest', 'Age'))
***
Execution time: 18153.268 sec
distances from ATE (with time):
[(np.float64(9999.566794525854), 0), (np.float64(9999.566794316715), 8.761822700500488), (np.float64(9935.72020945627), 18.018313884735107), (np.float64(8436.7980388412), 22.632095098495483), (np.float64(4268.453452468149), 121.98884868621826), (np.float64(4268.453452397331), 666.1227571964264), (np.float64(4247.457703917131), 1391.3305051326752), (np.float64(3722.199190006875), 1526.409606218338), (np.float64(2334.1588949821053), 2537.6852514743805), (np.float64(2310.2632039222044), 6547.530014753342), (np.float64(1885.3347910001794), 10441.63411450386), (np.float64(1864.0316439991584), 15242.71148610115), (np.float64(1812.9847565106938), 16590.536731243134), (np.float64(21.868578920712025), 18153.267766475677)]
probability of this sequence is: 4.540096951661003e-07
uncertainty:
{'ate': np.float64(18752.13142114595), 'se': np.float64(277.3866566947257), 'ci': (np.float64(18208.463062200277), np.float64(19295.799780091624)), 'significant': np.True_}
checked:
1819
