Starting EXP29.4, type=probe_probs_with_restart, run 1/3
Job 68238529, task 51
loaded cached data
loaded cached data
loaded cached data
loaded cached data
loaded cached data
loaded cached data
START ATE IS: 0.056769901237463
PROBE TRIGGERED! Error reduced from inf to 0.117 (ATE went to 0.056769900704954156).
PROBE TRIGGERED! Error reduced from 0.117 to 0.092 (ATE went to 0.0321181581144884).
PROBE TRIGGERED! Error reduced from 0.092 to 0.082 (ATE went to 0.02222049941515127).
***
FINISHED
ATE before: 0.056769901237463
ATE now is: -0.0023190753459539476
sequence is: (('bin_equal_frequency_2', 'wt'),)
***
Execution time: 9280.534 sec
distances from ATE (with time):
[(np.float64(0.116769901237463), 0), (np.float64(0.11676990070495416), 0.00895547866821289), (np.float64(0.116769901237463), 0.013725519180297852), (np.float64(0.11676990070495416), 0.02614879608154297), (np.float64(0.11676990066236959), 0.03824353218078613), (np.float64(0.11676989991846412), 0.08584976196289062), (np.float64(0.11676552299972878), 0.6486330032348633), (np.float64(0.11651024204612187), 0.6605615615844727), (np.float64(0.11324088967190084), 0.8157835006713867), (np.float64(0.0921181581144884), 12.037327289581299), (np.float64(0.116769901237463), 12.040822982788086), (np.float64(0.0921181581144884), 12.051659107208252), (np.float64(0.09211815784681902), 12.071738481521606), (np.float64(0.09211815764993575), 13.546720266342163), (np.float64(0.09211489299754433), 23.28363013267517), (np.float64(0.09185250903503199), 23.29481291770935), (np.float64(0.08327301805675977), 23.44233250617981), (np.float64(0.08222049941515126), 27.11905813217163), (np.float64(0.116769901237463), 27.122509479522705), (np.float64(0.0921181581144884), 27.13328766822815), (np.float64(0.09211815784681902), 27.163773775100708), (np.float64(0.08554507571646326), 27.175354719161987), (np.float64(0.08222049941515126), 27.198699474334717), (np.float64(0.0822204994147087), 44.30750346183777), (np.float64(0.08222049941377259), 44.497270822525024), (np.float64(0.0822204994135137), 44.510316371917725), (np.float64(0.08222049940866545), 44.56256127357483), (np.float64(0.08222049938349373), 44.7204008102417), (np.float64(0.0817602690885341), 73.5061559677124), (np.float64(0.07912034794770964), 74.0348801612854), (np.float64(0.07705623271249162), 94.00946283340454), (np.float64(0.07705623257248861), 506.1800813674927), (np.float64(0.07680974895923602), 703.2260701656342), (np.float64(0.05768092465404605), 9280.533611297607)]
(REAL, NOT adjusted by restarts)probability of this sequence is: 1.9607843137254904e-12
probability of this sequence is: 1.0039215686274514e-12
uncertainty:
{'ate': np.float64(-0.002319075303967369), 'se': np.float64(0.010695079182101101), 'ci': (np.float64(-0.023287717122913724), np.float64(0.018649566514978986)), 'significant': np.False_}
checked:
493933
