Starting EXP36.1, type=probe, run 1/3
Job 68242894, task 441
loaded cached data
loaded cached data
loaded cached data
loaded cached data
loaded cached data
loaded cached data
START ATE IS: 2971.331365824842
PROBE TRIGGERED! Error reduced from inf to 21456.936 (ATE went to -11323.856055541874).
PROBE TRIGGERED! Error reduced from 21456.936 to 18390.000 (ATE went to -8256.920301848664).
PROBE TRIGGERED! Error reduced from 18390.000 to 11436.364 (ATE went to -1303.2839939335283).
PROBE TRIGGERED! Error reduced from 11436.364 to 3365.650 (ATE went to 6767.430334708206).
***
FINISHED
ATE before: 2971.331365824842
ATE now is: 8591.363868950717
sequence is: (('bin_equal_frequency_2', 'sqft_above'),)
***
Execution time: 0.137 sec
distances from ATE (with time):
[(np.float64(7161.748634175157), 0), (np.float64(7161.748634175157), 0.003779172897338867), (np.float64(7161.748634175157), 0.011255979537963867), (np.float64(7161.748634175157), 0.02953791618347168), (np.float64(3365.649665291794), 0.06942462921142578), (np.float64(7161.748634175157), 0.07065773010253906), (np.float64(3365.649665291794), 0.07919621467590332), (np.float64(1541.716131049283), 0.13621115684509277)]
uncertainty:
{'ate': np.float64(8591.363827406109), 'se': np.float64(83301.56951408886), 'ci': (np.float64(-154912.01999081642), np.float64(172094.74764562864)), 'significant': np.False_}
checked:
37
