Starting EXP31.36, type=probe_probs_no_restart, run 1/3
Job 68226138, task 282
loaded cached data
loaded cached data
loaded cached data
loaded cached data
loaded cached data
loaded cached data
START ATE IS: -0.02489109686546078
***
FINISHED
ATE before: -0.02489109686546078
ATE now is: -0.02489109686546078
sequence is: (('norm_min_max', 'preterm'),)
***
Execution time: 0.008 sec
distances from ATE (with time):
[(np.float64(0.03510890313453922), 0)]
probability of this sequence is: 0.016053391053391056
uncertainty:
{'ate': np.float64(-0.024891098214822063), 'se': np.float64(0.006739521861510567), 'ci': (np.float64(-0.03810198326296165), np.float64(-0.011680213166682475)), 'significant': np.True_}
checked:
1
