Starting EXP30.9, type=probe, run 2/3
Job 68239855, task 172
loaded cached data
loaded cached data
loaded cached data
loaded cached data
loaded cached data
loaded cached data
START ATE IS: 8782.21937342318
PROBE TRIGGERED! Error reduced from inf to 11918.295 (ATE went to 6855.704946920949).
PROBE TRIGGERED! Error reduced from 11918.295 to 10437.942 (ATE went to 8336.057651634108).
PROBE TRIGGERED! Error reduced from 10437.942 to 7368.690 (ATE went to 11405.310371633483).
PROBE TRIGGERED! Error reduced from 7368.690 to 5045.711 (ATE went to 13728.288578820402).
PROBE TRIGGERED! Error reduced from 5045.711 to 2709.423 (ATE went to 16064.57671417539).
PROBE TRIGGERED! Error reduced from 2709.423 to 2400.379 (ATE went to 16373.621029037538).
PROBE TRIGGERED! Error reduced from 2400.379 to 1313.974 (ATE went to 17460.02597562108).
***
FINISHED
ATE before: 8782.21937342318
ATE now is: 18511.06131959825
sequence is: (('bin_equal_frequency_5', 'education'), ('isolationForest', 'Age'), ('norm_log', 'education'))
***
Execution time: 2119.225 sec
distances from ATE (with time):
[(np.float64(9991.78062657682), 0), (np.float64(9991.78062657682), 0.9236958026885986), (np.float64(9991.78062657682), 3.6108577251434326), (np.float64(7368.689628366517), 24.083409309387207), (np.float64(9991.78062657682), 24.320595502853394), (np.float64(7368.689628366517), 26.42603325843811), (np.float64(5045.711421179598), 90.18456673622131), (np.float64(9991.78062657682), 90.22091603279114), (np.float64(7368.689628366517), 91.54387760162354), (np.float64(5045.711421179598), 98.40335702896118), (np.float64(4589.189458591762), 105.9108304977417), (np.float64(2709.4232858246105), 112.44540762901306), (np.float64(9991.78062657682), 112.48215937614441), (np.float64(7368.689628366517), 112.90926766395569), (np.float64(5045.711421179598), 119.2594735622406), (np.float64(2709.4232858246105), 126.41225099563599), (np.float64(2400.3789709624616), 159.69335269927979), (np.float64(9991.78062657682), 159.7188801765442), (np.float64(7368.689628366517), 160.45723128318787), (np.float64(5045.711421179598), 166.92066478729248), (np.float64(4589.189458591762), 173.65735960006714), (np.float64(2709.4232858246105), 180.05583214759827), (np.float64(2400.3789709624616), 186.83270740509033), (np.float64(1313.9740243789201), 494.98958563804626), (np.float64(9991.78062657682), 495.0111768245697), (np.float64(5045.711421179598), 501.3316249847412), (np.float64(4589.189458591762), 508.7401924133301), (np.float64(2709.4232858246105), 521.8491721153259), (np.float64(2400.3789709624616), 528.8837769031525), (np.float64(1313.9740243789201), 535.7463796138763), (np.float64(1313.9740243788874), 1865.0459351539612), (np.float64(1304.9196814568968), 2046.1502923965454), (np.float64(262.93868040174857), 2119.2244358062744)]
uncertainty:
{'ate': np.float64(18511.061319596247), 'se': np.float64(585.358743399908), 'ci': (np.float64(17363.77461457101), np.float64(19658.348024621482)), 'significant': np.True_}
checked:
802
