Starting EXP30.6, type=probe_probs_with_restart, run 3/3
Job 68225867, task 152
loaded cached data
loaded cached data
loaded cached data
loaded cached data
loaded cached data
loaded cached data
START ATE IS: 8784.82641566496
PROBE TRIGGERED! Error reduced from inf to 7715.174 (ATE went to 8784.8264156621).
PROBE TRIGGERED! Error reduced from 7715.174 to 6141.575 (ATE went to 10358.424734480861).
PROBE TRIGGERED! Error reduced from 6141.575 to 1724.094 (ATE went to 14775.905944145623).
PROBE TRIGGERED! Error reduced from 1724.094 to 1420.339 (ATE went to 15079.660891595973).
PROBE TRIGGERED! Error reduced from 1420.339 to 1256.277 (ATE went to 15243.723053643722).
PROBE TRIGGERED! Error reduced from 1256.277 to 457.596 (ATE went to 16957.595585955754).
***
FINISHED
ATE before: 8784.82641566496
ATE now is: 16582.969595283026
sequence is: (('norm_log', 'education'), ('IQR', 'education'), ('isolationForest', 'Age'))
***
Execution time: 381.404 sec
distances from ATE (with time):
[(np.float64(7715.17358433504), 0), (np.float64(7715.17358433504), 0.23240184783935547), (np.float64(7715.173584331154), 0.8946385383605957), (np.float64(7651.218143695462), 4.454415321350098), (np.float64(6141.575265519139), 4.79334831237793), (np.float64(7715.17358433504), 4.84709906578064), (np.float64(6141.575265519139), 5.19452428817749), (np.float64(6141.575265516161), 11.574599027633667), (np.float64(6127.6551050423495), 13.242062330245972), (np.float64(1724.094055854377), 20.794453859329224), (np.float64(7715.17358433504), 20.814546823501587), (np.float64(6141.575265519139), 21.149855613708496), (np.float64(1724.094055854377), 25.18298029899597), (np.float64(1724.0940558537895), 30.35086989402771), (np.float64(1691.1698560124369), 39.48887777328491), (np.float64(1691.1698560120567), 72.86614322662354), (np.float64(1420.3391084040268), 81.2154107093811), (np.float64(7715.17358433504), 81.23599457740784), (np.float64(6141.575265519139), 81.55179619789124), (np.float64(1724.094055854377), 85.60967755317688), (np.float64(1724.0940558537895), 89.77332878112793), (np.float64(1691.1698560124369), 97.9388918876648), (np.float64(1691.1698560120567), 102.91895985603333), (np.float64(1420.3391084040268), 106.93109488487244), (np.float64(1420.3391084039886), 111.05161547660828), (np.float64(1256.2769463562781), 287.6568808555603), (np.float64(7715.17358433504), 287.6760859489441), (np.float64(6141.575265519139), 288.00381994247437), (np.float64(1724.094055854377), 292.02679347991943), (np.float64(1724.0940558537895), 296.40746688842773), (np.float64(1691.1698560124369), 304.5551314353943), (np.float64(1256.2769463562781), 309.1590723991394), (np.float64(457.59558595575436), 343.80986857414246), (np.float64(7715.17358433504), 343.829208612442), (np.float64(1724.094055854377), 347.8492794036865), (np.float64(1420.3391084040795), 352.39517426490784), (np.float64(1256.2769463562781), 364.38614225387573), (np.float64(457.59558595575436), 377.52060103416443), (np.float64(82.96959528302614), 381.40332198143005)]
(REAL, NOT adjusted by restarts)probability of this sequence is: 2.542454292930162e-06
probability of this sequence is: 0.09001643259673282
uncertainty:
{'ate': np.float64(16582.96959524185), 'se': np.float64(602.2111069614009), 'ci': (np.float64(15402.652355379192), np.float64(17763.28683510451)), 'significant': np.True_}
checked:
346
