Starting EXP33.3, type=probe, run 2/3
Job 68241885, task 361
loaded cached data
loaded cached data
loaded cached data
loaded cached data
loaded cached data
loaded cached data
START ATE IS: 0.061323487555294674
PROBE TRIGGERED! Error reduced from inf to 0.121 (ATE went to 0.06133003411503174).
PROBE TRIGGERED! Error reduced from 0.121 to 0.062 (ATE went to 0.0019593819750485355).
***
FINISHED
ATE before: 0.061323487555294674
ATE now is: -0.00538434489321291
sequence is: (('bin_equal_frequency_2', 'wt'), ('norm_log', 'gestat10'))
***
Execution time: 72.770 sec
distances from ATE (with time):
[(np.float64(0.12132348755529468), 0), (np.float64(0.12132348755529468), 0.15902948379516602), (np.float64(0.1213195671447509), 0.6716997623443604), (np.float64(0.1213030678004138), 2.284978151321411), (np.float64(0.12129993167526894), 2.335278272628784), (np.float64(0.12129361870347935), 2.385369062423706), (np.float64(0.12128751522526723), 2.4886152744293213), (np.float64(0.12128213273615074), 2.531796455383301), (np.float64(0.061959381975048536), 2.614792823791504), (np.float64(0.12132348755529468), 2.626178026199341), (np.float64(0.061959381975048536), 2.7113168239593506), (np.float64(0.06195392469548385), 49.922035455703735), (np.float64(0.06195229652972302), 50.02419567108154), (np.float64(0.061921105414011086), 50.26902151107788), (np.float64(0.06192098055023795), 50.4682834148407), (np.float64(0.061883085018012166), 51.599891662597656), (np.float64(0.054615655106787085), 72.76877355575562)]
uncertainty:
{'ate': np.float64(-0.005384345343161595), 'se': np.float64(0.003786086356514947), 'ci': (np.float64(-0.012805249330558956), np.float64(0.0020365586442357662)), 'significant': np.False_}
checked:
1315
