Starting EXP29.5, type=probe_probs_with_restart, run 1/3
Job 68238539, task 60
loaded cached data
loaded cached data
loaded cached data
loaded cached data
loaded cached data
loaded cached data
START ATE IS: 0.0693178085338863
PROBE TRIGGERED! Error reduced from inf to 0.129 (ATE went to 0.06931781013804912).
PROBE TRIGGERED! Error reduced from 0.129 to 0.106 (ATE went to 0.046429064182238626).
PROBE TRIGGERED! Error reduced from 0.106 to 0.094 (ATE went to 0.0344861036960848).
PROBE TRIGGERED! Error reduced from 0.094 to 0.073 (ATE went to 0.013273659351652613).
PROBE TRIGGERED! Error reduced from 0.073 to 0.064 (ATE went to 0.00412103789594979).
***
FINISHED
ATE before: 0.0693178085338863
ATE now is: -0.00012213434754075898
sequence is: (('bin_equal_frequency_2', 'wt'), ('IQR', 'gestat10'), ('IQR', 'meduc6'))
***
Execution time: 9238.220 sec
distances from ATE (with time):
[(np.float64(0.1293178085338863), 0), (np.float64(0.1293178085338863), 0.015663862228393555), (np.float64(0.1293178072980508), 0.07306528091430664), (np.float64(0.12931780725815073), 0.11583518981933594), (np.float64(0.12931780718906033), 0.17242074012756348), (np.float64(0.1292837272126467), 0.7698886394500732), (np.float64(0.1292528613952716), 0.784111738204956), (np.float64(0.12895882487613808), 0.7983286380767822), (np.float64(0.1260170952155808), 0.9691345691680908), (np.float64(0.1257075660394557), 1.469010829925537), (np.float64(0.10642906418223863), 13.006914138793945), (np.float64(0.1293178085338863), 13.010957479476929), (np.float64(0.10642906418223863), 13.024089574813843), (np.float64(0.10642906334625055), 13.049149751663208), (np.float64(0.10642906277028838), 14.80032753944397), (np.float64(0.10642906227107911), 14.827256917953491), (np.float64(0.10639246486480489), 25.272876977920532), (np.float64(0.10616710877350094), 25.298970460891724), (np.float64(0.09763496338029448), 25.456915616989136), (np.float64(0.09619220931417585), 28.938672065734863), (np.float64(0.09448610369608479), 29.806084394454956), (np.float64(0.1293178085338863), 29.810014247894287), (np.float64(0.10642906418223863), 29.822463274002075), (np.float64(0.10642906334625055), 29.857912302017212), (np.float64(0.09619220931417585), 29.871412992477417), (np.float64(0.09448610369608479), 29.89858841896057), (np.float64(0.09448609991764212), 30.524760961532593), (np.float64(0.09448609937327593), 49.34525728225708), (np.float64(0.09448609859410959), 49.40725898742676), (np.float64(0.09448609815581033), 49.43792939186096), (np.float64(0.09353967342072435), 81.58447980880737), (np.float64(0.0923688555993814), 82.13711619377136), (np.float64(0.09100577791503328), 82.55781888961792), (np.float64(0.08926873001925084), 106.21524286270142), (np.float64(0.08926872660896348), 396.53301215171814), (np.float64(0.08925091681325427), 796.5374858379364), (np.float64(0.08919666641778679), 796.6401283740997), (np.float64(0.08915704811217383), 1200.601814508438), (np.float64(0.08898168734892128), 1216.4903964996338), (np.float64(0.08891726551211931), 1466.1050753593445), (np.float64(0.08891726551189567), 6273.35666179657), (np.float64(0.07327365935165261), 9196.665893554688), (np.float64(0.1293178085338863), 9196.669988155365), (np.float64(0.10642906418223863), 9196.880384922028), (np.float64(0.07327365935165261), 9196.892506599426), (np.float64(0.06412103789594979), 9196.95690202713), (np.float64(0.1293178085338863), 9196.960895776749), (np.float64(0.07327365935165261), 9196.973183870316), (np.float64(0.06412103789594979), 9197.011330127716), (np.float64(0.060915562541739805), 9197.036757946014), (np.float64(0.06091556244266559), 9197.178180217743), (np.float64(0.0609155605418119), 9217.088888645172), (np.float64(0.06091556025076604), 9217.120334863663), (np.float64(0.060915559980413106), 9217.23059129715), (np.float64(0.05987786565245924), 9238.219289541245)]
(REAL, NOT adjusted by restarts)probability of this sequence is: 6.230230311054841e-18
probability of this sequence is: 6.909332908863031e-05
uncertainty:
{'ate': np.float64(-0.00012213560290566874), 'se': np.float64(0.009714433743776334), 'ci': (np.float64(-0.019167319617547928), np.float64(0.01892304841173659)), 'significant': np.False_}
checked:
509114
