Starting EXP31.42, type=probe_probs_with_restart, run 1/3
Job 68226182, task 303
loaded cached data
loaded cached data
loaded cached data
loaded cached data
loaded cached data
loaded cached data
START ATE IS: 0.062279468941824435
PROBE TRIGGERED! Error reduced from inf to 0.122 (ATE went to 0.06227946908225706).
PROBE TRIGGERED! Error reduced from 0.122 to 0.099 (ATE went to 0.03860919698809747).
PROBE TRIGGERED! Error reduced from 0.099 to 0.089 (ATE went to 0.028688219057166564).
PROBE TRIGGERED! Error reduced from 0.089 to 0.063 (ATE went to 0.0032324513384183063).
***
FINISHED
ATE before: 0.062279468941824435
ATE now is: -0.004688166267378201
sequence is: (('norm_log', 'gestat10'), ('bin_equal_frequency_2', 'wt'))
***
Execution time: 6770.028 sec
distances from ATE (with time):
[(np.float64(0.12227946894182443), 0), (np.float64(0.12227946894182443), 0.0457758903503418), (np.float64(0.12227946888743599), 0.11731600761413574), (np.float64(0.12227946848822813), 0.23006772994995117), (np.float64(0.12227946820007488), 0.5052363872528076), (np.float64(0.12226666791289008), 0.685161828994751), (np.float64(0.11818656416578452), 0.9442787170410156), (np.float64(0.09860919698809748), 14.341071128845215), (np.float64(0.12227946894182443), 14.346091270446777), (np.float64(0.09860919698809748), 14.36064887046814), (np.float64(0.09860919685674491), 15.428883790969849), (np.float64(0.09860919673742023), 15.583104848861694), (np.float64(0.09859386150500468), 26.270562648773193), (np.float64(0.08868821905716656), 26.5562264919281), (np.float64(0.12227946894182443), 26.561527252197266), (np.float64(0.09860919698809748), 26.576066970825195), (np.float64(0.08868821905716656), 26.632498025894165), (np.float64(0.08868821900593543), 26.710582971572876), (np.float64(0.0886330349660461), 40.100175857543945), (np.float64(0.0864236139600947), 42.60290837287903), (np.float64(0.08642361379477902), 69.7573254108429), (np.float64(0.0824735741480027), 70.13039660453796), (np.float64(0.08021182531354826), 119.24141931533813), (np.float64(0.08021182531353999), 727.914666891098), (np.float64(0.08021182531353825), 727.9363434314728), (np.float64(0.0801865968726175), 1015.1341516971588), (np.float64(0.08018659679714098), 2121.5413393974304), (np.float64(0.0632324513384183), 6769.834171056747), (np.float64(0.12227946894182443), 6769.839022874832), (np.float64(0.09860919698809748), 6769.94454407692), (np.float64(0.0632324513384183), 6769.958276748657), (np.float64(0.055311833732621794), 6770.027348995209)]
(REAL, NOT adjusted by restarts)probability of this sequence is: 1.2883941455370028e-14
probability of this sequence is: 0.03244329004344825
uncertainty:
{'ate': np.float64(-0.0046881666514302645), 'se': np.float64(0.006603087152400739), 'ci': (np.float64(-0.017631611898594995), np.float64(0.008255278595734467)), 'significant': np.False_}
checked:
223803
