Starting EXP31.36, type=probe_probs_with_restart, run 1/3
Job 68241689, task 285
loaded cached data
loaded cached data
loaded cached data
loaded cached data
loaded cached data
loaded cached data
START ATE IS: -0.024891098870261086
***
FINISHED
ATE before: -0.024891098870261086
ATE now is: -0.024891097830853387
sequence is: (('norm_min_max', 'mrace'),)
***
Execution time: 0.009 sec
distances from ATE (with time):
[(np.float64(0.03510890112973891), 0)]
(REAL, NOT adjusted by restarts)probability of this sequence is: 0.016053391053391056
probability of this sequence is: 0.016053391053391056
uncertainty:
{'ate': np.float64(-0.024891097578818355), 'se': np.float64(0.0067611643661494155), 'ci': (np.float64(-0.03814440650313387), np.float64(-0.011637788654502844)), 'significant': np.True_}
checked:
1
