Starting EXP31.27, type=probe, run 3/3
Job 68239989, task 254
loaded cached data
loaded cached data
loaded cached data
loaded cached data
loaded cached data
loaded cached data
START ATE IS: 0.06136652796575356
PROBE TRIGGERED! Error reduced from inf to 0.121 (ATE went to 0.06136300115920491).
PROBE TRIGGERED! Error reduced from 0.121 to 0.063 (ATE went to 0.002552571856029109).
***
FINISHED
ATE before: 0.06136652796575356
ATE now is: -0.005156538435378532
sequence is: (('bin_equal_frequency_2', 'wt'), ('norm_log', 'gestat10'))
***
Execution time: 12.657 sec
distances from ATE (with time):
[(np.float64(0.12136652796575356), 0), (np.float64(0.1213630011592049), 0.0383152961730957), (np.float64(0.12136652796575356), 0.04282426834106445), (np.float64(0.1213630011592049), 0.055095672607421875), (np.float64(0.12131905739496752), 0.1067962646484375), (np.float64(0.06255257185602911), 0.1495041847229004), (np.float64(0.12136652796575356), 0.15409278869628906), (np.float64(0.1213630011592049), 0.16611671447753906), (np.float64(0.06255257185602911), 0.17793965339660645), (np.float64(0.06254234511200212), 0.193251371383667), (np.float64(0.0625390910442082), 9.550912857055664), (np.float64(0.06250672550138761), 9.576008558273315), (np.float64(0.06250165406228898), 9.747818231582642), (np.float64(0.054843461564621464), 12.656125545501709)]
uncertainty:
{'ate': np.float64(-0.005156538459794635), 'se': np.float64(0.006575205026038869), 'ci': (np.float64(-0.01804532631470321), np.float64(0.00773224939511394)), 'significant': np.False_}
checked:
678
