Starting EXP30.5, type=probe_probs_no_restart, run 2/3
Job 68225854, task 139
loaded cached data
loaded cached data
loaded cached data
loaded cached data
loaded cached data
loaded cached data
START ATE IS: 8887.778279324655
***
FINISHED
ATE before: 8887.778279324655
ATE now is: 16527.658522484795
sequence is: (('norm_log', 'education'), ('zscore_filter_3', 'education'), ('isolationForest', 'Age'))
***
Execution time: 1661.690 sec
distances from ATE (with time):
[(np.float64(7612.221720675345), 0), (np.float64(7612.221720675119), 0.1430370807647705), (np.float64(7612.2217206746445), 0.4837646484375), (np.float64(7612.221720671047), 0.6378812789916992), (np.float64(7541.414540363432), 1.272745132446289), (np.float64(6070.826588274496), 1.584132194519043), (np.float64(1733.17644532952), 8.226367473602295), (np.float64(1733.1764453292471), 47.87535238265991), (np.float64(1160.2208255713667), 119.82230544090271), (np.float64(248.05492068797685), 195.9418134689331), (np.float64(223.26421837931775), 414.7304241657257), (np.float64(223.2642183788048), 1001.3338940143585), (np.float64(223.26421837674206), 1593.3722462654114), (np.float64(27.658522484794958), 1661.6892626285553)]
probability of this sequence is: 7.264155122657606e-07
uncertainty:
{'ate': np.float64(16527.65852247285), 'se': np.float64(619.0010855956543), 'ci': (np.float64(15314.432525158489), np.float64(17740.884519787214)), 'significant': np.True_}
checked:
1850
