Starting EXP30.4, type=probe_probs_no_restart, run 1/3
Job 68239474, task 129
loaded cached data
loaded cached data
loaded cached data
loaded cached data
loaded cached data
loaded cached data
START ATE IS: 8620.891613796062
***
FINISHED
ATE before: 8620.891613796062
ATE now is: 18099.172684681034
sequence is: (('bin_equal_frequency_5', 'education'), ('isolationForest', 'Age'), ('norm_log', 'education'))
***
Execution time: 990.272 sec
distances from ATE (with time):
[(np.float64(10153.108386203938), 0), (np.float64(10153.10838620348), 0.751300573348999), (np.float64(10078.370453040818), 1.0136804580688477), (np.float64(8584.944192002678), 1.2723257541656494), (np.float64(3407.5132627187304), 6.670119762420654), (np.float64(3407.5132627183975), 37.414557456970215), (np.float64(3407.5132627178573), 40.663761138916016), (np.float64(3384.9235050241823), 79.01800966262817), (np.float64(1995.4530524308757), 143.5046579837799), (np.float64(1351.5959838770978), 294.33784794807434), (np.float64(1351.5959838767158), 742.1986217498779), (np.float64(1351.5959838767085), 884.491372346878), (np.float64(674.8273153189657), 990.27161693573)]
probability of this sequence is: 4.540096951661003e-07
uncertainty:
{'ate': np.float64(18099.17268468155), 'se': np.float64(841.076132704994), 'ci': (np.float64(16450.67826105574), np.float64(19747.667108307363)), 'significant': np.True_}
checked:
1705
