Starting EXP33.2, type=probe, run 1/3
Job 68241874, task 351
loaded cached data
loaded cached data
loaded cached data
loaded cached data
loaded cached data
loaded cached data
START ATE IS: 0.06132348715409094
PROBE TRIGGERED! Error reduced from inf to 0.121 (ATE went to 0.061330034268357654).
PROBE TRIGGERED! Error reduced from 0.121 to 0.062 (ATE went to 0.001959382152452866).
***
FINISHED
ATE before: 0.06132348715409094
ATE now is: -0.005384344828963769
sequence is: (('bin_equal_frequency_2', 'wt'), ('norm_log', 'gestat10'))
***
Execution time: 63.721 sec
distances from ATE (with time):
[(np.float64(0.12132348715409094), 0), (np.float64(0.12132348715409094), 0.12042713165283203), (np.float64(0.12131956664219185), 0.5630350112915039), (np.float64(0.12130306780056208), 1.8954823017120361), (np.float64(0.12129993196776384), 1.9425139427185059), (np.float64(0.12129361878271429), 1.9892299175262451), (np.float64(0.12128751544800563), 2.074855089187622), (np.float64(0.1212821320447516), 2.121469497680664), (np.float64(0.06195938215245286), 2.2136058807373047), (np.float64(0.12132348715409094), 2.224745750427246), (np.float64(0.06195938215245286), 2.3188235759735107), (np.float64(0.06195392453627865), 43.87197518348694), (np.float64(0.061952296326717914), 43.95738220214844), (np.float64(0.06192110575819879), 44.18048357963562), (np.float64(0.06192098076119286), 44.34357953071594), (np.float64(0.06188308463893618), 45.229321241378784), (np.float64(0.054615655171036226), 63.72090172767639)]
uncertainty:
{'ate': np.float64(-0.0053843453439332), 'se': np.float64(0.0046391192565335805), 'ci': (np.float64(-0.014477424308220401), np.float64(0.0037087336203540013)), 'significant': np.False_}
checked:
1315
