Starting EXP31.9, type=probe_probs_no_restart, run 2/3
Job 68225917, task 202
loaded cached data
loaded cached data
loaded cached data
loaded cached data
loaded cached data
loaded cached data
START ATE IS: -0.024891101431238263
***
FINISHED
ATE before: -0.024891101431238263
ATE now is: -0.024891101431238263
sequence is: (('norm_min_max', 'cardiac'),)
***
Execution time: 0.009 sec
distances from ATE (with time):
[(np.float64(0.03510889856876173), 0)]
probability of this sequence is: 0.06421356421356422
uncertainty:
{'ate': np.float64(-0.024891101431240625), 'se': np.float64(0.007216111760608167), 'ci': (np.float64(-0.039036198255208716), np.float64(-0.010746004607272533)), 'significant': np.True_}
checked:
1
