Starting EXP30.8, type=probe, run 2/3
Job 68225878, task 163
loaded cached data
loaded cached data
loaded cached data
loaded cached data
loaded cached data
loaded cached data
START ATE IS: 8772.336001591628
PROBE TRIGGERED! Error reduced from inf to 9661.829 (ATE went to 6838.171256554977).
PROBE TRIGGERED! Error reduced from 9661.829 to 8155.678 (ATE went to 8344.322082476028).
PROBE TRIGGERED! Error reduced from 8155.678 to 5072.794 (ATE went to 11427.206046090252).
PROBE TRIGGERED! Error reduced from 5072.794 to 870.602 (ATE went to 15629.397954137308).
PROBE TRIGGERED! Error reduced from 870.602 to 514.073 (ATE went to 17014.072541126003).
***
FINISHED
ATE before: 8772.336001591628
ATE now is: 16429.043072942484
sequence is: (('bin_equal_frequency_2', 'education'), ('isolationForest', 'Age'), ('bin_equal_frequency_2', 'Age'))
***
Execution time: 278.679 sec
distances from ATE (with time):
[(np.float64(7727.663998408372), 0), (np.float64(7727.663998408372), 0.79142165184021), (np.float64(7727.663998408372), 3.234144926071167), (np.float64(5072.793953909748), 21.895962953567505), (np.float64(7727.663998408372), 22.03297996520996), (np.float64(5072.793953909748), 24.18273425102234), (np.float64(870.6020458626917), 86.13074111938477), (np.float64(7727.663998408372), 86.1619963645935), (np.float64(5072.793953909748), 87.22322535514832), (np.float64(870.6020458626917), 93.1369400024414), (np.float64(514.0725411260028), 215.43941712379456), (np.float64(7727.663998408372), 215.4694995880127), (np.float64(5072.793953909748), 216.40322995185852), (np.float64(870.6020458626917), 222.20895886421204), (np.float64(514.0725411260028), 255.0095455646515), (np.float64(70.95692705751571), 278.67796421051025)]
uncertainty:
{'ate': np.float64(16429.04307294569), 'se': np.float64(602.376996931665), 'ci': (np.float64(15248.401435064425), np.float64(17609.684710826954)), 'significant': np.True_}
checked:
239
