Starting EXP31.30, type=probe_probs_with_restart, run 1/3
Job 68226024, task 267
loaded cached data
loaded cached data
loaded cached data
loaded cached data
loaded cached data
loaded cached data
START ATE IS: -0.02466386483691898
***
FINISHED
ATE before: -0.02466386483691898
ATE now is: -0.024663864836839102
sequence is: (('norm_min_max', 'birattnd'),)
***
Execution time: 0.008 sec
distances from ATE (with time):
[(np.float64(0.03533613516308102), 0)]
(REAL, NOT adjusted by restarts)probability of this sequence is: 0.019264069264069265
probability of this sequence is: 0.019264069264069265
uncertainty:
{'ate': np.float64(-0.024663864836914615), 'se': np.float64(0.006773551231036714), 'ci': (np.float64(-0.037941453585458355), np.float64(-0.011386276088370876)), 'significant': np.True_}
checked:
1
