Starting EXP30.1, type=probe_probs_no_restart, run 1/3
Job 68238608, task 102
loaded cached data
loaded cached data
loaded cached data
loaded cached data
loaded cached data
loaded cached data
START ATE IS: 8811.294742963863
***
FINISHED
ATE before: 8811.294742963863
ATE now is: 17800.790462064142
sequence is: (('IQR', 'education'), ('bin_equal_frequency_5', 'education'), ('norm_log', 'education'), ('norm_log', 'Age'), ('isolationForest', 'Age'))
***
Execution time: 1934.616 sec
distances from ATE (with time):
[(np.float64(9962.705257036137), 0), (np.float64(9962.705257034948), 0.06801152229309082), (np.float64(9881.259551209963), 0.29601097106933594), (np.float64(8421.151913193087), 0.36974334716796875), (np.float64(4200.095243572216), 2.217154026031494), (np.float64(4200.095243571899), 11.454733848571777), (np.float64(4106.194292449536), 23.98811912536621), (np.float64(3300.64314678361), 25.988675832748413), (np.float64(3240.4244103638557), 43.306243896484375), (np.float64(2835.113625670774), 90.38568592071533), (np.float64(2752.988070649919), 202.53410696983337), (np.float64(2199.0724878230612), 303.09426259994507), (np.float64(1806.7188462189079), 369.5781524181366), (np.float64(1639.4089960182464), 493.71243357658386), (np.float64(1374.7971887666536), 879.3649520874023), (np.float64(1126.3120779014134), 1081.491755247116), (np.float64(1126.3120779013625), 1719.8210246562958), (np.float64(1111.69950112659), 1869.992250919342), (np.float64(973.209537935858), 1934.6152210235596)]
probability of this sequence is: 1.914360327062322e-10
uncertainty:
{'ate': np.float64(17800.790462063465), 'se': np.float64(1928.2951929088254), 'ci': (np.float64(14021.275770722847), np.float64(21580.305153404086)), 'significant': np.True_}
checked:
5812
