Starting EXP37.3, type=probe_probs_no_restart, run 3/3
Job 68243098, task 527
loaded cached data
loaded cached data
loaded cached data
loaded cached data
loaded cached data
loaded cached data
START ATE IS: 60149.11637483825
***
FINISHED
ATE before: 60149.11637483825
ATE now is: 11098.717186183541
sequence is: (('norm_log', 'bathrooms'), ('bin_equal_width_5', 'bathrooms'))
***
Execution time: 2.661 sec
distances from ATE (with time):
[(np.float64(50016.03637483825), 0), (np.float64(50016.03637453952), 0.0018131732940673828), (np.float64(48457.04567832748), 0.010039806365966797), (np.float64(40918.40365124825), 0.01278233528137207), (np.float64(32222.189020792008), 0.03847241401672363), (np.float64(32178.57433019248), 0.07317805290222168), (np.float64(24283.064671207016), 0.2616386413574219), (np.float64(20865.53721022443), 1.9802165031433105), (np.float64(18898.35819673069), 2.1584887504577637), (np.float64(965.6371861835414), 2.6609742641448975)]
probability of this sequence is: 0.00016397743670470944
uncertainty:
{'ate': np.float64(11098.717186474445), 'se': np.float64(36585.16439794549), 'ci': (np.float64(-60617.01362463209), np.float64(82814.44799758098)), 'significant': np.False_}
checked:
166
