Starting EXP34.1, type=probe_probs_no_restart, run 1/3
Job 68227877, task 48
loaded cached data
loaded cached data
loaded cached data
loaded cached data
loaded cached data
loaded cached data
START ATE IS: 8774.43320476426
***
FINISHED
ATE before: 8774.43320476426
ATE now is: 16556.46045228411
sequence is: (('bin_equal_frequency_10', 'Age'), ('norm_log', 'education'), ('isolationForest', 'Age'))
***
Execution time: 5024.027 sec
distances from ATE (with time):
[(np.float64(7725.56679523574), 0), (np.float64(7725.566795234679), 0.5170779228210449), (np.float64(7661.720210881365), 5.592186689376831), (np.float64(6162.798039486679), 7.0013203620910645), (np.float64(2231.760637435067), 30.832487106323242), (np.float64(2201.107084748888), 330.70208978652954), (np.float64(1260.2798475693999), 365.19564270973206), (np.float64(705.5004659614369), 382.04446029663086), (np.float64(398.3508832120024), 613.9201946258545), (np.float64(139.44645082010902), 1168.8992354869843), (np.float64(139.4464508200872), 3797.0748238563538), (np.float64(139.4464508200399), 4226.284220218658), (np.float64(56.46045228411094), 5024.026790142059)]
probability of this sequence is: 3.632077561328803e-07
uncertainty:
{'ate': np.float64(16556.460452338262), 'se': np.float64(480.88032350494734), 'ci': (np.float64(15613.949867010246), np.float64(17498.971037666277)), 'significant': np.True_}
checked:
2061
