Starting EXP30.1, type=probe_probs_with_restart, run 3/3
Job 68225809, task 107
loaded cached data
loaded cached data
loaded cached data
loaded cached data
loaded cached data
loaded cached data
START ATE IS: 8804.830982347228
PROBE TRIGGERED! Error reduced from inf to 7695.169 (ATE went to 8804.830982348329).
PROBE TRIGGERED! Error reduced from 7695.169 to 6094.664 (ATE went to 10405.336216340442).
PROBE TRIGGERED! Error reduced from 6094.664 to 890.625 (ATE went to 15609.375178697906).
PROBE TRIGGERED! Error reduced from 890.625 to 591.838 (ATE went to 15908.162320428053).
PROBE TRIGGERED! Error reduced from 591.838 to 453.370 (ATE went to 16953.37017207315).
***
FINISHED
ATE before: 8804.830982347228
ATE now is: 16475.602254844187
sequence is: (('IQR', 'education'), ('norm_log', 'Age'), ('isolationForest', 'Age'))
***
Execution time: 162.039 sec
distances from ATE (with time):
[(np.float64(7695.169017652772), 0), (np.float64(7695.169017651671), 0.025097370147705078), (np.float64(7695.169017652772), 0.03825807571411133), (np.float64(7695.169017651671), 0.07702517509460449), (np.float64(7695.169017651417), 0.2285776138305664), (np.float64(7695.169017650542), 0.2666442394256592), (np.float64(7695.169017650231), 0.48618221282958984), (np.float64(7609.235137667298), 0.7849223613739014), (np.float64(6094.663783659558), 0.8502240180969238), (np.float64(7695.169017652772), 0.8616461753845215), (np.float64(7695.169017651671), 0.9008257389068604), (np.float64(6094.663783659558), 0.9366014003753662), (np.float64(6094.663783658372), 1.1886999607086182), (np.float64(6094.663783657576), 2.1609504222869873), (np.float64(6094.663783656095), 2.2377266883850098), (np.float64(6054.65039798332), 2.4808008670806885), (np.float64(890.6248213020936), 4.131536483764648), (np.float64(7695.169017652772), 4.135691404342651), (np.float64(7695.169017651671), 4.1618688106536865), (np.float64(6094.663783659558), 4.186943769454956), (np.float64(890.6248213020936), 5.069275856018066), (np.float64(890.6248213014278), 10.551710367202759), (np.float64(885.8180118238561), 16.03869605064392), (np.float64(591.8376795719469), 16.95040988922119), (np.float64(7695.169017652772), 16.95480966567993), (np.float64(7695.169017651671), 16.98099374771118), (np.float64(6094.663783659558), 17.007729291915894), (np.float64(890.6248213020936), 17.888285875320435), (np.float64(591.8376795719469), 22.506865978240967), (np.float64(591.8376795716376), 23.392294883728027), (np.float64(453.3701720731515), 61.28802132606506), (np.float64(7695.169017652772), 61.293323278427124), (np.float64(7695.169017651671), 61.320573568344116), (np.float64(6094.663783659558), 61.34640645980835), (np.float64(890.6248213020936), 62.23129892349243), (np.float64(453.3701720731515), 65.96610856056213), (np.float64(24.397745155813027), 162.03854131698608)]
(REAL, NOT adjusted by restarts)probability of this sequence is: 2.542454292930162e-06
probability of this sequence is: 0.0010647503573419086
uncertainty:
{'ate': np.float64(16475.602254843885), 'se': np.float64(1400.141028372827), 'ci': (np.float64(13731.305692755945), np.float64(19219.898816931825)), 'significant': np.True_}
checked:
587
