Starting EXP31.6, type=probe_probs_no_restart, run 1/3
Job 68225907, task 192
loaded cached data
loaded cached data
loaded cached data
loaded cached data
loaded cached data
loaded cached data
START ATE IS: -0.024891101431236278
***
FINISHED
ATE before: -0.024891101431236278
ATE now is: -0.024891101431238384
sequence is: (('norm_min_max', 'nprevistq'),)
***
Execution time: 0.004 sec
distances from ATE (with time):
[(np.float64(0.035108898568763716), 0), (np.float64(0.035108898568761614), 0.0038733482360839844)]
probability of this sequence is: 0.09632034632034632
uncertainty:
{'ate': np.float64(-0.024891101431240667), 'se': np.float64(0.007277412046090598), 'ci': (np.float64(-0.03915635914978353), np.float64(-0.010625843712697805)), 'significant': np.True_}
checked:
1
