Starting EXP31.3, type=probe_probs_with_restart, run 2/3
Job 68225902, task 187
loaded cached data
loaded cached data
loaded cached data
loaded cached data
loaded cached data
loaded cached data
START ATE IS: -0.024891101431238936
***
FINISHED
ATE before: -0.024891101431238936
ATE now is: -0.024891101431238936
sequence is: (('norm_min_max', 'rh'),)
***
Execution time: 0.003 sec
distances from ATE (with time):
[(np.float64(0.035108898568761066), 0)]
(REAL, NOT adjusted by restarts)probability of this sequence is: 0.19264069264069264
probability of this sequence is: 0.19264069264069264
uncertainty:
{'ate': np.float64(-0.024891101431240542), 'se': np.float64(0.006803481024478728), 'ci': (np.float64(-0.03822735417967631), np.float64(-0.011554848682804778)), 'significant': np.True_}
checked:
1
