Starting EXP34.4, type=probe_probs_no_restart, run 2/3
Job 68227959, task 76
loaded cached data
loaded cached data
loaded cached data
loaded cached data
loaded cached data
loaded cached data
START ATE IS: 8774.433204712712
***
FINISHED
ATE before: 8774.433204712712
ATE now is: 16439.841105172818
sequence is: (('IQR', 'education'), ('isolationForest', 'Age'))
***
Execution time: 3434.781 sec
distances from ATE (with time):
[(np.float64(7725.566795287288), 0), (np.float64(7725.566795287057), 4.845189809799194), (np.float64(7725.5667952632175), 10.656580448150635), (np.float64(7725.566795252898), 33.094348669052124), (np.float64(7661.720211046799), 44.12085700035095), (np.float64(6162.798039575564), 52.2744357585907), (np.float64(1994.4534527606738), 257.67972326278687), (np.float64(1973.4577039936994), 2218.882349252701), (np.float64(1448.199190608666), 2370.421649456024), (np.float64(60.15889482718194), 3434.780172586441)]
probability of this sequence is: 7.8307592222249e-05
uncertainty:
{'ate': np.float64(16439.841105114407), 'se': np.float64(218.3978928436285), 'ci': (np.float64(16011.788822266899), np.float64(16867.893387961914)), 'significant': np.True_}
checked:
522
