Starting EXP31.39, type=probe, run 2/3
Job 68226152, task 289
loaded cached data
loaded cached data
loaded cached data
loaded cached data
loaded cached data
loaded cached data
START ATE IS: 0.06269736455083938
PROBE TRIGGERED! Error reduced from inf to 0.132 (ATE went to 0.07239463458089082).
PROBE TRIGGERED! Error reduced from 0.132 to 0.063 (ATE went to 0.003117499575135623).
***
FINISHED
ATE before: 0.06269736455083938
ATE now is: -0.004445685199071628
sequence is: (('bin_equal_frequency_2', 'wt'), ('norm_log', 'gestat10'))
***
Execution time: 21.083 sec
distances from ATE (with time):
[(np.float64(0.12269736455083938), 0), (np.float64(0.12269736455083938), 0.06940364837646484), (np.float64(0.12269634816991172), 0.16514921188354492), (np.float64(0.12265428166930735), 0.2111072540283203), (np.float64(0.12264766150192508), 0.3657698631286621), (np.float64(0.06311749957513563), 0.4747920036315918), (np.float64(0.12269736455083938), 0.47946810722351074), (np.float64(0.06311749957513563), 0.503124475479126), (np.float64(0.06306588438184375), 14.995748281478882), (np.float64(0.06304200617602626), 15.48976445198059), (np.float64(0.06303831358229502), 15.546900272369385), (np.float64(0.05555431480092837), 21.08282709121704)]
uncertainty:
{'ate': np.float64(-0.004445685032323954), 'se': np.float64(0.006599928369089975), 'ci': (np.float64(-0.01738293788729163), np.float64(0.008491567822643724)), 'significant': np.False_}
checked:
1015
