Starting EXP36.7, type=probe_probs_with_restart, run 1/3
Job 68243045, task 501
loaded cached data
loaded cached data
loaded cached data
loaded cached data
loaded cached data
loaded cached data
START ATE IS: 65951.78911372359
PROBE TRIGGERED! Error reduced from inf to 55818.709 (ATE went to 65951.78909027297).
PROBE TRIGGERED! Error reduced from 55818.709 to 45845.220 (ATE went to 55978.30038776218).
PROBE TRIGGERED! Error reduced from 45845.220 to 31675.625 (ATE went to 41808.705189737746).
PROBE TRIGGERED! Error reduced from 31675.625 to 27207.476 (ATE went to 37340.55644129664).
PROBE TRIGGERED! Error reduced from 27207.476 to 23399.692 (ATE went to 33532.77186406516).
PROBE TRIGGERED! Error reduced from 23399.692 to 20290.561 (ATE went to 30423.64053411687).
PROBE TRIGGERED! Error reduced from 20290.561 to 16218.075 (ATE went to 26351.15509263946).
PROBE TRIGGERED! Error reduced from 16218.075 to 10832.672 (ATE went to 20965.75223697086).
PROBE TRIGGERED! Error reduced from 10832.672 to 8893.960 (ATE went to 19027.039659578844).
PROBE TRIGGERED! Error reduced from 8893.960 to 5233.613 (ATE went to 15366.692912002027).
PROBE TRIGGERED! Error reduced from 5233.613 to 4186.179 (ATE went to 14319.258808202689).
PROBE TRIGGERED! Error reduced from 4186.179 to 3761.111 (ATE went to 13894.191312097952).
***
FINISHED
ATE before: 65951.78911372359
ATE now is: 12591.693070322839
sequence is: (('bin_equal_frequency_10', 'sqft_living'), ('IQR', 'sqft_lot'), ('bin_equal_frequency_5', 'sqft_lot15'), ('norm_log', 'sqft_living'), ('IQR', 'bedrooms'))
***
Execution time: 78.964 sec
distances from ATE (with time):
[(np.float64(55818.709113723584), 0), (np.float64(55818.70909027297), 0.0027518272399902344), (np.float64(55818.709113723584), 0.00478816032409668), (np.float64(55818.70909027297), 0.008934259414672852), (np.float64(55818.709069305885), 0.013289928436279297), (np.float64(55818.70905254097), 0.03659510612487793), (np.float64(55818.70904086859), 0.04037117958068848), (np.float64(52821.09886961411), 0.06739974021911621), (np.float64(45845.22038776218), 0.08711123466491699), (np.float64(55818.709113723584), 0.08898496627807617), (np.float64(55818.70909027297), 0.09282469749450684), (np.float64(45845.22038776218), 0.09675264358520508), (np.float64(31675.625189737744), 0.186234712600708), (np.float64(55818.709113723584), 0.18810296058654785), (np.float64(55818.70909027297), 0.19189929962158203), (np.float64(45845.22038776218), 0.19578909873962402), (np.float64(31675.625189737744), 0.19973230361938477), (np.float64(31402.599059213942), 2.9046874046325684), (np.float64(29941.514063412586), 2.998845338821411), (np.float64(27207.47644129664), 3.2228543758392334), (np.float64(55818.709113723584), 3.224750280380249), (np.float64(27207.47644129664), 3.2298200130462646), (np.float64(23399.691864065157), 3.318431854248047), (np.float64(55818.709113723584), 3.3203327655792236), (np.float64(27207.47644129664), 3.3253464698791504), (np.float64(23399.691864065157), 3.3487861156463623), (np.float64(22099.63085281443), 4.4699387550354), (np.float64(20290.56053411687), 4.55795693397522), (np.float64(55818.709113723584), 4.559766054153442), (np.float64(27207.47644129664), 4.564797878265381), (np.float64(23399.691864065157), 4.59289288520813), (np.float64(22128.115948188868), 4.599100828170776), (np.float64(20290.56053411687), 4.610713243484497), (np.float64(18983.29391993219), 4.7260518074035645), (np.float64(16218.07509263946), 4.733102083206177), (np.float64(55818.709113723584), 4.734939336776733), (np.float64(27207.47644129664), 4.739980220794678), (np.float64(23399.691864065157), 4.760297775268555), (np.float64(20290.56053411687), 4.766767978668213), (np.float64(16218.07509263946), 4.810642957687378), (np.float64(16218.075076755938), 5.54544997215271), (np.float64(16218.07506346018), 9.17684817314148), (np.float64(10832.67223697086), 12.48490047454834), (np.float64(55818.709113723584), 12.486679792404175), (np.float64(27207.47644129664), 12.491820096969604), (np.float64(23399.691864065157), 12.511898756027222), (np.float64(20290.56053411687), 12.522936582565308), (np.float64(16218.07509263946), 12.572933912277222), (np.float64(11494.633827301006), 12.643566370010376), (np.float64(10700.10721943726), 12.651165962219238), (np.float64(8893.959659578844), 18.172240495681763), (np.float64(55818.709113723584), 18.17404007911682), (np.float64(27207.47644129664), 18.179248332977295), (np.float64(22128.115948188868), 18.19008779525757), (np.float64(20290.56053411687), 18.205086708068848), (np.float64(18983.29391993219), 18.2681782245636), (np.float64(16218.07509263946), 18.280450344085693), (np.float64(13158.216325178599), 18.28803300857544), (np.float64(11236.158813413573), 18.44767165184021), (np.float64(8038.948921367466), 18.456013917922974), (np.float64(8038.948889743622), 18.85430383682251), (np.float64(5233.612912002027), 29.373509168624878), (np.float64(55818.709113723584), 29.375355005264282), (np.float64(27207.47644129664), 29.380776166915894), (np.float64(23399.691864065157), 29.405292749404907), (np.float64(20290.56053411687), 29.42192506790161), (np.float64(16218.07509263946), 29.473039150238037), (np.float64(10832.67223697086), 29.573689937591553), (np.float64(10700.10721943726), 29.614359378814697), (np.float64(8893.959659578844), 30.022457361221313), (np.float64(8893.9596406457), 30.031473636627197), (np.float64(7730.290403043988), 30.05501389503479), (np.float64(5233.6129162149555), 30.20860004425049), (np.float64(4936.799392167191), 30.248499870300293), (np.float64(4936.799381847917), 30.700973749160767), (np.float64(4186.178808202689), 76.62050247192383), (np.float64(55818.709113723584), 76.62238931655884), (np.float64(27207.47644129664), 76.62879157066345), (np.float64(22743.118146755383), 76.64445972442627), (np.float64(22128.115948188868), 76.65066695213318), (np.float64(22099.63085281443), 76.66487407684326), (np.float64(20290.56053411687), 76.67713856697083), (np.float64(13158.216325178599), 76.73284578323364), (np.float64(11494.633827301006), 76.75119495391846), (np.float64(10832.672235805532), 77.06713843345642), (np.float64(10700.10722324798), 77.11245203018188), (np.float64(6792.633859914693), 77.1625235080719), (np.float64(4606.465861899638), 77.17819333076477), (np.float64(4186.178825521185), 77.7430100440979), (np.float64(3761.1113120979517), 77.76947259902954), (np.float64(55818.709113723584), 77.77129125595093), (np.float64(27207.47644129664), 77.77638125419617), (np.float64(22743.118146755383), 77.79688143730164), (np.float64(22128.115948188868), 77.80308604240417), (np.float64(22099.63085281443), 77.81727719306946), (np.float64(20290.56053411687), 77.82947850227356), (np.float64(13158.216325178599), 77.9104232788086), (np.float64(11494.633827301006), 77.93503618240356), (np.float64(6792.633859914693), 78.1623215675354), (np.float64(4606.465861899638), 78.1780047416687), (np.float64(4186.178839723951), 78.66127514839172), (np.float64(3761.111295159095), 78.68758511543274), (np.float64(2458.613070322839), 78.96367049217224)]
(REAL, NOT adjusted by restarts)probability of this sequence is: 5.214758739053962e-13
probability of this sequence is: 0.060658110158373954
uncertainty:
{'ate': np.float64(12591.693060682073), 'se': np.float64(28149.057482113185), 'ci': (np.float64(-42592.158464555265), np.float64(67775.54458591942)), 'significant': np.False_}
checked:
6933
