Starting EXP31.39, type=probe_probs_with_restart, run 3/3
Job 68226169, task 296
loaded cached data
loaded cached data
loaded cached data
loaded cached data
loaded cached data
loaded cached data
START ATE IS: 0.061240795620857345
PROBE TRIGGERED! Error reduced from inf to 0.121 (ATE went to 0.06124079552716504).
PROBE TRIGGERED! Error reduced from 0.121 to 0.097 (ATE went to 0.03696775289794864).
PROBE TRIGGERED! Error reduced from 0.097 to 0.086 (ATE went to 0.025816775291280784).
PROBE TRIGGERED! Error reduced from 0.086 to 0.062 (ATE went to 0.0018501934012223125).
***
FINISHED
ATE before: 0.061240795620857345
ATE now is: -0.0076585462832194934
sequence is: (('IQR', 'gestat10'), ('bin_equal_frequency_2', 'wt'))
***
Execution time: 6028.406 sec
distances from ATE (with time):
[(np.float64(0.12124079562085735), 0), (np.float64(0.12124079552716505), 0.03730177879333496), (np.float64(0.12124079562085735), 0.04293680191040039), (np.float64(0.12124079552716505), 0.05681586265563965), (np.float64(0.12124079525284569), 0.0973973274230957), (np.float64(0.12124079515973454), 0.6004154682159424), (np.float64(0.1210050721967507), 0.6280472278594971), (np.float64(0.11750267078989868), 0.7992300987243652), (np.float64(0.11750267058338631), 2.8738319873809814), (np.float64(0.09696775289794864), 13.119042158126831), (np.float64(0.12124079562085735), 13.123716354370117), (np.float64(0.09696775289794864), 13.138494491577148), (np.float64(0.09696775272478346), 14.144188404083252), (np.float64(0.09696775271775857), 14.365701913833618), (np.float64(0.09652746515896857), 24.26511240005493), (np.float64(0.08771447510341715), 24.440518856048584), (np.float64(0.08581677529128079), 28.419846534729004), (np.float64(0.12124079562085735), 28.424290895462036), (np.float64(0.09696775289794864), 28.438461303710938), (np.float64(0.08790610669760271), 28.4906747341156), (np.float64(0.08581677529128079), 28.52072834968567), (np.float64(0.0858167751458715), 29.034437894821167), (np.float64(0.0858167751263198), 45.77894830703735), (np.float64(0.0858167750219109), 45.831645488739014), (np.float64(0.08581677481243433), 45.884578227996826), (np.float64(0.08556677108506688), 56.347389221191406), (np.float64(0.0853340281947203), 70.07787728309631), (np.float64(0.08185681133126617), 83.92104291915894), (np.float64(0.0797105137443907), 98.50887179374695), (np.float64(0.0796735572664572), 623.5684938430786), (np.float64(0.07938455358705343), 942.7138741016388), (np.float64(0.06185019340122231), 6028.213101148605), (np.float64(0.12124079562085735), 6028.217832326889), (np.float64(0.09696775289794864), 6028.321491479874), (np.float64(0.06185019340122231), 6028.334326028824), (np.float64(0.052341453716780506), 6028.405047655106)]
(REAL, NOT adjusted by restarts)probability of this sequence is: 5.976929053852131e-15
probability of this sequence is: 0.03219095571112476
uncertainty:
{'ate': np.float64(-0.00765854634894729), 'se': np.float64(0.006835344769900426), 'ci': (np.float64(-0.021057364145612153), np.float64(0.005740271447717573)), 'significant': np.False_}
checked:
199047
