Starting EXP30.3, type=probe, run 2/3
Job 68225822, task 118
loaded cached data
loaded cached data
loaded cached data
loaded cached data
loaded cached data
loaded cached data
START ATE IS: 8791.696749291594
PROBE TRIGGERED! Error reduced from inf to 9603.169 (ATE went to 6896.8307647899455).
PROBE TRIGGERED! Error reduced from 9603.169 to 8161.921 (ATE went to 8338.078685004932).
PROBE TRIGGERED! Error reduced from 8161.921 to 5106.044 (ATE went to 11393.95614124798).
PROBE TRIGGERED! Error reduced from 5106.044 to 293.816 (ATE went to 16206.18373360555).
PROBE TRIGGERED! Error reduced from 293.816 to 202.684 (ATE went to 16702.684470562333).
***
FINISHED
ATE before: 8791.696749291594
ATE now is: 16496.18614820932
sequence is: (('isolationForest', 'Age'), ('norm_log', 'education'))
***
Execution time: 261.489 sec
distances from ATE (with time):
[(np.float64(7708.303250708406), 0), (np.float64(7708.303250708406), 0.15233469009399414), (np.float64(7708.303250708406), 0.5423448085784912), (np.float64(5106.04385875202), 3.682515859603882), (np.float64(7708.303250708406), 3.713228464126587), (np.float64(5106.04385875202), 4.0124876499176025), (np.float64(293.8162663944495), 15.185343742370605), (np.float64(7708.303250708406), 15.197693109512329), (np.float64(5106.04385875202), 15.40245771408081), (np.float64(293.8162663944495), 17.7015962600708), (np.float64(202.68447056233344), 82.93599677085876), (np.float64(7708.303250708406), 82.94878959655762), (np.float64(293.8162663944495), 85.25648665428162), (np.float64(202.68447056233344), 90.24925470352173), (np.float64(3.8138517906809284), 261.4880430698395)]
uncertainty:
{'ate': np.float64(16496.186148221594), 'se': np.float64(794.9936973336754), 'ci': (np.float64(14938.014179181553), np.float64(18054.358117261632)), 'significant': np.True_}
checked:
437
