Starting EXP37.3, type=probe_probs_with_restart, run 3/3
Job 68243101, task 530
loaded cached data
loaded cached data
loaded cached data
loaded cached data
loaded cached data
loaded cached data
START ATE IS: 65945.56287315185
PROBE TRIGGERED! Error reduced from inf to 55812.483 (ATE went to 65945.56287315185).
PROBE TRIGGERED! Error reduced from 55812.483 to 47866.192 (ATE went to 57999.27218045791).
PROBE TRIGGERED! Error reduced from 47866.192 to 42909.070 (ATE went to 53042.14991765637).
PROBE TRIGGERED! Error reduced from 42909.070 to 31833.534 (ATE went to 41966.61418745348).
PROBE TRIGGERED! Error reduced from 31833.534 to 23907.019 (ATE went to 34040.0991302781).
PROBE TRIGGERED! Error reduced from 23907.019 to 19797.248 (ATE went to 29930.327697280078).
PROBE TRIGGERED! Error reduced from 19797.248 to 15023.777 (ATE went to 25156.857118630764).
PROBE TRIGGERED! Error reduced from 15023.777 to 6316.096 (ATE went to 16449.176117416995).
PROBE TRIGGERED! Error reduced from 6316.096 to 3760.427 (ATE went to 13893.507064025034).
***
FINISHED
ATE before: 65945.56287315185
ATE now is: 10811.261379022364
sequence is: (('bin_equal_frequency_2', 'sqft_living15'), ('isolationForest', 'waterfront'))
***
Execution time: 88.683 sec
distances from ATE (with time):
[(np.float64(55812.48287315185), 0), (np.float64(55812.48287315185), 0.0030465126037597656), (np.float64(55812.48287315175), 0.024763822555541992), (np.float64(47866.19218045791), 0.02983379364013672), (np.float64(55812.48287315185), 0.03096771240234375), (np.float64(47866.19218045791), 0.035813093185424805), (np.float64(42909.069917656365), 0.6567888259887695), (np.float64(55812.48287315185), 0.6579282283782959), (np.float64(47866.19218045791), 0.6629831790924072), (np.float64(42909.069917656365), 0.666069746017456), (np.float64(42909.069917627436), 0.7079558372497559), (np.float64(31833.53418745348), 1.3122053146362305), (np.float64(55812.48287315185), 1.3131835460662842), (np.float64(31833.53418745348), 1.3169875144958496), (np.float64(23907.019130278095), 1.3503568172454834), (np.float64(55812.48287315185), 1.3512706756591797), (np.float64(31833.53418745348), 1.3547637462615967), (np.float64(23907.019130278095), 1.3752915859222412), (np.float64(19797.24769728008), 2.226163625717163), (np.float64(55812.48287315185), 2.2271952629089355), (np.float64(31833.53418745348), 2.2309365272521973), (np.float64(23907.019130278095), 2.2551045417785645), (np.float64(23907.01913027806), 3.027928352355957), (np.float64(15023.777118630764), 3.058222532272339), (np.float64(55812.48287315185), 3.0591795444488525), (np.float64(31833.53418745348), 3.0627801418304443), (np.float64(15023.777118630764), 3.070295572280884), (np.float64(6316.096117416995), 3.1149234771728516), (np.float64(55812.48287315185), 3.115873336791992), (np.float64(31833.53418745348), 3.1194698810577393), (np.float64(15023.777118630764), 3.1220521926879883), (np.float64(6316.096117416995), 3.145040988922119), (np.float64(5906.061727607837), 3.954270362854004), (np.float64(5906.061727602291), 9.397710800170898), (np.float64(5870.472691939671), 9.439637660980225), (np.float64(5870.4726919335135), 19.687626600265503), (np.float64(5870.472691930539), 48.73229169845581), (np.float64(3760.4270640250343), 85.7809579372406), (np.float64(55812.48287315185), 85.78190445899963), (np.float64(31833.53418745348), 85.78614330291748), (np.float64(15023.777118630764), 85.78879046440125), (np.float64(3760.4270640250343), 85.79459428787231), (np.float64(3760.4270640218947), 85.84232783317566), (np.float64(3760.427064020496), 86.77431797981262), (np.float64(3701.763026387858), 86.79196190834045), (np.float64(678.1813790223641), 88.68203544616699)]
(REAL, NOT adjusted by restarts)probability of this sequence is: 4.68975468975469e-13
probability of this sequence is: 0.0003776689316101801
uncertainty:
{'ate': np.float64(10811.261379018568), 'se': np.float64(40087.14674081882), 'ci': (np.float64(-67770.26047798216), np.float64(89392.7832360193)), 'significant': np.False_}
checked:
2180
