Starting EXP34.2, type=probe_probs_no_restart, run 3/3
Job 68227897, task 59
loaded cached data
loaded cached data
loaded cached data
loaded cached data
loaded cached data
loaded cached data
START ATE IS: 8774.433204599154
***
FINISHED
ATE before: 8774.433204599154
ATE now is: 16511.15515750849
sequence is: (('IQR', 'education'), ('norm_min_max', 'Age'), ('isolationForest', 'Age'), ('norm_log', 'education'))
***
Execution time: 7937.186 sec
distances from ATE (with time):
[(np.float64(7725.566795400846), 0), (np.float64(7725.566795373521), 0.9993007183074951), (np.float64(7725.566795372088), 1.5970828533172607), (np.float64(7725.566795361272), 2.1982409954071045), (np.float64(7725.566795270759), 2.807011604309082), (np.float64(7661.720210912339), 4.666270017623901), (np.float64(6162.798039548361), 5.920886516571045), (np.float64(1316.1529428964695), 35.2728796005249), (np.float64(1316.152942896424), 203.0862340927124), (np.float64(1316.1529428547547), 220.42090845108032), (np.float64(1300.717422249856), 432.0703136920929), (np.float64(289.2108253224469), 785.9160969257355), (np.float64(289.2108252552571), 2876.2780368328094), (np.float64(289.21082514510636), 3502.5097227096558), (np.float64(257.1481766859433), 5524.626873493195), (np.float64(11.155157508488628), 7937.185305356979)]
probability of this sequence is: 2.0990578114172955e-07
uncertainty:
{'ate': np.float64(16418.26642274054), 'se': np.float64(446.52980268204595), 'ci': (np.float64(15543.082961281769), np.float64(17293.44988419931)), 'significant': np.True_}
checked:
2286
