Starting EXP36.9, type=probe_probs_with_restart, run 3/3
Job 68243092, task 521
loaded cached data
loaded cached data
loaded cached data
loaded cached data
loaded cached data
loaded cached data
START ATE IS: 57461.451354643905
PROBE TRIGGERED! Error reduced from inf to 47328.371 (ATE went to 57461.451359854655).
PROBE TRIGGERED! Error reduced from 47328.371 to 29365.234 (ATE went to 39498.31383280659).
PROBE TRIGGERED! Error reduced from 29365.234 to 22823.478 (ATE went to 32956.55823008052).
PROBE TRIGGERED! Error reduced from 22823.478 to 20004.315 (ATE went to 30137.395419513603).
PROBE TRIGGERED! Error reduced from 20004.315 to 14602.173 (ATE went to 24735.253229175545).
PROBE TRIGGERED! Error reduced from 14602.173 to 11144.612 (ATE went to 21277.692298787268).
PROBE TRIGGERED! Error reduced from 11144.612 to 4724.934 (ATE went to 14858.013763956667).
PROBE TRIGGERED! Error reduced from 4724.934 to 3844.917 (ATE went to 13977.996525469238).
***
FINISHED
ATE before: 57461.451354643905
ATE now is: 8566.602163707346
sequence is: (('bin_equal_frequency_10', 'sqft_living'), ('norm_log', 'sqft_living'), ('bin_equal_frequency_5', 'yr_built'), ('norm_log', 'sqft_above'), ('IQR', 'bedrooms'))
***
Execution time: 70.082 sec
distances from ATE (with time):
[(np.float64(47328.3713546439), 0), (np.float64(47328.3713546439), 0.005688905715942383), (np.float64(47328.37135183784), 0.015956878662109375), (np.float64(47328.37132815565), 0.020897626876831055), (np.float64(45648.451423924744), 0.0844871997833252), (np.float64(42613.51158840137), 0.10313224792480469), (np.float64(29365.23383280659), 0.1124260425567627), (np.float64(47328.3713546439), 0.11456298828125), (np.float64(29365.23383280659), 0.1237175464630127), (np.float64(29365.233798780464), 0.12955999374389648), (np.float64(29365.23376636365), 0.41010379791259766), (np.float64(29365.233714916692), 0.4154820442199707), (np.float64(29365.233698461205), 0.4368925094604492), (np.float64(28151.620541882883), 0.6289334297180176), (np.float64(22823.478230080516), 3.4563820362091064), (np.float64(47328.3713546439), 3.4585466384887695), (np.float64(22823.478230080516), 3.4645698070526123), (np.float64(22823.47822041968), 3.480142116546631), (np.float64(20004.3154195136), 3.5632073879241943), (np.float64(47328.3713546439), 3.5653743743896484), (np.float64(22823.478230080516), 3.5712413787841797), (np.float64(20004.3154195136), 3.5943028926849365), (np.float64(20004.315398256498), 4.253353595733643), (np.float64(20004.31539499746), 4.260765314102173), (np.float64(20004.315386785936), 4.312391757965088), (np.float64(20004.315383319597), 4.319773197174072), (np.float64(18500.62120408967), 6.97135591506958), (np.float64(14602.173229175545), 8.171296119689941), (np.float64(47328.3713546439), 8.173607110977173), (np.float64(22823.478230080516), 8.17986798286438), (np.float64(20004.3154195136), 8.20867371559143), (np.float64(14602.173229175545), 8.34095287322998), (np.float64(13870.841287618588), 16.752338886260986), (np.float64(13539.762534207895), 25.512559413909912), (np.float64(11144.612298787268), 25.536682844161987), (np.float64(47328.3713546439), 25.53885769844055), (np.float64(22823.478230080516), 25.545053958892822), (np.float64(20004.3154195136), 25.563607454299927), (np.float64(13870.841287618588), 25.581572771072388), (np.float64(11144.612298787268), 25.627692937850952), (np.float64(4724.9337639566675), 25.841038465499878), (np.float64(47328.3713546439), 25.843223810195923), (np.float64(22823.478230080516), 25.849117517471313), (np.float64(20004.3154195136), 25.877794981002808), (np.float64(13870.841287618588), 25.88531756401062), (np.float64(11144.612298787268), 25.933796167373657), (np.float64(4724.9337639566675), 26.033957719802856), (np.float64(4724.933738139525), 34.88167452812195), (np.float64(4724.933736743518), 34.92842245101929), (np.float64(4724.933721324316), 35.068772077560425), (np.float64(4724.93371882531), 35.07892560958862), (np.float64(4724.9337139812615), 35.10961413383484), (np.float64(3844.916525469238), 44.86291027069092), (np.float64(47328.3713546439), 44.865147829055786), (np.float64(22823.478230080516), 44.87154579162598), (np.float64(20004.3154195136), 44.90030908584595), (np.float64(13870.841287618588), 44.90785503387451), (np.float64(11144.612298787268), 44.96086812019348), (np.float64(4724.9337639566675), 45.10874319076538), (np.float64(3844.916525469238), 45.52719783782959), (np.float64(1566.4778362926536), 70.08129644393921)]
(REAL, NOT adjusted by restarts)probability of this sequence is: 1.3036896847634903e-12
probability of this sequence is: 0.00012387432804638666
uncertainty:
{'ate': np.float64(8566.602214748564), 'se': np.float64(27849.42136107944), 'ci': (np.float64(-46026.00442833823), np.float64(63159.20885783536)), 'significant': np.False_}
checked:
4869
