Starting EXP31.21, type=probe_probs_with_restart, run 1/3
Job 68225955, task 240
loaded cached data
loaded cached data
loaded cached data
loaded cached data
loaded cached data
loaded cached data
START ATE IS: -0.02466386483695125
***
FINISHED
ATE before: -0.02466386483695125
ATE now is: -0.02466386483693967
sequence is: (('norm_min_max', 'bord'),)
***
Execution time: 0.006 sec
distances from ATE (with time):
[(np.float64(0.035336135163048746), 0)]
(REAL, NOT adjusted by restarts)probability of this sequence is: 0.027520098948670378
probability of this sequence is: 0.027520098948670378
uncertainty:
{'ate': np.float64(-0.024663864836918625), 'se': np.float64(0.00732389772554979), 'ci': (np.float64(-0.039020247074015135), np.float64(-0.010307482599822115)), 'significant': np.True_}
checked:
1
