Starting EXP30.4, type=probe_probs_with_restart, run 3/3
Job 68225849, task 134
loaded cached data
loaded cached data
loaded cached data
loaded cached data
loaded cached data
loaded cached data
START ATE IS: 8876.90826325183
PROBE TRIGGERED! Error reduced from inf to 7623.092 (ATE went to 8876.90826324983).
PROBE TRIGGERED! Error reduced from 7623.092 to 6081.169 (ATE went to 10418.831307293678).
***
FINISHED
ATE before: 8876.90826325183
ATE now is: 16540.47962083878
sequence is: (('isolationForest', 'Age'),)
***
Execution time: 16.151 sec
distances from ATE (with time):
[(np.float64(7623.091736748171), 0), (np.float64(7623.091736748171), 0.18505644798278809), (np.float64(7623.091736747729), 0.8087821006774902), (np.float64(7561.431432971232), 3.2012038230895996), (np.float64(6081.168692706322), 3.4563074111938477), (np.float64(7623.091736748171), 3.500990152359009), (np.float64(6081.168692706322), 3.768547773361206), (np.float64(6081.168692706306), 8.624901533126831), (np.float64(6081.168692705953), 8.767996549606323), (np.float64(6069.572158715266), 9.881964445114136), (np.float64(40.47962083878156), 16.150402784347534)]
(REAL, NOT adjusted by restarts)probability of this sequence is: 0.006029684601113173
probability of this sequence is: 0.0038589981447124306
uncertainty:
{'ate': np.float64(16540.479620824153), 'se': np.float64(705.5083104019906), 'ci': (np.float64(15157.700189390145), np.float64(17923.259052258163)), 'significant': np.True_}
checked:
90
