Starting EXP30.5, type=probe, run 1/3
Job 68239483, task 135
loaded cached data
loaded cached data
loaded cached data
loaded cached data
loaded cached data
loaded cached data
START ATE IS: 8874.613444699553
PROBE TRIGGERED! Error reduced from inf to 11822.008 (ATE went to 6951.991753560931).
PROBE TRIGGERED! Error reduced from 11822.008 to 10335.721 (ATE went to 8438.278739766707).
PROBE TRIGGERED! Error reduced from 10335.721 to 7326.941 (ATE went to 11447.058665396415).
PROBE TRIGGERED! Error reduced from 7326.941 to 3143.388 (ATE went to 15630.61232787596).
PROBE TRIGGERED! Error reduced from 3143.388 to 2503.231 (ATE went to 16270.768785061191).
PROBE TRIGGERED! Error reduced from 2503.231 to 2172.504 (ATE went to 20946.50368983029).
***
FINISHED
ATE before: 8874.613444699553
ATE now is: 19698.502317023092
sequence is: (('bin_equal_width_2', 'education'), ('isolationForest', 'Age'), ('bin_equal_frequency_2', 'Age'))
***
Execution time: 76.579 sec
distances from ATE (with time):
[(np.float64(9899.386555300447), 0), (np.float64(9899.386555300447), 0.22593927383422852), (np.float64(9899.386555300447), 0.8959877490997314), (np.float64(7326.941334603585), 5.361667633056641), (np.float64(9899.386555300447), 5.404425859451294), (np.float64(7326.941334603585), 5.900157690048218), (np.float64(3143.3876721240395), 22.698467254638672), (np.float64(9899.386555300447), 22.716718912124634), (np.float64(7326.941334603585), 23.030688524246216), (np.float64(3143.3876721240395), 26.42640781402588), (np.float64(2503.231214938809), 33.90784788131714), (np.float64(9899.386555300447), 33.92575120925903), (np.float64(7326.941334603585), 34.080546617507935), (np.float64(3143.3876721240395), 37.5003547668457), (np.float64(2503.231214938809), 41.183566093444824), (np.float64(2172.5036898302897), 44.52744936943054), (np.float64(9899.386555300447), 44.545506954193115), (np.float64(7326.941334603585), 44.68813395500183), (np.float64(3143.3876721240395), 48.158324241638184), (np.float64(2503.231214938809), 51.83877372741699), (np.float64(2172.5036898302897), 55.1931893825531), (np.float64(924.5023170230925), 76.57876753807068)]
uncertainty:
{'ate': np.float64(19654.794036781277), 'se': np.float64(837.1668273672495), 'ci': (np.float64(18013.96943590911), np.float64(21295.618637653442)), 'significant': np.True_}
checked:
146
