Starting EXP27, type=probe, run 1/3
Job 68238200, task 0
loaded cached data
loaded cached data
loaded cached data
loaded cached data
loaded cached data
loaded cached data
START ATE IS: 0.061323487827131574
PROBE TRIGGERED! Error reduced from inf to 0.121 (ATE went to 0.06133003433445259).
PROBE TRIGGERED! Error reduced from 0.121 to 0.062 (ATE went to 0.0019593815021162683).
***
FINISHED
ATE before: 0.061323487827131574
ATE now is: -0.005384345354062895
sequence is: (('bin_equal_frequency_2', 'wt'), ('norm_log', 'gestat10'))
***
Execution time: 38.430 sec
distances from ATE (with time):
[(np.float64(0.12132348782713157), 0), (np.float64(0.12132348782713157), 0.055837154388427734), (np.float64(0.12131956703434166), 0.25662875175476074), (np.float64(0.12130306779949579), 0.8662185668945312), (np.float64(0.12129993163702574), 0.8848934173583984), (np.float64(0.12129361786829963), 0.9041953086853027), (np.float64(0.12128751566471117), 0.9400019645690918), (np.float64(0.12128213185704406), 0.9597692489624023), (np.float64(0.061959381502116266), 1.0000336170196533), (np.float64(0.12132348782713157), 1.0071332454681396), (np.float64(0.061959381502116266), 1.0497996807098389), (np.float64(0.061953924508620035), 28.032439708709717), (np.float64(0.061952296050523596), 28.07868194580078), (np.float64(0.06192110575018659), 28.196182250976562), (np.float64(0.061920980318480354), 28.291706323623657), (np.float64(0.06188308460731291), 28.80536389350891), (np.float64(0.0546156546459371), 38.42967081069946)]
uncertainty:
{'ate': np.float64(-0.00538434534380515), 'se': np.float64(0.006569764643922853), 'ci': (np.float64(-0.018262472961803805), np.float64(0.007493782274193504)), 'significant': np.False_}
checked:
1315
