Starting EXP36.9, type=probe, run 3/3
Job 68243083, task 515
loaded cached data
loaded cached data
loaded cached data
loaded cached data
loaded cached data
loaded cached data
START ATE IS: 69135.27293841513
PROBE TRIGGERED! Error reduced from inf to 54728.021 (ATE went to 64861.10087718805).
PROBE TRIGGERED! Error reduced from 54728.021 to 49160.272 (ATE went to 59293.35204981363).
PROBE TRIGGERED! Error reduced from 49160.272 to 41110.851 (ATE went to 51243.930935783545).
PROBE TRIGGERED! Error reduced from 41110.851 to 28736.384 (ATE went to 38869.463888053106).
PROBE TRIGGERED! Error reduced from 28736.384 to 25385.774 (ATE went to 35518.85404608538).
PROBE TRIGGERED! Error reduced from 25385.774 to 20101.837 (ATE went to 30234.917055196893).
PROBE TRIGGERED! Error reduced from 20101.837 to 15367.324 (ATE went to 25500.403793994778).
PROBE TRIGGERED! Error reduced from 15367.324 to 13215.339 (ATE went to 23348.41896435423).
PROBE TRIGGERED! Error reduced from 13215.339 to 7899.746 (ATE went to 18032.826124409345).
PROBE TRIGGERED! Error reduced from 7899.746 to 6950.265 (ATE went to 17083.344594770573).
PROBE TRIGGERED! Error reduced from 6950.265 to 6068.516 (ATE went to 16201.5962432018).
PROBE TRIGGERED! Error reduced from 6068.516 to 2639.195 (ATE went to 12772.274769856875).
***
FINISHED
ATE before: 69135.27293841513
ATE now is: 11727.289446416286
sequence is: (('zscore_clip_3', 'grade'), ('bin_equal_frequency_2', 'sqft_lot15'), ('bin_equal_frequency_2', 'yr_built'), ('bin_equal_frequency_5', 'sqft_living'), ('bin_equal_width_5', 'sqft_living15'), ('bin_equal_frequency_2', 'bedrooms'))
***
Execution time: 221.872 sec
distances from ATE (with time):
[(np.float64(59002.19293841513), 0), (np.float64(54728.02087718805), 0.0047566890716552734), (np.float64(59002.19293841513), 0.007120847702026367), (np.float64(54728.02087718805), 0.013774871826171875), (np.float64(50285.9346226986), 0.019896507263183594), (np.float64(49160.272049813626), 0.07396960258483887), (np.float64(59002.19293841513), 0.07621955871582031), (np.float64(54728.02087718805), 0.08217549324035645), (np.float64(49160.272049813626), 0.08807754516601562), (np.float64(45739.20668248581), 0.09610414505004883), (np.float64(41110.85093578354), 0.21820712089538574), (np.float64(59002.19293841513), 0.22043824195861816), (np.float64(54728.02087718805), 0.2263329029083252), (np.float64(49160.272049813626), 0.23220539093017578), (np.float64(41110.85093578354), 0.2380208969116211), (np.float64(39043.026273384756), 0.2536463737487793), (np.float64(28736.383888053104), 0.3305203914642334), (np.float64(59002.19293841513), 0.3328099250793457), (np.float64(54728.02087718805), 0.3388221263885498), (np.float64(49160.272049813626), 0.3447248935699463), (np.float64(41110.85093578354), 0.3507425785064697), (np.float64(39043.026273384756), 0.3663208484649658), (np.float64(28736.383888053104), 0.3914473056793213), (np.float64(25385.774046085375), 4.465158224105835), (np.float64(59002.19293841513), 4.46747088432312), (np.float64(49160.272049813626), 4.473560333251953), (np.float64(41110.85093578354), 4.479538679122925), (np.float64(36500.10316930775), 4.491414785385132), (np.float64(30452.369946459694), 4.499236822128296), (np.float64(25385.774046085375), 4.545747518539429), (np.float64(23746.563553087137), 4.600719451904297), (np.float64(20101.83705519689), 18.642874717712402), (np.float64(59002.19293841513), 18.645184993743896), (np.float64(49160.272049813626), 18.65167212486267), (np.float64(41110.85093578354), 18.657689094543457), (np.float64(30452.369946459694), 18.671691179275513), (np.float64(25385.774046085375), 18.72312831878662), (np.float64(23746.563553087137), 18.8279869556427), (np.float64(20311.776922158977), 18.89863109588623), (np.float64(15367.323793994778), 18.996529579162598), (np.float64(59002.19293841513), 18.998789072036743), (np.float64(49160.272049813626), 19.004905223846436), (np.float64(49090.310990363716), 19.01670241355896), (np.float64(41110.85093578354), 19.02284550666809), (np.float64(36500.10316930775), 19.02899408340454), (np.float64(30452.369946459694), 19.06023359298706), (np.float64(25385.774046085375), 19.068206310272217), (np.float64(23746.563553087137), 19.14415740966797), (np.float64(20311.776922158977), 19.232744693756104), (np.float64(15367.323793994778), 19.244173526763916), (np.float64(14927.291900556773), 51.373658657073975), (np.float64(13215.33896435423), 51.38434147834778), (np.float64(59002.19293841513), 51.38663125038147), (np.float64(49160.272049813626), 51.3934965133667), (np.float64(49090.310990363716), 51.405038356781006), (np.float64(41110.85093578354), 51.41109299659729), (np.float64(36500.10316930775), 51.4172248840332), (np.float64(30452.369946459694), 51.44811749458313), (np.float64(25385.774046085375), 51.45610332489014), (np.float64(23746.563553087137), 51.550673961639404), (np.float64(20311.776922158977), 51.689531087875366), (np.float64(15367.323793994778), 51.70105814933777), (np.float64(13215.33896435423), 51.81640338897705), (np.float64(7899.746124409345), 51.83829736709595), (np.float64(59002.19293841513), 51.84055137634277), (np.float64(49160.272049813626), 51.84660506248474), (np.float64(49090.310990363716), 51.852339029312134), (np.float64(38961.76883378931), 51.8599534034729), (np.float64(36500.10316930775), 51.87950420379639), (np.float64(30452.369946459694), 51.898473262786865), (np.float64(25385.774046085375), 51.90636849403381), (np.float64(20101.83705519689), 51.99962377548218), (np.float64(15061.22750331995), 52.016374826431274), (np.float64(13363.843149245744), 52.414448976516724), (np.float64(8143.624522170316), 52.426981925964355), (np.float64(7549.651183337131), 124.93611550331116), (np.float64(6950.264594770573), 130.38432455062866), (np.float64(59002.19293841513), 130.38671803474426), (np.float64(49160.272049813626), 130.39448857307434), (np.float64(49090.310990363716), 130.40028834342957), (np.float64(36500.10316930775), 130.40644574165344), (np.float64(25385.774046085375), 130.42786359786987), (np.float64(23746.563553087137), 130.5632824897766), (np.float64(15367.323793994778), 130.72712182998657), (np.float64(14410.171681653012), 131.05469489097595), (np.float64(13363.843149245744), 131.1353542804718), (np.float64(6950.264594770573), 131.3467469215393), (np.float64(6068.5162432018005), 219.00424933433533), (np.float64(59002.19293841513), 219.00667524337769), (np.float64(54728.02087718805), 219.01532697677612), (np.float64(49160.272049813626), 219.02136898040771), (np.float64(49090.310990363716), 219.02722191810608), (np.float64(45739.20668248581), 219.0404407978058), (np.float64(41110.85093578354), 219.0770137310028), (np.float64(36500.10316930775), 219.08317375183105), (np.float64(34546.354530793455), 219.10649466514587), (np.float64(30452.369946459694), 219.13866066932678), (np.float64(25385.774046085375), 219.1467146873474), (np.float64(23746.563553087137), 219.21429347991943), (np.float64(20101.83705519689), 219.28672695159912), (np.float64(15061.22750331995), 219.29649901390076), (np.float64(13049.672615803798), 219.8059298992157), (np.float64(9894.285338454136), 220.0913369655609), (np.float64(5759.964664353882), 220.1040496826172), (np.float64(2639.1947698568747), 220.62300300598145), (np.float64(59002.19293841513), 220.62529826164246), (np.float64(54728.02087718805), 220.63134288787842), (np.float64(49160.272049813626), 220.63720107078552), (np.float64(49090.310990363716), 220.64293456077576), (np.float64(41110.85093578354), 220.6489441394806), (np.float64(39043.026273384756), 220.6773133277893), (np.float64(36500.10316930775), 220.71972274780273), (np.float64(34546.354530793455), 220.74808645248413), (np.float64(28736.383888053104), 220.7828459739685), (np.float64(25385.774046085375), 220.80739045143127), (np.float64(23746.563553087137), 220.8783106803894), (np.float64(20311.776922158977), 220.9466109275818), (np.float64(15061.22750331995), 220.97635316848755), (np.float64(13363.843149245744), 221.2178933620453), (np.float64(8143.624522170316), 221.51310276985168), (np.float64(6114.397814493746), 221.61529159545898), (np.float64(6068.5162432018005), 221.65252804756165), (np.float64(1594.2094464162856), 221.8715305328369)]
uncertainty:
{'ate': np.float64(11727.289450806318), 'se': np.float64(27272.670928544037), 'ci': (np.float64(-41734.56480736127), np.float64(65189.143708973905)), 'significant': np.False_}
checked:
15778
