Starting EXP29.1, type=probe_probs_with_restart, run 1/3
Job 68225155, task 24
loaded cached data
loaded cached data
loaded cached data
loaded cached data
loaded cached data
loaded cached data
START ATE IS: 0.09117907001884569
PROBE TRIGGERED! Error reduced from inf to 0.151 (ATE went to 0.09117906987545976).
PROBE TRIGGERED! Error reduced from 0.151 to 0.128 (ATE went to 0.06795346321649993).
PROBE TRIGGERED! Error reduced from 0.128 to 0.115 (ATE went to 0.054583788304409665).
PROBE TRIGGERED! Error reduced from 0.115 to 0.100 (ATE went to 0.040310649455080866).
PROBE TRIGGERED! Error reduced from 0.100 to 0.088 (ATE went to 0.028238969524897132).
PROBE TRIGGERED! Error reduced from 0.088 to 0.079 (ATE went to 0.0192276050935667).
PROBE TRIGGERED! Error reduced from 0.079 to 0.071 (ATE went to 0.010875210662931817).
PROBE TRIGGERED! Error reduced from 0.071 to 0.063 (ATE went to 0.002597030738878182).
***
FINISHED
ATE before: 0.09117907001884569
ATE now is: -0.00022330804541487872
sequence is: (('norm_log', 'gestat10'), ('bin_equal_frequency_2', 'wt'), ('IQR', 'dlivord_min'), ('IQR', 'feduc6'), ('IQR', 'dtotord_min'))
***
Execution time: 7485.277 sec
distances from ATE (with time):
[(np.float64(0.15117907001884567), 0), (np.float64(0.15117906987545976), 0.004443645477294922), (np.float64(0.15117907001884567), 0.007928609848022461), (np.float64(0.15117906987545976), 0.01399374008178711), (np.float64(0.15117906957985228), 0.019201993942260742), (np.float64(0.1501991189962464), 0.26375317573547363), (np.float64(0.15019565809598767), 0.28325796127319336), (np.float64(0.145359114953227), 0.3266181945800781), (np.float64(0.1443961769456122), 1.1399855613708496), (np.float64(0.14235030088741946), 1.1509125232696533), (np.float64(0.12795346321649992), 8.712478160858154), (np.float64(0.15117907001884567), 8.715274810791016), (np.float64(0.12795346321649992), 8.721366167068481), (np.float64(0.127953463159297), 9.53243637084961), (np.float64(0.1279534626068776), 9.538745880126953), (np.float64(0.12795346254837087), 9.640083312988281), (np.float64(0.1279534617016118), 9.646081447601318), (np.float64(0.12684072615629183), 17.396552085876465), (np.float64(0.11552863227846309), 17.476117372512817), (np.float64(0.11552863221757823), 60.47076749801636), (np.float64(0.11552863142404995), 62.774739265441895), (np.float64(0.11552863002144538), 64.27679347991943), (np.float64(0.11458378830440966), 125.40036201477051), (np.float64(0.15117907001884567), 125.40313458442688), (np.float64(0.12795346321649992), 125.41252827644348), (np.float64(0.12684072615629183), 125.43970847129822), (np.float64(0.11699586212843413), 125.44610238075256), (np.float64(0.11609182010815314), 125.4642972946167), (np.float64(0.11609181939129545), 125.75748419761658), (np.float64(0.11458378830440966), 125.76484870910645), (np.float64(0.11458378744876113), 126.95258092880249), (np.float64(0.1145837853483986), 159.6792893409729), (np.float64(0.11173603902237336), 160.0558979511261), (np.float64(0.11080063961966678), 160.0637607574463), (np.float64(0.1093541358951835), 160.0935001373291), (np.float64(0.10819686979168353), 160.10140132904053), (np.float64(0.1076731424913416), 171.43322730064392), (np.float64(0.10699019222548667), 222.0730378627777), (np.float64(0.10612604354297747), 224.9337899684906), (np.float64(0.105944105619272), 279.04092359542847), (np.float64(0.10594410312692895), 453.7792294025421), (np.float64(0.10388437764965408), 739.5361676216125), (np.float64(0.10031064945508086), 741.051070690155), (np.float64(0.15117907001884567), 741.053870677948), (np.float64(0.12795346321649992), 741.0804851055145), (np.float64(0.11699586212843413), 741.1183910369873), (np.float64(0.11609182010815314), 741.1311542987823), (np.float64(0.11552863227846309), 741.1489610671997), (np.float64(0.11543454552451808), 741.2862102985382), (np.float64(0.10858906590049897), 741.2932257652283), (np.float64(0.10767314233035616), 741.3349199295044), (np.float64(0.105944105619272), 741.6951990127563), (np.float64(0.10594410312692895), 742.7928581237793), (np.float64(0.10031064563996503), 742.8094882965088), (np.float64(0.09911437672992288), 742.8259735107422), (np.float64(0.09847254956979082), 755.1678218841553), (np.float64(0.09400412998311705), 4167.8129715919495), (np.float64(0.09274501270760378), 4172.1557829380035), (np.float64(0.08823896952489713), 7205.774443149567), (np.float64(0.15117907001884567), 7205.777255535126), (np.float64(0.12795346321649992), 7205.996751070023), (np.float64(0.08823896952489713), 7206.007483243942), (np.float64(0.0792276050935667), 7206.045458555222), (np.float64(0.15117907001884567), 7206.048100709915), (np.float64(0.08823896952489713), 7206.053482294083), (np.float64(0.0792276050935667), 7206.08445930481), (np.float64(0.07921371908497127), 7206.175885915756), (np.float64(0.07514653399868236), 7206.246073961258), (np.float64(0.07376650782557541), 7206.253210544586), (np.float64(0.07087521066293181), 7206.3964076042175), (np.float64(0.15117907001884567), 7206.399098396301), (np.float64(0.08823896952489713), 7206.404531240463), (np.float64(0.07942306953993465), 7206.435092687607), (np.float64(0.0792276050935667), 7206.441301107407), (np.float64(0.07921371908497127), 7206.470891237259), (np.float64(0.07137154177439027), 7206.554389476776), (np.float64(0.07087521066293181), 7206.606139659882), (np.float64(0.06953324305559543), 7207.1227831840515), (np.float64(0.06909208406025405), 7207.241146326065), (np.float64(0.06687374775248117), 7208.6888880729675), (np.float64(0.06432689213226614), 7267.710706710815), (np.float64(0.06386117283947194), 7267.741770982742), (np.float64(0.06259703073887818), 7342.883293390274), (np.float64(0.15117907001884567), 7342.886010885239), (np.float64(0.08823896952489713), 7342.894053697586), (np.float64(0.08681490226056444), 7342.919475317001), (np.float64(0.07942306953993465), 7342.925284385681), (np.float64(0.0792276050935667), 7342.931579351425), (np.float64(0.07921371908497127), 7342.977065086365), (np.float64(0.07803281563912436), 7343.040328502655), (np.float64(0.07726351065251326), 7343.047145366669), (np.float64(0.07087521066293181), 7343.156395673752), (np.float64(0.06953324305559543), 7343.330760240555), (np.float64(0.06909208406025405), 7343.432298183441), (np.float64(0.06386117283947194), 7343.636073112488), (np.float64(0.0636834402531322), 7343.690033197403), (np.float64(0.06259703073887818), 7344.207622051239), (np.float64(0.062184687714302175), 7344.2776510715485), (np.float64(0.06215061455598812), 7447.302928686142), (np.float64(0.06193086664994533), 7447.359813213348), (np.float64(0.05977669195458512), 7485.276742219925)]
(REAL, NOT adjusted by restarts)probability of this sequence is: 4.949010640420279e-23
probability of this sequence is: 6.92305101374065e-06
uncertainty:
{'ate': np.float64(-0.00022330739280972817), 'se': np.float64(0.022509792541957355), 'ci': (np.float64(-0.04440837167306398), np.float64(0.043961756887444525)), 'significant': np.False_}
checked:
687956
