Starting EXP34.4, type=probe, run 2/3
Job 68227955, task 73
loaded cached data
loaded cached data
loaded cached data
loaded cached data
loaded cached data
loaded cached data
START ATE IS: 8774.433204712712
PROBE TRIGGERED! Error reduced from inf to 9658.920 (ATE went to 6841.079964018387).
PROBE TRIGGERED! Error reduced from 9658.920 to 8161.054 (ATE went to 8338.946179002443).
PROBE TRIGGERED! Error reduced from 8161.054 to 5101.414 (ATE went to 11398.586361860558).
PROBE TRIGGERED! Error reduced from 5101.414 to 1994.453 (ATE went to 14505.546547239326).
PROBE TRIGGERED! Error reduced from 1994.453 to 395.577 (ATE went to 16895.57708614398).
***
FINISHED
ATE before: 8774.433204712712
ATE now is: 16411.746794892268
sequence is: (('bin_equal_frequency_5', 'education'), ('isolationForest', 'Age'))
***
Execution time: 3061.390 sec
distances from ATE (with time):
[(np.float64(7725.566795287288), 0), (np.float64(7725.566795287288), 2.4564590454101562), (np.float64(7725.566795287288), 10.357991695404053), (np.float64(5101.413638139442), 66.82487416267395), (np.float64(7725.566795287288), 67.66618180274963), (np.float64(5101.413638139442), 74.6377375125885), (np.float64(1994.4534527606738), 285.9477713108063), (np.float64(7725.566795287288), 286.1820638179779), (np.float64(5101.413638139442), 290.562353849411), (np.float64(1994.4534527606738), 321.92818784713745), (np.float64(395.57708614398143), 385.99741101264954), (np.float64(7725.566795287288), 386.23720145225525), (np.float64(5101.413638139442), 388.44462728500366), (np.float64(1994.4534527606738), 421.57600688934326), (np.float64(395.57708614398143), 457.9719145298004), (np.float64(88.25320510773236), 3061.389590024948)]
uncertainty:
{'ate': np.float64(16411.746794869585), 'se': np.float64(243.6828456657875), 'ci': (np.float64(15934.136762947166), np.float64(16889.356826792)), 'significant': np.True_}
checked:
339
