Starting EXP36.9, type=probe, run 1/3
Job 68243081, task 513
loaded cached data
loaded cached data
loaded cached data
loaded cached data
loaded cached data
loaded cached data
START ATE IS: 50148.12255666627
PROBE TRIGGERED! Error reduced from inf to 37695.225 (ATE went to 47828.30528563402).
PROBE TRIGGERED! Error reduced from 37695.225 to 33323.794 (ATE went to 43456.87407884331).
PROBE TRIGGERED! Error reduced from 33323.794 to 29719.128 (ATE went to 39852.20842904643).
PROBE TRIGGERED! Error reduced from 29719.128 to 23552.646 (ATE went to 33685.72607928515).
PROBE TRIGGERED! Error reduced from 23552.646 to 21015.323 (ATE went to 31148.403129655486).
PROBE TRIGGERED! Error reduced from 21015.323 to 9503.284 (ATE went to 19636.364316188512).
PROBE TRIGGERED! Error reduced from 9503.284 to 8155.983 (ATE went to 18289.062554019984).
PROBE TRIGGERED! Error reduced from 8155.983 to 4633.289 (ATE went to 14766.368753267032).
PROBE TRIGGERED! Error reduced from 4633.289 to 4032.844 (ATE went to 14165.923880282702).
***
FINISHED
ATE before: 50148.12255666627
ATE now is: 8745.73163856292
sequence is: (('bin_equal_frequency_10', 'sqft_living'), ('bin_equal_frequency_2', 'yr_built'), ('bin_equal_frequency_2', 'sqft_lot15'))
***
Execution time: 24.167 sec
distances from ATE (with time):
[(np.float64(40015.04255666627), 0), (np.float64(37695.22528563402), 0.0049779415130615234), (np.float64(40015.04255666627), 0.0073201656341552734), (np.float64(37695.22528563402), 0.01394796371459961), (np.float64(33323.79407884331), 0.020628690719604492), (np.float64(40015.04255666627), 0.0229341983795166), (np.float64(37695.22528563402), 0.02924370765686035), (np.float64(33323.79407884331), 0.03522801399230957), (np.float64(32508.3214407947), 0.04324650764465332), (np.float64(29719.128429046432), 0.10433030128479004), (np.float64(40015.04255666627), 0.10658907890319824), (np.float64(37695.22528563402), 0.11271524429321289), (np.float64(33323.79407884331), 0.11837077140808105), (np.float64(29719.128429046432), 0.12416982650756836), (np.float64(28343.03662069657), 0.13972163200378418), (np.float64(23552.64607928515), 0.16458725929260254), (np.float64(40015.04255666627), 0.16683435440063477), (np.float64(37695.22528563402), 0.17289257049560547), (np.float64(33323.79407884331), 0.17860722541809082), (np.float64(29719.128429046432), 0.18442392349243164), (np.float64(28343.03662069657), 0.19980382919311523), (np.float64(23552.64607928515), 0.22458243370056152), (np.float64(21015.323129655488), 0.42218852043151855), (np.float64(40015.04255666627), 0.42447805404663086), (np.float64(33323.79407884331), 0.43045759201049805), (np.float64(29719.128429046432), 0.4364006519317627), (np.float64(21015.323129655488), 0.4483067989349365), (np.float64(19558.04723335165), 0.5027520656585693), (np.float64(9503.284316188512), 0.5107378959655762), (np.float64(40015.04255666627), 0.5130271911621094), (np.float64(29719.128429046432), 0.5190556049346924), (np.float64(21015.323129655488), 0.5251185894012451), (np.float64(9503.284316188512), 0.5448870658874512), (np.float64(8155.982554019984), 0.6350784301757812), (np.float64(40015.04255666627), 0.6373543739318848), (np.float64(29719.128429046432), 0.643291711807251), (np.float64(21015.323129655488), 0.6552979946136475), (np.float64(9503.284316188512), 0.6845033168792725), (np.float64(8155.982554019984), 0.7488925457000732), (np.float64(4633.288753267032), 14.105434894561768), (np.float64(40015.04255666627), 14.107665777206421), (np.float64(29719.128429046432), 14.113844871520996), (np.float64(21015.323129655488), 14.119947910308838), (np.float64(9503.284316188512), 14.133061408996582), (np.float64(8155.982554019984), 14.190020561218262), (np.float64(4763.453009309327), 14.497130632400513), (np.float64(4032.8438802827022), 14.584713220596313), (np.float64(40015.04255666627), 14.586886167526245), (np.float64(29719.128429046432), 14.59267544746399), (np.float64(21015.323129655488), 14.598466157913208), (np.float64(9503.284316188512), 14.622627019882202), (np.float64(9043.196436856755), 14.840645790100098), (np.float64(4032.8438802827022), 14.938394784927368), (np.float64(1387.3483614370798), 24.166239738464355)]
uncertainty:
{'ate': np.float64(8745.731643838544), 'se': np.float64(25959.617361766326), 'ci': (np.float64(-42142.180421275756), np.float64(59633.64370895285)), 'significant': np.False_}
checked:
1775
