Starting EXP37.6, type=probe_probs_no_restart, run 2/3
Job 68243108, task 535
loaded cached data
loaded cached data
loaded cached data
loaded cached data
loaded cached data
loaded cached data
START ATE IS: 61499.45768648502
***
FINISHED
ATE before: 61499.45768648502
ATE now is: 9837.441657257557
sequence is: (('bin_equal_width_5', 'sqft_living'), ('bin_equal_frequency_5', 'sqft_lot15'), ('zscore_clip_3', 'view'))
***
Execution time: 85.870 sec
distances from ATE (with time):
[(np.float64(51366.377686485015), 0), (np.float64(51366.377679900776), 0.0022428035736083984), (np.float64(51043.0091723084), 0.026923656463623047), (np.float64(50387.21639848656), 0.03605508804321289), (np.float64(47571.5677543762), 0.04007697105407715), (np.float64(43034.23502603942), 0.05392765998840332), (np.float64(36524.2517304739), 0.05763745307922363), (np.float64(22496.610682402803), 0.3007338047027588), (np.float64(22051.40053027281), 1.3170316219329834), (np.float64(22051.400528523285), 5.229909658432007), (np.float64(21571.91398147891), 5.618319272994995), (np.float64(21096.293511097283), 5.6308434009552), (np.float64(21037.433439784414), 6.604309320449829), (np.float64(19847.903290995768), 10.263402938842773), (np.float64(14768.925652875349), 10.277939081192017), (np.float64(6478.069943390807), 17.20240545272827), (np.float64(6298.281104829877), 48.585665702819824), (np.float64(6068.376962803573), 68.31655263900757), (np.float64(295.63834274244255), 85.86899733543396)]
probability of this sequence is: 1.2676054167030723e-08
uncertainty:
{'ate': np.float64(9837.441657540287), 'se': np.float64(31466.04478262768), 'ci': (np.float64(-51843.58522930984), np.float64(71518.46854439042)), 'significant': np.False_}
checked:
7139
