Starting EXP27, type=probe, run 3/3
Job 68226979, task 2
loaded cached data
loaded cached data
loaded cached data
loaded cached data
loaded cached data
loaded cached data
START ATE IS: 0.061323487827131574
PROBE TRIGGERED! Error reduced from inf to 0.121 (ATE went to 0.06133003433445259).
PROBE TRIGGERED! Error reduced from 0.121 to 0.062 (ATE went to 0.0019593815021162683).
***
FINISHED
ATE before: 0.061323487827131574
ATE now is: -0.005384345354062895
sequence is: (('bin_equal_frequency_2', 'wt'), ('norm_log', 'gestat10'))
***
Execution time: 30.125 sec
distances from ATE (with time):
[(np.float64(0.12132348782713157), 0), (np.float64(0.12132348782713157), 0.05310249328613281), (np.float64(0.12131956703434166), 0.22531533241271973), (np.float64(0.12130306779949579), 0.7811992168426514), (np.float64(0.12129993163702574), 0.7991576194763184), (np.float64(0.12129361786829963), 0.816845178604126), (np.float64(0.12128751566471117), 0.8502199649810791), (np.float64(0.12128213185704406), 0.8685932159423828), (np.float64(0.061959381502116266), 0.9045896530151367), (np.float64(0.12132348782713157), 0.9110393524169922), (np.float64(0.061959381502116266), 0.9476590156555176), (np.float64(0.061953924508620035), 22.31124758720398), (np.float64(0.061952296050523596), 22.347124338150024), (np.float64(0.06192110575018659), 22.43612051010132), (np.float64(0.061920980318480354), 22.50716257095337), (np.float64(0.06188308460731291), 22.893662452697754), (np.float64(0.0546156546459371), 30.124986171722412)]
uncertainty:
{'ate': np.float64(-0.00538434534380515), 'se': np.float64(0.006569764643922853), 'ci': (np.float64(-0.018262472961803805), np.float64(0.007493782274193504)), 'significant': np.False_}
checked:
1315
