Starting EXP31.27, type=probe_probs_with_restart, run 3/3
Job 68225994, task 260
loaded cached data
loaded cached data
loaded cached data
loaded cached data
loaded cached data
loaded cached data
START ATE IS: -0.024663888313763174
***
FINISHED
ATE before: -0.024663888313763174
ATE now is: -0.02466388885958551
sequence is: (('norm_min_max', 'stoccfipb'),)
***
Execution time: 0.007 sec
distances from ATE (with time):
[(np.float64(0.03533611168623682), 0), (np.float64(0.03533611114041449), 0.006473541259765625)]
(REAL, NOT adjusted by restarts)probability of this sequence is: 0.021404521404521405
probability of this sequence is: 0.021404521404521405
uncertainty:
{'ate': np.float64(-0.02466388921585616), 'se': np.float64(0.0067684171440611385), 'ci': (np.float64(-0.0379314135497528), np.float64(-0.01139636488195952)), 'significant': np.True_}
checked:
1
