Starting EXP36.3, type=probe_probs_with_restart, run 1/3
Job 68242987, task 465
loaded cached data
loaded cached data
loaded cached data
loaded cached data
loaded cached data
loaded cached data
START ATE IS: 55958.45166888738
PROBE TRIGGERED! Error reduced from inf to 45825.372 (ATE went to 55958.45159105562).
PROBE TRIGGERED! Error reduced from 45825.372 to 39955.371 (ATE went to 50088.45066010802).
PROBE TRIGGERED! Error reduced from 39955.371 to 12814.036 (ATE went to 22947.115943981884).
PROBE TRIGGERED! Error reduced from 12814.036 to 10727.558 (ATE went to 20860.638459947244).
***
FINISHED
ATE before: 55958.45166888738
ATE now is: 9702.805438027244
sequence is: (('IQR', 'sqft_basement'), ('norm_log', 'sqft_living'))
***
Execution time: 2.710 sec
distances from ATE (with time):
[(np.float64(45825.371668887376), 0), (np.float64(45825.37159105562), 0.0019316673278808594), (np.float64(45825.371668887376), 0.0036249160766601562), (np.float64(45825.37159105562), 0.008076190948486328), (np.float64(39955.37066010802), 0.052608489990234375), (np.float64(45825.371668887376), 0.05411028861999512), (np.float64(45825.37159105562), 0.05697154998779297), (np.float64(39955.37066010802), 0.05990266799926758), (np.float64(39539.644071807925), 0.11521220207214355), (np.float64(12814.035943981884), 0.12113237380981445), (np.float64(45825.371668887376), 0.12265920639038086), (np.float64(45825.37159105562), 0.12552809715270996), (np.float64(39955.37066010802), 0.12844109535217285), (np.float64(12814.035943981884), 0.13138198852539062), (np.float64(10727.558459947244), 0.17856979370117188), (np.float64(45825.371668887376), 0.18007898330688477), (np.float64(39955.37066010802), 0.18305659294128418), (np.float64(12814.035943981884), 0.18597888946533203), (np.float64(10727.558459947244), 0.19238519668579102), (np.float64(10727.558403205121), 0.5340681076049805), (np.float64(10727.55834223738), 0.5460250377655029), (np.float64(430.2745619727557), 2.709088087081909)]
(REAL, NOT adjusted by restarts)probability of this sequence is: 9.182736455463728e-05
probability of this sequence is: 0.0009090788025711665
uncertainty:
{'ate': np.float64(9702.80544444755), 'se': np.float64(47681.08752487049), 'ci': (np.float64(-83796.59963290038), np.float64(103202.2105217955)), 'significant': np.False_}
checked:
237
