Starting EXP31.36, type=probe_probs_no_restart, run 1/3
Job 68240261, task 282
Starting EXP31.36, type=probe_probs_no_restart, run 1/3
Job 68240261, task 282
loaded cached data
loaded cached data
loaded cached data
loaded cached data
loaded cached data
loaded cached data
START ATE IS: -0.02466386235687155
***
FINISHED
ATE before: -0.02466386235687155
ATE now is: -0.02466386235687155
sequence is: (('norm_min_max', 'eclamp'),)
***
Execution time: 0.011 sec
distances from ATE (with time):
[(np.float64(0.03533613764312844), 0)]
probability of this sequence is: 0.016053391053391056
uncertainty:
{'ate': np.float64(-0.024663862374983664), 'se': np.float64(0.006758442301278926), 'ci': (np.float64(-0.03791183547773252), np.float64(-0.011415889272234811)), 'significant': np.True_}
checked:
1
