Starting EXP31.9, type=probe_probs_no_restart, run 3/3
Job 68225918, task 203
loaded cached data
loaded cached data
loaded cached data
loaded cached data
loaded cached data
loaded cached data
START ATE IS: -0.02489110143118103
***
FINISHED
ATE before: -0.02489110143118103
ATE now is: -0.024891101431198534
sequence is: (('norm_min_max', 'mager8'),)
***
Execution time: 0.004 sec
distances from ATE (with time):
[(np.float64(0.035108898568818964), 0), (np.float64(0.035108898568801464), 0.003276824951171875)]
probability of this sequence is: 0.06421356421356422
uncertainty:
{'ate': np.float64(-0.024891101431240722), 'se': np.float64(0.006795807366860643), 'ci': (np.float64(-0.03821231324035188), np.float64(-0.011569889622129561)), 'significant': np.True_}
checked:
1
