Starting EXP29.6, type=probe, run 3/3
Job 68238544, task 65
loaded cached data
loaded cached data
loaded cached data
loaded cached data
loaded cached data
loaded cached data
START ATE IS: 0.06417231512862441
PROBE TRIGGERED! Error reduced from inf to 0.124 (ATE went to 0.06417511448004329).
PROBE TRIGGERED! Error reduced from 0.124 to 0.067 (ATE went to 0.006781977902801024).
***
FINISHED
ATE before: 0.06417231512862441
ATE now is: -0.0018950128969003736
sequence is: (('bin_equal_frequency_2', 'wt'), ('norm_log', 'gestat10'))
***
Execution time: 27.450 sec
distances from ATE (with time):
[(np.float64(0.12417231512862441), 0), (np.float64(0.12417231512862441), 0.05005764961242676), (np.float64(0.12409358856792396), 0.13376069068908691), (np.float64(0.12404786299133021), 0.7295482158660889), (np.float64(0.12404195697751977), 0.8119752407073975), (np.float64(0.12397830327453341), 0.829042911529541), (np.float64(0.06678197790280102), 0.8629155158996582), (np.float64(0.12417231512862441), 0.8683130741119385), (np.float64(0.06678197790280102), 0.9022979736328125), (np.float64(0.06678148871293725), 0.922825813293457), (np.float64(0.06667840041376334), 20.52352523803711), (np.float64(0.06666753345583307), 20.634285926818848), (np.float64(0.06655080035489977), 20.650241374969482), (np.float64(0.05810498710309962), 27.4492928981781)]
uncertainty:
{'ate': np.float64(-0.0018950138845575107), 'se': np.float64(0.008536810863906771), 'ci': (np.float64(-0.018630389536955727), np.float64(0.014840361767840704)), 'significant': np.False_}
checked:
1311
