Starting EXP30.7, type=probe, run 1/3
Job 68225868, task 153
loaded cached data
loaded cached data
loaded cached data
loaded cached data
loaded cached data
loaded cached data
START ATE IS: 8762.564408640406
PROBE TRIGGERED! Error reduced from inf to 9664.299 (ATE went to 6835.700756846224).
PROBE TRIGGERED! Error reduced from 9664.299 to 8174.076 (ATE went to 8325.923729316419).
PROBE TRIGGERED! Error reduced from 8174.076 to 5124.015 (ATE went to 11375.985143281603).
PROBE TRIGGERED! Error reduced from 5124.015 to 1720.095 (ATE went to 14779.904924549146).
PROBE TRIGGERED! Error reduced from 1720.095 to 1085.915 (ATE went to 15414.085284626908).
PROBE TRIGGERED! Error reduced from 1085.915 to 637.642 (ATE went to 15862.358319266863).
***
FINISHED
ATE before: 8762.564408640406
ATE now is: 16462.13402308372
sequence is: (('bin_equal_frequency_5', 'education'), ('isolationForest', 'Age'))
***
Execution time: 367.149 sec
distances from ATE (with time):
[(np.float64(7737.435591359594), 0), (np.float64(7737.435591359594), 0.38317108154296875), (np.float64(7737.435591359594), 1.638719081878662), (np.float64(5124.014856718397), 10.12971568107605), (np.float64(7737.435591359594), 10.226184844970703), (np.float64(5124.014856718397), 11.150046110153198), (np.float64(1720.095075450854), 42.487879514694214), (np.float64(7737.435591359594), 42.51797151565552), (np.float64(5124.014856718397), 43.17929792404175), (np.float64(1720.095075450854), 48.35595941543579), (np.float64(1085.914715373092), 59.03266215324402), (np.float64(7737.435591359594), 59.06538200378418), (np.float64(5124.014856718397), 59.37837529182434), (np.float64(1720.095075450854), 64.64951300621033), (np.float64(1085.914715373092), 70.43913698196411), (np.float64(637.641680733137), 97.31688165664673), (np.float64(7737.435591359594), 97.34063172340393), (np.float64(5124.014856718397), 97.96237444877625), (np.float64(1720.095075450854), 103.1135482788086), (np.float64(1085.914715373092), 113.68451738357544), (np.float64(637.641680733137), 119.12793469429016), (np.float64(37.86597691628049), 367.1486394405365)]
uncertainty:
{'ate': np.float64(16462.13402308045), 'se': np.float64(596.3321726144275), 'ci': (np.float64(15293.338577536044), np.float64(17630.929468624854)), 'significant': np.True_}
checked:
371
