Starting EXP37.3, type=probe_probs_with_restart, run 1/3
Job 68243099, task 528
loaded cached data
loaded cached data
loaded cached data
loaded cached data
loaded cached data
loaded cached data
START ATE IS: 62604.11786197528
PROBE TRIGGERED! Error reduced from inf to 52471.038 (ATE went to 62604.11786206795).
PROBE TRIGGERED! Error reduced from 52471.038 to 44532.630 (ATE went to 54665.70953968551).
PROBE TRIGGERED! Error reduced from 44532.630 to 39387.857 (ATE went to 49520.93698912247).
PROBE TRIGGERED! Error reduced from 39387.857 to 28345.847 (ATE went to 38478.92671018655).
PROBE TRIGGERED! Error reduced from 28345.847 to 21501.866 (ATE went to 31634.945658882403).
PROBE TRIGGERED! Error reduced from 21501.866 to 17719.557 (ATE went to 27852.63698012218).
PROBE TRIGGERED! Error reduced from 17719.557 to 8871.147 (ATE went to 19004.22665429837).
PROBE TRIGGERED! Error reduced from 8871.147 to 7294.623 (ATE went to 17427.702656058555).
***
FINISHED
ATE before: 62604.11786197528
ATE now is: 9692.54270516813
sequence is: (('zscore_clip_3', 'sqft_living15'), ('bin_equal_width_5', 'sqft_living15'), ('bin_equal_width_5', 'bedrooms'), ('norm_log', 'sqft_living15'))
***
Execution time: 22.116 sec
distances from ATE (with time):
[(np.float64(52471.03786197528), 0), (np.float64(52471.03786197528), 0.0030448436737060547), (np.float64(44532.629539685506), 0.027544260025024414), (np.float64(52471.03786197528), 0.028699398040771484), (np.float64(44532.629539685506), 0.03370785713195801), (np.float64(44043.76679719046), 0.6416242122650146), (np.float64(39387.85698912247), 0.6480417251586914), (np.float64(52471.03786197528), 0.649207353591919), (np.float64(44532.629539685506), 0.6542201042175293), (np.float64(39387.85698912247), 0.6572582721710205), (np.float64(28345.846710186546), 1.2873423099517822), (np.float64(52471.03786197528), 1.2883319854736328), (np.float64(28345.846710186546), 1.2920043468475342), (np.float64(28345.84671018122), 1.3087124824523926), (np.float64(21501.8656588824), 1.3234848976135254), (np.float64(52471.03786197528), 1.3244597911834717), (np.float64(28345.846710186546), 1.3280258178710938), (np.float64(21501.8656588824), 1.3490405082702637), (np.float64(21501.865658877054), 1.4167284965515137), (np.float64(17719.55698012218), 2.1646687984466553), (np.float64(52471.03786197528), 2.165626287460327), (np.float64(28345.846710186546), 2.1692376136779785), (np.float64(28345.84671018122), 2.181044816970825), (np.float64(21501.8656588824), 2.1930794715881348), (np.float64(21501.865658877054), 2.2178914546966553), (np.float64(16411.888259226027), 3.0053791999816895), (np.float64(16411.888259219617), 4.757550001144409), (np.float64(8871.14665429837), 4.814559459686279), (np.float64(52471.03786197528), 4.8155694007873535), (np.float64(44532.629539685506), 4.818425416946411), (np.float64(28345.846710186546), 4.822042942047119), (np.float64(16411.888259226027), 4.831650495529175), (np.float64(8871.14665429837), 4.860002756118774), (np.float64(8871.146654290782), 4.925235986709595), (np.float64(7294.622656058555), 4.984571933746338), (np.float64(52471.03786197528), 4.9855968952178955), (np.float64(44532.629539685506), 4.988361120223999), (np.float64(28345.846710186546), 4.991984128952026), (np.float64(16411.888259226027), 4.994691610336304), (np.float64(8871.14665429837), 5.015830755233765), (np.float64(7294.622656058555), 5.083679676055908), (np.float64(7294.62265605205), 5.223395109176636), (np.float64(440.5372948318691), 22.115806102752686)]
(REAL, NOT adjusted by restarts)probability of this sequence is: 3.0729828283710844e-09
probability of this sequence is: 3.388451142501698e-05
uncertainty:
{'ate': np.float64(9692.542705173106), 'se': np.float64(38556.86689743074), 'ci': (np.float64(-65888.19973071679), np.float64(85273.28514106301)), 'significant': np.False_}
checked:
998
