Starting EXP30.7, type=probe_probs_no_restart, run 1/3
Job 68225871, task 156
loaded cached data
loaded cached data
loaded cached data
loaded cached data
loaded cached data
loaded cached data
START ATE IS: 8645.346812740965
***
FINISHED
ATE before: 8645.346812740965
ATE now is: 16527.552693741305
sequence is: (('IQR', 'education'), ('norm_log', 'education'), ('isolationForest', 'Age'))
***
Execution time: 1305.877 sec
distances from ATE (with time):
[(np.float64(7854.653187259035), 0), (np.float64(7854.653187256619), 0.21067476272583008), (np.float64(7854.653187255353), 0.4939873218536377), (np.float64(7854.653187249809), 1.5507471561431885), (np.float64(7791.661362661047), 2.086916446685791), (np.float64(6287.431419081577), 2.542175769805908), (np.float64(1339.214706150895), 12.20189642906189), (np.float64(1339.2147061505566), 73.19839644432068), (np.float64(1326.8623887929607), 143.15307450294495), (np.float64(464.6645807955847), 263.60530400276184), (np.float64(464.66458078861433), 939.4947881698608), (np.float64(27.55269374130512), 1305.8758509159088)]
probability of this sequence is: 2.542454292930162e-06
uncertainty:
{'ate': np.float64(16527.552693705904), 'se': np.float64(525.4254923919844), 'ci': (np.float64(15497.73386221641), np.float64(17557.371525195398)), 'significant': np.True_}
checked:
1357
