Starting EXP29.1, type=probe, run 3/3
Job 68225151, task 20
loaded cached data
loaded cached data
loaded cached data
loaded cached data
loaded cached data
loaded cached data
START ATE IS: 0.04756769321708692
PROBE TRIGGERED! Error reduced from inf to 0.109 (ATE went to 0.0493500344738485).
***
FINISHED
ATE before: 0.04756769321708692
ATE now is: -0.001775171763730866
sequence is: (('bin_equal_frequency_2', 'wt'),)
***
Execution time: 0.361 sec
distances from ATE (with time):
[(np.float64(0.10756769321708692), 0), (np.float64(0.10756769321708692), 0.024194002151489258), (np.float64(0.10746856975325575), 0.1291179656982422), (np.float64(0.10725216319157543), 0.2941009998321533), (np.float64(0.10715181470578085), 0.30153894424438477), (np.float64(0.10688063662174654), 0.32402968406677246), (np.float64(0.05822482823626913), 0.36071085929870605)]
uncertainty:
{'ate': np.float64(-0.0017751712692058129), 'se': np.float64(0.020212951414730063), 'ci': (np.float64(-0.04144447413924038), np.float64(0.037894131600828745)), 'significant': np.False_}
checked:
54
