Starting EXP34.3, type=probe, run 2/3
Job 68227909, task 64
loaded cached data
loaded cached data
loaded cached data
loaded cached data
loaded cached data
loaded cached data
START ATE IS: 8774.433205324263
PROBE TRIGGERED! Error reduced from inf to 9658.920 (ATE went to 6841.079964230288).
PROBE TRIGGERED! Error reduced from 9658.920 to 8161.054 (ATE went to 8338.94617942562).
PROBE TRIGGERED! Error reduced from 8161.054 to 5101.414 (ATE went to 11398.586362429542).
PROBE TRIGGERED! Error reduced from 5101.414 to 910.301 (ATE went to 15589.699189735202).
PROBE TRIGGERED! Error reduced from 910.301 to 331.956 (ATE went to 16168.043794536421).
PROBE TRIGGERED! Error reduced from 331.956 to 255.701 (ATE went to 16244.298831473707).
***
FINISHED
ATE before: 8774.433205324263
ATE now is: 16489.049370528002
sequence is: (('norm_log', 'Age'), ('bin_equal_frequency_5', 'education'), ('isolationForest', 'Age'))
***
Execution time: 5552.509 sec
distances from ATE (with time):
[(np.float64(7725.566794675737), 0), (np.float64(7725.566794675737), 1.3440752029418945), (np.float64(7725.566794675737), 5.562915086746216), (np.float64(5101.413637570458), 38.400824546813965), (np.float64(7725.566794675737), 38.798412799835205), (np.float64(5101.413637570458), 42.866788148880005), (np.float64(910.3008102647982), 170.50891613960266), (np.float64(7725.566794675737), 170.6465072631836), (np.float64(5101.413637570458), 172.99029397964478), (np.float64(910.3008102647982), 193.66464138031006), (np.float64(331.95620546357895), 236.14973187446594), (np.float64(7725.566794675737), 236.2772252559662), (np.float64(5101.413637570458), 237.55768847465515), (np.float64(910.3008102647982), 258.58959197998047), (np.float64(331.95620546357895), 281.70732855796814), (np.float64(331.95620542388133), 2111.801653146744), (np.float64(255.70116852629326), 2154.183269262314), (np.float64(7725.566794675737), 2154.288690328598), (np.float64(5101.413637570458), 2155.297751188278), (np.float64(910.3008102647982), 2175.5173439979553), (np.float64(331.95620546357895), 2198.4926080703735), (np.float64(331.95620542388133), 4360.448482751846), (np.float64(331.95620524708283), 4547.824516534805), (np.float64(10.950629471997672), 5552.508417606354)]
uncertainty:
{'ate': np.float64(16746.505531839328), 'se': np.float64(404.9516501821559), 'ci': (np.float64(15952.813886705602), np.float64(17540.197176973055)), 'significant': np.True_}
checked:
1030
