Starting EXP31.6, type=probe, run 2/3
Job 68225905, task 190
loaded cached data
loaded cached data
loaded cached data
loaded cached data
loaded cached data
loaded cached data
START ATE IS: -0.024891101431236667
***
FINISHED
ATE before: -0.024891101431236667
ATE now is: -0.024891101431236667
sequence is: (('bin_equal_frequency_2', 'ormoth'),)
***
Execution time: 0.005 sec
distances from ATE (with time):
[(np.float64(0.03510889856876333), 0)]
uncertainty:
{'ate': np.float64(-0.024891101431240528), 'se': np.float64(0.007315544289055945), 'ci': (np.float64(-0.03923110636346892), np.float64(-0.010551096499012137)), 'significant': np.True_}
checked:
1
