Starting EXP30.2, type=probe, run 1/3
Job 68238614, task 108
loaded cached data
loaded cached data
loaded cached data
loaded cached data
loaded cached data
loaded cached data
START ATE IS: 8715.818527379917
PROBE TRIGGERED! Error reduced from inf to 11947.782 (ATE went to 6826.217817761858).
PROBE TRIGGERED! Error reduced from 11947.782 to 10521.083 (ATE went to 8252.916611184392).
PROBE TRIGGERED! Error reduced from 10521.083 to 7456.106 (ATE went to 11317.89357480363).
PROBE TRIGGERED! Error reduced from 7456.106 to 3610.007 (ATE went to 15163.992928594253).
PROBE TRIGGERED! Error reduced from 3610.007 to 1258.379 (ATE went to 17515.62114466982).
***
FINISHED
ATE before: 8715.818527379917
ATE now is: 17791.684602407964
sequence is: (('bin_equal_width_2', 'education'), ('bin_equal_width_2', 'Age'), ('isolationForest', 'Age'))
***
Execution time: 178.387 sec
distances from ATE (with time):
[(np.float64(10058.181472620083), 0), (np.float64(10058.181472620083), 0.10511136054992676), (np.float64(10058.181472620083), 0.37707948684692383), (np.float64(7456.106425196371), 2.1580047607421875), (np.float64(10058.181472620083), 2.1794543266296387), (np.float64(7456.106425196371), 2.3838393688201904), (np.float64(3610.0070714057474), 8.956419706344604), (np.float64(10058.181472620083), 8.964015245437622), (np.float64(7456.106425196371), 9.096190452575684), (np.float64(3610.0070714057474), 10.621662855148315), (np.float64(1258.3788553301783), 13.729756832122803), (np.float64(10058.181472620083), 13.737204313278198), (np.float64(7456.106425196371), 13.79519009590149), (np.float64(3610.0070714057474), 15.319470405578613), (np.float64(1258.3788553301783), 16.957818746566772), (np.float64(1258.37885533004), 129.43708872795105), (np.float64(1258.3788553294435), 157.87575483322144), (np.float64(982.3153975920359), 178.3860809803009)]
uncertainty:
{'ate': np.float64(17791.68460240894), 'se': np.float64(1293.1499779703365), 'ci': (np.float64(15257.119736577617), np.float64(20326.24946824026)), 'significant': np.True_}
checked:
498
