Starting EXP31.6, type=probe_probs_with_restart, run 1/3
Job 68239879, task 195
loaded cached data
loaded cached data
loaded cached data
loaded cached data
loaded cached data
loaded cached data
START ATE IS: 0.06474711454140963
PROBE TRIGGERED! Error reduced from inf to 0.125 (ATE went to 0.06474711454138013).
PROBE TRIGGERED! Error reduced from 0.125 to 0.102 (ATE went to 0.04177309696195824).
PROBE TRIGGERED! Error reduced from 0.102 to 0.091 (ATE went to 0.031078332556295166).
PROBE TRIGGERED! Error reduced from 0.091 to 0.079 (ATE went to 0.01943427346621345).
***
FINISHED
ATE before: 0.06474711454140963
ATE now is: -0.006156138037830926
sequence is: (('bin_equal_width_2', 'wt'), ('isolationForest', 'wt'))
***
Execution time: 357.726 sec
distances from ATE (with time):
[(np.float64(0.12474711454140963), 0), (np.float64(0.12474711454138013), 0.0024836063385009766), (np.float64(0.12474711454140963), 0.00429987907409668), (np.float64(0.12474711454138013), 0.008181333541870117), (np.float64(0.12474711454073042), 0.01856374740600586), (np.float64(0.11797687369435814), 0.05740547180175781), (np.float64(0.10177309696195824), 0.44157886505126953), (np.float64(0.12474711454140963), 0.4432070255279541), (np.float64(0.12474711454138013), 0.4471774101257324), (np.float64(0.10177309696195824), 0.7212107181549072), (np.float64(0.10177309696188151), 1.9090733528137207), (np.float64(0.0999808538206155), 3.510490894317627), (np.float64(0.09857513145877685), 3.760754346847534), (np.float64(0.096894174586013), 11.128516435623169), (np.float64(0.09453917238216801), 11.331194162368774), (np.float64(0.09107833255629516), 14.285074949264526), (np.float64(0.12474711454140963), 14.286307334899902), (np.float64(0.10177309696195824), 14.485906600952148), (np.float64(0.09883641477194524), 14.692579507827759), (np.float64(0.09107833255629516), 15.10685396194458), (np.float64(0.0910783325562947), 18.589608430862427), (np.float64(0.09013456098499656), 24.98935294151306), (np.float64(0.07943427346621346), 29.22297763824463), (np.float64(0.12474711454140963), 29.224153757095337), (np.float64(0.11422907441196499), 29.227612257003784), (np.float64(0.10177309696195824), 29.426677942276), (np.float64(0.09883641477194524), 29.63341236114502), (np.float64(0.09107833255629516), 29.831641674041748), (np.float64(0.09013456098499656), 32.070733308792114), (np.float64(0.09013456098499592), 43.678614139556885), (np.float64(0.08208432603051523), 57.30963158607483), (np.float64(0.08147599206003288), 64.57244205474854), (np.float64(0.0811779655917291), 70.90759253501892), (np.float64(0.08117200570807673), 150.18117880821228), (np.float64(0.0769377967495294), 152.5352156162262), (np.float64(0.07693779674952818), 152.93471312522888), (np.float64(0.07666466985779209), 167.67667722702026), (np.float64(0.0766638502456344), 193.24122095108032), (np.float64(0.07272877757334462), 208.3788251876831), (np.float64(0.07272877757334459), 265.7700352668762), (np.float64(0.05384386196216907), 357.7250974178314)]
(REAL, NOT adjusted by restarts)probability of this sequence is: 1.1724386724386725e-13
probability of this sequence is: 3.3510835901875917e-12
uncertainty:
{'ate': np.float64(-0.006156138037830991), 'se': np.float64(0.0051419411332452696), 'ci': (np.float64(-0.0162367299215472), np.float64(0.003924453845885218)), 'significant': np.False_}
checked:
3469
