Starting EXP31.3, type=probe, run 1/3
Job 68225895, task 180
loaded cached data
loaded cached data
loaded cached data
loaded cached data
loaded cached data
loaded cached data
START ATE IS: -0.024891101431237975
***
FINISHED
ATE before: -0.024891101431237975
ATE now is: -0.024891101431237975
sequence is: (('bin_equal_frequency_2', 'hemo'),)
***
Execution time: 0.003 sec
distances from ATE (with time):
[(np.float64(0.03510889856876202), 0)]
uncertainty:
{'ate': np.float64(-0.024891101431240653), 'se': np.float64(0.0073757088906669975), 'ci': (np.float64(-0.03934904106698122), np.float64(-0.010433161795500086)), 'significant': np.True_}
checked:
1
