Starting EXP34.1, type=probe_probs_no_restart, run 2/3
Job 68227878, task 49
loaded cached data
loaded cached data
loaded cached data
loaded cached data
loaded cached data
loaded cached data
START ATE IS: 8774.43320476426
***
FINISHED
ATE before: 8774.43320476426
ATE now is: 16556.46045228411
sequence is: (('bin_equal_frequency_10', 'Age'), ('norm_log', 'education'), ('isolationForest', 'Age'))
***
Execution time: 4447.711 sec
distances from ATE (with time):
[(np.float64(7725.56679523574), 0), (np.float64(7725.566795234679), 0.3797917366027832), (np.float64(7661.720210881365), 4.075498342514038), (np.float64(6162.798039486679), 5.098814487457275), (np.float64(2231.760637435067), 25.04832696914673), (np.float64(2201.107084748888), 279.16355776786804), (np.float64(1260.2798475693999), 308.49883580207825), (np.float64(705.5004659614369), 324.181205034256), (np.float64(398.3508832120024), 516.4553549289703), (np.float64(139.44645082010902), 1012.5900042057037), (np.float64(139.4464508200872), 3344.5138335227966), (np.float64(139.4464508200399), 3707.4646203517914), (np.float64(56.46045228411094), 4447.709918022156)]
probability of this sequence is: 3.632077561328803e-07
uncertainty:
{'ate': np.float64(16556.460452338262), 'se': np.float64(480.88032350494734), 'ci': (np.float64(15613.949867010246), np.float64(17498.971037666277)), 'significant': np.True_}
checked:
2061
