Starting EXP30.3, type=probe_probs_no_restart, run 2/3
Job 68225826, task 121
loaded cached data
loaded cached data
loaded cached data
loaded cached data
loaded cached data
loaded cached data
START ATE IS: 8562.884444229938
***
FINISHED
ATE before: 8562.884444229938
ATE now is: 16569.764179028884
sequence is: (('IQR', 'education'), ('norm_log', 'Age'), ('isolationForest', 'Age'))
***
Execution time: 563.065 sec
distances from ATE (with time):
[(np.float64(7937.115555770062), 0), (np.float64(7937.115555767834), 0.09878754615783691), (np.float64(7937.115555766983), 0.33524584770202637), (np.float64(7937.115555766859), 0.6900241374969482), (np.float64(7858.022672220781), 0.9323766231536865), (np.float64(6346.54080469576), 1.1636967658996582), (np.float64(184.2612191986591), 5.884901762008667), (np.float64(184.2612191978078), 35.0699245929718), (np.float64(159.66093734371316), 68.49303364753723), (np.float64(159.6609373420597), 225.65220069885254), (np.float64(106.25003304209531), 231.03912210464478), (np.float64(69.76417902888352), 563.0639224052429)]
probability of this sequence is: 2.542454292930162e-06
uncertainty:
{'ate': np.float64(16569.76417902959), 'se': np.float64(793.4057329364674), 'ci': (np.float64(15014.703976510797), np.float64(18124.824381548384)), 'significant': np.True_}
checked:
1355
