Starting EXP34.5, type=probe, run 3/3
Job 68228002, task 83
loaded cached data
loaded cached data
loaded cached data
loaded cached data
loaded cached data
loaded cached data
START ATE IS: 8774.433204885465
PROBE TRIGGERED! Error reduced from inf to 9658.920 (ATE went to 6841.079964103856).
PROBE TRIGGERED! Error reduced from 9658.920 to 8161.054 (ATE went to 8338.94617904377).
PROBE TRIGGERED! Error reduced from 8161.054 to 5101.414 (ATE went to 11398.586361915091).
PROBE TRIGGERED! Error reduced from 5101.414 to 1495.837 (ATE went to 15004.162924341723).
PROBE TRIGGERED! Error reduced from 1495.837 to 895.043 (ATE went to 15604.957422459749).
PROBE TRIGGERED! Error reduced from 895.043 to 476.796 (ATE went to 16976.795613584687).
PROBE TRIGGERED! Error reduced from 476.796 to 231.463 (ATE went to 16268.53674365463).
***
FINISHED
ATE before: 8774.433204885465
ATE now is: 16512.317002886208
sequence is: (('bin_equal_width_10', 'Age'), ('bin_equal_frequency_2', 'education'), ('isolationForest', 'Age'))
***
Execution time: 14649.567 sec
distances from ATE (with time):
[(np.float64(7725.566795114535), 0), (np.float64(7725.566795114535), 3.775538206100464), (np.float64(7725.566795114535), 20.589677095413208), (np.float64(5101.413638084909), 142.03039121627808), (np.float64(7725.566795114535), 143.29074692726135), (np.float64(5101.413638084909), 154.35921001434326), (np.float64(1495.8370756582772), 591.3303427696228), (np.float64(7725.566795114535), 591.6958200931549), (np.float64(5101.413638084909), 598.4566802978516), (np.float64(1495.8370756582772), 643.9194588661194), (np.float64(895.0425775402509), 734.5539674758911), (np.float64(7725.566795114535), 734.9588859081268), (np.float64(5101.413638084909), 738.4523549079895), (np.float64(1495.8370756582772), 781.9915266036987), (np.float64(895.0425775402509), 832.7374043464661), (np.float64(476.7956135846871), 1057.663435459137), (np.float64(7725.566795114535), 1057.8766603469849), (np.float64(5101.413638084909), 1064.5249478816986), (np.float64(1495.8370756582772), 1107.5081655979156), (np.float64(895.0425775402509), 1196.620949268341), (np.float64(476.7956135846871), 1241.7996933460236), (np.float64(231.4632563453706), 3440.505569458008), (np.float64(7725.566795114535), 3440.720173597336), (np.float64(1495.8370756582772), 3484.605617046356), (np.float64(895.0425775402509), 3620.816061973572), (np.float64(476.7956135846871), 3664.869151353836), (np.float64(231.4632563453706), 3709.995849132538), (np.float64(231.4632563433497), 11084.256852388382), (np.float64(231.46325627477927), 11276.450868844986), (np.float64(231.46325627473198), 11468.699025630951), (np.float64(12.317002886207774), 14649.565987348557)]
uncertainty:
{'ate': np.float64(16512.317002905875), 'se': np.float64(244.21374450714788), 'ci': (np.float64(16033.666526862298), np.float64(16990.96747894945)), 'significant': np.True_}
checked:
866
