Starting EXP33.1, type=probe, run 2/3
Job 68227466, task 1
loaded cached data
loaded cached data
loaded cached data
loaded cached data
loaded cached data
loaded cached data
START ATE IS: 0.061323487827131574
PROBE TRIGGERED! Error reduced from inf to 0.121 (ATE went to 0.06133003433445259).
PROBE TRIGGERED! Error reduced from 0.121 to 0.062 (ATE went to 0.0019593815021162683).
***
FINISHED
ATE before: 0.061323487827131574
ATE now is: -0.005384345354062895
sequence is: (('bin_equal_frequency_2', 'wt'), ('norm_log', 'gestat10'))
***
Execution time: 29.656 sec
distances from ATE (with time):
[(np.float64(0.12132348782713157), 0), (np.float64(0.12132348782713157), 0.048486948013305664), (np.float64(0.12131956703434166), 0.19180607795715332), (np.float64(0.12130306779949579), 0.6496291160583496), (np.float64(0.12129993163702574), 0.6642947196960449), (np.float64(0.12129361786829963), 0.6787536144256592), (np.float64(0.12128751566471117), 0.7055251598358154), (np.float64(0.12128213185704406), 0.7199716567993164), (np.float64(0.061959381502116266), 0.7490451335906982), (np.float64(0.12132348782713157), 0.7541515827178955), (np.float64(0.061959381502116266), 0.7840583324432373), (np.float64(0.061953924508620035), 21.866212606430054), (np.float64(0.061952296050523596), 21.90193247795105), (np.float64(0.06192110575018659), 21.99044704437256), (np.float64(0.061920980318480354), 22.061917304992676), (np.float64(0.06188308460731291), 22.448719024658203), (np.float64(0.0546156546459371), 29.65433168411255)]
uncertainty:
{'ate': np.float64(-0.00538434534380515), 'se': np.float64(0.006569764643922853), 'ci': (np.float64(-0.018262472961803805), np.float64(0.007493782274193504)), 'significant': np.False_}
checked:
1315
