Starting EXP36.8, type=probe, run 3/3
Job 68243065, task 506
loaded cached data
loaded cached data
loaded cached data
loaded cached data
loaded cached data
loaded cached data
START ATE IS: 53884.99452872425
PROBE TRIGGERED! Error reduced from inf to 42988.935 (ATE went to 53122.01467692103).
PROBE TRIGGERED! Error reduced from 42988.935 to 36358.344 (ATE went to 46491.42392406624).
PROBE TRIGGERED! Error reduced from 36358.344 to 26316.060 (ATE went to 36449.13999888722).
PROBE TRIGGERED! Error reduced from 26316.060 to 22420.358 (ATE went to 32553.438027155724).
PROBE TRIGGERED! Error reduced from 22420.358 to 19513.910 (ATE went to 29646.989546435576).
PROBE TRIGGERED! Error reduced from 19513.910 to 17540.328 (ATE went to 27673.40841975542).
PROBE TRIGGERED! Error reduced from 17540.328 to 11934.030 (ATE went to 22067.110462639394).
PROBE TRIGGERED! Error reduced from 11934.030 to 10409.866 (ATE went to 20542.945636105716).
PROBE TRIGGERED! Error reduced from 10409.866 to 6496.436 (ATE went to 16629.51635553432).
PROBE TRIGGERED! Error reduced from 6496.436 to 4621.953 (ATE went to 14755.03291959825).
PROBE TRIGGERED! Error reduced from 4621.953 to 3873.598 (ATE went to 14006.67771979029).
PROBE TRIGGERED! Error reduced from 3873.598 to 3156.357 (ATE went to 6976.7229920125765).
PROBE TRIGGERED! Error reduced from 3156.357 to 2617.029 (ATE went to 12750.108762905185).
***
FINISHED
ATE before: 53884.99452872425
ATE now is: 10728.73685806943
sequence is: (('bin_equal_frequency_10', 'sqft_living'), ('bin_equal_frequency_2', 'bedrooms'), ('bin_equal_frequency_2', 'sqft_living15'), ('bin_equal_frequency_2', 'sqft_lot15'), ('norm_log', 'sqft_living'))
***
Execution time: 113.183 sec
distances from ATE (with time):
[(np.float64(43751.91452872425), 0), (np.float64(42988.93467692103), 0.004240751266479492), (np.float64(43751.91452872425), 0.006400346755981445), (np.float64(42988.93467692103), 0.011874914169311523), (np.float64(36358.34392406624), 0.017484664916992188), (np.float64(43751.91452872425), 0.01950526237487793), (np.float64(42988.93467692103), 0.02484583854675293), (np.float64(36358.34392406624), 0.02983260154724121), (np.float64(32946.238458262), 0.08787727355957031), (np.float64(32732.163122719), 0.13242340087890625), (np.float64(26316.05999888722), 0.1421349048614502), (np.float64(43751.91452872425), 0.14414310455322266), (np.float64(42988.93467692103), 0.1492156982421875), (np.float64(36358.34392406624), 0.15407490730285645), (np.float64(26316.05999888722), 0.15915155410766602), (np.float64(24869.893144693662), 0.19444561004638672), (np.float64(24044.560356666516), 0.3633701801300049), (np.float64(22420.358027155722), 3.766869068145752), (np.float64(43751.91452872425), 3.7688610553741455), (np.float64(36358.34392406624), 3.773916721343994), (np.float64(26316.05999888722), 3.7790231704711914), (np.float64(24044.560356666516), 3.7842648029327393), (np.float64(23730.1322761247), 3.796027183532715), (np.float64(22420.358027155722), 3.802737236022949), (np.float64(22019.662035567962), 10.847984313964844), (np.float64(19513.909546435578), 10.854791402816772), (np.float64(43751.91452872425), 10.85684609413147), (np.float64(36358.34392406624), 10.862078189849854), (np.float64(24044.560356666516), 10.867332935333252), (np.float64(22420.358027155722), 10.889312744140625), (np.float64(19513.909546435578), 10.929139375686646), (np.float64(17540.328419755417), 10.991224527359009), (np.float64(43751.91452872425), 10.993227005004883), (np.float64(36358.34392406624), 10.998268842697144), (np.float64(24044.560356666516), 11.008524179458618), (np.float64(22420.358027155722), 11.026821374893188), (np.float64(22019.662035567962), 11.091884851455688), (np.float64(18935.943351576556), 11.218411922454834), (np.float64(11934.030462639394), 14.934076309204102), (np.float64(43751.91452872425), 14.936101198196411), (np.float64(24044.560356666516), 14.94151520729065), (np.float64(22420.358027155722), 14.958235740661621), (np.float64(19513.909546435578), 14.965029954910278), (np.float64(11934.030462639394), 14.99678921699524), (np.float64(10409.865636105716), 15.066624164581299), (np.float64(43751.91452872425), 15.068609476089478), (np.float64(24044.560356666516), 15.073891639709473), (np.float64(22420.358027155722), 15.090532064437866), (np.float64(11934.030462639394), 15.102296590805054), (np.float64(10409.865636105716), 15.16053819656372), (np.float64(6496.436355534321), 15.221657037734985), (np.float64(43751.91452872425), 15.223641157150269), (np.float64(24044.560356666516), 15.228959083557129), (np.float64(22420.358027155722), 15.250586986541748), (np.float64(19513.909546435578), 15.257369756698608), (np.float64(11934.030462639394), 15.264172077178955), (np.float64(10409.865636105716), 15.318389177322388), (np.float64(4621.95291959825), 15.447774887084961), (np.float64(43751.91452872425), 15.449808835983276), (np.float64(39009.77661096804), 15.45491075515747), (np.float64(32946.238458262), 15.459994316101074), (np.float64(24044.560356666516), 15.46524715423584), (np.float64(19513.909546435578), 15.48364520072937), (np.float64(17540.328419755417), 15.552637815475464), (np.float64(4621.95291959825), 15.586663961410522), (np.float64(3873.5977197902903), 41.117095708847046), (np.float64(43751.91452872425), 41.11918234825134), (np.float64(36358.34392406624), 41.124807357788086), (np.float64(32946.238458262), 41.1348602771759), (np.float64(24044.560356666516), 41.14006018638611), (np.float64(22420.358027155722), 41.159730672836304), (np.float64(19721.084870237457), 41.192397356033325), (np.float64(17540.328419755417), 41.20061898231506), (np.float64(4621.95291959825), 41.25228786468506), (np.float64(3873.5977197902903), 41.4399733543396), (np.float64(3156.3570079874235), 62.697930335998535), (np.float64(43751.91452872425), 62.69999098777771), (np.float64(36358.34392406624), 62.70561146736145), (np.float64(32946.238458262), 62.71562838554382), (np.float64(24044.560356666516), 62.72083115577698), (np.float64(22420.358027155722), 62.740450859069824), (np.float64(19721.084870237457), 62.77324962615967), (np.float64(17540.328419755417), 62.78146195411682), (np.float64(4621.95291959825), 62.85109329223633), (np.float64(3873.5977197902903), 63.09101366996765), (np.float64(3684.206612376034), 79.04543209075928), (np.float64(2617.0287629051854), 85.8679449558258), (np.float64(43751.91452872425), 85.87001848220825), (np.float64(36358.34392406624), 85.87570238113403), (np.float64(32946.238458262), 85.88565921783447), (np.float64(24044.560356666516), 85.89085817337036), (np.float64(22420.358027155722), 85.91050982475281), (np.float64(19721.084870237457), 85.94807481765747), (np.float64(17540.328419755417), 85.95631265640259), (np.float64(4621.95291959825), 86.05175423622131), (np.float64(3873.5977197902903), 86.36267232894897), (np.float64(2953.360665185457), 112.90962672233582), (np.float64(595.6568580694293), 113.18254709243774)]
uncertainty:
{'ate': np.float64(10728.736821181676), 'se': np.float64(28115.50389259739), 'ci': (np.float64(-44386.38389787437), np.float64(65843.85754023772)), 'significant': np.False_}
checked:
8823
