Starting EXP30.7, type=probe, run 3/3
Job 68225870, task 155
loaded cached data
loaded cached data
loaded cached data
loaded cached data
loaded cached data
loaded cached data
START ATE IS: 8831.382068473798
PROBE TRIGGERED! Error reduced from inf to 9623.679 (ATE went to 6876.320612272946).
PROBE TRIGGERED! Error reduced from 9623.679 to 8088.679 (ATE went to 8411.32109549198).
PROBE TRIGGERED! Error reduced from 8088.679 to 5007.689 (ATE went to 11492.311338065512).
PROBE TRIGGERED! Error reduced from 5007.689 to 1616.073 (ATE went to 14883.926568362309).
PROBE TRIGGERED! Error reduced from 1616.073 to 947.468 (ATE went to 17447.46819955833).
***
FINISHED
ATE before: 8831.382068473798
ATE now is: 16468.756184045797
sequence is: (('bin_equal_frequency_2', 'education'), ('isolationForest', 'Age'))
***
Execution time: 126.794 sec
distances from ATE (with time):
[(np.float64(7668.617931526202), 0), (np.float64(7668.617931526202), 0.5896151065826416), (np.float64(7668.617931526202), 2.217561721801758), (np.float64(5007.688661934488), 13.982497215270996), (np.float64(7668.617931526202), 14.1328444480896), (np.float64(5007.688661934488), 15.794403076171875), (np.float64(1616.073431637691), 61.624472856521606), (np.float64(7668.617931526202), 61.65972685813904), (np.float64(5007.688661934488), 62.820741415023804), (np.float64(1616.073431637691), 69.11093187332153), (np.float64(947.4681995583305), 81.52591252326965), (np.float64(7668.617931526202), 81.5649824142456), (np.float64(5007.688661934488), 82.01576900482178), (np.float64(1616.073431637691), 87.930016040802), (np.float64(947.4681995583305), 95.19465136528015), (np.float64(31.243815954203455), 126.79323649406433)]
uncertainty:
{'ate': np.float64(16468.756184037375), 'se': np.float64(625.1185915725889), 'ci': (np.float64(15243.540873260345), np.float64(17693.971494814406)), 'significant': np.True_}
checked:
137
