Starting EXP31.6, type=probe_probs_with_restart, run 2/3
Job 68239880, task 196
loaded cached data
loaded cached data
loaded cached data
loaded cached data
loaded cached data
loaded cached data
START ATE IS: -0.024891101431237656
***
FINISHED
ATE before: -0.024891101431237656
ATE now is: -0.024891101431237968
sequence is: (('norm_min_max', 'birmon'),)
***
Execution time: 0.004 sec
distances from ATE (with time):
[(np.float64(0.03510889856876234), 0), (np.float64(0.03510889856876203), 0.0032684803009033203)]
(REAL, NOT adjusted by restarts)probability of this sequence is: 0.09632034632034632
probability of this sequence is: 0.09632034632034632
uncertainty:
{'ate': np.float64(-0.02489110143124057), 'se': np.float64(0.007396926909491457), 'ci': (np.float64(-0.03939063341057997), np.float64(-0.010391569451901169)), 'significant': np.True_}
checked:
1
