Starting EXP36.7, type=probe, run 2/3
Job 68243037, task 496
loaded cached data
loaded cached data
loaded cached data
loaded cached data
loaded cached data
loaded cached data
START ATE IS: 68997.84034393608
PROBE TRIGGERED! Error reduced from inf to 57052.498 (ATE went to 67185.57791892094).
PROBE TRIGGERED! Error reduced from 57052.498 to 50408.910 (ATE went to 60541.98991615151).
PROBE TRIGGERED! Error reduced from 50408.910 to 43316.849 (ATE went to 53449.929138579944).
PROBE TRIGGERED! Error reduced from 43316.849 to 38842.998 (ATE went to 48976.07751820108).
PROBE TRIGGERED! Error reduced from 38842.998 to 31372.879 (ATE went to 41505.95857451721).
PROBE TRIGGERED! Error reduced from 31372.879 to 26408.077 (ATE went to 36541.15693504667).
PROBE TRIGGERED! Error reduced from 26408.077 to 21522.765 (ATE went to 31655.84470140195).
PROBE TRIGGERED! Error reduced from 21522.765 to 18165.903 (ATE went to 28298.98287406272).
PROBE TRIGGERED! Error reduced from 18165.903 to 16324.539 (ATE went to 26457.619445388464).
PROBE TRIGGERED! Error reduced from 16324.539 to 14088.204 (ATE went to 24221.284244871313).
PROBE TRIGGERED! Error reduced from 14088.204 to 7290.831 (ATE went to 17423.910611439704).
PROBE TRIGGERED! Error reduced from 7290.831 to 4250.415 (ATE went to 14383.494926406469).
***
FINISHED
ATE before: 68997.84034393608
ATE now is: 11425.002488903363
sequence is: (('bin_equal_frequency_2', 'sqft_living15'), ('bin_equal_frequency_5', 'yr_built'), ('bin_equal_frequency_2', 'bathrooms'), ('bin_equal_frequency_2', 'sqft_lot15'), ('bin_equal_width_2', 'grade'), ('bin_equal_frequency_2', 'bedrooms'), ('bin_equal_frequency_10', 'sqft_living'))
***
Execution time: 148.786 sec
distances from ATE (with time):
[(np.float64(58864.76034393608), 0), (np.float64(57052.49791892094), 0.0040607452392578125), (np.float64(58864.76034393608), 0.0061550140380859375), (np.float64(57052.49791892094), 0.011850595474243164), (np.float64(50408.90991615151), 0.017143726348876953), (np.float64(58864.76034393608), 0.019136428833007812), (np.float64(57052.49791892094), 0.024435758590698242), (np.float64(50408.90991615151), 0.02944636344909668), (np.float64(50014.87213769852), 0.0365900993347168), (np.float64(47832.36662261502), 0.08792996406555176), (np.float64(43316.84913857994), 0.14174985885620117), (np.float64(58864.76034393608), 0.1437239646911621), (np.float64(57052.49791892094), 0.14886736869812012), (np.float64(50408.90991615151), 0.15372943878173828), (np.float64(43316.84913857994), 0.15878605842590332), (np.float64(42999.145404318675), 0.1721506118774414), (np.float64(40635.84970624223), 0.19388341903686523), (np.float64(39003.46150700024), 0.3627009391784668), (np.float64(38842.997518201075), 3.4638025760650635), (np.float64(58864.76034393608), 3.4657845497131348), (np.float64(57052.49791892094), 3.4709112644195557), (np.float64(50408.90991615151), 3.475749969482422), (np.float64(43316.84913857994), 3.4807538986206055), (np.float64(39003.46150700024), 3.485847234725952), (np.float64(38842.997518201075), 3.505727767944336), (np.float64(36927.15290790936), 3.53878116607666), (np.float64(36368.88297360546), 10.489742994308472), (np.float64(31372.878574517206), 10.874184846878052), (np.float64(58864.76034393608), 10.876159429550171), (np.float64(43316.84913857994), 10.88139295578003), (np.float64(39003.46150700024), 10.896360635757446), (np.float64(31372.878574517206), 10.914414644241333), (np.float64(31364.792843665942), 10.994701147079468), (np.float64(26408.076935046665), 11.036271095275879), (np.float64(58864.76034393608), 11.038243055343628), (np.float64(57052.49791892094), 11.043292045593262), (np.float64(47832.36662261502), 11.048214673995972), (np.float64(43316.84913857994), 11.05319619178772), (np.float64(39003.46150700024), 11.058265924453735), (np.float64(38842.997518201075), 11.078131198883057), (np.float64(31364.792843665942), 11.123919010162354), (np.float64(26408.076935046665), 11.132194995880127), (np.float64(24259.83520669838), 11.211899280548096), (np.float64(21522.764701401953), 22.06783366203308), (np.float64(58864.76034393608), 22.069836378097534), (np.float64(57052.49791892094), 22.07526707649231), (np.float64(47832.36662261502), 22.080214500427246), (np.float64(43316.84913857994), 22.08521819114685), (np.float64(39003.46150700024), 22.090317249298096), (np.float64(38842.997518201075), 22.115354299545288), (np.float64(37057.40234731863), 22.15328598022461), (np.float64(30691.7928680393), 22.159873008728027), (np.float64(26588.297549794013), 22.173182249069214), (np.float64(26408.076935046665), 22.202698469161987), (np.float64(24259.83520669838), 22.347098350524902), (np.float64(22895.94394762924), 22.373119592666626), (np.float64(18165.90287406272), 22.383042573928833), (np.float64(58864.76034393608), 22.385010242462158), (np.float64(47832.36662261502), 22.390021324157715), (np.float64(43316.84913857994), 22.399995803833008), (np.float64(39003.46150700024), 22.41003108024597), (np.float64(31372.878574517206), 22.42975640296936), (np.float64(26309.567929226774), 22.44303798675537), (np.float64(22895.94394762924), 22.60900640487671), (np.float64(18165.90287406272), 22.619166135787964), (np.float64(16324.539445388464), 26.013996362686157), (np.float64(58864.76034393608), 26.01597023010254), (np.float64(57052.49791892094), 26.02116894721985), (np.float64(47832.36662261502), 26.02612805366516), (np.float64(39003.46150700024), 26.031237363815308), (np.float64(38842.997518201075), 26.044589281082153), (np.float64(26408.076935046665), 26.094374656677246), (np.float64(16724.428949281944), 26.20643377304077), (np.float64(14088.204244871313), 26.409891366958618), (np.float64(58864.76034393608), 26.41185426712036), (np.float64(47832.36662261502), 26.41687822341919), (np.float64(45307.33138596822), 26.421833753585815), (np.float64(39003.46150700024), 26.426963806152344), (np.float64(37057.40234731863), 26.443352460861206), (np.float64(26309.567929226774), 26.450056791305542), (np.float64(25171.204750763223), 26.7016179561615), (np.float64(22895.94394762924), 26.77345609664917), (np.float64(17869.39070897195), 26.78314971923828), (np.float64(16324.539445388464), 26.81255316734314), (np.float64(16168.515090682971), 36.19887709617615), (np.float64(15895.448898484845), 52.87363076210022), (np.float64(12996.491449717078), 53.56528091430664), (np.float64(12714.263151045134), 63.27727913856506), (np.float64(7290.830611439704), 80.99708604812622), (np.float64(58864.76034393608), 80.99919581413269), (np.float64(57052.49791892094), 81.00583100318909), (np.float64(50408.90991615151), 81.01075959205627), (np.float64(47832.36662261502), 81.01580142974854), (np.float64(45307.33138596822), 81.02088785171509), (np.float64(39003.46150700024), 81.02609133720398), (np.float64(38842.997518201075), 81.05305504798889), (np.float64(38659.00485738733), 81.09678435325623), (np.float64(37643.78866420919), 81.10517287254333), (np.float64(31089.82889055716), 81.17541718482971), (np.float64(25171.204750763223), 81.18550443649292), (np.float64(16324.539445388464), 81.33237767219543), (np.float64(7290.830611439704), 81.66148328781128), (np.float64(4250.414926406469), 147.32717752456665), (np.float64(58864.76034393608), 147.3292269706726), (np.float64(57052.49791892094), 147.33593153953552), (np.float64(47832.36662261502), 147.34093260765076), (np.float64(45307.33138596822), 147.3459837436676), (np.float64(39003.46150700024), 147.35113072395325), (np.float64(38842.997518201075), 147.37109279632568), (np.float64(38408.32919425727), 147.43218874931335), (np.float64(26408.076935046665), 147.44053888320923), (np.float64(18165.90287406272), 147.57300639152527), (np.float64(15022.705181519135), 148.04148602485657), (np.float64(13833.818860086829), 148.05270504951477), (np.float64(9717.246432795017), 148.30998945236206), (np.float64(7074.301448745138), 148.57085824012756), (np.float64(1291.922488903363), 148.78571724891663)]
uncertainty:
{'ate': np.float64(11425.002488559341), 'se': np.float64(29556.212016517846), 'ci': (np.float64(-46515.82217727753), np.float64(69365.8271543962)), 'significant': np.False_}
checked:
11983
