Starting EXP31.21, type=probe_probs_with_restart, run 2/3
Job 68239958, task 241
loaded cached data
loaded cached data
loaded cached data
loaded cached data
loaded cached data
loaded cached data
START ATE IS: -0.024891101686176337
***
FINISHED
ATE before: -0.024891101686176337
ATE now is: -0.024891101687358846
sequence is: (('norm_min_max', 'dtotord_min'),)
***
Execution time: 0.008 sec
distances from ATE (with time):
[(np.float64(0.03510889831382366), 0), (np.float64(0.03510889831264115), 0.007220029830932617)]
(REAL, NOT adjusted by restarts)probability of this sequence is: 0.027520098948670378
probability of this sequence is: 0.027520098948670378
uncertainty:
{'ate': np.float64(-0.024891101691916023), 'se': np.float64(0.007337129335779594), 'ci': (np.float64(-0.03927342067214982), np.float64(-0.010508782711682227)), 'significant': np.True_}
checked:
1
