Starting EXP31.45, type=probe_probs_with_restart, run 3/3
Job 68226261, task 314
loaded cached data
loaded cached data
loaded cached data
loaded cached data
loaded cached data
loaded cached data
START ATE IS: 0.061359895892504394
PROBE TRIGGERED! Error reduced from inf to 0.121 (ATE went to 0.061359896145550215).
PROBE TRIGGERED! Error reduced from 0.121 to 0.097 (ATE went to 0.037082048106840564).
PROBE TRIGGERED! Error reduced from 0.097 to 0.086 (ATE went to 0.02552968088447764).
PROBE TRIGGERED! Error reduced from 0.086 to 0.062 (ATE went to 0.0019771173806919858).
***
FINISHED
ATE before: 0.061359895892504394
ATE now is: -0.007777404442523647
sequence is: (('IQR', 'gestat10'), ('bin_equal_frequency_2', 'wt'))
***
Execution time: 8671.951 sec
distances from ATE (with time):
[(np.float64(0.1213598958925044), 0), (np.float64(0.1213598958925044), 0.01709151268005371), (np.float64(0.12135989586344348), 0.5115039348602295), (np.float64(0.121359895657232), 0.5729568004608154), (np.float64(0.12133054443286283), 0.7258367538452148), (np.float64(0.11751252251335936), 0.7714054584503174), (np.float64(0.09708204810684057), 14.14609408378601), (np.float64(0.1213598958925044), 14.151396036148071), (np.float64(0.09708204810684057), 14.16641879081726), (np.float64(0.09708204790443176), 15.349191427230835), (np.float64(0.09708204779881019), 15.414671421051025), (np.float64(0.09708204775948356), 16.155773639678955), (np.float64(0.09708204775698781), 16.353955268859863), (np.float64(0.09708204756562314), 16.6759033203125), (np.float64(0.08772710587524096), 26.75931191444397), (np.float64(0.08552968088447764), 31.936723709106445), (np.float64(0.1213598958925044), 31.941370010375977), (np.float64(0.09708204810684057), 31.955469369888306), (np.float64(0.0876698038660303), 32.01257085800171), (np.float64(0.08552968088447764), 32.04521298408508), (np.float64(0.08552968083711125), 50.905110597610474), (np.float64(0.08552968047520537), 51.01061296463013), (np.float64(0.08552833070873599), 55.13687443733215), (np.float64(0.0855272369242812), 55.19187641143799), (np.float64(0.08552157853249014), 55.24569058418274), (np.float64(0.08551886715417487), 56.001415967941284), (np.float64(0.08547504081574314), 56.272435426712036), (np.float64(0.08503041572241973), 71.78181147575378), (np.float64(0.08163641742948992), 89.63447523117065), (np.float64(0.07944514713029802), 110.88510298728943), (np.float64(0.07944514701529831), 544.4949629306793), (np.float64(0.07941612215186684), 866.2322888374329), (np.float64(0.0782003367843256), 1368.396305322647), (np.float64(0.07785926327238102), 4947.395519018173), (np.float64(0.06197711738069198), 8671.734907150269), (np.float64(0.1213598958925044), 8671.740239143372), (np.float64(0.09708204810684057), 8671.859909296036), (np.float64(0.06197711738069198), 8671.874330282211), (np.float64(0.05222259555747635), 8671.950367689133)]
(REAL, NOT adjusted by restarts)probability of this sequence is: 4.4893378226711565e-15
probability of this sequence is: 0.03216549494964135
uncertainty:
{'ate': np.float64(-0.00777740436096315), 'se': np.float64(0.006846785897258034), 'ci': (np.float64(-0.021198650534357724), np.float64(0.005643841812431426)), 'significant': np.False_}
checked:
291060
