Starting EXP31.15, type=probe, run 3/3
Job 68239902, task 218
loaded cached data
loaded cached data
loaded cached data
loaded cached data
loaded cached data
loaded cached data
START ATE IS: -0.02489110143123743
***
FINISHED
ATE before: -0.02489110143123743
ATE now is: -0.02489110143123743
sequence is: (('bin_equal_frequency_2', 'rh'),)
***
Execution time: 0.005 sec
distances from ATE (with time):
[(np.float64(0.035108898568762564), 0)]
uncertainty:
{'ate': np.float64(-0.024891101431240306), 'se': np.float64(0.006786052654249067), 'ci': (np.float64(-0.03819319299415345), np.float64(-0.011589009868327164)), 'significant': np.True_}
checked:
1
