Starting EXP32.6, type=probe_probs_with_restart, run 2/3
Job 68226563, task 340
loaded cached data
loaded cached data
loaded cached data
loaded cached data
loaded cached data
loaded cached data
START ATE IS: 10076.219473498779
PROBE TRIGGERED! Error reduced from inf to 6423.781 (ATE went to 10076.219473496698).
PROBE TRIGGERED! Error reduced from 6423.781 to 5781.348 (ATE went to 10718.652400160056).
PROBE TRIGGERED! Error reduced from 5781.348 to 4843.672 (ATE went to 11656.327847309916).
PROBE TRIGGERED! Error reduced from 4843.672 to 4214.217 (ATE went to 12285.782914902964).
PROBE TRIGGERED! Error reduced from 4214.217 to 3431.218 (ATE went to 13068.782299145127).
PROBE TRIGGERED! Error reduced from 3431.218 to 3033.058 (ATE went to 13466.942236428458).
PROBE TRIGGERED! Error reduced from 3033.058 to 645.119 (ATE went to 15854.881323632375).
PROBE TRIGGERED! Error reduced from 645.119 to 408.799 (ATE went to 16091.200716743673).
PROBE TRIGGERED! Error reduced from 408.799 to 332.320 (ATE went to 16167.679968617107).
PROBE TRIGGERED! Error reduced from 332.320 to 207.253 (ATE went to 16292.746634728008).
PROBE TRIGGERED! Error reduced from 207.253 to 132.282 (ATE went to 16367.717565808793).
***
FINISHED
ATE before: 10076.219473498779
ATE now is: 16471.107897294143
sequence is: (('bin_equal_frequency_10', 'Age'), ('isolationForest', 'gender'), ('bin_equal_width_5', 'education'))
***
Execution time: 5875.380 sec
distances from ATE (with time):
[(np.float64(6423.780526501221), 0), (np.float64(6423.780526501221), 0.3903679847717285), (np.float64(6423.780526500133), 1.1760470867156982), (np.float64(6423.780526497758), 1.936610221862793), (np.float64(5781.347599839944), 6.937638998031616), (np.float64(6423.780526501221), 7.068445920944214), (np.float64(5781.347599839944), 7.71036171913147), (np.float64(4843.672152690084), 11.15005874633789), (np.float64(6423.780526501221), 11.25645136833191), (np.float64(5781.347599839944), 11.835425853729248), (np.float64(4843.672152690084), 12.112322568893433), (np.float64(4843.672152689065), 21.14155411720276), (np.float64(4843.672152688274), 21.835387229919434), (np.float64(4843.672152687392), 22.16509222984314), (np.float64(4214.217085097036), 26.32083821296692), (np.float64(6423.780526501221), 26.441187381744385), (np.float64(5781.347599839944), 27.044346809387207), (np.float64(4843.672152690084), 27.3563289642334), (np.float64(4214.217085097036), 30.565868377685547), (np.float64(4214.217085095119), 111.04313135147095), (np.float64(4214.217085094575), 111.39553761482239), (np.float64(4214.217085079461), 188.21204280853271), (np.float64(3996.293788202838), 253.930073261261), (np.float64(3431.2177008548733), 601.5453362464905), (np.float64(6423.780526501221), 601.5791168212891), (np.float64(5781.347599839944), 602.1933505535126), (np.float64(4843.672152690084), 602.5239877700806), (np.float64(4214.217085097036), 642.1013677120209), (np.float64(3431.2177008548733), 657.000702381134), (np.float64(3431.2177008489252), 696.8118529319763), (np.float64(3223.914187867327), 738.6495444774628), (np.float64(3223.914187861801), 850.3264329433441), (np.float64(3033.0577635715417), 1099.2780938148499), (np.float64(6423.780526501221), 1099.3128869533539), (np.float64(5781.347599839944), 1100.6952273845673), (np.float64(4843.672152690084), 1101.117388010025), (np.float64(4214.217085097036), 1125.8180663585663), (np.float64(3431.2177008489252), 1154.453778743744), (np.float64(3223.914187861801), 1174.552371263504), (np.float64(645.1186763676251), 1702.1484577655792), (np.float64(6423.780526501221), 1702.1743943691254), (np.float64(5781.347599839944), 1702.78271150589), (np.float64(4843.672152690084), 1703.0824227333069), (np.float64(645.1186763676251), 1736.1351907253265), (np.float64(645.1186763664064), 1775.917587518692), (np.float64(638.6555369595862), 1903.6874289512634), (np.float64(408.7992832563268), 1928.11656332016), (np.float64(6423.780526501221), 1928.1437664031982), (np.float64(5351.909815193578), 1935.0032510757446), (np.float64(4843.672152690084), 1936.1537222862244), (np.float64(645.1186763676251), 1977.454623222351), (np.float64(638.6555369605521), 2036.596423149109), (np.float64(408.7992832521504), 2118.6257259845734), (np.float64(332.3200313828929), 2413.0420274734497), (np.float64(6423.780526501221), 2413.0664768218994), (np.float64(5351.909815193578), 2421.602788925171), (np.float64(5351.909815187508), 2429.632087469101), (np.float64(5162.764716786214), 2452.5035076141357), (np.float64(4843.672152690084), 2452.7403926849365), (np.float64(645.1186763676251), 2467.0307018756866), (np.float64(645.1186763664064), 2517.705897331238), (np.float64(417.79930613707984), 2524.6808190345764), (np.float64(408.7992832521504), 2552.0539767742157), (np.float64(332.3200313787438), 2647.0801610946655), (np.float64(207.25336527199215), 2981.781981229782), (np.float64(6423.780526501221), 2981.8072230815887), (np.float64(5781.347599839944), 2982.783121585846), (np.float64(5351.909815193578), 2989.935163974762), (np.float64(5162.764716786214), 2999.060552597046), (np.float64(4843.672152690084), 2999.3033695220947), (np.float64(645.1186763676251), 3007.6493175029755), (np.float64(645.1186763664064), 3044.1454377174377), (np.float64(638.6555369595862), 3096.4719972610474), (np.float64(408.7992832563268), 3132.500951766968), (np.float64(381.8189428286496), 3204.609874486923), (np.float64(210.15207565658238), 3232.5224924087524), (np.float64(132.28243419120736), 3269.20458650589), (np.float64(6423.780526501221), 3269.2297174930573), (np.float64(5781.347599839944), 3270.1626539230347), (np.float64(4843.672152690084), 3270.4480969905853), (np.float64(4214.21708509553), 3279.8079380989075), (np.float64(645.1186763676251), 3296.255987405777), (np.float64(645.1186763664064), 3339.9656817913055), (np.float64(638.6555369595862), 3377.131655693054), (np.float64(408.7992832563268), 3426.046080827713), (np.float64(332.3200313828929), 3467.012720346451), (np.float64(210.15207565658238), 3502.251282453537), (np.float64(132.28243419120736), 3544.209217309952), (np.float64(132.28243401391046), 4730.839298725128), (np.float64(28.892102705856814), 5875.379576206207)]
(REAL, NOT adjusted by restarts)probability of this sequence is: 1.647887041713994e-08
probability of this sequence is: 4.9445819288105354e-05
uncertainty:
{'ate': np.float64(16471.10789729857), 'se': np.float64(501.0250083932723), 'ci': (np.float64(15489.113975081384), np.float64(17453.10181951576)), 'significant': np.True_}
checked:
2509
