Starting EXP30.2, type=probe_probs_no_restart, run 2/3
Job 68225815, task 112
loaded cached data
loaded cached data
loaded cached data
loaded cached data
loaded cached data
loaded cached data
START ATE IS: 8729.734270103274
***
FINISHED
ATE before: 8729.734270103274
ATE now is: 16431.1715404578
sequence is: (('bin_equal_frequency_5', 'education'), ('norm_log', 'education'), ('bin_equal_width_5', 'Age'), ('isolationForest', 'Age'))
***
Execution time: 3846.385 sec
distances from ATE (with time):
[(np.float64(7770.265729896726), 0), (np.float64(7770.26572989558), 0.06281185150146484), (np.float64(7770.265729894598), 0.20897483825683594), (np.float64(7770.265729892764), 0.3586890697479248), (np.float64(7723.771384141708), 0.5771701335906982), (np.float64(6216.992652881676), 0.7227349281311035), (np.float64(2915.087081218844), 4.322683811187744), (np.float64(2915.0870812186113), 23.941778898239136), (np.float64(2915.087081218555), 26.815305471420288), (np.float64(2860.703397955882), 46.747344732284546), (np.float64(2318.067493010647), 54.26172232627869), (np.float64(1260.3845588263448), 85.92957925796509), (np.float64(1082.2387137470414), 177.1652591228485), (np.float64(245.34411891086347), 388.4171440601349), (np.float64(228.8107643183248), 1149.0870621204376), (np.float64(115.48266405418326), 1319.137055158615), (np.float64(115.48266405404866), 2350.4424333572388), (np.float64(115.48266405273898), 3073.53764295578), (np.float64(68.82845954220102), 3846.3846356868744)]
probability of this sequence is: 4.2115927195371083e-10
uncertainty:
{'ate': np.float64(16431.171540455543), 'se': np.float64(1533.9375574059252), 'ci': (np.float64(13424.64773409416), np.float64(19437.695346816927)), 'significant': np.True_}
checked:
5808
