Starting EXP36.3, type=probe_probs_no_restart, run 2/3
Job 68242985, task 463
loaded cached data
loaded cached data
loaded cached data
loaded cached data
loaded cached data
loaded cached data
START ATE IS: 77579.03729838067
***
FINISHED
ATE before: 77579.03729838067
ATE now is: 10420.491869909865
sequence is: (('IQR', 'sqft_lot'), ('bin_equal_frequency_5', 'sqft_lot15'), ('isolationForest', 'bathrooms'))
***
Execution time: 400.890 sec
distances from ATE (with time):
[(np.float64(67445.95729838067), 0), (np.float64(67445.95728856274), 0.005669355392456055), (np.float64(67445.95727237982), 0.012355566024780273), (np.float64(65148.793557017154), 0.04913163185119629), (np.float64(64389.85168170731), 0.0643923282623291), (np.float64(62644.491102932836), 0.06746196746826172), (np.float64(59113.59444476932), 0.07051396369934082), (np.float64(55897.71525811769), 0.09566020965576172), (np.float64(54835.95912819942), 0.11073446273803711), (np.float64(47014.25794890235), 0.11822009086608887), (np.float64(45653.55704093362), 0.1293792724609375), (np.float64(43879.615064449295), 0.13302040100097656), (np.float64(42864.75766064969), 2.172478437423706), (np.float64(42864.757604802515), 8.388397693634033), (np.float64(42864.757579792815), 8.392619371414185), (np.float64(41998.50924535539), 9.077456951141357), (np.float64(41011.462981565375), 9.309120893478394), (np.float64(40896.58190631651), 9.35102105140686), (np.float64(37434.97956953606), 9.396889448165894), (np.float64(35993.6178330859), 9.401051044464111), (np.float64(23990.723568102163), 13.865753889083862), (np.float64(23706.10057122897), 14.001795053482056), (np.float64(12603.560525281619), 14.040329694747925), (np.float64(10969.937817334083), 22.7769832611084), (np.float64(9694.1078288935), 24.6514675617218), (np.float64(9694.107807867475), 82.54102325439453), (np.float64(3637.1466867308136), 326.34120440483093), (np.float64(3459.0690547384856), 392.19509506225586), (np.float64(287.41186990986535), 400.8900074958801)]
probability of this sequence is: 1.8456334867196733e-08
uncertainty:
{'ate': np.float64(10420.491856209585), 'se': np.float64(36272.89482909169), 'ci': (np.float64(-60716.082770142646), np.float64(81557.06648256182)), 'significant': np.False_}
checked:
33691
