Starting EXP30.9, type=probe, run 3/3
Job 68225888, task 173
loaded cached data
loaded cached data
loaded cached data
loaded cached data
loaded cached data
loaded cached data
START ATE IS: 8800.826616584014
PROBE TRIGGERED! Error reduced from inf to 9625.988 (ATE went to 6874.012016463207).
PROBE TRIGGERED! Error reduced from 9625.988 to 8140.002 (ATE went to 8359.997970691531).
PROBE TRIGGERED! Error reduced from 8140.002 to 5078.946 (ATE went to 11421.053974196459).
PROBE TRIGGERED! Error reduced from 5078.946 to 902.392 (ATE went to 15597.608034741785).
***
FINISHED
ATE before: 8800.826616584014
ATE now is: 16501.1551278272
sequence is: (('bin_equal_frequency_2', 'education'), ('isolationForest', 'Age'))
***
Execution time: 71.859 sec
distances from ATE (with time):
[(np.float64(7699.173383415986), 0), (np.float64(7699.173383415986), 0.39051365852355957), (np.float64(7699.173383415986), 1.6269793510437012), (np.float64(5078.9460258035415), 10.653929233551025), (np.float64(7699.173383415986), 10.745396614074707), (np.float64(5078.9460258035415), 11.815838813781738), (np.float64(902.3919652582154), 46.01706290245056), (np.float64(7699.173383415986), 46.047765254974365), (np.float64(5078.9460258035415), 46.723875284194946), (np.float64(902.3919652582154), 52.77909970283508), (np.float64(1.1551278272017953), 71.8588387966156)]
uncertainty:
{'ate': np.float64(16501.155127830745), 'se': np.float64(543.4486715962692), 'ci': (np.float64(15436.011797341978), np.float64(17566.29845831951)), 'significant': np.True_}
checked:
126
