Starting EXP32.6, type=probe, run 1/3
Job 68226533, task 333
loaded cached data
loaded cached data
loaded cached data
loaded cached data
loaded cached data
loaded cached data
START ATE IS: 8692.110635080988
PROBE TRIGGERED! Error reduced from inf to 8210.776 (ATE went to 8289.224278369433).
PROBE TRIGGERED! Error reduced from 8210.776 to 5053.557 (ATE went to 11446.442646187308).
PROBE TRIGGERED! Error reduced from 5053.557 to 1885.994 (ATE went to 14614.006366441969).
PROBE TRIGGERED! Error reduced from 1885.994 to 361.840 (ATE went to 16861.839589937852).
PROBE TRIGGERED! Error reduced from 361.840 to 246.024 (ATE went to 16746.024197653158).
***
FINISHED
ATE before: 8692.110635080988
ATE now is: 16414.138424525096
sequence is: (('bin_equal_frequency_5', 'Age'), ('bin_equal_frequency_2', 'education'), ('isolationForest', 'medicare for people 65 and older'))
***
Execution time: 1492.227 sec
distances from ATE (with time):
[(np.float64(7807.889364919012), 0), (np.float64(7807.889364919012), 0.7557568550109863), (np.float64(5053.557353812692), 7.492161750793457), (np.float64(7807.889364919012), 7.58285665512085), (np.float64(5053.557353812692), 8.278923988342285), (np.float64(4610.989955584762), 37.11767315864563), (np.float64(1885.9936335580314), 123.14529514312744), (np.float64(7807.889364919012), 123.18186974525452), (np.float64(5053.557353812692), 123.48872685432434), (np.float64(4610.989955584762), 130.8412744998932), (np.float64(2792.1264915197116), 137.82828307151794), (np.float64(1885.9936335580314), 144.77785634994507), (np.float64(361.839589937852), 428.2277412414551), (np.float64(7807.889364919012), 428.2426121234894), (np.float64(5053.557353812692), 428.56450748443604), (np.float64(4610.989955584762), 435.57796907424927), (np.float64(2792.1264915197116), 443.2656648159027), (np.float64(1885.9936335580314), 450.2000343799591), (np.float64(361.839589937852), 464.759268283844), (np.float64(246.0241976531579), 1309.5486793518066), (np.float64(7807.889364919012), 1309.5635902881622), (np.float64(4610.989955584762), 1316.8019235134125), (np.float64(361.839589937852), 1331.9764153957367), (np.float64(85.86157547490438), 1492.225960969925)]
uncertainty:
{'ate': np.float64(16414.138424525067), 'se': np.float64(1301.4514476196723), 'ci': (np.float64(13863.307830076421), np.float64(18964.969018973712)), 'significant': np.True_}
checked:
935
