Starting EXP31.30, type=probe, run 2/3
Job 68225996, task 262
loaded cached data
loaded cached data
loaded cached data
loaded cached data
loaded cached data
loaded cached data
START ATE IS: 0.06333238660666524
PROBE TRIGGERED! Error reduced from inf to 0.123 (ATE went to 0.0633408525111458).
PROBE TRIGGERED! Error reduced from 0.123 to 0.064 (ATE went to 0.0037029767584024374).
***
FINISHED
ATE before: 0.06333238660666524
ATE now is: -0.00407874909981534
sequence is: (('bin_equal_frequency_2', 'wt'), ('norm_log', 'gestat10'))
***
Execution time: 13.907 sec
distances from ATE (with time):
[(np.float64(0.12333238660666523), 0), (np.float64(0.12333238660666523), 0.014797449111938477), (np.float64(0.06370297675840243), 0.1324315071105957), (np.float64(0.12333238660666523), 0.13713741302490234), (np.float64(0.06370297675840243), 0.16103839874267578), (np.float64(0.06369243446096828), 10.586338758468628), (np.float64(0.06366758693762956), 10.622923374176025), (np.float64(0.06366357254969324), 10.909899473190308), (np.float64(0.06362127226710484), 10.921502351760864), (np.float64(0.06335929413280596), 13.712581396102905), (np.float64(0.055921250900184655), 13.90598201751709)]
uncertainty:
{'ate': np.float64(-0.004078749099819479), 'se': np.float64(0.006638568657886421), 'ci': (np.float64(-0.01709174354127395), np.float64(0.008934245341634993)), 'significant': np.False_}
checked:
774
