Starting EXP29.4, type=probe, run 1/3
Job 68225196, task 45
loaded cached data
loaded cached data
loaded cached data
loaded cached data
loaded cached data
loaded cached data
START ATE IS: 0.06642567555172738
PROBE TRIGGERED! Error reduced from inf to 0.126 (ATE went to 0.06649469697622498).
PROBE TRIGGERED! Error reduced from 0.126 to 0.064 (ATE went to 0.00424298879052005).
***
FINISHED
ATE before: 0.06642567555172738
ATE now is: -0.00350451024848608
sequence is: (('bin_equal_frequency_2', 'wt'), ('norm_log', 'gestat10'))
***
Execution time: 20.367 sec
distances from ATE (with time):
[(np.float64(0.12642567555172737), 0), (np.float64(0.12642567555172737), 0.03752326965332031), (np.float64(0.12634871794519373), 0.08522272109985352), (np.float64(0.12634862938049873), 0.11189460754394531), (np.float64(0.1263181844444351), 0.1729443073272705), (np.float64(0.1262529265886435), 0.4267895221710205), (np.float64(0.06424298879052005), 0.48181700706481934), (np.float64(0.12642567555172737), 0.48572492599487305), (np.float64(0.06424298879052005), 0.5032191276550293), (np.float64(0.06408638586247696), 15.46649718284607), (np.float64(0.06389225161603158), 15.585179328918457), (np.float64(0.063841411895235), 16.031972885131836), (np.float64(0.056495489751513916), 20.366069316864014)]
uncertainty:
{'ate': np.float64(-0.003504511889630851), 'se': np.float64(0.010483668099586126), 'ci': (np.float64(-0.024058663718336537), np.float64(0.017049639939074837)), 'significant': np.False_}
checked:
1313
