Starting EXP29.4, type=probe, run 2/3
Job 68238465, task 46
loaded cached data
loaded cached data
loaded cached data
loaded cached data
loaded cached data
loaded cached data
START ATE IS: 0.06470578579603763
PROBE TRIGGERED! Error reduced from inf to 0.125 (ATE went to 0.06481048154541402).
PROBE TRIGGERED! Error reduced from 0.125 to 0.063 (ATE went to 0.003286583810949193).
***
FINISHED
ATE before: 0.06470578579603763
ATE now is: -0.003591857622992366
sequence is: (('bin_equal_frequency_2', 'wt'), ('norm_log', 'gestat10'))
***
Execution time: 18.137 sec
distances from ATE (with time):
[(np.float64(0.12470578579603762), 0), (np.float64(0.12470578579603762), 0.0238802433013916), (np.float64(0.1244515153005905), 0.05440211296081543), (np.float64(0.12441202020917178), 0.3106706142425537), (np.float64(0.06328658381094919), 0.3968651294708252), (np.float64(0.12470578579603762), 0.40043091773986816), (np.float64(0.06328658381094919), 0.4164423942565918), (np.float64(0.06307903789778833), 13.883715629577637), (np.float64(0.06299215159460383), 13.942321062088013), (np.float64(0.06290109212706066), 13.971216678619385), (np.float64(0.056408142377007635), 18.136112689971924)]
uncertainty:
{'ate': np.float64(-0.003591857991775854), 'se': np.float64(0.01070887640455672), 'ci': (np.float64(-0.024587550476812867), np.float64(0.01740383449326116)), 'significant': np.False_}
checked:
1315
