Starting EXP37.6, type=probe_probs_no_restart, run 1/3
Job 68243106, task 534
loaded cached data
loaded cached data
loaded cached data
loaded cached data
loaded cached data
loaded cached data
START ATE IS: 50200.9971250044
***
FINISHED
ATE before: 50200.9971250044
ATE now is: 10136.758625669621
sequence is: (('norm_log', 'sqft_above'), ('bin_equal_frequency_5', 'sqft_lot15'), ('zscore_clip_3', 'grade'))
***
Execution time: 67.358 sec
distances from ATE (with time):
[(np.float64(40067.917125004395), 0), (np.float64(36839.749734513134), 0.024132251739501953), (np.float64(36833.469174528866), 0.030469894409179688), (np.float64(36184.27855183469), 0.03654789924621582), (np.float64(35229.26240071372), 0.040641069412231445), (np.float64(30177.79899266082), 0.04444479942321777), (np.float64(23766.44316467314), 0.05932736396789551), (np.float64(21639.81965403595), 1.1934776306152344), (np.float64(20596.180151670676), 2.0784826278686523), (np.float64(16554.851842287135), 6.768011569976807), (np.float64(13120.388421935242), 7.242809295654297), (np.float64(9380.645245115427), 7.284101724624634), (np.float64(5657.082118616187), 17.99348020553589), (np.float64(5657.082117982676), 45.870678424835205), (np.float64(2659.7826456702333), 67.34493136405945), (np.float64(3.678625669621397), 67.3576078414917)]
probability of this sequence is: 4.4366189584607525e-07
uncertainty:
{'ate': np.float64(10136.758625695045), 'se': np.float64(33440.19747034009), 'ci': (np.float64(-55414.08303612053), np.float64(75687.60028751062)), 'significant': np.False_}
checked:
3911
