Starting EXP28, type=probe_probs_no_restart, run 2/3
Job 68238213, task 13
loaded cached data
loaded cached data
loaded cached data
loaded cached data
loaded cached data
loaded cached data
START ATE IS: 8774.433204918101
***
FINISHED
ATE before: 8774.433204918101
ATE now is: 18995.311753475187
sequence is: (('bin_equal_frequency_5', 'education'), ('norm_log', 'education'), ('isolationForest', 'Age'))
***
Execution time: 3621.095 sec
distances from ATE (with time):
[(np.float64(9999.566795081899), 0), (np.float64(9999.56679497556), 2.098336696624756), (np.float64(9935.720210507825), 4.405571460723877), (np.float64(8436.798039342642), 5.574225187301636), (np.float64(4505.7606374910665), 26.416314363479614), (np.float64(4505.760637490859), 133.72309470176697), (np.float64(4505.760637487558), 161.88971519470215), (np.float64(4475.107084805659), 277.19229316711426), (np.float64(3534.2798476844837), 303.3355393409729), (np.float64(2979.5004657252903), 318.3248517513275), (np.float64(2672.35088329873), 501.3775215148926), (np.float64(2134.553549180473), 970.510931968689), (np.float64(1942.6264134676276), 2082.8178758621216), (np.float64(1513.1178079230485), 3020.925604581833), (np.float64(221.3117534751873), 3621.0944678783417)]
probability of this sequence is: 4.540096951661003e-07
uncertainty:
{'ate': np.float64(18995.311753489303), 'se': np.float64(608.980414754268), 'ci': (np.float64(17801.727243021804), np.float64(20188.8962639568)), 'significant': np.True_}
checked:
1819
