Starting EXP31.33, type=probe_probs_with_restart, run 2/3
Job 68240219, task 277
loaded cached data
loaded cached data
loaded cached data
loaded cached data
loaded cached data
loaded cached data
START ATE IS: -0.0246638648368632
***
FINISHED
ATE before: -0.0246638648368632
ATE now is: -0.0246638648368632
sequence is: (('norm_min_max', 'dmar'),)
***
Execution time: 0.008 sec
distances from ATE (with time):
[(np.float64(0.0353361351631368), 0)]
(REAL, NOT adjusted by restarts)probability of this sequence is: 0.01751279024006297
probability of this sequence is: 0.01751279024006297
uncertainty:
{'ate': np.float64(-0.02466386483691292), 'se': np.float64(0.0073558674072024), 'ci': (np.float64(-0.03908291665066586), np.float64(-0.010244813023159985)), 'significant': np.True_}
checked:
1
