Starting EXP30.2, type=probe_probs_no_restart, run 1/3
Job 68225814, task 111
loaded cached data
loaded cached data
loaded cached data
loaded cached data
loaded cached data
loaded cached data
START ATE IS: 8512.413879831065
***
FINISHED
ATE before: 8512.413879831065
ATE now is: 16402.250713236772
sequence is: (('norm_min_max', 'Public health coverage'), ('bin_equal_width_5', 'education'), ('IQR', 'education'), ('isolationForest', 'Age'), ('norm_min_max', 'Age'), ('bin_equal_frequency_5', 'Age'))
***
Execution time: 11118.529 sec
distances from ATE (with time):
[(np.float64(7987.586120168935), 0), (np.float64(7987.5861201580865), 0.4383711814880371), (np.float64(7987.586120155529), 0.5402774810791016), (np.float64(7920.653365559941), 0.8561170101165771), (np.float64(6391.382263184494), 1.065579891204834), (np.float64(1936.7697139497868), 5.234365463256836), (np.float64(1936.7697139484007), 31.645116329193115), (np.float64(1932.2127762063974), 67.01731848716736), (np.float64(1621.6445096372663), 73.84559369087219), (np.float64(731.4630930083767), 239.11731457710266), (np.float64(509.0553812776543), 414.7848844528198), (np.float64(450.68208475128085), 936.8949398994446), (np.float64(318.45623228980367), 1007.7491176128387), (np.float64(289.0867936414197), 2228.9324815273285), (np.float64(170.69632531957723), 3059.7768630981445), (np.float64(128.98628873926646), 3507.000606060028), (np.float64(128.9862887379022), 5385.564870834351), (np.float64(128.98628872222253), 5535.287832021713), (np.float64(128.9862887216368), 7891.665362119675), (np.float64(108.23740295798052), 8111.239202976227), (np.float64(108.23740295793323), 10959.847507715225), (np.float64(108.2374029577586), 11016.000826358795), (np.float64(97.74928676322816), 11118.527914047241)]
probability of this sequence is: 1.1482827723797402e-12
uncertainty:
{'ate': np.float64(16500.312387251484), 'se': np.float64(1563.4706656143255), 'ci': (np.float64(13435.924331525714), np.float64(19564.700442977257)), 'significant': np.True_}
checked:
11001
