Starting EXP31.30, type=probe_probs_with_restart, run 3/3
Job 68226026, task 269
loaded cached data
loaded cached data
loaded cached data
loaded cached data
loaded cached data
loaded cached data
START ATE IS: 0.0616306066787546
PROBE TRIGGERED! Error reduced from inf to 0.122 (ATE went to 0.06163060667804412).
PROBE TRIGGERED! Error reduced from 0.122 to 0.098 (ATE went to 0.037941492600082526).
PROBE TRIGGERED! Error reduced from 0.098 to 0.088 (ATE went to 0.028107112438394727).
PROBE TRIGGERED! Error reduced from 0.088 to 0.079 (ATE went to 0.019168653123076203).
PROBE TRIGGERED! Error reduced from 0.079 to 0.063 (ATE went to 0.0027404588939729827).
***
FINISHED
ATE before: 0.0616306066787546
ATE now is: -0.005070013393762051
sequence is: (('norm_log', 'gestat10'), ('bin_equal_frequency_2', 'wt'))
***
Execution time: 7677.769 sec
distances from ATE (with time):
[(np.float64(0.1216306066787546), 0), (np.float64(0.12163060667804412), 0.016993284225463867), (np.float64(0.1216306066787546), 0.021880149841308594), (np.float64(0.12163060667804412), 0.03257584571838379), (np.float64(0.12160884757115331), 0.35265445709228516), (np.float64(0.1184281648052769), 0.4661860466003418), (np.float64(0.11749930887931578), 0.49830126762390137), (np.float64(0.09794149260008253), 9.37709927558899), (np.float64(0.1216306066787546), 9.380845785140991), (np.float64(0.09794149260008253), 9.391349077224731), (np.float64(0.09794149260007814), 9.924404621124268), (np.float64(0.09794149260006974), 9.935355186462402), (np.float64(0.0979414926000659), 10.310490846633911), (np.float64(0.09792110576096466), 10.896244287490845), (np.float64(0.09791579511443271), 10.906999349594116), (np.float64(0.08810711243839472), 11.512449502944946), (np.float64(0.1216306066787546), 11.516345977783203), (np.float64(0.09794149260008253), 11.526393175125122), (np.float64(0.08810711243839472), 11.56612491607666), (np.float64(0.0881071124383744), 11.863568305969238), (np.float64(0.0881071124383738), 20.488531351089478), (np.float64(0.08810711243837056), 20.598121643066406), (np.float64(0.08810711243836701), 20.62348699569702), (np.float64(0.08810711243836501), 20.812339544296265), (np.float64(0.08810711243836335), 21.131640911102295), (np.float64(0.085872165281267), 22.14716863632202), (np.float64(0.07975420177399649), 41.209115743637085), (np.float64(0.07975420177397494), 208.65264701843262), (np.float64(0.0796972323876775), 583.7651309967041), (np.float64(0.07969723238767334), 1062.4526422023773), (np.float64(0.07969723238766913), 1798.8689060211182), (np.float64(0.0791686531230762), 1977.95645236969), (np.float64(0.1216306066787546), 1977.9601073265076), (np.float64(0.09794149260008253), 1978.0031135082245), (np.float64(0.08810711243839472), 1978.0513803958893), (np.float64(0.085872165281267), 1978.14972782135), (np.float64(0.07975420177399649), 1978.6082310676575), (np.float64(0.07973882971588503), 2029.899778842926), (np.float64(0.07971687069995992), 2077.763703584671), (np.float64(0.07971687069993853), 2092.7726790905), (np.float64(0.07969129385416382), 2105.6575038433075), (np.float64(0.07964041460064675), 2110.2297751903534), (np.float64(0.079227856774325), 2111.076477766037), (np.float64(0.07852255788366516), 2309.057722568512), (np.float64(0.06274045889397298), 7677.5527946949005), (np.float64(0.1216306066787546), 7677.557171821594), (np.float64(0.09794149260008253), 7677.673136949539), (np.float64(0.06274045889397298), 7677.693421602249), (np.float64(0.05492998660623795), 7677.768001794815)]
(REAL, NOT adjusted by restarts)probability of this sequence is: 2.5252525252525252e-14
probability of this sequence is: 0.05809648484880214
uncertainty:
{'ate': np.float64(-0.005070013393766837), 'se': np.float64(0.006588917908085426), 'ci': (np.float64(-0.017985681895780002), np.float64(0.00784565510824633)), 'significant': np.False_}
checked:
332021
