Starting EXP33.2, type=probe, run 1/3
Job 68227474, task 9
loaded cached data
loaded cached data
loaded cached data
loaded cached data
loaded cached data
loaded cached data
START ATE IS: 0.06132348715409094
PROBE TRIGGERED! Error reduced from inf to 0.121 (ATE went to 0.061330034268357654).
PROBE TRIGGERED! Error reduced from 0.121 to 0.062 (ATE went to 0.001959382152452866).
***
FINISHED
ATE before: 0.06132348715409094
ATE now is: -0.005384344828963769
sequence is: (('bin_equal_frequency_2', 'wt'), ('norm_log', 'gestat10'))
***
Execution time: 88.708 sec
distances from ATE (with time):
[(np.float64(0.12132348715409094), 0), (np.float64(0.12132348715409094), 0.2976410388946533), (np.float64(0.12131956664219185), 21.220468759536743), (np.float64(0.12130306780056208), 23.516965627670288), (np.float64(0.12129993196776384), 23.559603214263916), (np.float64(0.12129361878271429), 23.60249352455139), (np.float64(0.12128751544800563), 23.693909645080566), (np.float64(0.1212821320447516), 23.740009307861328), (np.float64(0.06195938215245286), 23.83855366706848), (np.float64(0.12132348715409094), 23.848322868347168), (np.float64(0.06195938215245286), 23.94424343109131), (np.float64(0.06195392453627865), 67.83402752876282), (np.float64(0.061952296326717914), 67.92851567268372), (np.float64(0.06192110575819879), 68.15986251831055), (np.float64(0.06192098076119286), 68.33683753013611), (np.float64(0.06188308463893618), 69.30462574958801), (np.float64(0.054615655171036226), 88.70718312263489)]
uncertainty:
{'ate': np.float64(-0.0053843453439332), 'se': np.float64(0.0046391192565335805), 'ci': (np.float64(-0.014477424308220401), np.float64(0.0037087336203540013)), 'significant': np.False_}
checked:
1315
