Starting EXP31.21, type=probe, run 3/3
Job 68225951, task 236
loaded cached data
loaded cached data
loaded cached data
loaded cached data
loaded cached data
loaded cached data
START ATE IS: -0.024663864836921966
***
FINISHED
ATE before: -0.024663864836921966
ATE now is: -0.024663864836921574
sequence is: (('bin_equal_frequency_2', 'brstate'),)
***
Execution time: 0.008 sec
distances from ATE (with time):
[(np.float64(0.03533613516307803), 0)]
uncertainty:
{'ate': np.float64(-0.024663864836916183), 'se': np.float64(0.007204590334065658), 'ci': (np.float64(-0.03878637945597076), np.float64(-0.010541350217861612)), 'significant': np.True_}
checked:
1
