Starting EXP34.1, type=probe_probs_no_restart, run 2/3
Job 68241916, task 391
loaded cached data
loaded cached data
loaded cached data
loaded cached data
loaded cached data
loaded cached data
START ATE IS: 8774.43320476426
***
FINISHED
ATE before: 8774.43320476426
ATE now is: 18995.31175346304
sequence is: (('bin_equal_frequency_5', 'education'), ('norm_log', 'education'), ('isolationForest', 'Age'))
***
Execution time: 3767.635 sec
distances from ATE (with time):
[(np.float64(9999.56679523574), 0), (np.float64(9999.56679523468), 0.3844878673553467), (np.float64(9935.720210881365), 4.30817437171936), (np.float64(8436.798039486679), 5.392818927764893), (np.float64(4505.760637435067), 25.924957752227783), (np.float64(4475.107084748888), 287.3268201351166), (np.float64(3534.2798475694), 315.57916164398193), (np.float64(2979.500465961437), 331.54107570648193), (np.float64(2672.3508832120024), 523.0399057865143), (np.float64(2134.553549179891), 1019.9287462234497), (np.float64(1942.6264134932098), 2176.6426198482513), (np.float64(1513.1178079435304), 3146.4172542095184), (np.float64(221.31175346304008), 3767.6341047286987)]
probability of this sequence is: 4.540096951661003e-07
uncertainty:
{'ate': np.float64(18995.311753467904), 'se': np.float64(608.9804147544937), 'ci': (np.float64(17801.72724299996), np.float64(20188.896263935847)), 'significant': np.True_}
checked:
1819
