Starting EXP27, type=probe, run 2/3
Job 68238201, task 1
loaded cached data
loaded cached data
loaded cached data
loaded cached data
loaded cached data
loaded cached data
START ATE IS: 0.06132348833153344
PROBE TRIGGERED! Error reduced from inf to 0.121 (ATE went to 0.06133003454402101).
PROBE TRIGGERED! Error reduced from 0.121 to 0.062 (ATE went to 0.0019593812472322907).
***
FINISHED
ATE before: 0.06132348833153344
ATE now is: -0.005384346526313939
sequence is: (('bin_equal_frequency_2', 'wt'), ('norm_log', 'gestat10'))
***
Execution time: 36.172 sec
distances from ATE (with time):
[(np.float64(0.12132348833153345), 0), (np.float64(0.12132348833153345), 0.07450485229492188), (np.float64(0.12131956699248836), 0.2834773063659668), (np.float64(0.12130306780023098), 0.9406673908233643), (np.float64(0.12129993142881669), 0.9609391689300537), (np.float64(0.12129361808656419), 0.9812908172607422), (np.float64(0.12128751531303641), 1.0240089893341064), (np.float64(0.12128213269734564), 1.0446174144744873), (np.float64(0.06195938124723229), 1.0858285427093506), (np.float64(0.12132348833153345), 1.0922515392303467), (np.float64(0.06195938124723229), 1.1350865364074707), (np.float64(0.06195392431937777), 25.072701454162598), (np.float64(0.06195229629323941), 25.12513542175293), (np.float64(0.06192110539119587), 25.254045248031616), (np.float64(0.06192098005769377), 25.353114366531372), (np.float64(0.06188308390676958), 25.90079927444458), (np.float64(0.054615653473686056), 36.17144751548767)]
uncertainty:
{'ate': np.float64(-0.005384345343430463), 'se': np.float64(0.006569764643970807), 'ci': (np.float64(-0.018262472961523116), np.float64(0.00749378227466219)), 'significant': np.False_}
checked:
1315
