Starting EXP30.8, type=probe, run 2/3
Job 68239843, task 163
loaded cached data
loaded cached data
loaded cached data
loaded cached data
loaded cached data
loaded cached data
START ATE IS: 8834.875054821105
PROBE TRIGGERED! Error reduced from inf to 11882.297 (ATE went to 6891.7025029698325).
PROBE TRIGGERED! Error reduced from 11882.297 to 10401.872 (ATE went to 8372.127500497538).
PROBE TRIGGERED! Error reduced from 10401.872 to 7299.531 (ATE went to 11474.468980089188).
PROBE TRIGGERED! Error reduced from 7299.531 to 3408.451 (ATE went to 15365.549077374533).
***
FINISHED
ATE before: 8834.875054821105
ATE now is: 17983.252660629092
sequence is: (('isolationForest', 'Age'), ('bin_equal_width_2', 'education'))
***
Execution time: 111.230 sec
distances from ATE (with time):
[(np.float64(9939.124945178895), 0), (np.float64(9939.124945178895), 0.8073897361755371), (np.float64(9939.124945178895), 3.316645622253418), (np.float64(7299.531019910812), 22.61951971054077), (np.float64(9939.124945178895), 22.804307222366333), (np.float64(7299.531019910812), 24.902764081954956), (np.float64(3408.450922625467), 91.14796686172485), (np.float64(9939.124945178895), 91.1785044670105), (np.float64(7299.531019910812), 92.71416091918945), (np.float64(3408.450922625467), 98.83907651901245), (np.float64(790.7473393709079), 111.22908616065979)]
uncertainty:
{'ate': np.float64(17983.252660628055), 'se': np.float64(486.8912520355959), 'ci': (np.float64(17028.960359388835), np.float64(18937.544961867276)), 'significant': np.True_}
checked:
125
