Starting EXP32.3, type=probe, run 3/3
Job 68226382, task 326
loaded cached data
loaded cached data
loaded cached data
loaded cached data
loaded cached data
loaded cached data
START ATE IS: 15145.501846155668
PROBE TRIGGERED! Error reduced from inf to 3587.006 (ATE went to 12912.993778265758).
PROBE TRIGGERED! Error reduced from 3587.006 to 2275.691 (ATE went to 14224.309008052014).
PROBE TRIGGERED! Error reduced from 2275.691 to 1919.004 (ATE went to 14580.996434029556).
PROBE TRIGGERED! Error reduced from 1919.004 to 1509.573 (ATE went to 14990.426984240525).
PROBE TRIGGERED! Error reduced from 1509.573 to 1354.498 (ATE went to 15145.501846152345).
PROBE TRIGGERED! Error reduced from 1354.498 to 874.977 (ATE went to 15625.022947116584).
PROBE TRIGGERED! Error reduced from 874.977 to 551.584 (ATE went to 17051.584256333947).
PROBE TRIGGERED! Error reduced from 551.584 to 494.417 (ATE went to 16994.416590971552).
PROBE TRIGGERED! Error reduced from 494.417 to 425.753 (ATE went to 16925.753491414067).
***
FINISHED
ATE before: 15145.501846155668
ATE now is: 16571.913350284085
sequence is: (('isolationForest', 'Public health coverage'), ('bin_equal_frequency_2', 'Age'))
***
Execution time: 173.511 sec
distances from ATE (with time):
[(np.float64(1354.4981538443317), 0), (np.float64(1354.4981538443317), 0.5463924407958984), (np.float64(1354.4981538443317), 1.9534907341003418), (np.float64(1354.4981538443317), 3.9868102073669434), (np.float64(1354.4981538443317), 8.059190034866333), (np.float64(1354.4981538443317), 12.397591829299927), (np.float64(1354.4981538436477), 18.198978185653687), (np.float64(1354.4981538114407), 18.633835315704346), (np.float64(874.977052883416), 18.846752405166626), (np.float64(1354.4981538443317), 18.925087213516235), (np.float64(874.977052883416), 19.63846254348755), (np.float64(551.5842563339465), 37.3976194858551), (np.float64(1354.4981538443317), 37.416226387023926), (np.float64(874.977052883416), 37.76255679130554), (np.float64(551.5842563339465), 44.645405530929565), (np.float64(551.5842563296901), 52.66523289680481), (np.float64(494.41659097155207), 68.43512487411499), (np.float64(1354.4981538443317), 68.4543251991272), (np.float64(551.5842563339465), 75.64860916137695), (np.float64(494.41659097155207), 83.04809165000916), (np.float64(425.75349141406696), 111.28886914253235), (np.float64(1354.4981538443317), 111.30937170982361), (np.float64(551.5842563339465), 118.44810676574707), (np.float64(425.75349141406696), 125.59070992469788), (np.float64(71.91335028408503), 173.51048398017883)]
uncertainty:
{'ate': np.float64(16571.913350273026), 'se': np.float64(363.1784477007359), 'ci': (np.float64(15860.094748567915), np.float64(17283.731951978138)), 'significant': np.True_}
checked:
183
