Starting EXP31.3, type=probe_probs_with_restart, run 1/3
Job 68239870, task 186
loaded cached data
loaded cached data
loaded cached data
loaded cached data
loaded cached data
loaded cached data
START ATE IS: -0.024891101431238124
***
FINISHED
ATE before: -0.024891101431238124
ATE now is: -0.024891101431238124
sequence is: (('norm_min_max', 'tobacco'),)
***
Execution time: 0.003 sec
distances from ATE (with time):
[(np.float64(0.03510889856876187), 0)]
(REAL, NOT adjusted by restarts)probability of this sequence is: 0.19264069264069264
probability of this sequence is: 0.19264069264069264
uncertainty:
{'ate': np.float64(-0.024891101431240667), 'se': np.float64(0.007394126705462205), 'ci': (np.float64(-0.03938514385499505), np.float64(-0.010397059007486284)), 'significant': np.True_}
checked:
1
