Starting EXP33.4, type=probe, run 2/3
Job 68227494, task 28
loaded cached data
loaded cached data
loaded cached data
loaded cached data
loaded cached data
loaded cached data
START ATE IS: 0.061323487541597756
PROBE TRIGGERED! Error reduced from inf to 0.121 (ATE went to 0.06133003431090353).
PROBE TRIGGERED! Error reduced from 0.121 to 0.062 (ATE went to 0.0019593816858298027).
***
FINISHED
ATE before: 0.061323487541597756
ATE now is: -0.005384345357617536
sequence is: (('bin_equal_frequency_2', 'wt'), ('norm_log', 'gestat10'))
***
Execution time: 109.073 sec
distances from ATE (with time):
[(np.float64(0.12132348754159775), 0), (np.float64(0.12132348754159775), 0.18543767929077148), (np.float64(0.12131956678473377), 0.8143043518066406), (np.float64(0.12130306780023714), 2.859178304672241), (np.float64(0.12129993140855408), 2.935598373413086), (np.float64(0.12129361813537314), 3.010744571685791), (np.float64(0.12128751563459819), 3.144693374633789), (np.float64(0.1212821327781353), 3.2209486961364746), (np.float64(0.061959381685829804), 3.371433734893799), (np.float64(0.12132348754159775), 3.3875904083251953), (np.float64(0.061959381685829804), 3.543278932571411), (np.float64(0.06195392450596442), 73.83335614204407), (np.float64(0.06195229626265327), 73.9906280040741), (np.float64(0.061921105748304346), 74.38747024536133), (np.float64(0.06192098031541893), 74.69840669631958), (np.float64(0.061883084545031594), 76.38996028900146), (np.float64(0.05461565464238246), 109.06901240348816)]
uncertainty:
{'ate': np.float64(-0.005384345342846195), 'se': np.float64(0.0032780948826050143), 'ci': (np.float64(-0.0118094951660255), np.float64(0.0010408044803331112)), 'significant': np.False_}
checked:
1315
