Starting EXP31.9, type=probe, run 2/3
Job 68239883, task 199
loaded cached data
loaded cached data
loaded cached data
loaded cached data
loaded cached data
loaded cached data
START ATE IS: -0.02489110174117656
***
FINISHED
ATE before: -0.02489110174117656
ATE now is: -0.024894242181825284
sequence is: (('bin_equal_frequency_2', 'infant_id'),)
***
Execution time: 0.007 sec
distances from ATE (with time):
[(np.float64(0.035108898258823434), 0), (np.float64(0.03510575781817471), 0.006713151931762695)]
uncertainty:
{'ate': np.float64(-0.02489424218182773), 'se': np.float64(0.007358162772520941), 'ci': (np.float64(-0.03931778886689934), np.float64(-0.010470695496756116)), 'significant': np.True_}
checked:
1
