Starting EXP29.3, type=probe, run 2/3
Job 68238303, task 37
loaded cached data
loaded cached data
loaded cached data
loaded cached data
loaded cached data
loaded cached data
START ATE IS: 0.06282927310372742
PROBE TRIGGERED! Error reduced from inf to 0.123 (ATE went to 0.06260449856116033).
PROBE TRIGGERED! Error reduced from 0.123 to 0.064 (ATE went to 0.003554963147435238).
***
FINISHED
ATE before: 0.06282927310372742
ATE now is: -0.0037112943710344453
sequence is: (('bin_equal_frequency_2', 'wt'), ('norm_log', 'gestat10'))
***
Execution time: 13.554 sec
distances from ATE (with time):
[(np.float64(0.12282927310372742), 0), (np.float64(0.12260449856116033), 0.01611018180847168), (np.float64(0.12282927310372742), 0.018733739852905273), (np.float64(0.12260449856116033), 0.02489638328552246), (np.float64(0.12253306967229435), 0.27758049964904785), (np.float64(0.06355496314743524), 0.2954368591308594), (np.float64(0.12282927310372742), 0.29793262481689453), (np.float64(0.12260449856116033), 0.3040151596069336), (np.float64(0.06355496314743524), 0.309983491897583), (np.float64(0.0633070349423684), 0.3180110454559326), (np.float64(0.0632662309042915), 10.489019393920898), (np.float64(0.06304218224435608), 10.82765793800354), (np.float64(0.056288705628965555), 13.553673267364502)]
uncertainty:
{'ate': np.float64(-0.0037112948346157814), 'se': np.float64(0.012239587664172956), 'ci': (np.float64(-0.02771067393698997), np.float64(0.02028808426775841)), 'significant': np.False_}
checked:
1315
