Starting EXP31.36, type=probe_probs_with_restart, run 1/3
Job 68226145, task 285
loaded cached data
loaded cached data
loaded cached data
loaded cached data
loaded cached data
loaded cached data
START ATE IS: 0.061518628026171404
PROBE TRIGGERED! Error reduced from inf to 0.122 (ATE went to 0.06151862802466589).
PROBE TRIGGERED! Error reduced from 0.122 to 0.098 (ATE went to 0.03774587300470379).
PROBE TRIGGERED! Error reduced from 0.098 to 0.086 (ATE went to 0.026091148849287742).
PROBE TRIGGERED! Error reduced from 0.086 to 0.063 (ATE went to 0.0025665833322124324).
***
FINISHED
ATE before: 0.061518628026171404
ATE now is: -0.007451282692837714
sequence is: (('IQR', 'gestat10'), ('bin_equal_frequency_2', 'wt'))
***
Execution time: 4296.879 sec
distances from ATE (with time):
[(np.float64(0.1215186280261714), 0), (np.float64(0.1215186280246659), 0.008314371109008789), (np.float64(0.1215186280261714), 0.01673436164855957), (np.float64(0.1215186280246659), 0.029759645462036133), (np.float64(0.12151862802287161), 0.22987580299377441), (np.float64(0.12151700925401542), 0.44467687606811523), (np.float64(0.1215112621355478), 0.501988410949707), (np.float64(0.12149763847718509), 0.5371363162994385), (np.float64(0.11840067119364374), 0.548886775970459), (np.float64(0.11759594837394863), 0.750877857208252), (np.float64(0.09774587300470379), 10.52734899520874), (np.float64(0.1215186280261714), 10.531193017959595), (np.float64(0.09774587300470379), 10.542734384536743), (np.float64(0.09772745225600547), 12.491594791412354), (np.float64(0.08806770139244073), 13.38737964630127), (np.float64(0.08609114884928774), 22.896906852722168), (np.float64(0.1215186280261714), 22.900572061538696), (np.float64(0.09774587300470379), 22.912028312683105), (np.float64(0.08819815440633177), 22.957343816757202), (np.float64(0.08609114884928774), 22.983243942260742), (np.float64(0.08609114884920767), 23.38032817840576), (np.float64(0.08609114884920518), 33.51470136642456), (np.float64(0.086091148849181), 33.75756335258484), (np.float64(0.08601279996951675), 46.555145025253296), (np.float64(0.08204003173551758), 46.997199058532715), (np.float64(0.07987934384073792), 47.01118469238281), (np.float64(0.07987934384063557), 172.47930693626404), (np.float64(0.0798793438406094), 172.69562077522278), (np.float64(0.07987934384059107), 344.1238706111908), (np.float64(0.07851879613248268), 448.65623688697815), (np.float64(0.07851879613229218), 1297.334278345108), (np.float64(0.07825952128690071), 2015.765694618225), (np.float64(0.06256658333221243), 4296.753923654556), (np.float64(0.1215186280261714), 4296.757567405701), (np.float64(0.09774587300470379), 4296.81559753418), (np.float64(0.06256658333221243), 4296.825613260269), (np.float64(0.05254871730716228), 4296.878641366959)]
(REAL, NOT adjusted by restarts)probability of this sequence is: 7.014590347923682e-15
probability of this sequence is: 0.032206868687051915
uncertainty:
{'ate': np.float64(-0.007451282692860439), 'se': np.float64(0.00684308175173045), 'ci': (np.float64(-0.020865266127276835), np.float64(0.005962700741555957)), 'significant': np.False_}
checked:
136764
