Starting EXP36.7, type=probe, run 3/3
Job 68243038, task 497
loaded cached data
loaded cached data
loaded cached data
loaded cached data
loaded cached data
loaded cached data
START ATE IS: 63557.50659841486
PROBE TRIGGERED! Error reduced from inf to 52901.518 (ATE went to 63034.597636218976).
PROBE TRIGGERED! Error reduced from 52901.518 to 45110.146 (ATE went to 55243.226345219904).
PROBE TRIGGERED! Error reduced from 45110.146 to 39028.700 (ATE went to 49161.780487989345).
PROBE TRIGGERED! Error reduced from 39028.700 to 31361.555 (ATE went to 41494.63462671787).
PROBE TRIGGERED! Error reduced from 31361.555 to 27932.153 (ATE went to 38065.23322353485).
PROBE TRIGGERED! Error reduced from 27932.153 to 24283.411 (ATE went to 34416.49072893263).
PROBE TRIGGERED! Error reduced from 24283.411 to 15592.392 (ATE went to 25725.471559845137).
PROBE TRIGGERED! Error reduced from 15592.392 to 13956.469 (ATE went to 24089.549365990584).
PROBE TRIGGERED! Error reduced from 13956.469 to 11705.862 (ATE went to 21838.94150701665).
PROBE TRIGGERED! Error reduced from 11705.862 to 7232.900 (ATE went to 17365.97997380646).
PROBE TRIGGERED! Error reduced from 7232.900 to 5508.126 (ATE went to 15641.20595939708).
PROBE TRIGGERED! Error reduced from 5508.126 to 4661.480 (ATE went to 14794.56009601337).
PROBE TRIGGERED! Error reduced from 4661.480 to 2996.555 (ATE went to 13129.634914727973).
***
FINISHED
ATE before: 63557.50659841486
ATE now is: 12558.980084174313
sequence is: (('bin_equal_frequency_10', 'sqft_living'), ('bin_equal_frequency_2', 'sqft_lot15'), ('bin_equal_frequency_2', 'yr_built'), ('bin_equal_width_2', 'sqft_basement'), ('norm_log', 'sqft_living'), ('norm_log', 'sqft_living15'))
***
Execution time: 1175.355 sec
distances from ATE (with time):
[(np.float64(53424.42659841486), 0), (np.float64(52901.517636218974), 0.004222393035888672), (np.float64(53424.42659841486), 0.006335020065307617), (np.float64(52901.517636218974), 0.011763811111450195), (np.float64(49740.09757743451), 0.017281055450439453), (np.float64(49229.88979190772), 0.046488285064697266), (np.float64(45110.1463452199), 0.06129574775695801), (np.float64(53424.42659841486), 0.06322622299194336), (np.float64(52901.517636218974), 0.06823539733886719), (np.float64(45110.1463452199), 0.07310914993286133), (np.float64(40707.63474293096), 0.14161467552185059), (np.float64(39028.70048798934), 0.1812899112701416), (np.float64(53424.42659841486), 0.1832408905029297), (np.float64(52901.517636218974), 0.18823480606079102), (np.float64(45110.1463452199), 0.1930689811706543), (np.float64(39028.70048798934), 0.1979372501373291), (np.float64(31361.554626717865), 0.27494359016418457), (np.float64(53424.42659841486), 0.2768998146057129), (np.float64(52901.517636218974), 0.28186869621276855), (np.float64(45110.1463452199), 0.2866973876953125), (np.float64(39028.70048798934), 0.2915685176849365), (np.float64(31361.554626717865), 0.326352596282959), (np.float64(27932.15322353485), 3.890559434890747), (np.float64(53424.42659841486), 3.892544746398926), (np.float64(45110.1463452199), 3.8977150917053223), (np.float64(39028.70048798934), 3.9027469158172607), (np.float64(37149.08741658274), 3.913013458251953), (np.float64(30095.916186101364), 3.9197161197662354), (np.float64(27932.15322353485), 3.9599130153656006), (np.float64(26056.557425229475), 7.240582466125488), (np.float64(24283.410728932628), 12.072126150131226), (np.float64(53424.42659841486), 12.074168682098389), (np.float64(45110.1463452199), 12.07954454421997), (np.float64(37149.08741658274), 12.084717035293579), (np.float64(27932.15322353485), 12.1066575050354), (np.float64(24283.410728932628), 12.146960973739624), (np.float64(15592.391559845137), 12.212549686431885), (np.float64(53424.42659841486), 12.214549541473389), (np.float64(45110.1463452199), 12.219658374786377), (np.float64(40707.63474293096), 12.224562644958496), (np.float64(37149.08741658274), 12.229806184768677), (np.float64(32430.465419122862), 12.246489524841309), (np.float64(27932.15322353485), 12.253281354904175), (np.float64(26056.557425229475), 12.313154458999634), (np.float64(15592.391559845137), 12.335025548934937), (np.float64(14940.006711200918), 38.90979719161987), (np.float64(13956.469365990584), 38.94946050643921), (np.float64(53424.42659841486), 38.951462745666504), (np.float64(45110.1463452199), 38.95703887939453), (np.float64(37149.08741658274), 38.962172508239746), (np.float64(27932.15322353485), 38.96895670890808), (np.float64(24283.410728932628), 39.010416984558105), (np.float64(15592.391559845137), 39.04369282722473), (np.float64(14940.006711200918), 58.929847240448), (np.float64(11705.86150701665), 58.98940181732178), (np.float64(53424.42659841486), 58.99143719673157), (np.float64(45110.1463452199), 58.997334003448486), (np.float64(40707.63474293096), 59.00236654281616), (np.float64(37149.08741658274), 59.007587909698486), (np.float64(32430.465419122862), 59.0142707824707), (np.float64(27932.15322353485), 59.021141052246094), (np.float64(15592.391559845137), 59.047858476638794), (np.float64(13956.469365990584), 59.2449517250061), (np.float64(11705.86150701665), 59.27939462661743), (np.float64(7232.899973806461), 73.32691621780396), (np.float64(53424.42659841486), 73.32897758483887), (np.float64(45110.1463452199), 73.33459663391113), (np.float64(40707.63474293096), 73.33952784538269), (np.float64(37149.08741658274), 73.34469747543335), (np.float64(32430.465419122862), 73.3513023853302), (np.float64(27932.15322353485), 73.35811877250671), (np.float64(15592.391559845137), 73.38496565818787), (np.float64(13956.469365990584), 73.6201012134552), (np.float64(11705.86150701665), 73.6608202457428), (np.float64(10568.546061106133), 83.32831931114197), (np.float64(9271.875367060375), 89.9447762966156), (np.float64(8120.213156599761), 121.57507801055908), (np.float64(6758.375994514734), 124.18490195274353), (np.float64(5508.125959397081), 124.31367540359497), (np.float64(53424.42659841486), 124.31569957733154), (np.float64(45110.1463452199), 124.32213282585144), (np.float64(40707.63474293096), 124.32696914672852), (np.float64(37149.08741658274), 124.33206176757812), (np.float64(32430.465419122862), 124.33846235275269), (np.float64(27932.15322353485), 124.34514594078064), (np.float64(15592.391559845137), 124.37795615196228), (np.float64(11705.86150701665), 124.57461547851562), (np.float64(7232.899973806461), 124.73732495307922), (np.float64(6758.375994514734), 167.0278708934784), (np.float64(4661.480096013371), 180.7226848602295), (np.float64(53424.42659841486), 180.7247142791748), (np.float64(45110.1463452199), 180.73135018348694), (np.float64(40707.63474293096), 180.73618602752686), (np.float64(37149.08741658274), 180.7412805557251), (np.float64(32430.465419122862), 180.74770736694336), (np.float64(27932.15322353485), 180.7543487548828), (np.float64(15592.391559845137), 180.79713773727417), (np.float64(11705.86150701665), 181.0094301700592), (np.float64(8190.80805983543), 181.729594707489), (np.float64(8120.213156599761), 222.92624020576477), (np.float64(6758.375994514734), 226.5879442691803), (np.float64(6483.89238880998), 294.83244729042053), (np.float64(5959.907484456184), 299.76854157447815), (np.float64(5853.0345719938905), 299.91922664642334), (np.float64(2996.5549147279726), 301.4473662376404), (np.float64(53424.42659841486), 301.44944858551025), (np.float64(45110.1463452199), 301.4585886001587), (np.float64(40707.63474293096), 301.4634487628937), (np.float64(37149.08741658274), 301.46861839294434), (np.float64(32430.465419122862), 301.4751777648926), (np.float64(27932.15322353485), 301.4819493293762), (np.float64(15592.391559845137), 301.5139319896698), (np.float64(7232.899973806461), 301.78090739250183), (np.float64(6906.609963414789), 345.7161786556244), (np.float64(6853.613599635524), 347.1485812664032), (np.float64(6804.053590696023), 347.59037256240845), (np.float64(6018.117604906189), 348.159077167511), (np.float64(4796.8600069334625), 348.30714201927185), (np.float64(4067.892297815266), 350.37010884284973), (np.float64(3411.0781223925496), 353.1683690547943), (np.float64(3411.078115428487), 1121.2610068321228), (np.float64(2425.9000841743127), 1175.3540365695953)]
uncertainty:
{'ate': np.float64(12558.980082140752), 'se': np.float64(30308.78973018869), 'ci': (np.float64(-46857.168056502764), np.float64(71975.12822078427)), 'significant': np.False_}
checked:
108116
