Starting EXP32.6, type=probe, run 3/3
Job 68226556, task 335
loaded cached data
loaded cached data
loaded cached data
loaded cached data
loaded cached data
loaded cached data
START ATE IS: 8692.110635089763
PROBE TRIGGERED! Error reduced from inf to 8210.776 (ATE went to 8289.224278375901).
PROBE TRIGGERED! Error reduced from 8210.776 to 5053.557 (ATE went to 11446.442646197405).
PROBE TRIGGERED! Error reduced from 5053.557 to 1885.994 (ATE went to 14614.006366447666).
PROBE TRIGGERED! Error reduced from 1885.994 to 361.840 (ATE went to 16861.839589937903).
PROBE TRIGGERED! Error reduced from 361.840 to 246.024 (ATE went to 16746.0241976532).
***
FINISHED
ATE before: 8692.110635089763
ATE now is: 16414.138424525147
sequence is: (('bin_equal_frequency_5', 'Age'), ('bin_equal_frequency_2', 'education'), ('isolationForest', 'gender'))
***
Execution time: 1483.612 sec
distances from ATE (with time):
[(np.float64(7807.889364910237), 0), (np.float64(7807.889364910237), 0.8244020938873291), (np.float64(5053.557353802595), 8.460784435272217), (np.float64(7807.889364910237), 8.577664136886597), (np.float64(5053.557353802595), 9.349737167358398), (np.float64(4610.989955582796), 39.713526010513306), (np.float64(1885.9936335523344), 123.30477905273438), (np.float64(7807.889364910237), 123.3441424369812), (np.float64(5053.557353802595), 123.6684021949768), (np.float64(4610.989955582796), 130.71034717559814), (np.float64(2792.126491518404), 137.36904788017273), (np.float64(1885.9936335523344), 143.95019841194153), (np.float64(361.83958993790293), 417.0048553943634), (np.float64(7807.889364910237), 417.0201647281647), (np.float64(5053.557353802595), 417.3188729286194), (np.float64(4610.989955582796), 424.0917181968689), (np.float64(2792.126491518404), 431.42723512649536), (np.float64(1885.9936335523344), 437.98687410354614), (np.float64(361.83958993790293), 451.73788833618164), (np.float64(246.02419765320155), 1295.1807172298431), (np.float64(7807.889364910237), 1295.1970827579498), (np.float64(4610.989955582796), 1302.653638601303), (np.float64(361.83958993790293), 1318.3938026428223), (np.float64(85.86157547485345), 1483.611138343811)]
uncertainty:
{'ate': np.float64(16414.138424525157), 'se': np.float64(1301.4514476196714), 'ci': (np.float64(13863.307830076514), np.float64(18964.9690189738)), 'significant': np.True_}
checked:
934
