Starting EXP31.48, type=probe_probs_with_restart, run 3/3
Job 68226377, task 323
loaded cached data
loaded cached data
loaded cached data
loaded cached data
loaded cached data
loaded cached data
START ATE IS: 0.06209162473865036
PROBE TRIGGERED! Error reduced from inf to 0.122 (ATE went to 0.06209162522707845).
PROBE TRIGGERED! Error reduced from 0.122 to 0.098 (ATE went to 0.03794571686809773).
PROBE TRIGGERED! Error reduced from 0.098 to 0.087 (ATE went to 0.026576807595521335).
PROBE TRIGGERED! Error reduced from 0.087 to 0.062 (ATE went to 0.0024986623952526228).
***
FINISHED
ATE before: 0.06209162473865036
ATE now is: -0.007236002258252472
sequence is: (('IQR', 'gestat10'), ('bin_equal_frequency_2', 'wt'))
***
Execution time: 6660.046 sec
distances from ATE (with time):
[(np.float64(0.12209162473865036), 0), (np.float64(0.12209162473865036), 0.06741905212402344), (np.float64(0.12209162468309612), 0.7416269779205322), (np.float64(0.11871766816581922), 1.0204956531524658), (np.float64(0.11834585974586839), 1.337479591369629), (np.float64(0.09794571686809772), 12.002873659133911), (np.float64(0.12209162473865036), 12.00865650177002), (np.float64(0.09794571686809772), 12.032990217208862), (np.float64(0.09794571678957167), 12.09648060798645), (np.float64(0.09794571671442737), 14.354936838150024), (np.float64(0.0979457167099588), 25.15601086616516), (np.float64(0.09793484603493474), 25.225870847702026), (np.float64(0.09792664528166253), 25.295987129211426), (np.float64(0.08853167192324271), 25.718435764312744), (np.float64(0.08657680759552133), 30.105912685394287), (np.float64(0.12209162473865036), 30.110578775405884), (np.float64(0.09794571686809772), 30.127375841140747), (np.float64(0.09794571678957167), 30.196571588516235), (np.float64(0.08657680759552133), 30.216825246810913), (np.float64(0.08657680755223607), 30.319581985473633), (np.float64(0.08657680715380882), 51.21909809112549), (np.float64(0.0865192524949836), 86.44531607627869), (np.float64(0.0863761903298153), 86.65505838394165), (np.float64(0.08625287445433263), 86.72349119186401), (np.float64(0.08608730148709519), 86.94584608078003), (np.float64(0.08262521769287412), 115.59059476852417), (np.float64(0.08040025397870174), 115.61146879196167), (np.float64(0.08039919434094153), 760.0838117599487), (np.float64(0.08038517846157713), 1203.4410626888275), (np.float64(0.06249866239525262), 6659.738937854767), (np.float64(0.12209162473865036), 6659.743974685669), (np.float64(0.09794571686809772), 6659.9506204128265), (np.float64(0.06249866239525262), 6659.966851472855), (np.float64(0.052763997741747524), 6660.046013355255)]
(REAL, NOT adjusted by restarts)probability of this sequence is: 3.945707070707071e-15
probability of this sequence is: 0.03215515151528872
uncertainty:
{'ate': np.float64(-0.007236002265713762), 'se': np.float64(0.006858683696359224), 'ci': (np.float64(-0.020680571406161433), np.float64(0.006208566874733911)), 'significant': np.False_}
checked:
286173
