Starting EXP31.24, type=probe_probs_no_restart, run 3/3
Job 68239965, task 248
loaded cached data
loaded cached data
loaded cached data
loaded cached data
loaded cached data
loaded cached data
START ATE IS: 0.06273954446687416
***
FINISHED
ATE before: 0.06273954446687416
ATE now is: -0.004391344727949667
sequence is: (('norm_log', 'gestat10'), ('bin_equal_frequency_2', 'wt'))
***
Execution time: 8921.240 sec
distances from ATE (with time):
[(np.float64(0.12273954446687416), 0), (np.float64(0.12273954446604247), 0.04269742965698242), (np.float64(0.11880957382580146), 0.2536163330078125), (np.float64(0.09889930889158077), 6.227119445800781), (np.float64(0.09889930889145727), 22.93079710006714), (np.float64(0.09889930889145546), 22.970932722091675), (np.float64(0.08935898232856779), 39.61468267440796), (np.float64(0.08931515415835907), 56.05613350868225), (np.float64(0.08907477640840547), 293.5537955760956), (np.float64(0.08324605092812952), 403.50815057754517), (np.float64(0.08324605092811188), 1157.0620515346527), (np.float64(0.08108020910603657), 2063.879765510559), (np.float64(0.06323912131779294), 3366.160800933838), (np.float64(0.06323912131777898), 8585.67691040039), (np.float64(0.0632391213177687), 8585.717067956924), (np.float64(0.055608655272050334), 8921.239684343338)]
probability of this sequence is: 3.945707070707071e-14
uncertainty:
{'ate': np.float64(-0.004391344727969468), 'se': np.float64(0.006616472856799875), 'ci': (np.float64(-0.01736102572059277), np.float64(0.008578336264653836)), 'significant': np.False_}
checked:
421072
