Starting EXP31.27, type=probe, run 1/3
Job 68225986, task 252
loaded cached data
loaded cached data
loaded cached data
loaded cached data
loaded cached data
loaded cached data
START ATE IS: -0.024663891523445843
***
FINISHED
ATE before: -0.024663891523445843
ATE now is: -0.024663891523445843
sequence is: (('bin_equal_frequency_2', 'adequacy'),)
***
Execution time: 0.008 sec
distances from ATE (with time):
[(np.float64(0.035336108476554155), 0)]
uncertainty:
{'ate': np.float64(-0.024663891615701608), 'se': np.float64(0.00679390117099487), 'ci': (np.float64(-0.03798137001422998), np.float64(-0.011346413217173236)), 'significant': np.True_}
checked:
1
