Starting EXP30.2, type=probe_probs_no_restart, run 3/3
Job 68225817, task 113
loaded cached data
loaded cached data
loaded cached data
loaded cached data
loaded cached data
loaded cached data
START ATE IS: 9109.659494744481
***
FINISHED
ATE before: 9109.659494744481
ATE now is: 16577.51955161694
sequence is: (('IQR', 'education'), ('isolationForest', 'Age'))
***
Execution time: 86.600 sec
distances from ATE (with time):
[(np.float64(7390.340505255519), 0), (np.float64(7390.340505255397), 0.29565858840942383), (np.float64(7390.340505254926), 0.3680136203765869), (np.float64(7337.3438645470505), 0.6054108142852783), (np.float64(5850.308650374855), 0.7651920318603516), (np.float64(381.00873501635033), 4.165060520172119), (np.float64(77.51955161694059), 86.59932470321655)]
probability of this sequence is: 7.8307592222249e-05
uncertainty:
{'ate': np.float64(16577.5195516217), 'se': np.float64(987.6404768237974), 'ci': (np.float64(14641.754835501137), np.float64(18513.28426774226)), 'significant': np.True_}
checked:
522
