Starting EXP36.1, type=probe, run 3/3
Job 68242897, task 443
loaded cached data
loaded cached data
loaded cached data
loaded cached data
loaded cached data
loaded cached data
START ATE IS: -6939.568706815804
PROBE TRIGGERED! Error reduced from inf to 11628.909 (ATE went to -1495.8292259005682).
PROBE TRIGGERED! Error reduced from 11628.909 to 9317.418 (ATE went to 815.6621528206872).
PROBE TRIGGERED! Error reduced from 9317.418 to 4218.438 (ATE went to 5914.641644266537).
***
FINISHED
ATE before: -6939.568706815804
ATE now is: 11828.71896149071
sequence is: (('isolationForest', 'bathrooms'),)
***
Execution time: 0.653 sec
distances from ATE (with time):
[(np.float64(17072.648706815802), 0), (np.float64(11628.909225900568), 0.002482175827026367), (np.float64(17072.648706815802), 0.0038299560546875), (np.float64(11628.909225900568), 0.007008790969848633), (np.float64(9317.417847179313), 0.07287430763244629), (np.float64(17072.648706815802), 0.07411408424377441), (np.float64(11628.909225900568), 0.07703495025634766), (np.float64(9317.417847179313), 0.07992362976074219), (np.float64(4218.438355733463), 0.08405160903930664), (np.float64(17072.648706815802), 0.08527803421020508), (np.float64(11628.909225900568), 0.08819055557250977), (np.float64(9317.417847179313), 0.09105730056762695), (np.float64(4218.438355733463), 0.09506940841674805), (np.float64(4037.94979479788), 0.24248337745666504), (np.float64(1695.6389614907093), 0.6521914005279541)]
uncertainty:
{'ate': np.float64(11828.718950576244), 'se': np.float64(58420.15837922858), 'ci': (np.float64(-102855.3264981934), np.float64(126512.7643993459)), 'significant': np.False_}
checked:
212
