Starting EXP37.6, type=probe, run 3/3
Job 68243105, task 533
loaded cached data
loaded cached data
loaded cached data
loaded cached data
loaded cached data
loaded cached data
START ATE IS: 50551.46124647561
PROBE TRIGGERED! Error reduced from inf to 55825.118 (ATE went to 65958.1978276362).
PROBE TRIGGERED! Error reduced from 55825.118 to 40253.583 (ATE went to 50386.66325094206).
PROBE TRIGGERED! Error reduced from 40253.583 to 18965.834 (ATE went to 29098.913891123524).
PROBE TRIGGERED! Error reduced from 18965.834 to 7649.425 (ATE went to 17782.504955265023).
PROBE TRIGGERED! Error reduced from 7649.425 to 5055.033 (ATE went to 5078.047285360164).
PROBE TRIGGERED! Error reduced from 5055.033 to 4281.634 (ATE went to 5851.446203785407).
PROBE TRIGGERED! Error reduced from 4281.634 to 3422.987 (ATE went to 13556.067433027778).
***
FINISHED
ATE before: 50551.46124647561
ATE now is: 10135.480338014844
sequence is: (('bin_equal_frequency_2', 'sqft_lot'), ('bin_equal_frequency_2', 'sqft_living15'), ('winsorize', 'waterfront'))
***
Execution time: 13.768 sec
distances from ATE (with time):
[(np.float64(40418.381246475605), 0), (np.float64(40418.381246475605), 0.008890390396118164), (np.float64(40253.58325094206), 0.021137714385986328), (np.float64(40418.381246475605), 0.022660017013549805), (np.float64(40253.58325094206), 0.030858516693115234), (np.float64(18965.833891123526), 0.049564361572265625), (np.float64(40418.381246475605), 0.05105733871459961), (np.float64(40253.58325094206), 0.05891537666320801), (np.float64(18965.833891123526), 0.06296753883361816), (np.float64(7649.4249552650235), 1.556755781173706), (np.float64(40418.381246475605), 1.5582537651062012), (np.float64(18965.833891123526), 1.562448263168335), (np.float64(18845.033694822465), 1.5803382396697998), (np.float64(7649.4249552650235), 1.591888666152954), (np.float64(5055.032714639836), 2.9416520595550537), (np.float64(40418.381246475605), 2.9429984092712402), (np.float64(18965.833891123526), 2.9513814449310303), (np.float64(5055.032714639836), 3.0012543201446533), (np.float64(4281.633796214593), 4.327224493026733), (np.float64(40418.381246475605), 4.328556537628174), (np.float64(18965.833891123526), 4.332857131958008), (np.float64(18845.033694822465), 4.356543302536011), (np.float64(7649.4249552650235), 4.368107557296753), (np.float64(5055.032714639836), 4.4071314334869385), (np.float64(4281.633796214593), 4.452074289321899), (np.float64(3422.987433027778), 9.724505424499512), (np.float64(40418.381246475605), 9.725898265838623), (np.float64(18965.833891123526), 9.730379343032837), (np.float64(7649.4249552650235), 9.744412899017334), (np.float64(5055.032714639836), 9.78896951675415), (np.float64(3422.987433027778), 9.85297155380249), (np.float64(2.4003380148442375), 13.767394781112671)]
uncertainty:
{'ate': np.float64(10135.48033791587), 'se': np.float64(32557.953386130954), 'ci': (np.float64(-53685.94936385698), np.float64(73956.91003968872)), 'significant': np.False_}
checked:
1050
