Starting EXP27, type=probe, run 3/3
Job 68238202, task 2
loaded cached data
loaded cached data
loaded cached data
loaded cached data
loaded cached data
loaded cached data
START ATE IS: 0.06132348833153344
PROBE TRIGGERED! Error reduced from inf to 0.121 (ATE went to 0.06133003454402101).
PROBE TRIGGERED! Error reduced from 0.121 to 0.062 (ATE went to 0.0019593812472322907).
***
FINISHED
ATE before: 0.06132348833153344
ATE now is: -0.005384346526313939
sequence is: (('bin_equal_frequency_2', 'wt'), ('norm_log', 'gestat10'))
***
Execution time: 36.508 sec
distances from ATE (with time):
[(np.float64(0.12132348833153345), 0), (np.float64(0.12132348833153345), 0.07093238830566406), (np.float64(0.12131956699248836), 0.2907688617706299), (np.float64(0.12130306780023098), 1.0394861698150635), (np.float64(0.12129993142881669), 1.065389633178711), (np.float64(0.12129361808656419), 1.091712236404419), (np.float64(0.12128751531303641), 1.1308481693267822), (np.float64(0.12128213269734564), 1.1569373607635498), (np.float64(0.06195938124723229), 1.2067196369171143), (np.float64(0.12132348833153345), 1.2139880657196045), (np.float64(0.06195938124723229), 1.2657444477081299), (np.float64(0.06195392431937777), 25.356905460357666), (np.float64(0.06195229629323941), 25.412072896957397), (np.float64(0.06192110539119587), 25.53634214401245), (np.float64(0.06192098005769377), 25.63680338859558), (np.float64(0.06188308390676958), 26.188041925430298), (np.float64(0.054615653473686056), 36.50738048553467)]
uncertainty:
{'ate': np.float64(-0.005384345343430463), 'se': np.float64(0.006569764643970807), 'ci': (np.float64(-0.018262472961523116), np.float64(0.00749378227466219)), 'significant': np.False_}
checked:
1315
