Starting EXP29.1, type=probe_probs_with_restart, run 2/3
Job 68225156, task 25
loaded cached data
loaded cached data
loaded cached data
loaded cached data
loaded cached data
loaded cached data
START ATE IS: 0.04640556160571224
PROBE TRIGGERED! Error reduced from inf to 0.106 (ATE went to 0.046405561607692346).
PROBE TRIGGERED! Error reduced from 0.106 to 0.084 (ATE went to 0.024056710371625687).
PROBE TRIGGERED! Error reduced from 0.084 to 0.073 (ATE went to 0.013171245895070714).
PROBE TRIGGERED! Error reduced from 0.073 to 0.065 (ATE went to 0.0052414220863639255).
***
FINISHED
ATE before: 0.04640556160571224
ATE now is: -0.0016683351434150216
sequence is: (('norm_log', 'gestat10'), ('bin_equal_frequency_5', 'wt'), ('IQR', 'gestat10'))
***
Execution time: 30.702 sec
distances from ATE (with time):
[(np.float64(0.10640556160571224), 0), (np.float64(0.10640556160571224), 0.009718894958496094), (np.float64(0.10640555782129815), 0.035501718521118164), (np.float64(0.10640555770013632), 0.24482178688049316), (np.float64(0.1063663554774682), 0.34929442405700684), (np.float64(0.10630679083615265), 0.36166930198669434), (np.float64(0.10020491295485977), 0.4236717224121094), (np.float64(0.08405671037162568), 9.336383581161499), (np.float64(0.10640556160571224), 9.339130640029907), (np.float64(0.08405671037162568), 9.344842433929443), (np.float64(0.08405670734174665), 9.355525970458984), (np.float64(0.08405670571935367), 10.109655857086182), (np.float64(0.08405670197295131), 10.260749101638794), (np.float64(0.08394696816956723), 18.11489248275757), (np.float64(0.08391517852667374), 18.16299080848694), (np.float64(0.07317124589507071), 18.187469720840454), (np.float64(0.10640556160571224), 18.190228700637817), (np.float64(0.08405671037162568), 18.19599962234497), (np.float64(0.08405670734174665), 18.21169877052307), (np.float64(0.07317124589507071), 18.217992305755615), (np.float64(0.07317124293766303), 18.247693061828613), (np.float64(0.07317124253537044), 30.020130157470703), (np.float64(0.0731712399481725), 30.02726650238037), (np.float64(0.07317123648756665), 30.03477644920349), (np.float64(0.0731712357239365), 30.11543321609497), (np.float64(0.06524142208636392), 30.329328060150146), (np.float64(0.10640556160571224), 30.33217144012451), (np.float64(0.08405671037162568), 30.338313102722168), (np.float64(0.07317124589507071), 30.360799312591553), (np.float64(0.06870380177753721), 30.367775201797485), (np.float64(0.06524142208636392), 30.381380558013916), (np.float64(0.06167274496863424), 30.437827348709106), (np.float64(0.058331664856584975), 30.700965404510498)]
(REAL, NOT adjusted by restarts)probability of this sequence is: 2.528502561304724e-09
probability of this sequence is: 0.015856044091392543
uncertainty:
{'ate': np.float64(-0.0016683344520386327), 'se': np.float64(0.022324316117156514), 'ci': (np.float64(-0.04548528977965949), np.float64(0.042148620875582216)), 'significant': np.False_}
checked:
1662
