Starting EXP31.21, type=probe_probs_with_restart, run 3/3
Job 68239959, task 242
loaded cached data
loaded cached data
loaded cached data
loaded cached data
loaded cached data
loaded cached data
START ATE IS: -0.024891101431203193
***
FINISHED
ATE before: -0.024891101431203193
ATE now is: -0.024891101431203193
sequence is: (('norm_min_max', 'rh'),)
***
Execution time: 0.008 sec
distances from ATE (with time):
[(np.float64(0.0351088985687968), 0)]
(REAL, NOT adjusted by restarts)probability of this sequence is: 0.027520098948670378
probability of this sequence is: 0.027520098948670378
uncertainty:
{'ate': np.float64(-0.02489110143123756), 'se': np.float64(0.006771680517637325), 'ci': (np.float64(-0.038165021622607126), np.float64(-0.011617181239867993)), 'significant': np.True_}
checked:
1
