Starting EXP30.5, type=probe_probs_no_restart, run 3/3
Job 68225855, task 140
loaded cached data
loaded cached data
loaded cached data
loaded cached data
loaded cached data
loaded cached data
START ATE IS: 8682.919707950075
***
FINISHED
ATE before: 8682.919707950075
ATE now is: 16548.231862514083
sequence is: (('IQR', 'education'), ('norm_log', 'Age'), ('isolationForest', 'Age'))
***
Execution time: 894.311 sec
distances from ATE (with time):
[(np.float64(7817.0802920499245), 0), (np.float64(7817.080292046738), 0.3522632122039795), (np.float64(7817.080292045834), 0.6516313552856445), (np.float64(7817.080292039642), 1.648533821105957), (np.float64(7747.394111570906), 2.14864182472229), (np.float64(6224.50845387616), 2.64249324798584), (np.float64(761.5828501586457), 10.535633563995361), (np.float64(761.5828501584147), 53.85911726951599), (np.float64(761.5828501580891), 58.52998757362366), (np.float64(732.3342982070208), 114.87518453598022), (np.float64(267.22502710971276), 125.65576243400574), (np.float64(267.2250271036701), 346.6976716518402), (np.float64(267.22502710214576), 468.1867537498474), (np.float64(48.23186251408333), 894.3101668357849)]
probability of this sequence is: 2.542454292930162e-06
uncertainty:
{'ate': np.float64(16548.231862497443), 'se': np.float64(623.7604031258493), 'ci': (np.float64(15325.677444012206), np.float64(17770.78628098268)), 'significant': np.True_}
checked:
1355
