Starting EXP30.5, type=probe_probs_with_restart, run 2/3
Job 68225857, task 142
loaded cached data
loaded cached data
loaded cached data
loaded cached data
loaded cached data
loaded cached data
START ATE IS: 8828.885961305017
PROBE TRIGGERED! Error reduced from inf to 7671.114 (ATE went to 8828.885961302389).
PROBE TRIGGERED! Error reduced from 7671.114 to 6121.570 (ATE went to 10378.430412253425).
PROBE TRIGGERED! Error reduced from 6121.570 to 447.446 (ATE went to 16052.554438324358).
PROBE TRIGGERED! Error reduced from 447.446 to 163.216 (ATE went to 16336.783761424123).
PROBE TRIGGERED! Error reduced from 163.216 to 123.909 (ATE went to 16623.908719969215).
***
FINISHED
ATE before: 8828.885961305017
ATE now is: 16413.260584460644
sequence is: (('bin_equal_frequency_5', 'education'), ('isolationForest', 'Age'))
***
Execution time: 1220.600 sec
distances from ATE (with time):
[(np.float64(7671.114038694983), 0), (np.float64(7671.114038694983), 0.30337071418762207), (np.float64(7671.11403867531), 1.0183970928192139), (np.float64(7671.114038672218), 1.2695634365081787), (np.float64(7593.44879471561), 5.961817979812622), (np.float64(6121.569587746575), 6.61489725112915), (np.float64(7671.114038694983), 6.695154428482056), (np.float64(6121.569587746575), 7.336215496063232), (np.float64(6121.569587724949), 17.31368350982666), (np.float64(6092.111950347877), 20.018094778060913), (np.float64(447.44556167564224), 30.007734775543213), (np.float64(7671.114038694983), 30.04295587539673), (np.float64(6121.569587746575), 30.94662117958069), (np.float64(447.44556167564224), 35.216142892837524), (np.float64(447.44556167503833), 41.50323438644409), (np.float64(447.4455616680607), 61.99727201461792), (np.float64(433.7232781377006), 99.36764764785767), (np.float64(163.21623857587656), 104.33858823776245), (np.float64(7671.114038694983), 104.3644688129425), (np.float64(6121.569587746575), 105.0179545879364), (np.float64(447.44556167564224), 109.74084115028381), (np.float64(447.44556167503833), 114.90455770492554), (np.float64(163.21623857587656), 134.98036909103394), (np.float64(123.90871996921487), 472.63936138153076), (np.float64(7671.114038694983), 472.66272497177124), (np.float64(6121.569587746575), 473.20145440101624), (np.float64(447.44556167564224), 477.83724451065063), (np.float64(447.44556167503833), 483.0563807487488), (np.float64(433.7232781377006), 496.19500064849854), (np.float64(163.21623857587656), 510.5705692768097), (np.float64(148.75109926084406), 527.5796825885773), (np.float64(123.90871996921487), 537.4833974838257), (np.float64(123.90871992530447), 1063.4194090366364), (np.float64(123.90871989946754), 1101.0527894496918), (np.float64(86.73941553935583), 1220.5986113548279)]
(REAL, NOT adjusted by restarts)probability of this sequence is: 1.398349861111589e-05
probability of this sequence is: 0.0003723452515171021
uncertainty:
{'ate': np.float64(16413.260584468313), 'se': np.float64(680.0522260672922), 'ci': (np.float64(15080.373790372258), np.float64(17746.14737856437)), 'significant': np.True_}
checked:
765
