Starting EXP36.4, type=probe, run 3/3
Job 68242992, task 470
loaded cached data
loaded cached data
loaded cached data
loaded cached data
loaded cached data
loaded cached data
START ATE IS: 80893.2018343153
PROBE TRIGGERED! Error reduced from inf to 69957.972 (ATE went to 80091.0517631873).
PROBE TRIGGERED! Error reduced from 69957.972 to 59736.070 (ATE went to 69869.14992083353).
PROBE TRIGGERED! Error reduced from 59736.070 to 53708.265 (ATE went to 63841.34484507917).
PROBE TRIGGERED! Error reduced from 53708.265 to 43852.087 (ATE went to 53985.16721746209).
PROBE TRIGGERED! Error reduced from 43852.087 to 38226.498 (ATE went to 48359.578415995325).
PROBE TRIGGERED! Error reduced from 38226.498 to 30809.494 (ATE went to 40942.57422661136).
PROBE TRIGGERED! Error reduced from 30809.494 to 22442.802 (ATE went to 32575.88193100659).
PROBE TRIGGERED! Error reduced from 22442.802 to 18765.729 (ATE went to 28898.809116310716).
PROBE TRIGGERED! Error reduced from 18765.729 to 9593.408 (ATE went to 19726.487890099066).
PROBE TRIGGERED! Error reduced from 9593.408 to 8410.302 (ATE went to 18543.38222715735).
PROBE TRIGGERED! Error reduced from 8410.302 to 7128.667 (ATE went to 17261.747258049323).
PROBE TRIGGERED! Error reduced from 7128.667 to 5969.444 (ATE went to 16102.524399285552).
PROBE TRIGGERED! Error reduced from 5969.444 to 3259.606 (ATE went to 13392.686460660934).
***
FINISHED
ATE before: 80893.2018343153
ATE now is: 9373.097332815078
sequence is: (('bin_equal_frequency_2', 'yr_built'), ('bin_equal_frequency_2', 'bathrooms'), ('isolationForest', 'bathrooms'), ('norm_log', 'sqft_living'), ('bin_equal_frequency_2', 'sqft_above'), ('bin_equal_frequency_2', 'sqft_lot15'), ('bin_equal_width_5', 'grade'), ('zscore_filter_3', 'view'))
***
Execution time: 3811.509 sec
distances from ATE (with time):
[(np.float64(70760.1218343153), 0), (np.float64(69957.97176318729), 0.0036079883575439453), (np.float64(70760.1218343153), 0.005498647689819336), (np.float64(69957.97176318729), 0.010399580001831055), (np.float64(64389.99566235338), 0.01500248908996582), (np.float64(59736.06992083353), 0.054234981536865234), (np.float64(70760.1218343153), 0.05591988563537598), (np.float64(69957.97176318729), 0.06011033058166504), (np.float64(59736.06992083353), 0.06430673599243164), (np.float64(55838.152151673174), 0.1221613883972168), (np.float64(54861.38067635067), 0.6891930103302002), (np.float64(54795.76830736201), 3.1011664867401123), (np.float64(53708.26484507917), 3.1168746948242188), (np.float64(70760.1218343153), 3.118535041809082), (np.float64(59736.06992083353), 3.122657060623169), (np.float64(53708.26484507917), 3.1412739753723145), (np.float64(51311.18051818721), 5.895713567733765), (np.float64(43852.08721746209), 5.926197290420532), (np.float64(70760.1218343153), 5.9278669357299805), (np.float64(59736.06992083353), 5.931957960128784), (np.float64(55838.152151673174), 5.939923048019409), (np.float64(53708.26484507917), 5.949280500411987), (np.float64(43852.08721746209), 5.959848880767822), (np.float64(38226.498415995324), 6.00900411605835), (np.float64(70760.1218343153), 6.0106730461120605), (np.float64(59736.06992083353), 6.014700651168823), (np.float64(55838.152151673174), 6.022629499435425), (np.float64(53708.26484507917), 6.0279741287231445), (np.float64(43852.08721746209), 6.0385026931762695), (np.float64(38226.498415995324), 6.065062761306763), (np.float64(38217.224414958866), 15.776350259780884), (np.float64(35736.21955853574), 15.836912631988525), (np.float64(30809.494226611358), 17.46638250350952), (np.float64(70760.1218343153), 17.46803641319275), (np.float64(59736.06992083353), 17.47262144088745), (np.float64(55838.152151673174), 17.48082947731018), (np.float64(53708.26484507917), 17.486353158950806), (np.float64(43852.08721746209), 17.497196912765503), (np.float64(38226.498415995324), 17.539123058319092), (np.float64(31729.861167789328), 17.60349464416504), (np.float64(30809.494226611358), 17.62261962890625), (np.float64(29736.061879483183), 25.071463346481323), (np.float64(22442.801931006587), 41.94917964935303), (np.float64(70760.1218343153), 41.950928688049316), (np.float64(59736.06992083353), 41.95608377456665), (np.float64(55838.152151673174), 41.96031165122986), (np.float64(43852.08721746209), 41.96970510482788), (np.float64(38226.498415995324), 42.145554304122925), (np.float64(31729.861167789328), 42.607203006744385), (np.float64(30809.494226611358), 42.75550842285156), (np.float64(26909.849275899367), 44.15259075164795), (np.float64(22442.801931006587), 44.59569716453552), (np.float64(20316.101137314603), 268.9332466125488), (np.float64(18765.729116310715), 326.0167119503021), (np.float64(70760.1218343153), 326.0185389518738), (np.float64(65507.3910189654), 326.02510595321655), (np.float64(59736.06992083353), 326.0294380187988), (np.float64(55838.152151673174), 326.0335783958435), (np.float64(53708.26484507917), 326.03917145729065), (np.float64(51020.51237389664), 326.04461693763733), (np.float64(38226.498415995324), 326.34297800064087), (np.float64(34013.8208543483), 328.0840003490448), (np.float64(33079.92456727807), 328.25193071365356), (np.float64(32821.57867162783), 328.70260524749756), (np.float64(22442.801931006587), 329.4581837654114), (np.float64(19600.397781248583), 335.91848635673523), (np.float64(18244.074160975317), 694.6506259441376), (np.float64(9593.407890099066), 721.8268597126007), (np.float64(70760.1218343153), 721.8286607265472), (np.float64(65507.3910189654), 721.8355469703674), (np.float64(59736.06992083353), 721.8399903774261), (np.float64(55838.152151673174), 721.8441596031189), (np.float64(53708.26484507917), 721.8497326374054), (np.float64(51020.51237389664), 721.8551361560822), (np.float64(38226.498415995324), 722.1588356494904), (np.float64(34013.8208543483), 723.9495611190796), (np.float64(33079.92456727807), 724.1224370002747), (np.float64(32821.57867162783), 724.5837194919586), (np.float64(22442.801931006587), 725.3834738731384), (np.float64(22143.20752539688), 730.45636677742), (np.float64(20869.338698893975), 731.033120393753), (np.float64(19600.397781248583), 734.4458169937134), (np.float64(11039.078795891995), 734.7422714233398), (np.float64(10143.251959689222), 1141.962164402008), (np.float64(8410.302227157352), 1787.0561022758484), (np.float64(70760.1218343153), 1787.0579390525818), (np.float64(65507.3910189654), 1787.0675971508026), (np.float64(59736.06992083353), 1787.072010755539), (np.float64(55838.152151673174), 1787.0761301517487), (np.float64(53708.26484507917), 1787.220330953598), (np.float64(51020.51237389664), 1787.2260591983795), (np.float64(44759.55206657819), 1787.6656703948975), (np.float64(43607.22814088202), 1787.954306602478), (np.float64(38226.498415995324), 1788.1022944450378), (np.float64(37844.97996875364), 1788.530959367752), (np.float64(33079.92456727807), 1788.8442921638489), (np.float64(22442.801931006587), 1790.0712373256683), (np.float64(20316.101137314603), 1793.6179420948029), (np.float64(13924.01816690545), 1796.9094598293304), (np.float64(13345.731167652351), 1797.05881857872), (np.float64(11039.078795891995), 1797.3479652404785), (np.float64(7128.667258049323), 2451.317068338394), (np.float64(70760.1218343153), 2451.318845510483), (np.float64(65507.3910189654), 2451.3266689777374), (np.float64(59736.06992083353), 2451.3309137821198), (np.float64(55838.152151673174), 2451.3349571228027), (np.float64(53708.26484507917), 2451.4798531532288), (np.float64(51020.51237389664), 2451.4856736660004), (np.float64(44759.55206657819), 2451.939885377884), (np.float64(43607.22814088202), 2452.237631559372), (np.float64(38226.498415995324), 2452.391097545624), (np.float64(37844.97996875364), 2452.833778858185), (np.float64(33079.92456727807), 2453.1458842754364), (np.float64(22442.801931006587), 2454.37428355217), (np.float64(20316.101137314603), 2457.9707510471344), (np.float64(13924.01816690545), 2461.782466650009), (np.float64(13345.731167652351), 2462.082660675049), (np.float64(11039.078795891995), 2462.383190393448), (np.float64(7128.667258049323), 2471.7471475601196), (np.float64(5969.444399285552), 3587.2190907001495), (np.float64(70760.1218343153), 3587.220826148987), (np.float64(65507.3910189654), 3587.230553150177), (np.float64(59736.06992083353), 3587.2347428798676), (np.float64(55838.152151673174), 3587.238777399063), (np.float64(53708.26484507917), 3587.388833284378), (np.float64(51020.51237389664), 3587.3943474292755), (np.float64(50692.23196095517), 3587.57465839386), (np.float64(44759.55206657819), 3588.004479408264), (np.float64(43607.22814088202), 3588.6039700508118), (np.float64(38226.498415995324), 3588.898030281067), (np.float64(37463.3082072123), 3589.070082426071), (np.float64(33079.92456727807), 3589.967030763626), (np.float64(31154.232249269262), 3591.771684408188), (np.float64(22143.20752539688), 3593.698353290558), (np.float64(20869.338698893975), 3594.9919531345367), (np.float64(19542.73700847305), 3611.4180929660797), (np.float64(12553.674610596592), 3635.496951818466), (np.float64(9017.718150378989), 3649.4154131412506), (np.float64(3259.6064606609343), 3700.6323034763336), (np.float64(70760.1218343153), 3700.6340050697327), (np.float64(65507.3910189654), 3700.6387887001038), (np.float64(59736.06992083353), 3700.642919778824), (np.float64(55838.152151673174), 3700.6469411849976), (np.float64(53708.26484507917), 3700.8010132312775), (np.float64(51020.51237389664), 3700.806473493576), (np.float64(50692.23196095517), 3700.986027240753), (np.float64(44759.55206657819), 3701.4281253814697), (np.float64(33079.92456727807), 3702.519528865814), (np.float64(26922.214416298986), 3709.4799814224243), (np.float64(26115.85483797433), 3716.652307033539), (np.float64(22127.531739803344), 3716.977177143097), (np.float64(21832.133477591095), 3731.7603640556335), (np.float64(20734.677503628627), 3742.9078600406647), (np.float64(19882.142747293838), 3750.495397567749), (np.float64(18931.51895779823), 3753.506720304489), (np.float64(13036.755621992403), 3761.667216539383), (np.float64(11731.054890872501), 3761.830919265747), (np.float64(5135.315651579069), 3770.6256704330444), (np.float64(759.9826671849223), 3811.5083508491516)]
uncertainty:
{'ate': np.float64(9373.097331003693), 'se': np.float64(30082.33727040349), 'ci': (np.float64(-49611.18147655191), np.float64(68357.3761385593)), 'significant': np.False_}
checked:
48731
