Starting EXP30.3, type=probe_probs_no_restart, run 1/3
Job 68225825, task 120
loaded cached data
loaded cached data
loaded cached data
loaded cached data
loaded cached data
loaded cached data
START ATE IS: 8636.712338918675
***
FINISHED
ATE before: 8636.712338918675
ATE now is: 16487.570026080575
sequence is: (('IQR', 'education'), ('norm_log', 'education'), ('isolationForest', 'Age'))
***
Execution time: 573.932 sec
distances from ATE (with time):
[(np.float64(7863.2876610813255), 0), (np.float64(7863.287661079676), 0.0960841178894043), (np.float64(7863.287661079537), 0.21493935585021973), (np.float64(7863.287661076511), 0.6713848114013672), (np.float64(7808.069847804076), 0.9058806896209717), (np.float64(6299.152081206901), 1.141463279724121), (np.float64(731.1768205233384), 6.064018249511719), (np.float64(731.1768205223798), 32.47046113014221), (np.float64(731.1768205223325), 35.222604513168335), (np.float64(700.2647278428631), 68.26961040496826), (np.float64(126.1572289443302), 125.13062357902527), (np.float64(126.15722893827842), 420.17250776290894), (np.float64(12.42997391942481), 573.9310433864594)]
probability of this sequence is: 2.542454292930162e-06
uncertainty:
{'ate': np.float64(16487.570026083977), 'se': np.float64(835.7270120000818), 'ci': (np.float64(14849.561249793354), np.float64(18125.5788023746)), 'significant': np.True_}
checked:
1364
