Starting EXP31.33, type=probe_probs_with_restart, run 1/3
Job 68226033, task 276
loaded cached data
loaded cached data
loaded cached data
loaded cached data
loaded cached data
loaded cached data
START ATE IS: 0.06113647017571583
PROBE TRIGGERED! Error reduced from inf to 0.121 (ATE went to 0.06113647017564146).
PROBE TRIGGERED! Error reduced from 0.121 to 0.097 (ATE went to 0.036807114887970976).
PROBE TRIGGERED! Error reduced from 0.097 to 0.085 (ATE went to 0.025466097866660875).
PROBE TRIGGERED! Error reduced from 0.085 to 0.062 (ATE went to 0.0018679093090832974).
***
FINISHED
ATE before: 0.06113647017571583
ATE now is: -0.007739370509481522
sequence is: (('IQR', 'gestat10'), ('bin_equal_frequency_2', 'wt'))
***
Execution time: 4219.059 sec
distances from ATE (with time):
[(np.float64(0.12113647017571583), 0), (np.float64(0.12113647017564146), 0.03099822998046875), (np.float64(0.12113647017571583), 0.03614163398742676), (np.float64(0.12113647017564146), 0.04788541793823242), (np.float64(0.12113647017548398), 0.094482421875), (np.float64(0.12113647017517977), 0.23291349411010742), (np.float64(0.12113647017517319), 0.2578256130218506), (np.float64(0.12113647017508031), 0.32700157165527344), (np.float64(0.12113647017504733), 0.45450901985168457), (np.float64(0.11727977420397384), 0.46611714363098145), (np.float64(0.11727977420387108), 8.969242334365845), (np.float64(0.09680711488797097), 10.43221664428711), (np.float64(0.12113647017571583), 10.436344861984253), (np.float64(0.09680711488797097), 10.447415828704834), (np.float64(0.09680711488796873), 11.137836694717407), (np.float64(0.09680711488795812), 11.150489568710327), (np.float64(0.08752078765819739), 12.257641315460205), (np.float64(0.08546609786666087), 22.318488121032715), (np.float64(0.12113647017571583), 22.32210063934326), (np.float64(0.09680711488797097), 22.333723783493042), (np.float64(0.08758766577177055), 22.378599166870117), (np.float64(0.08546609786666087), 22.40410566329956), (np.float64(0.08502230857150096), 56.8991003036499), (np.float64(0.08490913877823911), 64.07943511009216), (np.float64(0.08164295462837895), 72.840980052948), (np.float64(0.07947071308128834), 72.85833191871643), (np.float64(0.07942474072015596), 756.1927237510681), (np.float64(0.06186790930908329), 4218.922465801239), (np.float64(0.12113647017571583), 4218.926560640335), (np.float64(0.09680711488797097), 4218.987741470337), (np.float64(0.06186790930908329), 4218.999331712723), (np.float64(0.052260629490518476), 4219.0586948394775)]
(REAL, NOT adjusted by restarts)probability of this sequence is: 8.347942232239755e-15
probability of this sequence is: 0.032225674931329475
uncertainty:
{'ate': np.float64(-0.007739370509469365), 'se': np.float64(0.006845812309631719), 'ci': (np.float64(-0.02115870586121133), np.float64(0.0056799648422726015)), 'significant': np.False_}
checked:
154496
