Starting EXP29.4, type=probe_probs_with_restart, run 3/3
Job 68238532, task 53
loaded cached data
loaded cached data
loaded cached data
loaded cached data
loaded cached data
loaded cached data
START ATE IS: 0.06590378190552001
PROBE TRIGGERED! Error reduced from inf to 0.126 (ATE went to 0.06590378144484102).
PROBE TRIGGERED! Error reduced from 0.126 to 0.103 (ATE went to 0.04271193160231474).
PROBE TRIGGERED! Error reduced from 0.103 to 0.088 (ATE went to 0.02836070824905909).
PROBE TRIGGERED! Error reduced from 0.088 to 0.067 (ATE went to 0.006739754981706178).
***
FINISHED
ATE before: 0.06590378190552001
ATE now is: -0.0028972733797001642
sequence is: (('IQR', 'gestat10'), ('bin_equal_frequency_2', 'wt'))
***
Execution time: 10536.281 sec
distances from ATE (with time):
[(np.float64(0.12590378190552), 0), (np.float64(0.12590378144484102), 0.009000778198242188), (np.float64(0.12590378190552), 0.013972043991088867), (np.float64(0.12590378144484102), 0.02649378776550293), (np.float64(0.12590378121496176), 0.03899741172790527), (np.float64(0.12590377972314654), 0.11272382736206055), (np.float64(0.12590186336629916), 0.667210578918457), (np.float64(0.12541806203238048), 0.679619550704956), (np.float64(0.12234647552559048), 0.8389077186584473), (np.float64(0.12175394577646564), 1.2716073989868164), (np.float64(0.10271193160231473), 11.91399073600769), (np.float64(0.12590378190552), 11.917731046676636), (np.float64(0.10271193160231473), 11.92912483215332), (np.float64(0.1027119295293596), 13.45801043510437), (np.float64(0.10271192777163783), 13.49277114868164), (np.float64(0.10271192732825393), 13.721124649047852), (np.float64(0.10271015026329021), 23.28280758857727), (np.float64(0.10223230571444283), 23.294262409210205), (np.float64(0.093687996566625), 23.44328236579895), (np.float64(0.09289672650388517), 26.480223417282104), (np.float64(0.08836070824905909), 27.232272386550903), (np.float64(0.12590378190552), 27.235881805419922), (np.float64(0.10271193160231473), 27.246808290481567), (np.float64(0.09289672650388517), 27.291048765182495), (np.float64(0.08836070824905909), 27.31514811515808), (np.float64(0.08836070576403937), 27.856045246124268), (np.float64(0.08836070542215094), 44.81771111488342), (np.float64(0.08836070416372407), 44.83122396469116), (np.float64(0.08836070312258003), 44.885300397872925), (np.float64(0.08772071891627826), 74.40881371498108), (np.float64(0.08679920001618438), 74.98512506484985), (np.float64(0.0826265500080067), 95.4893741607666), (np.float64(0.08262654839037373), 356.0127635002136), (np.float64(0.08262654653961524), 531.2983281612396), (np.float64(0.0826090713094109), 743.3585584163666), (np.float64(0.0825068276745333), 1408.2814590930939), (np.float64(0.08250682696110911), 7009.23747086525), (np.float64(0.06673975498170617), 10535.98072218895), (np.float64(0.12590378190552), 10535.98475408554), (np.float64(0.10271193160231473), 10536.211462497711), (np.float64(0.06673975498170617), 10536.22246837616), (np.float64(0.05710272662029983), 10536.280757665634)]
(REAL, NOT adjusted by restarts)probability of this sequence is: 3.4951592045017656e-15
probability of this sequence is: 0.032146024955565816
uncertainty:
{'ate': np.float64(-0.0028972718328791275), 'se': np.float64(0.010805263487997822), 'ci': (np.float64(-0.02408239573855172), np.float64(0.018287852072793466)), 'significant': np.False_}
checked:
570191
