Starting EXP30.9, type=probe, run 1/3
Job 68239854, task 171
loaded cached data
loaded cached data
loaded cached data
loaded cached data
loaded cached data
loaded cached data
START ATE IS: 8712.38838845292
PROBE TRIGGERED! Error reduced from inf to 11994.339 (ATE went to 6779.660835119043).
PROBE TRIGGERED! Error reduced from 11994.339 to 10488.271 (ATE went to 8285.728855943791).
PROBE TRIGGERED! Error reduced from 10488.271 to 7426.729 (ATE went to 11347.271307087682).
PROBE TRIGGERED! Error reduced from 7426.729 to 3780.634 (ATE went to 14993.36595721767).
PROBE TRIGGERED! Error reduced from 3780.634 to 1283.481 (ATE went to 17490.519016029233).
***
FINISHED
ATE before: 8712.38838845292
ATE now is: 17985.36887053939
sequence is: (('bin_equal_width_2', 'education'), ('bin_equal_width_2', 'Age'), ('isolationForest', 'Age'))
***
Execution time: 907.956 sec
distances from ATE (with time):
[(np.float64(10061.61161154708), 0), (np.float64(10061.61161154708), 0.8063650131225586), (np.float64(10061.61161154708), 3.3676764965057373), (np.float64(7426.728692912318), 22.700753927230835), (np.float64(10061.61161154708), 22.878527879714966), (np.float64(7426.728692912318), 25.069042921066284), (np.float64(3780.6340427823307), 92.2282063961029), (np.float64(10061.61161154708), 92.27161955833435), (np.float64(7426.728692912318), 93.88373804092407), (np.float64(3780.6340427823307), 101.24406671524048), (np.float64(1283.4809839707668), 114.36799550056458), (np.float64(10061.61161154708), 114.4014778137207), (np.float64(7426.728692912318), 114.78442668914795), (np.float64(3780.6340427823307), 121.56422662734985), (np.float64(1283.4809839707668), 129.38219022750854), (np.float64(1283.4809839704358), 656.7309999465942), (np.float64(1283.4809839697518), 663.410843372345), (np.float64(1283.4809839697227), 737.3450417518616), (np.float64(1265.263490927242), 767.2051146030426), (np.float64(788.6311294606094), 907.9556171894073)]
uncertainty:
{'ate': np.float64(17985.368870555474), 'se': np.float64(606.3991847696992), 'ci': (np.float64(16796.844393491094), np.float64(19173.893347619854)), 'significant': np.True_}
checked:
498
