Starting EXP31.9, type=probe_probs_with_restart, run 1/3
Job 68239888, task 204
loaded cached data
loaded cached data
loaded cached data
loaded cached data
loaded cached data
loaded cached data
START ATE IS: -0.024663863042104724
***
FINISHED
ATE before: -0.024663863042104724
ATE now is: -0.024663863042200262
sequence is: (('norm_min_max', 'stoccfipb_reg'),)
***
Execution time: 0.005 sec
distances from ATE (with time):
[(np.float64(0.035336136957895274), 0), (np.float64(0.03533613695779973), 0.004568338394165039)]
(REAL, NOT adjusted by restarts)probability of this sequence is: 0.06421356421356422
probability of this sequence is: 0.06421356421356422
uncertainty:
{'ate': np.float64(-0.024663863046941722), 'se': np.float64(0.007356063209577137), 'ci': (np.float64(-0.03908329414703997), np.float64(-0.010244431946843477)), 'significant': np.True_}
checked:
1
