Starting EXP29.1, type=probe, run 1/3
Job 68238218, task 18
loaded cached data
loaded cached data
loaded cached data
loaded cached data
loaded cached data
loaded cached data
START ATE IS: 0.036962750103796176
PROBE TRIGGERED! Error reduced from inf to 0.097 (ATE went to 0.03672571826271981).
***
FINISHED
ATE before: 0.036962750103796176
ATE now is: -0.022783773102907152
sequence is: (('bin_equal_frequency_2', 'wt'),)
***
Execution time: 0.308 sec
distances from ATE (with time):
[(np.float64(0.09696275010379618), 0), (np.float64(0.0967257182627198), 0.016589879989624023), (np.float64(0.09696275010379618), 0.0195767879486084), (np.float64(0.0967257182627198), 0.026371240615844727), (np.float64(0.09644626462670497), 0.06892943382263184), (np.float64(0.03721622689709285), 0.30756425857543945)]
uncertainty:
{'ate': np.float64(-0.022783773524759833), 'se': np.float64(0.021319546648782255), 'ci': (np.float64(-0.06462490643810836), np.float64(0.019057359388588706)), 'significant': np.False_}
checked:
54
