Starting EXP29.9, type=probe, run 2/3
Job 68225775, task 91
loaded cached data
loaded cached data
loaded cached data
loaded cached data
loaded cached data
loaded cached data
START ATE IS: 0.06279891227349323
PROBE TRIGGERED! Error reduced from inf to 0.123 (ATE went to 0.06280865577928861).
PROBE TRIGGERED! Error reduced from 0.123 to 0.062 (ATE went to 0.001857227150026141).
***
FINISHED
ATE before: 0.06279891227349323
ATE now is: -0.00511436412063365
sequence is: (('bin_equal_frequency_2', 'wt'), ('norm_log', 'gestat10'))
***
Execution time: 30.563 sec
distances from ATE (with time):
[(np.float64(0.12279891227349322), 0), (np.float64(0.12279891227349322), 0.05246233940124512), (np.float64(0.1227952879950384), 0.3070394992828369), (np.float64(0.12277851662655849), 0.7898528575897217), (np.float64(0.12276968855734965), 0.8080143928527832), (np.float64(0.12275140525180393), 0.8409650325775146), (np.float64(0.06185722715002614), 0.893519401550293), (np.float64(0.12279891227349322), 0.9003114700317383), (np.float64(0.06185722715002614), 0.9375498294830322), (np.float64(0.06185572732171389), 22.665067195892334), (np.float64(0.06183469865978135), 22.841560125350952), (np.float64(0.061827800698282066), 23.029581785202026), (np.float64(0.06175539442382141), 23.259775638580322), (np.float64(0.054885635879366346), 30.561891794204712)]
uncertainty:
{'ate': np.float64(-0.0051143640883780095), 'se': np.float64(0.00694751990059683), 'ci': (np.float64(-0.018733164026190678), np.float64(0.008504435849434657)), 'significant': np.False_}
checked:
1317
