Starting EXP31.48, type=probe_probs_with_restart, run 3/3
Job 68241780, task 323
loaded cached data
loaded cached data
loaded cached data
loaded cached data
loaded cached data
loaded cached data
START ATE IS: 0.061273900335118155
PROBE TRIGGERED! Error reduced from inf to 0.121 (ATE went to 0.0612739009348792).
PROBE TRIGGERED! Error reduced from 0.121 to 0.097 (ATE went to 0.037016489782395474).
PROBE TRIGGERED! Error reduced from 0.097 to 0.086 (ATE went to 0.025908146181261874).
PROBE TRIGGERED! Error reduced from 0.086 to 0.062 (ATE went to 0.0019741505877353435).
***
FINISHED
ATE before: 0.061273900335118155
ATE now is: -0.007547757124505606
sequence is: (('IQR', 'gestat10'), ('bin_equal_frequency_2', 'wt'))
***
Execution time: 9832.555 sec
distances from ATE (with time):
[(np.float64(0.12127390033511815), 0), (np.float64(0.12127390033511815), 0.022679567337036133), (np.float64(0.12127390033305607), 0.6176609992980957), (np.float64(0.1175364417217476), 0.9497039318084717), (np.float64(0.09701648978239547), 15.309203624725342), (np.float64(0.12127390033511815), 15.315513372421265), (np.float64(0.09701648978239547), 15.333667516708374), (np.float64(0.09701648974554389), 17.571842432022095), (np.float64(0.09701648974368642), 17.665122032165527), (np.float64(0.09701648969374171), 17.684624910354614), (np.float64(0.09701648956953324), 17.81996512413025), (np.float64(0.08775791043649855), 30.17551827430725), (np.float64(0.08590814618126187), 35.70701026916504), (np.float64(0.12127390033511815), 35.712870597839355), (np.float64(0.09701648978239547), 35.73027968406677), (np.float64(0.08801180508026718), 35.802008867263794), (np.float64(0.08590814618126187), 35.84338998794556), (np.float64(0.08590814576344694), 59.36889719963074), (np.float64(0.08590814576251168), 59.974568367004395), (np.float64(0.08590814574221525), 60.15825080871582), (np.float64(0.08590814566831358), 60.22373008728027), (np.float64(0.08590814532407912), 60.24528670310974), (np.float64(0.08588104880517758), 64.59451055526733), (np.float64(0.08559611654256463), 103.08409690856934), (np.float64(0.08540735877876984), 103.89712882041931), (np.float64(0.08197298053929636), 105.21267604827881), (np.float64(0.07981482619142566), 133.5012810230255), (np.float64(0.07803122197723215), 1706.9795217514038), (np.float64(0.06197415058773534), 9832.272852182388), (np.float64(0.12127390033511815), 9832.278439998627), (np.float64(0.09701648978239547), 9832.448756456375), (np.float64(0.06197415058773534), 9832.4654545784), (np.float64(0.052452242875494395), 9832.554693698883)]
(REAL, NOT adjusted by restarts)probability of this sequence is: 3.945707070707071e-15
probability of this sequence is: 0.03215515151528872
uncertainty:
{'ate': np.float64(-0.007547757016100026), 'se': np.float64(0.006840562893780522), 'ci': (np.float64(-0.020956805290746717), np.float64(0.005861291258546664)), 'significant': np.False_}
checked:
320689
