Starting EXP30.5, type=probe, run 2/3
Job 68225851, task 136
loaded cached data
loaded cached data
loaded cached data
loaded cached data
loaded cached data
loaded cached data
START ATE IS: 8673.130820785267
PROBE TRIGGERED! Error reduced from inf to 9758.708 (ATE went to 6741.292230132844).
PROBE TRIGGERED! Error reduced from 9758.708 to 8289.131 (ATE went to 8210.86880825511).
PROBE TRIGGERED! Error reduced from 8289.131 to 5162.737 (ATE went to 11337.262998980781).
PROBE TRIGGERED! Error reduced from 5162.737 to 1009.627 (ATE went to 15490.372918079496).
PROBE TRIGGERED! Error reduced from 1009.627 to 605.973 (ATE went to 15894.026902853888).
PROBE TRIGGERED! Error reduced from 605.973 to 496.174 (ATE went to 16003.826351453954).
PROBE TRIGGERED! Error reduced from 496.174 to 358.297 (ATE went to 16858.296573133273).
***
FINISHED
ATE before: 8673.130820785267
ATE now is: 16587.28326827533
sequence is: (('bin_equal_frequency_5', 'education'), ('bin_equal_frequency_10', 'Age'), ('isolationForest', 'Age'))
***
Execution time: 1086.377 sec
distances from ATE (with time):
[(np.float64(7826.869179214733), 0), (np.float64(7826.869179214733), 0.1970047950744629), (np.float64(7826.869179214733), 0.770653247833252), (np.float64(5162.737001019219), 4.750577926635742), (np.float64(7826.869179214733), 4.791384935379028), (np.float64(5162.737001019219), 5.225834369659424), (np.float64(1009.6270819205038), 20.15164017677307), (np.float64(7826.869179214733), 20.168210983276367), (np.float64(5162.737001019219), 20.452974557876587), (np.float64(1009.6270819205038), 23.75807023048401), (np.float64(605.9730971461122), 30.487979888916016), (np.float64(7826.869179214733), 30.50463604927063), (np.float64(5162.737001019219), 30.65035653114319), (np.float64(1009.6270819205038), 33.94177961349487), (np.float64(605.9730971461122), 37.53891181945801), (np.float64(496.173648546046), 137.69079422950745), (np.float64(7826.869179214733), 137.70750784873962), (np.float64(5162.737001019219), 137.84573364257812), (np.float64(1009.6270819205038), 141.14427852630615), (np.float64(605.9730971461122), 144.87298393249512), (np.float64(496.173648546046), 151.43819570541382), (np.float64(358.29657313327334), 335.6031491756439), (np.float64(7826.869179214733), 335.61575174331665), (np.float64(1009.6270819205038), 338.9233703613281), (np.float64(605.9730971461122), 346.0653874874115), (np.float64(496.173648546046), 349.3565366268158), (np.float64(358.29657313327334), 352.83688735961914), (np.float64(358.2965731332406), 858.2977402210236), (np.float64(358.2965731332042), 959.8886318206787), (np.float64(358.2965731331569), 1027.8024260997772), (np.float64(87.28326827532874), 1086.3759920597076)]
uncertainty:
{'ate': np.float64(16587.28326827526), 'se': np.float64(812.3310170798875), 'ci': (np.float64(14995.129872131789), np.float64(18179.436664418732)), 'significant': np.True_}
checked:
996
