Starting EXP31.21, type=probe, run 2/3
Job 68225950, task 235
loaded cached data
loaded cached data
loaded cached data
loaded cached data
loaded cached data
loaded cached data
START ATE IS: 0.06312179378182908
PROBE TRIGGERED! Error reduced from inf to 0.064 (ATE went to 0.003506268894849877).
***
FINISHED
ATE before: 0.06312179378182908
ATE now is: -0.004242144344713129
sequence is: (('bin_equal_frequency_2', 'wt'), ('norm_log', 'gestat10'))
***
Execution time: 8.772 sec
distances from ATE (with time):
[(np.float64(0.12312179378182908), 0), (np.float64(0.06350626889484988), 0.02831125259399414), (np.float64(0.12312179378182908), 0.032057762145996094), (np.float64(0.06350626889484988), 0.04524064064025879), (np.float64(0.06350580994761144), 6.419579029083252), (np.float64(0.06347802321651684), 6.443678617477417), (np.float64(0.06346802846980429), 6.455858945846558), (np.float64(0.063441841511949), 6.624450922012329), (np.float64(0.06315644919986242), 8.627321720123291), (np.float64(0.05575785565528687), 8.771467208862305)]
uncertainty:
{'ate': np.float64(-0.004242144358474337), 'se': np.float64(0.006623726372762069), 'ci': (np.float64(-0.01722604326104546), np.float64(0.008741754544096788)), 'significant': np.False_}
checked:
473
