Starting EXP31.18, type=probe_probs_no_restart, run 3/3
Job 68225945, task 230
loaded cached data
loaded cached data
loaded cached data
loaded cached data
loaded cached data
loaded cached data
START ATE IS: 0.06102768998387236
***
FINISHED
ATE before: 0.06102768998387236
ATE now is: -0.005718508183270668
sequence is: (('bin_equal_frequency_2', 'wt'), ('norm_log', 'gestat10'))
***
Execution time: 6872.424 sec
distances from ATE (with time):
[(np.float64(0.12102768998387237), 0), (np.float64(0.1210276899831771), 0.005400657653808594), (np.float64(0.12102768998308924), 0.13299059867858887), (np.float64(0.1210092847814849), 0.16249728202819824), (np.float64(0.11817091840883504), 0.22784042358398438), (np.float64(0.1169281981457817), 0.24966025352478027), (np.float64(0.09674607080528368), 5.081027269363403), (np.float64(0.09674607080528339), 16.22233557701111), (np.float64(0.0967288568474777), 37.833072662353516), (np.float64(0.08723798083899147), 39.07268786430359), (np.float64(0.08697024845092265), 39.940086126327515), (np.float64(0.08697024845092124), 166.305340051651), (np.float64(0.08697024845091883), 166.3261194229126), (np.float64(0.08697024845091642), 166.41284012794495), (np.float64(0.08696559900353311), 330.73846316337585), (np.float64(0.08696102483499374), 331.3138909339905), (np.float64(0.08695323046702792), 331.45312762260437), (np.float64(0.08666916077230147), 332.4479229450226), (np.float64(0.08104646490843953), 332.45805406570435), (np.float64(0.0806186484253898), 1624.1509037017822), (np.float64(0.06173502221202788), 2624.12966132164), (np.float64(0.06173502221202781), 4750.127184391022), (np.float64(0.06173502221202737), 4750.1351182460785), (np.float64(0.06171986890225831), 6763.45662355423), (np.float64(0.05428149181672933), 6872.423051118851)]
probability of this sequence is: 7.014590347923681e-14
uncertainty:
{'ate': np.float64(-0.005718508183263693), 'se': np.float64(0.006586169359363492), 'ci': (np.float64(-0.018628786922059975), np.float64(0.007191770555532589)), 'significant': np.False_}
checked:
153425
