Starting EXP31.18, type=probe_probs_with_restart, run 2/3
Job 68225947, task 232
loaded cached data
loaded cached data
loaded cached data
loaded cached data
loaded cached data
loaded cached data
START ATE IS: -0.024663862611737832
***
FINISHED
ATE before: -0.024663862611737832
ATE now is: -0.024663862583695923
sequence is: (('norm_min_max', 'mplbir'),)
***
Execution time: 0.005 sec
distances from ATE (with time):
[(np.float64(0.03533613738826216), 0)]
(REAL, NOT adjusted by restarts)probability of this sequence is: 0.03210678210678211
probability of this sequence is: 0.03210678210678211
uncertainty:
{'ate': np.float64(-0.024663862611592147), 'se': np.float64(0.00725729314954614), 'ci': (np.float64(-0.03888968529205421), np.float64(-0.010438039931130088)), 'significant': np.True_}
checked:
1
