Starting EXP31.42, type=probe, run 2/3
Job 68241702, task 298
loaded cached data
loaded cached data
loaded cached data
loaded cached data
loaded cached data
loaded cached data
START ATE IS: -0.0246638629331667
***
FINISHED
ATE before: -0.0246638629331667
ATE now is: -0.0246638629331667
sequence is: (('bin_equal_frequency_2', 'rh'),)
***
Execution time: 0.010 sec
distances from ATE (with time):
[(np.float64(0.0353361370668333), 0)]
uncertainty:
{'ate': np.float64(-0.024663862851551185), 'se': np.float64(0.006680097734832604), 'ci': (np.float64(-0.03775826510324322), np.float64(-0.011569460599859156)), 'significant': np.True_}
checked:
1
