Starting EXP30.2, type=probe_probs_with_restart, run 1/3
Job 68238620, task 114
loaded cached data
loaded cached data
loaded cached data
loaded cached data
loaded cached data
loaded cached data
START ATE IS: 8700.401328854145
PROBE TRIGGERED! Error reduced from inf to 10073.599 (ATE went to 8700.401328854967).
PROBE TRIGGERED! Error reduced from 10073.599 to 8545.437 (ATE went to 10228.563341867883).
PROBE TRIGGERED! Error reduced from 8545.437 to 1585.039 (ATE went to 17188.961340249687).
PROBE TRIGGERED! Error reduced from 1585.039 to 1250.171 (ATE went to 17523.828748931537).
***
FINISHED
ATE before: 8700.401328854145
ATE now is: 17910.633667091963
sequence is: (('bin_equal_frequency_10', 'Age'), ('norm_log', 'education'), ('isolationForest', 'Age'))
***
Execution time: 374.651 sec
distances from ATE (with time):
[(np.float64(10073.598671145855), 0), (np.float64(10073.598671145033), 0.06257414817810059), (np.float64(10073.598671145855), 0.08928585052490234), (np.float64(10073.598671145033), 0.16294240951538086), (np.float64(10073.598671144233), 0.23324966430664062), (np.float64(10073.598671144204), 0.7217588424682617), (np.float64(10073.598671143809), 0.9163520336151123), (np.float64(9998.23381843393), 1.4151537418365479), (np.float64(8545.436658132117), 1.5513336658477783), (np.float64(10073.598671145855), 1.5728135108947754), (np.float64(10073.598671145033), 1.6339585781097412), (np.float64(8545.436658132117), 1.7117919921875), (np.float64(8545.436658130859), 4.122368812561035), (np.float64(8517.00072768754), 4.55408239364624), (np.float64(1585.038659750313), 7.255635738372803), (np.float64(10073.598671145855), 7.263067722320557), (np.float64(10073.598671145033), 7.31610107421875), (np.float64(8545.436658132117), 7.366667032241821), (np.float64(1585.038659750313), 8.913151025772095), (np.float64(1585.0386597500838), 10.797746658325195), (np.float64(1585.0386597500292), 12.69594669342041), (np.float64(1585.0386597497636), 20.224834442138672), (np.float64(1585.038659744092), 21.781928062438965), (np.float64(1250.1712510684629), 29.917792558670044), (np.float64(10073.598671145855), 29.92535376548767), (np.float64(10073.598671145033), 29.975386142730713), (np.float64(8545.436658132117), 30.02546977996826), (np.float64(1585.038659750313), 31.58821725845337), (np.float64(1585.0386597500838), 33.192444801330566), (np.float64(1585.0386597500292), 34.78221273422241), (np.float64(1250.1712510684629), 39.691384077072144), (np.float64(1250.1712510667785), 205.71129631996155), (np.float64(1250.1712510667603), 207.26344776153564), (np.float64(863.3663329080373), 374.650554895401)]
(REAL, NOT adjusted by restarts)probability of this sequence is: 3.632077561328803e-07
probability of this sequence is: 9.401076729753363e-05
uncertainty:
{'ate': np.float64(17910.633667083952), 'se': np.float64(1041.111194189565), 'ci': (np.float64(15870.066972644092), np.float64(19951.200361523814)), 'significant': np.True_}
checked:
704
