Starting EXP33.2, type=probe, run 2/3
Job 68241875, task 352
loaded cached data
loaded cached data
loaded cached data
loaded cached data
loaded cached data
loaded cached data
START ATE IS: 0.06132348715409094
PROBE TRIGGERED! Error reduced from inf to 0.121 (ATE went to 0.061330034268357654).
PROBE TRIGGERED! Error reduced from 0.121 to 0.062 (ATE went to 0.001959382152452866).
***
FINISHED
ATE before: 0.06132348715409094
ATE now is: -0.005384344828963769
sequence is: (('bin_equal_frequency_2', 'wt'), ('norm_log', 'gestat10'))
***
Execution time: 61.453 sec
distances from ATE (with time):
[(np.float64(0.12132348715409094), 0), (np.float64(0.12132348715409094), 0.1186072826385498), (np.float64(0.12131956664219185), 0.5613377094268799), (np.float64(0.12130306780056208), 1.9907879829406738), (np.float64(0.12129993196776384), 2.0383613109588623), (np.float64(0.12129361878271429), 2.0870137214660645), (np.float64(0.12128751544800563), 2.1770551204681396), (np.float64(0.1212821320447516), 2.224271059036255), (np.float64(0.06195938215245286), 2.321561098098755), (np.float64(0.12132348715409094), 2.333097219467163), (np.float64(0.06195938215245286), 2.4350666999816895), (np.float64(0.06195392453627865), 43.93745017051697), (np.float64(0.061952296326717914), 44.013274908065796), (np.float64(0.06192110575819879), 44.20387148857117), (np.float64(0.06192098076119286), 44.356852293014526), (np.float64(0.06188308463893618), 45.21384954452515), (np.float64(0.054615655171036226), 61.45298981666565)]
uncertainty:
{'ate': np.float64(-0.0053843453439332), 'se': np.float64(0.0046391192565335805), 'ci': (np.float64(-0.014477424308220401), np.float64(0.0037087336203540013)), 'significant': np.False_}
checked:
1315
