Starting EXP29.9, type=probe_probs_with_restart, run 2/3
Job 68225786, task 97
loaded cached data
loaded cached data
loaded cached data
loaded cached data
loaded cached data
loaded cached data
START ATE IS: 0.05998609285985455
PROBE TRIGGERED! Error reduced from inf to 0.120 (ATE went to 0.0599860936895654).
PROBE TRIGGERED! Error reduced from 0.120 to 0.096 (ATE went to 0.03550875487057357).
PROBE TRIGGERED! Error reduced from 0.096 to 0.084 (ATE went to 0.024163499020092787).
***
FINISHED
ATE before: 0.05998609285985455
ATE now is: -0.0014121067645576147
sequence is: (('bin_equal_frequency_2', 'wt'),)
***
Execution time: 6317.686 sec
distances from ATE (with time):
[(np.float64(0.11998609285985455), 0), (np.float64(0.11998609285985455), 0.00697636604309082), (np.float64(0.11998609284579831), 0.29717230796813965), (np.float64(0.1199296258314972), 0.33801698684692383), (np.float64(0.11612959433253744), 0.4024538993835449), (np.float64(0.09550875487057356), 6.907083034515381), (np.float64(0.11998609285985455), 6.909214973449707), (np.float64(0.09550875487057356), 6.91693639755249), (np.float64(0.09550875486997236), 7.903078079223633), (np.float64(0.09550875486669033), 7.917466878890991), (np.float64(0.09550875485801144), 13.978264331817627), (np.float64(0.09545178291332501), 14.007906913757324), (np.float64(0.08597277062240638), 14.088919162750244), (np.float64(0.08416349902009279), 16.496891260147095), (np.float64(0.11998609285985455), 16.49899196624756), (np.float64(0.09550875487057356), 16.506139993667603), (np.float64(0.0866698772825949), 16.53342032432556), (np.float64(0.08416349902009279), 16.548904418945312), (np.float64(0.08384857979740665), 45.78984212875366), (np.float64(0.08339767143305049), 46.15975594520569), (np.float64(0.08054554384996998), 46.33569598197937), (np.float64(0.07799085354530652), 59.365424156188965), (np.float64(0.07799085352701915), 221.93588209152222), (np.float64(0.07794537314904613), 864.9425349235535), (np.float64(0.07658516257363149), 4135.472592115402), (np.float64(0.0765851624913319), 4135.481580257416), (np.float64(0.07658516198057147), 4135.499538421631), (np.float64(0.07658516185641438), 4135.517542600632), (np.float64(0.07658516175794908), 4585.11917591095), (np.float64(0.07652943912462132), 4585.156425476074), (np.float64(0.07652943873936881), 4585.175005197525), (np.float64(0.0762961129707904), 4585.488443136215), (np.float64(0.05858789323544238), 6317.685721874237)]
(REAL, NOT adjusted by restarts)probability of this sequence is: 1.9607843137254904e-12
probability of this sequence is: 1.0039215686274514e-12
uncertainty:
{'ate': np.float64(-0.0014121075527766449), 'se': np.float64(0.007059540991995729), 'ci': (np.float64(-0.015250495610437084), np.float64(0.012426280504883794)), 'significant': np.False_}
checked:
536945
