Starting EXP36.6, type=probe, run 3/3
Job 68243028, task 488
loaded cached data
loaded cached data
loaded cached data
loaded cached data
loaded cached data
loaded cached data
START ATE IS: 69648.76886709568
PROBE TRIGGERED! Error reduced from inf to 57717.618 (ATE went to 67850.69843966993).
PROBE TRIGGERED! Error reduced from 57717.618 to 49298.279 (ATE went to 59431.35888535338).
PROBE TRIGGERED! Error reduced from 49298.279 to 44180.514 (ATE went to 54313.59411176678).
PROBE TRIGGERED! Error reduced from 44180.514 to 37306.303 (ATE went to 47439.3832449497).
PROBE TRIGGERED! Error reduced from 37306.303 to 33303.424 (ATE went to 43436.503825853324).
PROBE TRIGGERED! Error reduced from 33303.424 to 29074.850 (ATE went to 39207.93032046697).
PROBE TRIGGERED! Error reduced from 29074.850 to 21046.499 (ATE went to 31179.578756408784).
PROBE TRIGGERED! Error reduced from 21046.499 to 17932.309 (ATE went to 28065.389387360323).
PROBE TRIGGERED! Error reduced from 17932.309 to 13721.222 (ATE went to 23854.302167969425).
PROBE TRIGGERED! Error reduced from 13721.222 to 11075.258 (ATE went to 21208.33832673888).
PROBE TRIGGERED! Error reduced from 11075.258 to 7336.056 (ATE went to 17469.136121407293).
PROBE TRIGGERED! Error reduced from 7336.056 to 6360.960 (ATE went to 16494.03965815211).
***
FINISHED
ATE before: 69648.76886709568
ATE now is: 10125.738767605659
sequence is: (('bin_equal_frequency_5', 'sqft_above'), ('bin_equal_frequency_2', 'bedrooms'), ('isolationForest', 'bathrooms'), ('bin_equal_frequency_2', 'bathrooms'), ('bin_equal_frequency_2', 'sqft_lot15'), ('bin_equal_width_5', 'grade'))
***
Execution time: 1137.378 sec
distances from ATE (with time):
[(np.float64(59515.68886709568), 0), (np.float64(57717.618439669925), 0.005998134613037109), (np.float64(59515.68886709568), 0.009458780288696289), (np.float64(57717.618439669925), 0.01790452003479004), (np.float64(49298.27888535338), 0.026035785675048828), (np.float64(59515.68886709568), 0.02932572364807129), (np.float64(57717.618439669925), 0.03798341751098633), (np.float64(49298.27888535338), 0.04649853706359863), (np.float64(48209.31373345045), 0.1398613452911377), (np.float64(44180.51411176678), 0.2105109691619873), (np.float64(59515.68886709568), 0.21386241912841797), (np.float64(57717.618439669925), 0.22179508209228516), (np.float64(49298.27888535338), 0.22977685928344727), (np.float64(44180.51411176678), 0.2383129596710205), (np.float64(43185.07180516561), 0.2595970630645752), (np.float64(37306.3032449497), 0.2935044765472412), (np.float64(59515.68886709568), 0.29688358306884766), (np.float64(57717.618439669925), 0.30541539192199707), (np.float64(49298.27888535338), 0.3134634494781494), (np.float64(44180.51411176678), 0.3214118480682373), (np.float64(43185.07180516561), 0.34216809272766113), (np.float64(37306.3032449497), 0.37752699851989746), (np.float64(37252.98036371276), 0.5391385555267334), (np.float64(33303.42382585332), 0.6465270519256592), (np.float64(59515.68886709568), 0.649834394454956), (np.float64(49298.27888535338), 0.6579179763793945), (np.float64(44180.51411176678), 0.6658675670623779), (np.float64(33303.42382585332), 0.6818411350250244), (np.float64(30270.128765551854), 0.7557487487792969), (np.float64(29074.85032046697), 8.5723717212677), (np.float64(59515.68886709568), 8.575706720352173), (np.float64(49298.27888535338), 8.583886623382568), (np.float64(44180.51411176678), 8.60036563873291), (np.float64(33303.42382585332), 8.608550071716309), (np.float64(30707.04321878258), 8.61539626121521), (np.float64(30270.128765551854), 8.65840744972229), (np.float64(29074.85032046697), 8.66726279258728), (np.float64(21046.498756408786), 21.79027485847473), (np.float64(59515.68886709568), 21.793513298034668), (np.float64(49298.27888535338), 21.801517724990845), (np.float64(33303.42382585332), 21.809746026992798), (np.float64(30707.04321878258), 21.840897798538208), (np.float64(30270.128765551854), 21.85086703300476), (np.float64(21046.498756408786), 21.910077810287476), (np.float64(17932.30938736032), 22.052340745925903), (np.float64(59515.68886709568), 22.055504083633423), (np.float64(49298.27888535338), 22.062991857528687), (np.float64(48209.31373345045), 22.070438146591187), (np.float64(33303.42382585332), 22.078000783920288), (np.float64(30707.04321878258), 22.091837882995605), (np.float64(30270.128765551854), 22.118950128555298), (np.float64(29074.85032046697), 22.15796184539795), (np.float64(17924.808183776295), 22.177737712860107), (np.float64(16190.699282980064), 22.33651351928711), (np.float64(13721.222167969425), 30.4752779006958), (np.float64(59515.68886709568), 30.478703498840332), (np.float64(49298.27888535338), 30.486612796783447), (np.float64(33303.42382585332), 30.494343757629395), (np.float64(30270.128765551854), 30.51182985305786), (np.float64(21046.498756408786), 30.584697723388672), (np.float64(20178.505303118618), 30.720123291015625), (np.float64(18380.956069264234), 30.838061094284058), (np.float64(18042.071554231603), 30.967222690582275), (np.float64(15648.144395547732), 30.98083257675171), (np.float64(13721.222167969425), 31.10336184501648), (np.float64(13048.280194021632), 56.34063982963562), (np.float64(11075.258326738882), 91.35625767707825), (np.float64(59515.68886709568), 91.35951733589172), (np.float64(48209.31373345045), 91.36904191970825), (np.float64(33303.42382585332), 91.37709426879883), (np.float64(21046.498756408786), 91.40478277206421), (np.float64(20178.505303118618), 91.7914068698883), (np.float64(17924.808183776295), 91.84585309028625), (np.float64(17837.343454563423), 93.69370794296265), (np.float64(16190.699282980064), 94.3152847290039), (np.float64(11075.258326738882), 98.50121879577637), (np.float64(7336.056121407293), 107.3581235408783), (np.float64(59515.68886709568), 107.36138463020325), (np.float64(57717.618439669925), 107.36957955360413), (np.float64(49298.27888535338), 107.37720680236816), (np.float64(48209.31373345045), 107.38494348526001), (np.float64(33303.42382585332), 107.39289116859436), (np.float64(32309.025058659587), 107.42335677146912), (np.float64(30660.206890895402), 108.04234147071838), (np.float64(29506.868051939615), 109.21226644515991), (np.float64(27802.094651401734), 109.49484372138977), (np.float64(18380.956069264234), 111.22777342796326), (np.float64(17924.808183776295), 111.5211021900177), (np.float64(16815.03576038639), 112.37938570976257), (np.float64(7336.056121407293), 119.17923521995544), (np.float64(6360.959658152109), 1063.9810318946838), (np.float64(59515.68886709568), 1063.9844448566437), (np.float64(57717.618439669925), 1063.995111465454), (np.float64(49298.27888535338), 1064.0026504993439), (np.float64(48209.31373345045), 1064.010330915451), (np.float64(33303.42382585332), 1064.0181741714478), (np.float64(32309.025058659587), 1064.0485198497772), (np.float64(30660.206890895402), 1064.6645588874817), (np.float64(29506.868051939615), 1065.8265295028687), (np.float64(27802.094651401734), 1066.1073710918427), (np.float64(18380.956069264234), 1067.8454976081848), (np.float64(17924.808183776295), 1068.1456062793732), (np.float64(16815.03576038639), 1068.9939336776733), (np.float64(7336.056121407293), 1077.2359008789062), (np.float64(6871.1355701147095), 1100.360907793045), (np.float64(7.341232394341205), 1137.3776955604553)]
uncertainty:
{'ate': np.float64(10125.73876129626), 'se': np.float64(24593.757485813006), 'ci': (np.float64(-38089.98875723196), np.float64(58341.46627982448)), 'significant': np.False_}
checked:
11496
