Starting EXP36.1, type=probe_probs_no_restart, run 2/3
Job 68242900, task 445
loaded cached data
loaded cached data
loaded cached data
loaded cached data
loaded cached data
loaded cached data
START ATE IS: 36510.4938000652
***
FINISHED
ATE before: 36510.4938000652
ATE now is: 11226.461230613133
sequence is: (('norm_log', 'sqft_living'),)
***
Execution time: 0.052 sec
distances from ATE (with time):
[(np.float64(26377.413800065195), 0), (np.float64(26377.41378232144), 0.0014216899871826172), (np.float64(26377.413771663756), 0.006194591522216797), (np.float64(26377.413770205487), 0.01303863525390625), (np.float64(26377.41376653535), 0.0175323486328125), (np.float64(26377.41374649341), 0.019759654998779297), (np.float64(18110.750441159435), 0.03536677360534668), (np.float64(10437.283427719705), 0.04667019844055176), (np.float64(1093.381230613133), 0.051309823989868164)]
probability of this sequence is: 0.01515151515151515
uncertainty:
{'ate': np.float64(11226.4612192653), 'se': np.float64(72440.97479837952), 'ci': (np.float64(-130959.86943111208), np.float64(153412.79186964268)), 'significant': np.False_}
checked:
23
