Starting EXP33.4, type=probe, run 3/3
Job 68241895, task 371
loaded cached data
loaded cached data
loaded cached data
loaded cached data
loaded cached data
loaded cached data
START ATE IS: 0.061323487541597756
PROBE TRIGGERED! Error reduced from inf to 0.121 (ATE went to 0.06133003431090353).
PROBE TRIGGERED! Error reduced from 0.121 to 0.062 (ATE went to 0.0019593816858298027).
***
FINISHED
ATE before: 0.061323487541597756
ATE now is: -0.005384345357617536
sequence is: (('bin_equal_frequency_2', 'wt'), ('norm_log', 'gestat10'))
***
Execution time: 92.744 sec
distances from ATE (with time):
[(np.float64(0.12132348754159775), 0), (np.float64(0.12132348754159775), 0.19952178001403809), (np.float64(0.12131956678473377), 0.8470513820648193), (np.float64(0.12130306780023714), 2.8476569652557373), (np.float64(0.12129993140855408), 2.8998525142669678), (np.float64(0.12129361813537314), 2.9534733295440674), (np.float64(0.12128751563459819), 3.0648036003112793), (np.float64(0.1212821327781353), 3.116001605987549), (np.float64(0.061959381685829804), 3.22581148147583), (np.float64(0.12132348754159775), 3.240976572036743), (np.float64(0.061959381685829804), 3.354081630706787), (np.float64(0.06195392450596442), 64.85458493232727), (np.float64(0.06195229626265327), 64.97816014289856), (np.float64(0.061921105748304346), 65.28628730773926), (np.float64(0.06192098031541893), 65.53191590309143), (np.float64(0.061883084545031594), 66.87737917900085), (np.float64(0.05461565464238246), 92.74373316764832)]
uncertainty:
{'ate': np.float64(-0.005384345342846195), 'se': np.float64(0.0032780948826050143), 'ci': (np.float64(-0.0118094951660255), np.float64(0.0010408044803331112)), 'significant': np.False_}
checked:
1315
