Starting EXP30.9, type=probe_probs_no_restart, run 1/3
Job 68239857, task 174
loaded cached data
loaded cached data
loaded cached data
loaded cached data
loaded cached data
loaded cached data
START ATE IS: 8778.292366091122
***
FINISHED
ATE before: 8778.292366091122
ATE now is: 18171.343979438905
sequence is: (('bin_equal_frequency_5', 'education'), ('norm_log', 'education'), ('isolationForest', 'Age'))
***
Execution time: 3415.251 sec
distances from ATE (with time):
[(np.float64(9995.707633908878), 0), (np.float64(9995.707633907212), 2.706653118133545), (np.float64(9995.707633904145), 3.7172493934631348), (np.float64(9929.934839291149), 7.0511956214904785), (np.float64(8427.471959817382), 8.592783451080322), (np.float64(4874.348170655265), 31.88869881629944), (np.float64(4874.348170653726), 146.81411457061768), (np.float64(4841.6046410775525), 311.1747696399689), (np.float64(4528.476361462706), 324.5473663806915), (np.float64(2391.2966612024557), 486.6068127155304), (np.float64(2391.296661200895), 1457.1114339828491), (np.float64(2391.2966612003147), 1603.7919292449951), (np.float64(1322.3018597283626), 1936.3804881572723), (np.float64(602.6560205610949), 3415.2506954669952)]
probability of this sequence is: 4.540096951661003e-07
uncertainty:
{'ate': np.float64(18171.343979438134), 'se': np.float64(562.881888606665), 'ci': (np.float64(17068.111371481013), np.float64(19274.576587395255)), 'significant': np.True_}
checked:
1819
