Starting EXP34.3, type=probe_probs_with_restart, run 3/3
Job 68227953, task 71
loaded cached data
loaded cached data
loaded cached data
loaded cached data
loaded cached data
loaded cached data
START ATE IS: 8774.433204674615
PROBE TRIGGERED! Error reduced from inf to 7725.567 (ATE went to 8774.43320467629).
PROBE TRIGGERED! Error reduced from 7725.567 to 6162.798 (ATE went to 10337.20196042877).
PROBE TRIGGERED! Error reduced from 6162.798 to 910.301 (ATE went to 15589.69918992189).
PROBE TRIGGERED! Error reduced from 910.301 to 624.573 (ATE went to 15875.427095461786).
PROBE TRIGGERED! Error reduced from 624.573 to 374.320 (ATE went to 16874.320377576147).
***
FINISHED
ATE before: 8774.433204674615
ATE now is: 16540.518934473803
sequence is: (('norm_log', 'education'), ('norm_min_max', 'Age'), ('IQR', 'education'), ('isolationForest', 'Age'))
***
Execution time: 4395.053 sec
distances from ATE (with time):
[(np.float64(7725.566795325385), 0), (np.float64(7725.56679532371), 0.9058187007904053), (np.float64(7725.566795325385), 1.3825249671936035), (np.float64(7725.56679532371), 2.817951202392578), (np.float64(7725.5667953148), 4.148198843002319), (np.float64(7725.566795305527), 8.210762977600098), (np.float64(7725.566795304023), 17.172203063964844), (np.float64(7661.720210976107), 31.36447048187256), (np.float64(6162.798039571229), 34.1476263999939), (np.float64(7725.566795325385), 34.640740394592285), (np.float64(7725.56679532371), 36.15636348724365), (np.float64(6162.798039571229), 37.54335880279541), (np.float64(6162.798039568879), 47.39885854721069), (np.float64(6162.798039560075), 89.10567450523376), (np.float64(6162.798039550116), 92.41173768043518), (np.float64(6148.648920153108), 105.44014239311218), (np.float64(910.3008100781099), 158.45184969902039), (np.float64(7725.566795325385), 158.62975478172302), (np.float64(7725.56679532371), 160.06831288337708), (np.float64(6162.798039571229), 161.40101838111877), (np.float64(910.3008100781099), 183.33136653900146), (np.float64(910.3008100741172), 214.81156826019287), (np.float64(910.3008100728093), 246.44946956634521), (np.float64(910.3008100713869), 328.40346932411194), (np.float64(910.300810064784), 372.97137999534607), (np.float64(903.0354399383668), 493.82942247390747), (np.float64(624.5729045382141), 517.4252438545227), (np.float64(7725.566795325385), 517.6011004447937), (np.float64(7725.56679532371), 519.0978751182556), (np.float64(6162.798039571229), 520.4546329975128), (np.float64(910.3008100781099), 542.2806866168976), (np.float64(910.3008100741172), 565.1232125759125), (np.float64(910.3008100728093), 588.1871795654297), (np.float64(624.5729045382141), 661.170640707016), (np.float64(624.5729045366952), 682.9960343837738), (np.float64(374.3203775761467), 3524.613480567932), (np.float64(7725.566795325385), 3524.779145002365), (np.float64(7725.56679532371), 3526.246478319168), (np.float64(6162.798039571229), 3527.6551122665405), (np.float64(910.3008100781099), 3550.998498439789), (np.float64(910.3008100741172), 3577.0387210845947), (np.float64(910.3008100728093), 3601.8603065013885), (np.float64(815.9044663605819), 3653.3633704185486), (np.float64(624.5729045382141), 3708.081432580948), (np.float64(624.5729045366952), 3731.08104801178), (np.float64(374.3203775761467), 3863.9172806739807), (np.float64(374.3203775732982), 4074.294054031372), (np.float64(40.5189344738028), 4395.052798032761)]
(REAL, NOT adjusted by restarts)probability of this sequence is: 2.0990578114172955e-07
probability of this sequence is: 0.01273370408630859
uncertainty:
{'ate': np.float64(16540.51893447803), 'se': np.float64(262.71869090409086), 'ci': (np.float64(16025.599320428995), np.float64(17055.438548527065)), 'significant': np.True_}
checked:
528
