Starting EXP29.2, type=probe, run 2/3
Job 68225159, task 28
loaded cached data
loaded cached data
loaded cached data
loaded cached data
loaded cached data
loaded cached data
START ATE IS: 0.06536413422079777
PROBE TRIGGERED! Error reduced from inf to 0.125 (ATE went to 0.06534147615622882).
PROBE TRIGGERED! Error reduced from 0.125 to 0.066 (ATE went to 0.005716788351484361).
***
FINISHED
ATE before: 0.06536413422079777
ATE now is: -0.0012122700378656497
sequence is: (('bin_equal_frequency_2', 'wt'), ('norm_log', 'gestat10'))
***
Execution time: 20.314 sec
distances from ATE (with time):
[(np.float64(0.12536413422079778), 0), (np.float64(0.12534147615622881), 0.023422718048095703), (np.float64(0.12536413422079778), 0.02716517448425293), (np.float64(0.12534147615622881), 0.03600192070007324), (np.float64(0.12508886479408732), 0.0700845718383789), (np.float64(0.12508011061847985), 0.3735325336456299), (np.float64(0.12506187183839843), 0.40955257415771484), (np.float64(0.1250251050291355), 0.43494534492492676), (np.float64(0.06571678835148435), 0.45316147804260254), (np.float64(0.12536413422079778), 0.45695066452026367), (np.float64(0.12534147615622881), 0.46615147590637207), (np.float64(0.06571678835148435), 0.4751431941986084), (np.float64(0.06568516433131695), 0.48664426803588867), (np.float64(0.0654929835243474), 15.712344884872437), (np.float64(0.06540644340647465), 15.788983345031738), (np.float64(0.0652728111071833), 15.833139896392822), (np.float64(0.0652406972991806), 15.854417085647583), (np.float64(0.06507429263790762), 16.373370885849), (np.float64(0.05878772996213435), 20.314066648483276)]
uncertainty:
{'ate': np.float64(-0.0012122701691348742), 'se': np.float64(0.015238397877147935), 'ci': (np.float64(-0.031098273223939783), np.float64(0.028673732885670034)), 'significant': np.False_}
checked:
1309
