Starting EXP31.18, type=probe, run 3/3
Job 68225942, task 227
loaded cached data
loaded cached data
loaded cached data
loaded cached data
loaded cached data
loaded cached data
START ATE IS: -0.024891102318292262
***
FINISHED
ATE before: -0.024891102318292262
ATE now is: -0.024891102318292262
sequence is: (('bin_equal_frequency_2', 'alcohol'),)
***
Execution time: 0.005 sec
distances from ATE (with time):
[(np.float64(0.03510889768170773), 0)]
uncertainty:
{'ate': np.float64(-0.024891102267214832), 'se': np.float64(0.0072827399006941814), 'ci': (np.float64(-0.03916680593803602), np.float64(-0.010615398596393644)), 'significant': np.True_}
checked:
1
