Starting EXP30.5, type=probe_probs_with_restart, run 2/3
Job 68239512, task 142
loaded cached data
loaded cached data
loaded cached data
loaded cached data
loaded cached data
loaded cached data
START ATE IS: 8520.777040122315
PROBE TRIGGERED! Error reduced from inf to 10253.223 (ATE went to 8520.777040121693).
PROBE TRIGGERED! Error reduced from 10253.223 to 8684.090 (ATE went to 10089.910473601878).
PROBE TRIGGERED! Error reduced from 8684.090 to 3674.416 (ATE went to 15099.583961449247).
PROBE TRIGGERED! Error reduced from 3674.416 to 2883.528 (ATE went to 15890.47239658501).
PROBE TRIGGERED! Error reduced from 2883.528 to 2316.602 (ATE went to 16457.39800144926).
PROBE TRIGGERED! Error reduced from 2316.602 to 2011.476 (ATE went to 16762.524403905118).
PROBE TRIGGERED! Error reduced from 2011.476 to 1721.064 (ATE went to 17052.935682018746).
PROBE TRIGGERED! Error reduced from 1721.064 to 1348.476 (ATE went to 17425.52414342048).
PROBE TRIGGERED! Error reduced from 1348.476 to 1081.501 (ATE went to 17692.498715480786).
***
FINISHED
ATE before: 8520.777040122315
ATE now is: 17844.055255913387
sequence is: (('bin_equal_frequency_5', 'education'), ('norm_log', 'education'), ('isolationForest', 'Age'), ('IQR', 'education'))
***
Execution time: 1079.383 sec
distances from ATE (with time):
[(np.float64(10253.222959877685), 0), (np.float64(10253.222959877685), 0.21520090103149414), (np.float64(10253.222959876184), 0.7746849060058594), (np.float64(10253.222959873565), 0.9521808624267578), (np.float64(10253.22295987187), 1.1300685405731201), (np.float64(10253.22295987126), 2.209256887435913), (np.float64(10183.449174591198), 3.683767318725586), (np.float64(8684.089526398122), 3.9900248050689697), (np.float64(10253.222959877685), 4.037248134613037), (np.float64(8684.089526398122), 4.358966112136841), (np.float64(8684.089526395604), 10.071783542633057), (np.float64(8684.08952639307), 10.241090059280396), (np.float64(8663.089767863543), 11.569011688232422), (np.float64(3674.416038550753), 18.473587036132812), (np.float64(10253.222959877685), 18.492997407913208), (np.float64(8684.089526398122), 18.787883520126343), (np.float64(3674.416038550753), 22.24475908279419), (np.float64(2883.52760341499), 35.05000972747803), (np.float64(10253.222959877685), 35.06919980049133), (np.float64(8684.089526398122), 35.219401836395264), (np.float64(3674.416038550753), 38.684412240982056), (np.float64(3382.246621370259), 42.28456997871399), (np.float64(2883.52760341499), 45.73712611198425), (np.float64(2883.5276034149647), 60.59722018241882), (np.float64(2883.5276034141207), 89.71192264556885), (np.float64(2316.601998550741), 238.78129959106445), (np.float64(10253.222959877685), 238.8002426624298), (np.float64(8684.089526398122), 238.94525051116943), (np.float64(3674.416038550753), 242.3987135887146), (np.float64(3382.246621370259), 246.14829850196838), (np.float64(2883.52760341499), 249.56430745124817), (np.float64(2316.601998550741), 256.71882581710815), (np.float64(2011.4755960948823), 268.864070892334), (np.float64(10253.222959877685), 268.8827540874481), (np.float64(3674.416038550753), 272.3674101829529), (np.float64(3382.246621370259), 276.1678388118744), (np.float64(2883.52760341499), 283.1344780921936), (np.float64(2316.601998550741), 286.5319094657898), (np.float64(2011.4755960948823), 293.83409905433655), (np.float64(1868.780328675486), 574.5617101192474), (np.float64(1721.0643179812541), 872.3205323219299), (np.float64(10253.222959877685), 872.3329634666443), (np.float64(3674.416038550753), 875.7949979305267), (np.float64(3382.246621370259), 879.7756958007812), (np.float64(2883.52760341499), 886.7941370010376), (np.float64(2316.601998550741), 890.2120368480682), (np.float64(1721.0643179812541), 897.8285315036774), (np.float64(1581.5718935928562), 924.173684835434), (np.float64(1348.47585657952), 984.1007258892059), (np.float64(10253.222959877685), 984.113744020462), (np.float64(3674.416038550753), 987.5952160358429), (np.float64(3382.246621370259), 994.9797716140747), (np.float64(1721.0643179812541), 1002.0323946475983), (np.float64(1081.501284519214), 1016.7809681892395), (np.float64(10253.222959877685), 1016.793445110321), (np.float64(8684.089526398122), 1016.9494452476501), (np.float64(3674.416038550753), 1020.4583382606506), (np.float64(3382.246621370259), 1024.0856823921204), (np.float64(2883.52760341499), 1027.6700410842896), (np.float64(1721.0643179812541), 1035.6646511554718), (np.float64(1081.501284519214), 1046.276342868805), (np.float64(929.9447440866134), 1079.382316350937)]
(REAL, NOT adjusted by restarts)probability of this sequence is: 5.896229807351952e-09
probability of this sequence is: 0.07676639592621427
uncertainty:
{'ate': np.float64(17844.055255918734), 'se': np.float64(940.1858671104426), 'ci': (np.float64(16001.31088209775), np.float64(19686.79962973972)), 'significant': np.True_}
checked:
709
