Starting EXP29.2, type=probe, run 3/3
Job 68225160, task 29
loaded cached data
loaded cached data
loaded cached data
loaded cached data
loaded cached data
loaded cached data
START ATE IS: 0.06432094695204073
PROBE TRIGGERED! Error reduced from inf to 0.125 (ATE went to 0.06450111345112723).
PROBE TRIGGERED! Error reduced from 0.125 to 0.067 (ATE went to 0.007009520996996344).
***
FINISHED
ATE before: 0.06432094695204073
ATE now is: -6.614096479761733e-05
sequence is: (('bin_equal_frequency_2', 'wt'), ('norm_log', 'gestat10'))
***
Execution time: 20.417 sec
distances from ATE (with time):
[(np.float64(0.12432094695204073), 0), (np.float64(0.12432094695204073), 0.026187419891357422), (np.float64(0.12419927538795061), 0.11416029930114746), (np.float64(0.12388473553601992), 0.35493016242980957), (np.float64(0.06700952099699634), 0.45383644104003906), (np.float64(0.12432094695204073), 0.4574897289276123), (np.float64(0.06700952099699634), 0.475588321685791), (np.float64(0.06681521857527586), 15.806294679641724), (np.float64(0.06661785038562094), 15.838798761367798), (np.float64(0.06627746562656099), 15.960677146911621), (np.float64(0.05993385903520238), 20.416491270065308)]
uncertainty:
{'ate': np.float64(-6.614085672510331e-05), 'se': np.float64(0.01424403339084321), 'ci': (np.float64(-0.028001966450954704), np.float64(0.027869684737504497)), 'significant': np.False_}
checked:
1313
