Starting EXP32.6, type=probe_probs_no_restart, run 2/3
Job 68241820, task 337
loaded cached data
loaded cached data
loaded cached data
loaded cached data
loaded cached data
loaded cached data
START ATE IS: 10076.219473503677
***
FINISHED
ATE before: 10076.219473503677
ATE now is: 18814.532036500583
sequence is: (('IQR', 'education'), ('bin_equal_frequency_5', 'education'), ('bin_equal_frequency_5', 'Age'), ('isolationForest', 'Public health coverage'))
***
Execution time: 11235.052 sec
distances from ATE (with time):
[(np.float64(8697.780526496323), 0), (np.float64(8697.780526493782), 0.7649977207183838), (np.float64(8697.780526473269), 3.0240676403045654), (np.float64(8055.347599835202), 3.922802209854126), (np.float64(7117.672152684972), 4.839242219924927), (np.float64(7117.672152683914), 67.72310662269592), (np.float64(7117.672152662211), 81.45373010635376), (np.float64(6488.217085095765), 279.8413202762604), (np.float64(6488.217085089165), 281.4936764240265), (np.float64(6270.293788198494), 296.54676151275635), (np.float64(5705.217700856738), 319.18035793304443), (np.float64(2919.118676367827), 638.0067610740662), (np.float64(2919.118676367063), 1486.8322396278381), (np.float64(2919.1186763668065), 1525.0375015735626), (np.float64(2919.1186763666137), 1696.6128385066986), (np.float64(2665.1648967480032), 2128.1098239421844), (np.float64(2455.898575396477), 3212.62003493309), (np.float64(2045.2466753515764), 4518.723898887634), (np.float64(1302.7476982057124), 5416.615662813187), (np.float64(1302.7476982056505), 9569.718578577042), (np.float64(1302.7476982056396), 9639.377851724625), (np.float64(1302.747698204952), 10268.744552373886), (np.float64(40.53203650058276), 11235.051625013351)]
probability of this sequence is: 7.802495462660957e-10
uncertainty:
{'ate': np.float64(18814.53203650052), 'se': np.float64(936.8301503209859), 'ci': (np.float64(16978.364546699977), np.float64(20650.699526301065)), 'significant': np.True_}
checked:
5303
