Starting EXP31.33, type=probe, run 2/3
Job 68240029, task 271
loaded cached data
loaded cached data
loaded cached data
loaded cached data
loaded cached data
loaded cached data
START ATE IS: -0.024663860166639098
***
FINISHED
ATE before: -0.024663860166639098
ATE now is: -0.024663860166639098
sequence is: (('bin_equal_frequency_2', 'cigar6'),)
***
Execution time: 0.010 sec
distances from ATE (with time):
[(np.float64(0.0353361398333609), 0)]
uncertainty:
{'ate': np.float64(-0.024663860093681003), 'se': np.float64(0.00735248669632269), 'ci': (np.float64(-0.039076285000960054), np.float64(-0.010251435186401956)), 'significant': np.True_}
checked:
1
