Starting EXP30.5, type=probe_probs_no_restart, run 3/3
Job 68239510, task 140
loaded cached data
loaded cached data
loaded cached data
loaded cached data
loaded cached data
loaded cached data
START ATE IS: 8815.079179661654
***
FINISHED
ATE before: 8815.079179661654
ATE now is: 19049.81939059872
sequence is: (('bin_equal_frequency_5', 'education'), ('norm_log', 'education'), ('isolationForest', 'Age'))
***
Execution time: 1570.832 sec
distances from ATE (with time):
[(np.float64(9958.920820338346), 0), (np.float64(9958.92082033554), 0.15312767028808594), (np.float64(9958.920820335201), 0.7066860198974609), (np.float64(9901.144922538067), 1.4563212394714355), (np.float64(8413.738468189913), 1.8314499855041504), (np.float64(4202.280865140818), 9.17620587348938), (np.float64(4202.280865140296), 51.52436375617981), (np.float64(4202.280865139814), 55.80160975456238), (np.float64(4196.65687672421), 118.98862886428833), (np.float64(4169.532111514009), 125.82903456687927), (np.float64(2867.4362361635667), 198.38854575157166), (np.float64(2677.7556284485217), 401.4841434955597), (np.float64(2585.6804826359767), 878.4750742912292), (np.float64(1799.760218410178), 1299.8603677749634), (np.float64(275.81939059872093), 1570.8315153121948)]
probability of this sequence is: 4.540096951661003e-07
uncertainty:
{'ate': np.float64(19049.81939059822), 'se': np.float64(802.4669382478775), 'ci': (np.float64(17477.00307305188), np.float64(20622.635708144557)), 'significant': np.True_}
checked:
1819
