Starting EXP29.6, type=probe, run 3/3
Job 68225726, task 65
loaded cached data
loaded cached data
loaded cached data
loaded cached data
loaded cached data
loaded cached data
START ATE IS: 0.06380729814728854
PROBE TRIGGERED! Error reduced from inf to 0.124 (ATE went to 0.06365876751895226).
PROBE TRIGGERED! Error reduced from 0.124 to 0.069 (ATE went to 0.008878609401952496).
PROBE TRIGGERED! Error reduced from 0.069 to 0.062 (ATE went to 0.0015723641562593415).
***
FINISHED
ATE before: 0.06380729814728854
ATE now is: -0.00040441415669746557
sequence is: (('bin_equal_frequency_2', 'wt'), ('IQR', 'gestat10'))
***
Execution time: 60.275 sec
distances from ATE (with time):
[(np.float64(0.12380729814728854), 0), (np.float64(0.12365876751895226), 0.04089021682739258), (np.float64(0.12380729814728854), 0.04566669464111328), (np.float64(0.12365876751895226), 0.061345815658569336), (np.float64(0.12358362405622622), 0.10529780387878418), (np.float64(0.06887860940195249), 0.7884352207183838), (np.float64(0.12380729814728854), 0.7930753231048584), (np.float64(0.12365876751895226), 0.8086273670196533), (np.float64(0.06887860940195249), 0.8240916728973389), (np.float64(0.06875167704398659), 0.8425111770629883), (np.float64(0.06872515866354094), 22.811456441879272), (np.float64(0.06864453000484953), 22.829750776290894), (np.float64(0.06853343109044266), 23.595035076141357), (np.float64(0.061572364156259336), 30.79539155960083), (np.float64(0.12380729814728854), 30.800434589385986), (np.float64(0.06887860940195249), 30.817063570022583), (np.float64(0.06875167704398659), 30.86551570892334), (np.float64(0.061572364156259336), 30.901190042495728), (np.float64(0.061462957672283186), 30.95560359954834), (np.float64(0.05959558584330253), 60.27449893951416)]
uncertainty:
{'ate': np.float64(-0.0004044128984868984), 'se': np.float64(0.00891775401106122), 'ci': (np.float64(-0.01788678860103527), np.float64(0.017077962804061472)), 'significant': np.False_}
checked:
2554
