Starting EXP37.3, type=probe, run 1/3
Job 68243093, task 522
loaded cached data
loaded cached data
loaded cached data
loaded cached data
loaded cached data
loaded cached data
START ATE IS: 67400.5005798866
PROBE TRIGGERED! Error reduced from inf to 52752.982 (ATE went to 62886.0618042735).
PROBE TRIGGERED! Error reduced from 52752.982 to 45588.360 (ATE went to 55721.439831236414).
PROBE TRIGGERED! Error reduced from 45588.360 to 34252.511 (ATE went to 44385.59140305589).
PROBE TRIGGERED! Error reduced from 34252.511 to 28839.939 (ATE went to 38973.01858532798).
PROBE TRIGGERED! Error reduced from 28839.939 to 19214.028 (ATE went to 29347.10787343809).
PROBE TRIGGERED! Error reduced from 19214.028 to 9868.688 (ATE went to 20001.768007184106).
PROBE TRIGGERED! Error reduced from 9868.688 to 8357.717 (ATE went to 18490.796520568754).
PROBE TRIGGERED! Error reduced from 8357.717 to 5883.773 (ATE went to 16016.853301958345).
PROBE TRIGGERED! Error reduced from 5883.773 to 4251.951 (ATE went to 14385.030889534744).


*** TIMED OUT!! ***

distances from ATE (with time):
[(np.float64(57267.4205798866), 0), (np.float64(52752.9818042735), 0.0032835006713867188), (np.float64(57267.4205798866), 0.004360198974609375), (np.float64(52752.9818042735), 0.00823354721069336), (np.float64(45588.35983123641), 0.011902570724487305), (np.float64(57267.4205798866), 0.01290583610534668), (np.float64(52752.9818042735), 0.016544818878173828), (np.float64(45588.35983123641), 0.019891023635864258), (np.float64(34252.51140305589), 0.024998903274536133), (np.float64(57267.4205798866), 0.02596116065979004), (np.float64(52752.9818042735), 0.029644012451171875), (np.float64(45588.35983123641), 0.03285813331604004), (np.float64(34252.51140305589), 0.03781723976135254), (np.float64(28839.938585327982), 0.6935524940490723), (np.float64(57267.4205798866), 0.694570779800415), (np.float64(52752.9818042735), 0.6980798244476318), (np.float64(45588.35983123641), 0.701303243637085), (np.float64(34252.51140305589), 0.7088809013366699), (np.float64(28839.938585327982), 0.7179560661315918), (np.float64(26380.07246860607), 1.9233384132385254), (np.float64(26380.072468602993), 11.411416292190552), (np.float64(19214.02787343809), 15.758961915969849), (np.float64(57267.4205798866), 15.75985836982727), (np.float64(45588.35983123641), 15.763827323913574), (np.float64(28839.938585327982), 15.774473905563354), (np.float64(26380.07246860607), 16.152690410614014), (np.float64(20175.111779085346), 17.74546718597412), (np.float64(19214.02787343809), 20.632829904556274), (np.float64(9868.688007184106), 149.4749596118927), (np.float64(57267.4205798866), 149.47599053382874), (np.float64(45588.35983123641), 149.4802484512329), (np.float64(28839.938585327982), 149.68355512619019), (np.float64(26380.07246860607), 150.0976207256317), (np.float64(24227.349010596125), 152.90913796424866), (np.float64(19214.02787343809), 158.41757202148438), (np.float64(18456.45374561323), 163.79530358314514), (np.float64(8357.716520568754), 172.0781421661377), (np.float64(57267.4205798866), 172.07912468910217), (np.float64(45588.35983123641), 172.0829997062683), (np.float64(28839.938585327982), 172.2856080532074), (np.float64(20354.972240223586), 172.32016968727112), (np.float64(5883.773301958345), 174.03517937660217), (np.float64(57267.4205798866), 174.0361568927765), (np.float64(52893.21685386656), 174.03896808624268), (np.float64(45588.35983123641), 174.04225945472717), (np.float64(28839.938585327982), 174.0588390827179), (np.float64(20354.972240223586), 174.11055493354797), (np.float64(5883.773301958345), 174.36139941215515), (np.float64(4251.950889534744), 175.7420470714569), (np.float64(57267.4205798866), 175.7430875301361), (np.float64(52893.21685386656), 175.74605584144592), (np.float64(49507.8820814153), 175.75826597213745), (np.float64(45588.35983123641), 175.77113795280457), (np.float64(5883.773301958345), 175.78161239624023), (np.float64(5883.773301958001), 176.2777600288391), (np.float64(5711.3677649649235), 194.56951880455017), (np.float64(4824.942075360441), 194.61651515960693)]
