Starting EXP33.2, type=probe, run 3/3
Job 68227476, task 11
loaded cached data
loaded cached data
loaded cached data
loaded cached data
loaded cached data
loaded cached data
START ATE IS: 0.06132348715409094
PROBE TRIGGERED! Error reduced from inf to 0.121 (ATE went to 0.061330034268357654).
PROBE TRIGGERED! Error reduced from 0.121 to 0.062 (ATE went to 0.001959382152452866).
***
FINISHED
ATE before: 0.06132348715409094
ATE now is: -0.005384344828963769
sequence is: (('bin_equal_frequency_2', 'wt'), ('norm_log', 'gestat10'))
***
Execution time: 83.562 sec
distances from ATE (with time):
[(np.float64(0.12132348715409094), 0), (np.float64(0.12132348715409094), 0.41106724739074707), (np.float64(0.12131956664219185), 5.3263843059539795), (np.float64(0.12130306780056208), 24.153952598571777), (np.float64(0.12129993196776384), 24.198426246643066), (np.float64(0.12129361878271429), 24.24205207824707), (np.float64(0.12128751544800563), 24.33017921447754), (np.float64(0.1212821320447516), 24.379079580307007), (np.float64(0.06195938215245286), 24.469078302383423), (np.float64(0.12132348715409094), 24.478389501571655), (np.float64(0.06195938215245286), 24.574284315109253), (np.float64(0.06195392453627865), 67.05265831947327), (np.float64(0.061952296326717914), 67.13960599899292), (np.float64(0.06192110575819879), 67.33173322677612), (np.float64(0.06192098076119286), 67.49175810813904), (np.float64(0.06188308463893618), 68.3116455078125), (np.float64(0.054615655171036226), 83.56121969223022)]
uncertainty:
{'ate': np.float64(-0.0053843453439332), 'se': np.float64(0.0046391192565335805), 'ci': (np.float64(-0.014477424308220401), np.float64(0.0037087336203540013)), 'significant': np.False_}
checked:
1315
