Starting EXP29.7, type=probe, run 1/3
Job 68238554, task 72
loaded cached data
loaded cached data
loaded cached data
loaded cached data
loaded cached data
loaded cached data
START ATE IS: 0.06115531503447992
PROBE TRIGGERED! Error reduced from inf to 0.121 (ATE went to 0.06113385302384386).
PROBE TRIGGERED! Error reduced from 0.121 to 0.060 (ATE went to 0.0002607042804079435).
***
FINISHED
ATE before: 0.06115531503447992
ATE now is: -0.007649366669030178
sequence is: (('bin_equal_frequency_2', 'wt'), ('norm_log', 'gestat10'))
***
Execution time: 30.402 sec
distances from ATE (with time):
[(np.float64(0.12115531503447992), 0), (np.float64(0.12113385302384386), 0.05081677436828613), (np.float64(0.12115531503447992), 0.05674028396606445), (np.float64(0.12113385302384386), 0.07630801200866699), (np.float64(0.1211265897584743), 0.8584115505218506), (np.float64(0.12108072476184151), 0.9137105941772461), (np.float64(0.121061693624755), 0.9327442646026611), (np.float64(0.06026070428040794), 0.9705615043640137), (np.float64(0.12115531503447992), 0.9764459133148193), (np.float64(0.12113385302384386), 1.0001955032348633), (np.float64(0.06026070428040794), 1.0199553966522217), (np.float64(0.060214617983081066), 1.0422723293304443), (np.float64(0.06020996004151558), 22.749088287353516), (np.float64(0.060201822908831096), 22.80287790298462), (np.float64(0.060115695463888376), 22.987215042114258), (np.float64(0.06010287903298285), 29.99443221092224), (np.float64(0.05235063333096982), 30.40020751953125)]
uncertainty:
{'ate': np.float64(-0.007649366303391781), 'se': np.float64(0.007795691303414334), 'ci': (np.float64(-0.022931402855382737), np.float64(0.007632670248599176)), 'significant': np.False_}
checked:
1313
