Starting EXP29.7, type=probe, run 2/3
Job 68238555, task 73
loaded cached data
loaded cached data
loaded cached data
loaded cached data
loaded cached data
loaded cached data
START ATE IS: 0.062317141792999096
PROBE TRIGGERED! Error reduced from inf to 0.122 (ATE went to 0.06233708411822037).
PROBE TRIGGERED! Error reduced from 0.122 to 0.063 (ATE went to 0.002524371726433307).
***
FINISHED
ATE before: 0.062317141792999096
ATE now is: -0.004729555191895262
sequence is: (('bin_equal_frequency_2', 'wt'), ('norm_log', 'gestat10'))
***
Execution time: 30.251 sec
distances from ATE (with time):
[(np.float64(0.1223171417929991), 0), (np.float64(0.1223171417929991), 0.0565643310546875), (np.float64(0.12227768800067498), 0.15028095245361328), (np.float64(0.1222734421184503), 0.33492612838745117), (np.float64(0.12227256705260264), 0.7653365135192871), (np.float64(0.12224470926772205), 0.8230612277984619), (np.float64(0.12223937978041427), 0.8425211906433105), (np.float64(0.12218734502264395), 0.9168205261230469), (np.float64(0.0625243717264333), 0.9742281436920166), (np.float64(0.1223171417929991), 0.9801647663116455), (np.float64(0.0625243717264333), 1.0239026546478271), (np.float64(0.062460592123647796), 22.29314160346985), (np.float64(0.06240379199489663), 22.418747425079346), (np.float64(0.062395875577006335), 22.436506986618042), (np.float64(0.062368920541786006), 22.887704610824585), (np.float64(0.05527044480810474), 30.250359296798706)]
uncertainty:
{'ate': np.float64(-0.004729555503954857), 'se': np.float64(0.007847552593379905), 'ci': (np.float64(-0.020113256693248746), np.float64(0.010654145685339034)), 'significant': np.False_}
checked:
1313
