Starting EXP31.3, type=probe, run 3/3
Job 68239866, task 182
loaded cached data
loaded cached data
loaded cached data
loaded cached data
loaded cached data
loaded cached data
START ATE IS: -0.024891101431237954
***
FINISHED
ATE before: -0.024891101431237954
ATE now is: -0.024891101431237954
sequence is: (('bin_equal_frequency_2', 'orfath'),)
***
Execution time: 0.004 sec
distances from ATE (with time):
[(np.float64(0.035108898568762044), 0)]
uncertainty:
{'ate': np.float64(-0.024891101431240653), 'se': np.float64(0.00739722732989707), 'ci': (np.float64(-0.03939122173056969), np.float64(-0.010390981131911612)), 'significant': np.True_}
checked:
1
