Starting EXP31.18, type=probe_probs_with_restart, run 1/3
Job 68239919, task 231
loaded cached data
loaded cached data
loaded cached data
loaded cached data
loaded cached data
loaded cached data
START ATE IS: -0.024663864836905258
***
FINISHED
ATE before: -0.024663864836905258
ATE now is: -0.024663864836886238
sequence is: (('norm_min_max', 'mpre5'),)
***
Execution time: 0.005 sec
distances from ATE (with time):
[(np.float64(0.03533613516309474), 0)]
(REAL, NOT adjusted by restarts)probability of this sequence is: 0.03210678210678211
probability of this sequence is: 0.03210678210678211
uncertainty:
{'ate': np.float64(-0.024663864836923774), 'se': np.float64(0.007384790417091108), 'ci': (np.float64(-0.03913960900780428), np.float64(-0.01018812066604327)), 'significant': np.True_}
checked:
1
