Starting EXP31.45, type=probe_probs_with_restart, run 1/3
Job 68226227, task 312
loaded cached data
loaded cached data
loaded cached data
loaded cached data
loaded cached data
loaded cached data
START ATE IS: 0.06127646469380969
PROBE TRIGGERED! Error reduced from inf to 0.121 (ATE went to 0.06127646454059732).
PROBE TRIGGERED! Error reduced from 0.121 to 0.097 (ATE went to 0.036969773245763164).
PROBE TRIGGERED! Error reduced from 0.097 to 0.086 (ATE went to 0.025868898624135786).
PROBE TRIGGERED! Error reduced from 0.086 to 0.062 (ATE went to 0.0019984912636816987).
***
FINISHED
ATE before: 0.06127646469380969
ATE now is: -0.00749411293322559
sequence is: (('IQR', 'gestat10'), ('bin_equal_frequency_2', 'wt'))
***
Execution time: 9266.498 sec
distances from ATE (with time):
[(np.float64(0.12127646469380969), 0), (np.float64(0.12127646454059732), 0.009854793548583984), (np.float64(0.12127646469380969), 0.016056537628173828), (np.float64(0.12127646454059732), 0.03122091293334961), (np.float64(0.121276464429734), 0.13202619552612305), (np.float64(0.12127646420402635), 0.24841618537902832), (np.float64(0.12127646412018811), 0.5159730911254883), (np.float64(0.12125251818331773), 0.7045235633850098), (np.float64(0.12107497238870432), 0.8503828048706055), (np.float64(0.11836590799609234), 1.1476645469665527), (np.float64(0.11747002327707437), 1.2208125591278076), (np.float64(0.09696977324576317), 14.09132170677185), (np.float64(0.12127646469380969), 14.096373319625854), (np.float64(0.09696977324576317), 14.110910177230835), (np.float64(0.09696977319747352), 14.137929677963257), (np.float64(0.09696977306091553), 15.269521236419678), (np.float64(0.09696977304221509), 15.301052808761597), (np.float64(0.09696977304215725), 15.438205480575562), (np.float64(0.09696977300276603), 16.44072937965393), (np.float64(0.09694795907307757), 26.47222375869751), (np.float64(0.09694257476519069), 26.60912036895752), (np.float64(0.09656311456439311), 26.62423348426819), (np.float64(0.08766722728842069), 28.133326053619385), (np.float64(0.08586889862413578), 32.12870121002197), (np.float64(0.12127646469380969), 32.133413314819336), (np.float64(0.09696977324576317), 32.14815664291382), (np.float64(0.09696977319747352), 32.18810224533081), (np.float64(0.08799948019549873), 32.20357942581177), (np.float64(0.08586889862413578), 32.23450684547424), (np.float64(0.08586889838225036), 32.83170509338379), (np.float64(0.08586889834050478), 51.55675482749939), (np.float64(0.0858688982587575), 52.16536569595337), (np.float64(0.08586889825410515), 52.2490234375), (np.float64(0.08585848885024515), 55.03375458717346), (np.float64(0.0819960919358306), 55.06683611869812), (np.float64(0.07981243591063947), 55.0834059715271), (np.float64(0.07981243591057388), 273.0638303756714), (np.float64(0.07981243590848738), 273.11808609962463), (np.float64(0.07981243575889839), 273.22860455513), (np.float64(0.07843435150431995), 751.8626174926758), (np.float64(0.0619984912636817), 9266.268757104874), (np.float64(0.12127646469380969), 9266.273745536804), (np.float64(0.09696977324576317), 9266.409963130951), (np.float64(0.0619984912636817), 9266.423744916916), (np.float64(0.05250588706677441), 9266.497491836548)]
(REAL, NOT adjusted by restarts)probability of this sequence is: 4.4893378226711565e-15
probability of this sequence is: 0.03216549494964135
uncertainty:
{'ate': np.float64(-0.00749411293147921), 'se': np.float64(0.006839971126861639), 'ci': (np.float64(-0.0209020006163103), np.float64(0.005913774753351876)), 'significant': np.False_}
checked:
311991
