Starting EXP30.4, type=probe, run 2/3
Job 68225840, task 127
loaded cached data
loaded cached data
loaded cached data
loaded cached data
loaded cached data
loaded cached data
START ATE IS: 8809.060466730973
PROBE TRIGGERED! Error reduced from inf to 9644.386 (ATE went to 6855.6140154965515).
PROBE TRIGGERED! Error reduced from 9644.386 to 8140.099 (ATE went to 8359.900966119076).
PROBE TRIGGERED! Error reduced from 8140.099 to 5089.662 (ATE went to 11410.337787701694).
PROBE TRIGGERED! Error reduced from 5089.662 to 1453.458 (ATE went to 15046.542211517079).
PROBE TRIGGERED! Error reduced from 1453.458 to 1095.933 (ATE went to 17595.93292464808).
PROBE TRIGGERED! Error reduced from 1095.933 to 266.871 (ATE went to 16233.129480990317).
PROBE TRIGGERED! Error reduced from 266.871 to 177.475 (ATE went to 16322.52476404052).
PROBE TRIGGERED! Error reduced from 177.475 to 158.410 (ATE went to 16341.58972631872).
***
FINISHED
ATE before: 8809.060466730973
ATE now is: 16534.752239967358
sequence is: (('norm_log', 'education'), ('isolationForest', 'Age'), ('norm_log', 'Age'), ('bin_equal_width_5', 'education'))
***
Execution time: 9273.926 sec
distances from ATE (with time):
[(np.float64(7690.939533269027), 0), (np.float64(7690.939533269027), 0.29571008682250977), (np.float64(7690.939533269027), 1.0569970607757568), (np.float64(5089.662212298306), 8.051968812942505), (np.float64(7690.939533269027), 8.126830339431763), (np.float64(5089.662212298306), 9.062044382095337), (np.float64(1453.4577884829214), 32.56080961227417), (np.float64(7690.939533269027), 32.58179497718811), (np.float64(5089.662212298306), 33.09108781814575), (np.float64(1453.4577884829214), 36.63786172866821), (np.float64(1095.932924648081), 43.84655547142029), (np.float64(7690.939533269027), 43.86251902580261), (np.float64(5089.662212298306), 44.12501859664917), (np.float64(1453.4577884829214), 47.584715604782104), (np.float64(1095.932924648081), 51.34347653388977), (np.float64(266.87051900968254), 69.55173397064209), (np.float64(7690.939533269027), 69.56813383102417), (np.float64(5089.662212298306), 70.07263135910034), (np.float64(1453.4577884829214), 73.42237901687622), (np.float64(1095.932924648081), 80.12437415122986), (np.float64(266.87051900968254), 83.51302886009216), (np.float64(177.47523595948041), 102.12596702575684), (np.float64(7690.939533269027), 102.14248752593994), (np.float64(1453.4577884829214), 105.58029294013977), (np.float64(1095.932924648081), 112.576988697052), (np.float64(266.87051900968254), 127.55538821220398), (np.float64(177.47523595948041), 131.12513709068298), (np.float64(177.47523594901577), 1270.3046569824219), (np.float64(177.47523594695122), 1332.213006734848), (np.float64(167.8513426225054), 2471.5701098442078), (np.float64(158.41027368128016), 7039.641112565994), (np.float64(7690.939533269027), 7039.657478570938), (np.float64(1453.4577884829214), 7043.151456832886), (np.float64(1095.932924648081), 7047.203832626343), (np.float64(266.87051900968254), 7075.430045604706), (np.float64(177.47523595948041), 7090.465665102005), (np.float64(167.8513426225054), 7174.578415393829), (np.float64(158.41027368128016), 7291.495816230774), (np.float64(34.75223996735804), 9273.92532658577)]
uncertainty:
{'ate': np.float64(16529.60943998678), 'se': np.float64(662.3829263648239), 'ci': (np.float64(15231.355050027698), np.float64(17827.86382994586)), 'significant': np.True_}
checked:
5115
