Starting EXP31.33, type=probe_probs_no_restart, run 1/3
Job 68226030, task 273
loaded cached data
loaded cached data
loaded cached data
loaded cached data
loaded cached data
loaded cached data
START ATE IS: -0.024663864837000393
***
FINISHED
ATE before: -0.024663864837000393
ATE now is: -0.024663864836939102
sequence is: (('norm_min_max', 'drink5'),)
***
Execution time: 0.008 sec
distances from ATE (with time):
[(np.float64(0.035336135162999605), 0)]
probability of this sequence is: 0.01751279024006297
uncertainty:
{'ate': np.float64(-0.024663864836912394), 'se': np.float64(0.006741612734594122), 'ci': (np.float64(-0.03787884791738359), np.float64(-0.011448881756441194)), 'significant': np.True_}
checked:
1
