Starting EXP29.2, type=probe_probs_with_restart, run 1/3
Job 68225173, task 33
loaded cached data
loaded cached data
loaded cached data
loaded cached data
loaded cached data
loaded cached data
START ATE IS: 0.07126881013865037
PROBE TRIGGERED! Error reduced from inf to 0.131 (ATE went to 0.0712688142228611).
PROBE TRIGGERED! Error reduced from 0.131 to 0.107 (ATE went to 0.0469095684813499).
PROBE TRIGGERED! Error reduced from 0.107 to 0.096 (ATE went to 0.0360708914004229).
PROBE TRIGGERED! Error reduced from 0.096 to 0.066 (ATE went to 0.0063306423017872055).
***
FINISHED
ATE before: 0.07126881013865037
ATE now is: -0.0004230103354303945
sequence is: (('norm_log', 'gestat10'), ('bin_equal_frequency_2', 'wt'))
***
Execution time: 6611.906 sec
distances from ATE (with time):
[(np.float64(0.13126881013865038), 0), (np.float64(0.13126881013865038), 0.006463289260864258), (np.float64(0.13126880666301666), 0.016947507858276367), (np.float64(0.131268806598196), 0.22922110557556152), (np.float64(0.13126880632548085), 0.2695338726043701), (np.float64(0.13125600428231515), 0.2799670696258545), (np.float64(0.13058599316056418), 0.2850682735443115), (np.float64(0.1305796753886544), 0.29015421867370605), (np.float64(0.12815744790549255), 0.3554835319519043), (np.float64(0.12706275863767702), 0.5428235530853271), (np.float64(0.1069095684813499), 8.907612562179565), (np.float64(0.13126881013865038), 8.910539865493774), (np.float64(0.1069095684813499), 8.916816711425781), (np.float64(0.10690956618572214), 8.92819094657898), (np.float64(0.1069095647608615), 9.755162715911865), (np.float64(0.10690956341156058), 9.767904043197632), (np.float64(0.10690956325246166), 9.793257474899292), (np.float64(0.10690956100066332), 9.805838823318481), (np.float64(0.10690956080572223), 9.824778318405151), (np.float64(0.10690956021265369), 9.927788972854614), (np.float64(0.10688473066890267), 17.821805238723755), (np.float64(0.10622662910957606), 17.828498363494873), (np.float64(0.09789652384140778), 17.911298513412476), (np.float64(0.09789652118755796), 64.50728392601013), (np.float64(0.0960708914004229), 134.83243584632874), (np.float64(0.13126881013865038), 134.83550143241882), (np.float64(0.1069095684813499), 134.84580063819885), (np.float64(0.10690956618572214), 134.86812901496887), (np.float64(0.09789652384140778), 134.87443327903748), (np.float64(0.0960708914004229), 135.28769731521606), (np.float64(0.09473735966049296), 174.2543888092041), (np.float64(0.09449366509939722), 188.0060477256775), (np.float64(0.09371991220927367), 188.04566550254822), (np.float64(0.09368345337065775), 188.52988386154175), (np.float64(0.092587104758629), 374.3121953010559), (np.float64(0.09146752587583293), 1246.8018789291382), (np.float64(0.08997213746986713), 1474.1678388118744), (np.float64(0.08997213542757576), 3242.91383934021), (np.float64(0.08683827481671622), 4543.019984483719), (np.float64(0.08683827326332573), 4543.080757141113), (np.float64(0.08679638430193451), 5078.706696510315), (np.float64(0.0865866670152627), 5078.720737934113), (np.float64(0.08651898375774784), 5078.732211351395), (np.float64(0.0864973570784684), 5078.760991573334), (np.float64(0.0663306423017872), 6611.504110097885), (np.float64(0.13126881013865038), 6611.507323741913), (np.float64(0.1069095684813499), 6611.832714796066), (np.float64(0.0663306423017872), 6611.839761018753), (np.float64(0.059576989664569605), 6611.905789375305)]
(REAL, NOT adjusted by restarts)probability of this sequence is: 8.737898011254414e-15
probability of this sequence is: 0.03236506238872177
uncertainty:
{'ate': np.float64(-0.00042301145861923725), 'se': np.float64(0.015115788750200436), 'ci': (np.float64(-0.030068549815491893), np.float64(0.029222526898253418)), 'significant': np.False_}
checked:
575878
