Starting EXP36.2, type=probe_probs_with_restart, run 1/3
Job 68242967, task 456
loaded cached data
loaded cached data
loaded cached data
loaded cached data
loaded cached data
loaded cached data
START ATE IS: 15040.647669057356
PROBE TRIGGERED! Error reduced from inf to 4907.568 (ATE went to 15040.647617169681).
PROBE TRIGGERED! Error reduced from 4907.568 to 3881.140 (ATE went to 14014.220480471786).
PROBE TRIGGERED! Error reduced from 3881.140 to 3077.691 (ATE went to 13210.771213950597).
***
FINISHED
ATE before: 15040.647669057356
ATE now is: 8843.55349041601
sequence is: (('norm_log', 'sqft_living'),)
***
Execution time: 0.114 sec
distances from ATE (with time):
[(np.float64(4907.567669057356), 0), (np.float64(4907.567617169681), 0.0011458396911621094), (np.float64(4907.567669057356), 0.00202178955078125), (np.float64(4907.567617169681), 0.003724813461303711), (np.float64(4907.567591607838), 0.007057666778564453), (np.float64(3881.140480471786), 0.028968334197998047), (np.float64(4907.567669057356), 0.02976226806640625), (np.float64(4907.567617169681), 0.0312962532043457), (np.float64(3881.140480471786), 0.032858848571777344), (np.float64(3881.140396617895), 0.03793740272521973), (np.float64(3707.184098944068), 0.06555795669555664), (np.float64(3077.6912139505966), 0.07017064094543457), (np.float64(4907.567669057356), 0.0709538459777832), (np.float64(4907.567617169681), 0.07245874404907227), (np.float64(3881.140480471786), 0.07399654388427734), (np.float64(3077.6912139505966), 0.07553815841674805), (np.float64(1289.5265095839895), 0.11323070526123047)]
(REAL, NOT adjusted by restarts)probability of this sequence is: 0.01515151515151515
probability of this sequence is: 0.007757575757575758
uncertainty:
{'ate': np.float64(8843.553462204327), 'se': np.float64(50237.69348571799), 'ci': (np.float64(-89690.75258871727), np.float64(107377.85951312594)), 'significant': np.False_}
checked:
69
