Starting EXP29.3, type=probe_probs_with_restart, run 2/3
Job 68225187, task 43
loaded cached data
loaded cached data
loaded cached data
loaded cached data
loaded cached data
loaded cached data
START ATE IS: 0.06011541626479804
PROBE TRIGGERED! Error reduced from inf to 0.120 (ATE went to 0.06011541644827038).
PROBE TRIGGERED! Error reduced from 0.120 to 0.093 (ATE went to 0.03331628747119773).
PROBE TRIGGERED! Error reduced from 0.093 to 0.081 (ATE went to 0.02113521198350526).
PROBE TRIGGERED! Error reduced from 0.081 to 0.073 (ATE went to 0.012830254591493942).
***
FINISHED
ATE before: 0.06011541626479804
ATE now is: -0.005452233258021102
sequence is: (('bin_equal_frequency_2', 'wt'),)
***
Execution time: 13556.880 sec
distances from ATE (with time):
[(np.float64(0.12011541626479805), 0), (np.float64(0.12011541626479805), 0.01090860366821289), (np.float64(0.12011541625679886), 0.11684250831604004), (np.float64(0.11986677370562242), 0.5254685878753662), (np.float64(0.1164076364566592), 0.6504168510437012), (np.float64(0.09331628747119772), 12.306583404541016), (np.float64(0.12011541626479805), 12.310791015625), (np.float64(0.09331628747119772), 12.321842193603516), (np.float64(0.09331628614022869), 13.862676858901978), (np.float64(0.09302104010340459), 24.636300563812256), (np.float64(0.08439175584614389), 24.786929845809937), (np.float64(0.08409459223907313), 28.59963321685791), (np.float64(0.0840945912633711), 176.09246039390564), (np.float64(0.0840945908522969), 176.13272643089294), (np.float64(0.08409459076075528), 176.3455512523651), (np.float64(0.08409459005854567), 176.38532090187073), (np.float64(0.08113521198350526), 205.14869046211243), (np.float64(0.12011541626479805), 205.15259504318237), (np.float64(0.09331628747119772), 205.16666913032532), (np.float64(0.08439175584614389), 205.21742272377014), (np.float64(0.08439175522678785), 205.31717205047607), (np.float64(0.08113521184176929), 207.40646505355835), (np.float64(0.07795970369996763), 256.759001493454), (np.float64(0.07795970282924902), 327.0944302082062), (np.float64(0.07457108848946135), 460.24531388282776), (np.float64(0.07437225560105692), 2034.5151717662811), (np.float64(0.07283025459149393), 2121.5219061374664), (np.float64(0.12011541626479805), 2121.525948047638), (np.float64(0.09331628747119772), 2121.5815403461456), (np.float64(0.0899813768426489), 2121.633507013321), (np.float64(0.08439175584614389), 2121.678810119629), (np.float64(0.08113521198350526), 2121.9145679473877), (np.float64(0.07807248320659037), 2122.0501630306244), (np.float64(0.07704287004459752), 2122.0758142471313), (np.float64(0.07595683736043066), 2122.6296002864838), (np.float64(0.07485309494324302), 2124.0112912654877), (np.float64(0.07283025459149393), 2124.399733066559), (np.float64(0.07280494592269302), 2125.7435462474823), (np.float64(0.07280494585386359), 2254.5367665290833), (np.float64(0.0728034814086807), 2289.9163722991943), (np.float64(0.07175920028726555), 2463.9576416015625), (np.float64(0.06931718924294827), 2463.973444700241), (np.float64(0.05454776674197889), 13556.879534959793)]
(REAL, NOT adjusted by restarts)probability of this sequence is: 1.9607843137254904e-12
probability of this sequence is: 8.031372549019611e-13
uncertainty:
{'ate': np.float64(-0.005452233848171976), 'se': np.float64(0.012333095695403596), 'ci': (np.float64(-0.029634963464648015), np.float64(0.018730495768304066)), 'significant': np.False_}
checked:
845126
