Starting EXP36.4, type=probe_probs_with_restart, run 1/3
Job 68242998, task 474
loaded cached data
loaded cached data
loaded cached data
loaded cached data
loaded cached data
loaded cached data
START ATE IS: 36156.90303096207
PROBE TRIGGERED! Error reduced from inf to 26023.823 (ATE went to 36156.90299221139).
PROBE TRIGGERED! Error reduced from 26023.823 to 21998.384 (ATE went to 32131.46415610716).
PROBE TRIGGERED! Error reduced from 21998.384 to 18018.102 (ATE went to 28151.181871144803).
PROBE TRIGGERED! Error reduced from 18018.102 to 15745.589 (ATE went to 25878.66859419338).
PROBE TRIGGERED! Error reduced from 15745.589 to 13421.300 (ATE went to 23554.380230209703).
PROBE TRIGGERED! Error reduced from 13421.300 to 10465.521 (ATE went to 20598.60094293607).
PROBE TRIGGERED! Error reduced from 10465.521 to 7139.553 (ATE went to 17272.633277031106).
PROBE TRIGGERED! Error reduced from 7139.553 to 5051.022 (ATE went to 15184.10207896686).
***
FINISHED
ATE before: 36156.90303096207
ATE now is: 11836.077895124145
sequence is: (('bin_equal_frequency_10', 'yr_built'), ('bin_equal_frequency_5', 'sqft_above'), ('IQR', 'sqft_basement'))
***
Execution time: 20.529 sec
distances from ATE (with time):
[(np.float64(26023.82303096207), 0), (np.float64(26023.82299221139), 0.0020635128021240234), (np.float64(26023.82303096207), 0.0038416385650634766), (np.float64(26023.82299221139), 0.007359743118286133), (np.float64(26023.82295826301), 0.026912450790405273), (np.float64(26023.822951978706), 0.03323554992675781), (np.float64(25569.04376358296), 0.06511282920837402), (np.float64(23962.89389453872), 0.06835007667541504), (np.float64(21998.38415610716), 0.10947084426879883), (np.float64(26023.82303096207), 0.1110541820526123), (np.float64(26023.82299221139), 0.11422085762023926), (np.float64(21998.38415610716), 0.1182394027709961), (np.float64(21998.384152564104), 0.17115569114685059), (np.float64(21998.3841500982), 0.35622572898864746), (np.float64(21998.384145959077), 0.3694581985473633), (np.float64(21998.384122553383), 0.3873860836029053), (np.float64(18018.101871144805), 2.731930732727051), (np.float64(26023.82303096207), 2.7335803508758545), (np.float64(18018.101871144805), 2.737901210784912), (np.float64(17621.309947817543), 2.7552387714385986), (np.float64(15745.58859419338), 2.8095076084136963), (np.float64(26023.82303096207), 2.8111190795898438), (np.float64(18018.101871144805), 2.815244197845459), (np.float64(17621.309947817543), 2.824510335922241), (np.float64(15745.58859419338), 2.8331100940704346), (np.float64(15395.14679544607), 3.4017794132232666), (np.float64(13421.300230209703), 5.839274644851685), (np.float64(26023.82303096207), 5.8408730030059814), (np.float64(18018.101871144805), 5.845033884048462), (np.float64(17621.309947817543), 5.858194589614868), (np.float64(15745.58859419338), 5.86676812171936), (np.float64(13421.300230209703), 5.882407903671265), (np.float64(13291.884664159124), 5.968948125839233), (np.float64(13291.884655022272), 7.0798585414886475), (np.float64(13222.888605512619), 10.099401473999023), (np.float64(10465.520942936071), 10.116666078567505), (np.float64(26023.82303096207), 10.118379354476929), (np.float64(18018.101871144805), 10.122949600219727), (np.float64(16656.69995807195), 10.132450580596924), (np.float64(13421.300230209703), 10.145006895065308), (np.float64(13291.884664159124), 10.23136019706726), (np.float64(10465.520942936071), 10.237277507781982), (np.float64(10103.256912318016), 10.695961713790894), (np.float64(10103.256874114932), 17.22201156616211), (np.float64(7139.553277031106), 20.28447651863098), (np.float64(26023.82303096207), 20.286136150360107), (np.float64(18018.101871144805), 20.29045343399048), (np.float64(16656.69995807195), 20.29963254928589), (np.float64(14339.325615363088), 20.30369210243225), (np.float64(13421.300230209703), 20.316424131393433), (np.float64(7139.553277031106), 20.321821451187134), (np.float64(5051.02207896686), 20.40607976913452), (np.float64(26023.82303096207), 20.407718658447266), (np.float64(18018.101871144805), 20.41182518005371), (np.float64(14339.325615363088), 20.415918827056885), (np.float64(7139.553277031106), 20.425277948379517), (np.float64(5051.02207896686), 20.492189407348633), (np.float64(1702.9978951241446), 20.528345823287964)]
(REAL, NOT adjusted by restarts)probability of this sequence is: 5.678872266829764e-09
probability of this sequence is: 0.11467090110994861
uncertainty:
{'ate': np.float64(11836.0779000373), 'se': np.float64(41469.49710919322), 'ci': (np.float64(-69472.67420702391), np.float64(93144.83000709851)), 'significant': np.False_}
checked:
1816
