Starting EXP31.45, type=probe, run 1/3
Job 68226197, task 306
loaded cached data
loaded cached data
loaded cached data
loaded cached data
loaded cached data
loaded cached data
START ATE IS: 0.061314934776374716
PROBE TRIGGERED! Error reduced from inf to 0.131 (ATE went to 0.07096452972904077).
PROBE TRIGGERED! Error reduced from 0.131 to 0.062 (ATE went to 0.0018798393981923707).
***
FINISHED
ATE before: 0.061314934776374716
ATE now is: -0.005469337601735191
sequence is: (('bin_equal_frequency_2', 'wt'), ('norm_log', 'gestat10'))
***
Execution time: 25.976 sec
distances from ATE (with time):
[(np.float64(0.12131493477637471), 0), (np.float64(0.12131493477637471), 0.03583812713623047), (np.float64(0.12130784024883629), 0.25780677795410156), (np.float64(0.12126772259661278), 0.27510595321655273), (np.float64(0.06187983939819237), 0.4416975975036621), (np.float64(0.12131493477637471), 0.44818592071533203), (np.float64(0.06187983939819237), 0.48291707038879395), (np.float64(0.06184283806776652), 19.394728183746338), (np.float64(0.061833213656849864), 20.040178298950195), (np.float64(0.06180155035561903), 20.109456777572632), (np.float64(0.054530662398264804), 25.975428342819214)]
uncertainty:
{'ate': np.float64(-0.005469337553305642), 'se': np.float64(0.006571134476736459), 'ci': (np.float64(-0.018350149316392658), np.float64(0.007411474209781372)), 'significant': np.False_}
checked:
1106
