Starting EXP31.6, type=probe, run 2/3
Job 68239874, task 190
loaded cached data
loaded cached data
loaded cached data
loaded cached data
loaded cached data
loaded cached data
START ATE IS: -0.024891101431250277
***
FINISHED
ATE before: -0.024891101431250277
ATE now is: -0.02489110143123331
sequence is: (('bin_equal_frequency_2', 'mplbir'),)
***
Execution time: 0.006 sec
distances from ATE (with time):
[(np.float64(0.03510889856874972), 0)]
uncertainty:
{'ate': np.float64(-0.02489110143124057), 'se': np.float64(0.006797600995690179), 'ci': (np.float64(-0.03821582860859418), np.float64(-0.011566374253886954)), 'significant': np.True_}
checked:
1
