Starting EXP30.1, type=probe_probs_with_restart, run 2/3
Job 68225808, task 106
loaded cached data
loaded cached data
loaded cached data
loaded cached data
loaded cached data
loaded cached data
START ATE IS: 8562.823513700108
PROBE TRIGGERED! Error reduced from inf to 7937.176 (ATE went to 8562.823513700681).
PROBE TRIGGERED! Error reduced from 7937.176 to 6374.460 (ATE went to 10125.53981804167).
PROBE TRIGGERED! Error reduced from 6374.460 to 600.149 (ATE went to 15899.851193413911).
PROBE TRIGGERED! Error reduced from 600.149 to 215.794 (ATE went to 16284.20550804873).
PROBE TRIGGERED! Error reduced from 215.794 to 175.540 (ATE went to 16324.460044390053).
***
FINISHED
ATE before: 8562.823513700108
ATE now is: 16503.03681793419
sequence is: (('zscore_filter_3', 'education'), ('isolationForest', 'Age'))
***
Execution time: 137.800 sec
distances from ATE (with time):
[(np.float64(7937.176486299892), 0), (np.float64(7937.176486299319), 0.030641555786132812), (np.float64(7937.176486299892), 0.04468798637390137), (np.float64(7937.176486299319), 0.08644723892211914), (np.float64(7937.176486298829), 0.24996304512023926), (np.float64(7937.176486298651), 0.47612810134887695), (np.float64(7830.808520547223), 0.8267905712127686), (np.float64(6374.4601819583295), 0.8912906646728516), (np.float64(7937.176486299892), 0.9018826484680176), (np.float64(7937.176486299319), 0.93939208984375), (np.float64(6374.4601819583295), 0.9748380184173584), (np.float64(6374.460181958146), 2.1022045612335205), (np.float64(6313.937242825776), 2.402784824371338), (np.float64(600.1488065860885), 3.7174410820007324), (np.float64(7937.176486299892), 3.720644235610962), (np.float64(7937.176486299319), 3.7435741424560547), (np.float64(6374.4601819583295), 3.7648141384124756), (np.float64(600.1488065860885), 4.588769912719727), (np.float64(215.79449195127017), 7.356820344924927), (np.float64(7937.176486299892), 7.3602540493011475), (np.float64(6374.4601819583295), 7.382333040237427), (np.float64(600.1488065860885), 8.206016063690186), (np.float64(315.9454046681676), 9.047722101211548), (np.float64(215.79449195127017), 9.864536046981812), (np.float64(215.79449195103916), 13.330390214920044), (np.float64(215.7944919507445), 20.172415494918823), (np.float64(215.7944919489819), 23.104557514190674), (np.float64(175.53995560994736), 56.78272819519043), (np.float64(7937.176486299892), 56.7863245010376), (np.float64(6374.4601819583295), 56.81000828742981), (np.float64(600.1488065860885), 57.63422107696533), (np.float64(315.9454046681676), 58.49792194366455), (np.float64(215.79449195127017), 59.314958333969116), (np.float64(175.53995560994736), 64.47154879570007), (np.float64(3.0368179341894574), 137.798930644989)]
(REAL, NOT adjusted by restarts)probability of this sequence is: 2.237359777778543e-05
probability of this sequence is: 0.0005957524024273634
uncertainty:
{'ate': np.float64(16503.036817934644), 'se': np.float64(1369.5349306775242), 'ci': (np.float64(13818.728111162549), np.float64(19187.34552470674)), 'significant': np.True_}
checked:
538
