Starting EXP30.7, type=probe_probs_with_restart, run 1/3
Job 68239838, task 159
loaded cached data
loaded cached data
loaded cached data
loaded cached data
loaded cached data
loaded cached data
START ATE IS: 8905.818606152427
PROBE TRIGGERED! Error reduced from inf to 9868.181 (ATE went to 8905.818606150327).
PROBE TRIGGERED! Error reduced from 9868.181 to 8290.602 (ATE went to 10483.39829696641).
PROBE TRIGGERED! Error reduced from 8290.602 to 3606.751 (ATE went to 15167.24908813921).
PROBE TRIGGERED! Error reduced from 3606.751 to 3191.029 (ATE went to 15582.970863953815).
PROBE TRIGGERED! Error reduced from 3191.029 to 2400.850 (ATE went to 16373.149769232592).
PROBE TRIGGERED! Error reduced from 2400.850 to 2109.477 (ATE went to 16664.523440367833).
PROBE TRIGGERED! Error reduced from 2109.477 to 1714.079 (ATE went to 17059.92060225118).
PROBE TRIGGERED! Error reduced from 1714.079 to 1513.867 (ATE went to 17260.133192882106).
PROBE TRIGGERED! Error reduced from 1513.867 to 1236.721 (ATE went to 17537.27933750816).
PROBE TRIGGERED! Error reduced from 1236.721 to 1006.560 (ATE went to 17767.440258112536).
***
FINISHED
ATE before: 8905.818606152427
ATE now is: 17997.66472542878
sequence is: (('norm_log', 'education'), ('bin_equal_frequency_10', 'Age'), ('IQR', 'education'), ('norm_log', 'Age'), ('isolationForest', 'Age'))
***
Execution time: 7047.019 sec
distances from ATE (with time):
[(np.float64(9868.181393847573), 0), (np.float64(9868.181393847573), 0.9687061309814453), (np.float64(9868.181393841556), 3.966294765472412), (np.float64(9805.340276253093), 11.09896469116211), (np.float64(8290.60170303359), 11.631098508834839), (np.float64(9868.181393847573), 11.703297138214111), (np.float64(8290.60170303359), 12.204161643981934), (np.float64(8290.601703028262), 26.203104972839355), (np.float64(8278.496846368691), 30.0649311542511), (np.float64(3606.7509118607904), 42.638659715652466), (np.float64(9868.181393847573), 42.666040897369385), (np.float64(8290.60170303359), 43.36135673522949), (np.float64(3606.7509118607904), 48.30791902542114), (np.float64(3606.7509118606104), 55.67296361923218), (np.float64(3606.750911860545), 62.94455027580261), (np.float64(3191.029136046185), 67.90891528129578), (np.float64(9868.181393847573), 67.93746662139893), (np.float64(8290.60170303359), 68.15141439437866), (np.float64(3606.7509118607904), 73.22413063049316), (np.float64(3345.3837183585874), 78.43014430999756), (np.float64(3191.029136046185), 83.3101875782013), (np.float64(3191.0291360351202), 189.21763014793396), (np.float64(3191.0291360351093), 208.78432393074036), (np.float64(2400.850230767408), 356.38528752326965), (np.float64(9868.181393847573), 356.40921449661255), (np.float64(8290.60170303359), 356.64566564559937), (np.float64(3606.7509118607904), 361.39937257766724), (np.float64(3345.3837183585874), 366.51864552497864), (np.float64(3191.029136046185), 371.1982891559601), (np.float64(2400.850230767408), 380.9752676486969), (np.float64(2109.4765596321668), 397.30093264579773), (np.float64(9868.181393847573), 397.3248872756958), (np.float64(3606.7509118607904), 402.0477304458618), (np.float64(3345.3837183585874), 407.18115234375), (np.float64(3191.029136046185), 416.5369322299957), (np.float64(2400.850230767408), 421.1670639514923), (np.float64(2109.4765596321668), 431.25386571884155), (np.float64(1714.079397748821), 450.30103492736816), (np.float64(9868.181393847573), 450.32478046417236), (np.float64(8290.60170303359), 450.5258605480194), (np.float64(3606.7509118607904), 455.18809700012207), (np.float64(3345.3837183585874), 459.8573594093323), (np.float64(3191.029136046185), 464.73357129096985), (np.float64(2400.850230767408), 474.4373474121094), (np.float64(2109.4765596321668), 479.22838735580444), (np.float64(1714.079397748821), 493.06145191192627), (np.float64(1513.8668071178945), 1258.7134268283844), (np.float64(9868.181393847573), 1258.7374031543732), (np.float64(8290.60170303359), 1258.9545843601227), (np.float64(3606.7509118607904), 1264.0704143047333), (np.float64(3345.3837183585874), 1269.1758296489716), (np.float64(3191.029136046185), 1279.3158190250397), (np.float64(2400.850230767408), 1284.150791168213), (np.float64(2109.4765596321668), 1289.3098888397217), (np.float64(1714.079397748821), 1303.8870112895966), (np.float64(1513.8668071178945), 1376.6509401798248), (np.float64(1513.86680711788), 2497.829977989197), (np.float64(1513.8668071174216), 2507.785533428192), (np.float64(1236.72066249184), 3424.1512336730957), (np.float64(9868.181393847573), 3424.1753163337708), (np.float64(8290.60170303359), 3424.563374519348), (np.float64(3606.7509118607904), 3430.199409723282), (np.float64(3345.3837183585874), 3435.8813815116882), (np.float64(3191.029136046185), 3446.8160316944122), (np.float64(2400.850230767408), 3451.8601002693176), (np.float64(2109.4765596321668), 3457.4484343528748), (np.float64(1714.079397748821), 3472.6303639411926), (np.float64(1236.72066249184), 3597.3245611190796), (np.float64(1154.3751476515645), 3891.184639453888), (np.float64(1006.559741887464), 6670.983139753342), (np.float64(9868.181393847573), 6671.008099794388), (np.float64(8290.60170303359), 6671.27058506012), (np.float64(3606.7509118607904), 6677.071939468384), (np.float64(3345.3837183585874), 6683.625320672989), (np.float64(3191.029136046185), 6694.885697364807), (np.float64(2400.850230767408), 6700.060304641724), (np.float64(2151.316068137796), 6731.104425191879), (np.float64(1714.079397748821), 6736.311368942261), (np.float64(1513.8668071178945), 6851.524022102356), (np.float64(1236.72066249184), 6856.832788467407), (np.float64(1006.5597418874277), 6923.546183109283), (np.float64(776.3352745712218), 7047.018557071686)]
(REAL, NOT adjusted by restarts)probability of this sequence is: 1.531488261649858e-10
probability of this sequence is: 0.04130030885044852
uncertainty:
{'ate': np.float64(17997.664725414812), 'se': np.float64(601.2098408803652), 'ci': (np.float64(16819.310223227018), np.float64(19176.019227602606)), 'significant': np.True_}
checked:
2708
