Starting EXP29.6, type=probe, run 1/3
Job 68238542, task 63
loaded cached data
loaded cached data
loaded cached data
loaded cached data
loaded cached data
loaded cached data
START ATE IS: 0.06242247416707034
PROBE TRIGGERED! Error reduced from inf to 0.122 (ATE went to 0.062457788790065916).
PROBE TRIGGERED! Error reduced from 0.122 to 0.062 (ATE went to 0.001919054048601576).
***
FINISHED
ATE before: 0.06242247416707034
ATE now is: -0.005326026833369187
sequence is: (('bin_equal_frequency_2', 'wt'), ('norm_log', 'gestat10'))
***
Execution time: 27.320 sec
distances from ATE (with time):
[(np.float64(0.12242247416707033), 0), (np.float64(0.12242247416707033), 0.05021786689758301), (np.float64(0.12240926675585545), 0.21216440200805664), (np.float64(0.12237677148751983), 0.29160404205322266), (np.float64(0.12234780123755337), 0.7547914981842041), (np.float64(0.061919054048601575), 0.8537909984588623), (np.float64(0.12242247416707033), 0.8591582775115967), (np.float64(0.061919054048601575), 0.8929245471954346), (np.float64(0.061896742441455745), 20.40861749649048), (np.float64(0.06185001068281859), 20.455397367477417), (np.float64(0.061814666531808324), 20.517487049102783), (np.float64(0.06178161233042059), 20.900007963180542), (np.float64(0.06175596986467677), 20.92975354194641), (np.float64(0.05467397316663081), 27.319365739822388)]
uncertainty:
{'ate': np.float64(-0.005326026577705022), 'se': np.float64(0.008430099534050765), 'ci': (np.float64(-0.02185220769364493), np.float64(0.011200154538234886)), 'significant': np.False_}
checked:
1311
