Starting EXP30.8, type=probe_probs_no_restart, run 1/3
Job 68239845, task 165
loaded cached data
loaded cached data
loaded cached data
loaded cached data
loaded cached data
loaded cached data
START ATE IS: 8784.235317017916
***
FINISHED
ATE before: 8784.235317017916
ATE now is: 18726.876533806702
sequence is: (('norm_log', 'education'), ('bin_equal_width_5', 'education'), ('isolationForest', 'Age'))
***
Execution time: 3771.816 sec
distances from ATE (with time):
[(np.float64(9989.764682982084), 0), (np.float64(9989.764682981255), 0.6655106544494629), (np.float64(9989.764682975705), 2.8386847972869873), (np.float64(9923.441684610776), 5.378430366516113), (np.float64(8421.946898478314), 6.3094494342803955), (np.float64(3842.422988248267), 23.73179531097412), (np.float64(3807.5384364139118), 206.46258974075317), (np.float64(2594.0791212342774), 356.83026099205017), (np.float64(2171.107720212178), 688.3901336193085), (np.float64(1982.761305382217), 933.8892924785614), (np.float64(1443.6918488321935), 2254.098691225052), (np.float64(1215.8507795222358), 2725.210875272751), (np.float64(47.123466193297645), 3771.815578222275)]
probability of this sequence is: 1.8160387806644015e-07
uncertainty:
{'ate': np.float64(18726.876533799612), 'se': np.float64(440.88736243963086), 'ci': (np.float64(17862.75073051967), np.float64(19591.002337079553)), 'significant': np.True_}
checked:
2352
