Starting EXP28, type=probe_probs_no_restart, run 3/3
Job 68226991, task 14
loaded cached data
loaded cached data
loaded cached data
loaded cached data
loaded cached data
loaded cached data
START ATE IS: 8774.43320476426
***
FINISHED
ATE before: 8774.43320476426
ATE now is: 16556.46045228411
sequence is: (('bin_equal_frequency_10', 'Age'), ('norm_log', 'education'), ('isolationForest', 'Age'))
***
Execution time: 4369.529 sec
distances from ATE (with time):
[(np.float64(7725.56679523574), 0), (np.float64(7725.566795234679), 0.8214235305786133), (np.float64(7661.720210881365), 5.000866651535034), (np.float64(6162.798039486679), 6.154785871505737), (np.float64(2231.760637435067), 43.81776738166809), (np.float64(2201.107084748888), 342.22307658195496), (np.float64(1260.2798475693999), 368.2332682609558), (np.float64(705.5004659614369), 382.3610529899597), (np.float64(398.3508832120024), 556.6927545070648), (np.float64(139.44645082010902), 1003.6380658149719), (np.float64(139.4464508200872), 3358.3471686840057), (np.float64(139.4464508200399), 3702.631394147873), (np.float64(56.46045228411094), 4369.528029680252)]
probability of this sequence is: 3.632077561328803e-07
uncertainty:
{'ate': np.float64(16556.460452338262), 'se': np.float64(480.88032350494734), 'ci': (np.float64(15613.949867010246), np.float64(17498.971037666277)), 'significant': np.True_}
checked:
2061
