Starting EXP31.24, type=probe_probs_no_restart, run 1/3
Job 68225962, task 246
loaded cached data
loaded cached data
loaded cached data
loaded cached data
loaded cached data
loaded cached data
START ATE IS: 0.06272379791305076
***
FINISHED
ATE before: 0.06272379791305076
ATE now is: -0.004040707677035959
sequence is: (('norm_log', 'gestat10'), ('bin_equal_frequency_2', 'wt'))
***
Execution time: 12837.166 sec
distances from ATE (with time):
[(np.float64(0.12272379791305076), 0), (np.float64(0.12272379784898058), 0.006167173385620117), (np.float64(0.1227237976858991), 0.033519744873046875), (np.float64(0.12269935668514338), 0.21741890907287598), (np.float64(0.1186042291586959), 0.24027609825134277), (np.float64(0.09944050661141667), 5.876836776733398), (np.float64(0.09944050658697522), 24.626524686813354), (np.float64(0.09944050657016679), 24.636319637298584), (np.float64(0.09944050652940362), 24.645853757858276), (np.float64(0.09944050648920577), 24.684903860092163), (np.float64(0.09944050648871994), 24.696516513824463), (np.float64(0.0994170654793205), 40.98547649383545), (np.float64(0.08953952231213762), 41.01950788497925), (np.float64(0.08936779141392819), 57.770012855529785), (np.float64(0.08936779128150009), 346.5188248157501), (np.float64(0.08936779125628341), 346.79942440986633), (np.float64(0.08933902842326524), 455.29680609703064), (np.float64(0.08323759076642494), 460.294802904129), (np.float64(0.08323759073077001), 1609.2979838848114), (np.float64(0.08323759071452334), 1609.3403208255768), (np.float64(0.08112916236740035), 2595.0899651050568), (np.float64(0.06394541634984043), 4326.6344220638275), (np.float64(0.06394541632995179), 11523.822490930557), (np.float64(0.06394541632565194), 11523.849371671677), (np.float64(0.06394541631458936), 11523.869979381561), (np.float64(0.06393578977666624), 12837.129054307938), (np.float64(0.05595929232296404), 12837.16457104683)]
probability of this sequence is: 3.945707070707071e-14
uncertainty:
{'ate': np.float64(-0.004040707675788652), 'se': np.float64(0.006614763101449519), 'ci': (np.float64(-0.017007037187653326), np.float64(0.008925621836076024)), 'significant': np.False_}
checked:
528519
