Starting EXP30.9, type=probe_probs_no_restart, run 1/3
Job 68225889, task 174
loaded cached data
loaded cached data
loaded cached data
loaded cached data
loaded cached data
loaded cached data
START ATE IS: 8836.007644246232
***
FINISHED
ATE before: 8836.007644246232
ATE now is: 16508.885906852913
sequence is: (('zscore_filter_3', 'education'), ('isolationForest', 'Age'), ('norm_log', 'education'))
***
Execution time: 2462.178 sec
distances from ATE (with time):
[(np.float64(7663.992355753768), 0), (np.float64(7663.9923557534), 0.25521111488342285), (np.float64(7663.992355753238), 0.9662518501281738), (np.float64(7663.992355745564), 1.9902441501617432), (np.float64(7601.743477741411), 2.6853950023651123), (np.float64(6099.142494560687), 3.3627567291259766), (np.float64(1825.7477343154696), 16.95612096786499), (np.float64(1825.7477343147912), 92.3007869720459), (np.float64(1825.747734313427), 236.50442624092102), (np.float64(265.8887696474085), 353.4273729324341), (np.float64(265.8887696276215), 1155.1868941783905), (np.float64(8.88590685291274), 2462.17715716362)]
probability of this sequence is: 7.264155122657606e-07
uncertainty:
{'ate': np.float64(16508.885906857948), 'se': np.float64(469.9553233221445), 'ci': (np.float64(15587.787809022411), np.float64(17429.984004693484)), 'significant': np.True_}
checked:
1737
