Starting EXP29.9, type=probe_probs_with_restart, run 3/3
Job 68238599, task 98
loaded cached data
loaded cached data
loaded cached data
loaded cached data
loaded cached data
loaded cached data
START ATE IS: 0.06105577315374831
PROBE TRIGGERED! Error reduced from inf to 0.121 (ATE went to 0.06105577306960209).
PROBE TRIGGERED! Error reduced from 0.121 to 0.095 (ATE went to 0.035028252909911066).
PROBE TRIGGERED! Error reduced from 0.095 to 0.084 (ATE went to 0.024071287293171182).
***
FINISHED
ATE before: 0.06105577315374831
ATE now is: -0.00046529130915627784
sequence is: (('bin_equal_frequency_2', 'wt'),)
***
Execution time: 13724.173 sec
distances from ATE (with time):
[(np.float64(0.12105577315374831), 0), (np.float64(0.12105577306960208), 0.01012873649597168), (np.float64(0.12105577315374831), 0.015462398529052734), (np.float64(0.12105577306960208), 0.030286312103271484), (np.float64(0.12105577256422015), 0.07097482681274414), (np.float64(0.12105577246664066), 0.5796949863433838), (np.float64(0.12105577230101677), 0.6333374977111816), (np.float64(0.12105455173411883), 0.7442736625671387), (np.float64(0.12099709068534958), 0.771249532699585), (np.float64(0.11751213329125904), 0.9363570213317871), (np.float64(0.09502825290991107), 14.881372451782227), (np.float64(0.12105577315374831), 14.886919498443604), (np.float64(0.09502825290991107), 14.902648448944092), (np.float64(0.09502825279820576), 14.933761596679688), (np.float64(0.09502825256007737), 17.043317794799805), (np.float64(0.09502825235427755), 17.07736825942993), (np.float64(0.09502825231822176), 17.412224054336548), (np.float64(0.09502737809416123), 29.705544233322144), (np.float64(0.09499320052091945), 29.738402366638184), (np.float64(0.08594193403494449), 29.938300848007202), (np.float64(0.08407128729317118), 35.31452679634094), (np.float64(0.12105577315374831), 35.31968879699707), (np.float64(0.09502825290991107), 35.33447742462158), (np.float64(0.09502825279820576), 35.37941884994507), (np.float64(0.08744701574709411), 35.39714455604553), (np.float64(0.08407128729317118), 35.43084526062012), (np.float64(0.08407128689782181), 36.21145296096802), (np.float64(0.08407128667402843), 59.063905239105225), (np.float64(0.08407128666157898), 59.34698700904846), (np.float64(0.08407128659223964), 59.44840741157532), (np.float64(0.0840712861386562), 59.73688340187073), (np.float64(0.08398148126482434), 99.22930979728699), (np.float64(0.08226307205787188), 100.02018880844116), (np.float64(0.08145539072690272), 100.50211095809937), (np.float64(0.07806100969954459), 130.67115235328674), (np.float64(0.07805824715123671), 1029.6520674228668), (np.float64(0.07804981627209051), 1938.939757347107), (np.float64(0.0772650962056647), 9083.690417051315), (np.float64(0.07726509607273578), 9083.749534368515), (np.float64(0.07726509598662565), 9083.789073228836), (np.float64(0.07726509597732782), 9083.848707437515), (np.float64(0.07726478691411652), 10050.248772382736), (np.float64(0.07724556004177369), 10050.309675216675), (np.float64(0.07721543311675297), 10050.35037112236), (np.float64(0.07721138266377417), 10050.488956451416), (np.float64(0.07693159413759458), 10051.031495332718), (np.float64(0.05953470869084372), 13724.172427892685)]
(REAL, NOT adjusted by restarts)probability of this sequence is: 1.9607843137254904e-12
probability of this sequence is: 1.0039215686274514e-12
uncertainty:
{'ate': np.float64(-0.0004652914328008694), 'se': np.float64(0.007058914558036714), 'ci': (np.float64(-0.014302451530141059), np.float64(0.01337186866453932)), 'significant': np.False_}
checked:
536945
