Starting EXP30.1, type=probe_probs_with_restart, run 2/3
Job 68238612, task 106
loaded cached data
loaded cached data
loaded cached data
loaded cached data
loaded cached data
loaded cached data
START ATE IS: 8951.215485022965
PROBE TRIGGERED! Error reduced from inf to 9822.785 (ATE went to 8951.215485024362).
PROBE TRIGGERED! Error reduced from 9822.785 to 8332.473 (ATE went to 10441.526826351004).
PROBE TRIGGERED! Error reduced from 8332.473 to 3289.258 (ATE went to 15484.741979275726).
PROBE TRIGGERED! Error reduced from 3289.258 to 1863.515 (ATE went to 16910.484671016704).
***
FINISHED
ATE before: 8951.215485022965
ATE now is: 18255.707823173587
sequence is: (('norm_log', 'education'), ('bin_equal_width_5', 'education'), ('isolationForest', 'Age'))
***
Execution time: 443.337 sec
distances from ATE (with time):
[(np.float64(9822.784514977035), 0), (np.float64(9822.784514975638), 0.03191637992858887), (np.float64(9822.784514977035), 0.04429483413696289), (np.float64(9822.784514975638), 0.07992219924926758), (np.float64(9822.784514974783), 0.11753296852111816), (np.float64(9724.539561700369), 0.7392234802246094), (np.float64(8332.473173648996), 0.8003511428833008), (np.float64(9822.784514977035), 0.8111507892608643), (np.float64(9822.784514975638), 0.8440845012664795), (np.float64(8332.473173648996), 0.8736093044281006), (np.float64(8332.47317364899), 1.1098015308380127), (np.float64(8332.473173648188), 1.9859676361083984), (np.float64(8332.473173646915), 2.029787540435791), (np.float64(8279.368795105363), 2.2981655597686768), (np.float64(3289.2580207242736), 3.764721155166626), (np.float64(9822.784514977035), 3.7685353755950928), (np.float64(9822.784514975638), 3.795023202896118), (np.float64(8332.473173648996), 3.819129467010498), (np.float64(3289.2580207242736), 4.713848352432251), (np.float64(3289.25802072415), 5.747835397720337), (np.float64(3289.258020724101), 6.787463903427124), (np.float64(3289.2580207239007), 10.042694568634033), (np.float64(3200.260624220131), 15.37713074684143), (np.float64(3000.1092308385832), 16.270759105682373), (np.float64(1863.515328983296), 18.144426107406616), (np.float64(9822.784514977035), 18.148032665252686), (np.float64(3289.2580207242736), 19.034510374069214), (np.float64(3289.25802072415), 19.964784145355225), (np.float64(3200.260624220131), 20.968636512756348), (np.float64(3000.109230838696), 21.82861566543579), (np.float64(1863.515328983296), 23.556020498275757), (np.float64(1863.5153289829832), 81.35005640983582), (np.float64(1863.515328981306), 82.21455335617065), (np.float64(1863.5153289812333), 250.96950936317444), (np.float64(518.2921768264132), 443.33610701560974)]
(REAL, NOT adjusted by restarts)probability of this sequence is: 1.8160387806644015e-07
probability of this sequence is: 1.9460371921559475e-05
uncertainty:
{'ate': np.float64(18255.707823173638), 'se': np.float64(1218.856939038201), 'ci': (np.float64(15866.73840252557), np.float64(20644.677243821705)), 'significant': np.True_}
checked:
976
