Starting EXP30.1, type=probe, run 1/3
Job 68225800, task 99
loaded cached data
loaded cached data
loaded cached data
loaded cached data
loaded cached data
loaded cached data
START ATE IS: 8894.92406552465
PROBE TRIGGERED! Error reduced from inf to 9578.853 (ATE went to 6921.1469650752615).
PROBE TRIGGERED! Error reduced from 9578.853 to 7997.708 (ATE went to 8502.291947442538).
PROBE TRIGGERED! Error reduced from 7997.708 to 4926.869 (ATE went to 11573.131420089798).
PROBE TRIGGERED! Error reduced from 4926.869 to 2001.559 (ATE went to 14498.440757318229).
PROBE TRIGGERED! Error reduced from 2001.559 to 662.958 (ATE went to 17162.957755740663).
PROBE TRIGGERED! Error reduced from 662.958 to 450.628 (ATE went to 16049.372377441077).
PROBE TRIGGERED! Error reduced from 450.628 to 226.487 (ATE went to 16726.487097256715).
***
FINISHED
ATE before: 8894.92406552465
ATE now is: 16574.21880006459
sequence is: (('bin_equal_frequency_5', 'education'), ('isolationForest', 'Age'), ('norm_min_max', 'Age'), ('norm_log', 'education'))
***
Execution time: 2384.017 sec
distances from ATE (with time):
[(np.float64(7605.07593447535), 0), (np.float64(7605.07593447535), 0.04166150093078613), (np.float64(7605.07593447535), 0.16725659370422363), (np.float64(4926.868579910202), 1.1656076908111572), (np.float64(7605.07593447535), 1.1764805316925049), (np.float64(4926.868579910202), 1.283372163772583), (np.float64(2001.5592426817711), 5.285089015960693), (np.float64(7605.07593447535), 5.289578437805176), (np.float64(4926.868579910202), 5.35329008102417), (np.float64(2001.5592426817711), 6.2423529624938965), (np.float64(662.9577557406628), 8.038614749908447), (np.float64(7605.07593447535), 8.042890787124634), (np.float64(4926.868579910202), 8.072733640670776), (np.float64(2001.5592426817711), 8.959450960159302), (np.float64(662.9577557406628), 9.91077995300293), (np.float64(450.62762255892267), 15.433539867401123), (np.float64(7605.07593447535), 15.437466382980347), (np.float64(4926.868579910202), 15.499927282333374), (np.float64(2001.5592426817711), 16.39029049873352), (np.float64(450.62762255892267), 21.056421995162964), (np.float64(226.48709725671506), 61.82051658630371), (np.float64(7605.07593447535), 61.824400424957275), (np.float64(2001.5592426817711), 62.71721148490906), (np.float64(662.9577557406628), 63.67070531845093), (np.float64(226.48709725671506), 68.2162675857544), (np.float64(226.48709725623485), 271.93424797058105), (np.float64(226.4870972561548), 1172.501690864563), (np.float64(226.4870972561257), 1186.8842043876648), (np.float64(226.48709725608205), 1194.0827281475067), (np.float64(226.48709725607478), 1201.6519458293915), (np.float64(74.21880006459105), 2384.01633644104)]
uncertainty:
{'ate': np.float64(16574.21880006416), 'se': np.float64(1715.3416594441876), 'ci': (np.float64(13212.092215844146), np.float64(19936.345384284177)), 'significant': np.True_}
checked:
4876
