Starting EXP30.6, type=probe_probs_no_restart, run 3/3
Job 68239519, task 149
loaded cached data
loaded cached data
loaded cached data
loaded cached data
loaded cached data
loaded cached data
START ATE IS: 8938.523271624588
***
FINISHED
ATE before: 8938.523271624588
ATE now is: 17844.766173445467
sequence is: (('bin_equal_width_5', 'education'), ('isolationForest', 'Age'))
***
Execution time: 869.664 sec
distances from ATE (with time):
[(np.float64(9835.476728375412), 0), (np.float64(9835.47672837535), 0.20155620574951172), (np.float64(9835.476728374346), 1.5580143928527832), (np.float64(9770.279807979112), 2.1066629886627197), (np.float64(8279.844940295652), 2.624546766281128), (np.float64(3438.4003205888494), 12.163849592208862), (np.float64(3438.400320588793), 65.34714078903198), (np.float64(3431.2764400936285), 136.4906187057495), (np.float64(3320.521346258911), 247.4084234237671), (np.float64(3187.903314195253), 446.2937684059143), (np.float64(2716.2360393612507), 493.8088071346283), (np.float64(2466.846904173455), 732.1056115627289), (np.float64(929.2338265545332), 869.6635694503784)]
probability of this sequence is: 5.593399444446357e-06
uncertainty:
{'ate': np.float64(17844.7661734507), 'se': np.float64(606.1478306404717), 'ci': (np.float64(16656.73319672119), np.float64(19032.799150180206)), 'significant': np.True_}
checked:
1136
