Starting EXP31.48, type=probe_probs_with_restart, run 1/3
Job 68226367, task 321
loaded cached data
loaded cached data
loaded cached data
loaded cached data
loaded cached data
loaded cached data
START ATE IS: 0.06127435195534885
PROBE TRIGGERED! Error reduced from inf to 0.121 (ATE went to 0.061274352783425155).
PROBE TRIGGERED! Error reduced from 0.121 to 0.097 (ATE went to 0.03702486524164079).
PROBE TRIGGERED! Error reduced from 0.097 to 0.086 (ATE went to 0.02587910510976555).
PROBE TRIGGERED! Error reduced from 0.086 to 0.062 (ATE went to 0.001980075409901784).
***
FINISHED
ATE before: 0.06127435195534885
ATE now is: -0.00755768424029475
sequence is: (('IQR', 'gestat10'), ('bin_equal_frequency_2', 'wt'))
***
Execution time: 11728.932 sec
distances from ATE (with time):
[(np.float64(0.12127435195534886), 0), (np.float64(0.12127435195534886), 0.018318653106689453), (np.float64(0.1212743518375762), 0.16442465782165527), (np.float64(0.12127435179476398), 0.685429573059082), (np.float64(0.1212743515553745), 0.7332892417907715), (np.float64(0.12127063546714689), 0.8130013942718506), (np.float64(0.12124857133829196), 0.8289263248443604), (np.float64(0.12103989560549189), 0.9414942264556885), (np.float64(0.11751327924832862), 1.2228503227233887), (np.float64(0.09702486524164078), 14.378389358520508), (np.float64(0.12127435195534886), 14.38403868675232), (np.float64(0.09702486524164078), 14.400035381317139), (np.float64(0.09702486517089148), 16.421541929244995), (np.float64(0.09702486511183182), 16.438173532485962), (np.float64(0.09702486499844928), 16.491323709487915), (np.float64(0.09700262199243215), 28.081849575042725), (np.float64(0.09658904150854261), 28.199137926101685), (np.float64(0.08775680613339011), 28.48343825340271), (np.float64(0.08587910510976554), 33.45737171173096), (np.float64(0.12127435195534886), 33.46269106864929), (np.float64(0.09702486524164078), 33.47915077209473), (np.float64(0.08799511135936254), 33.53971004486084), (np.float64(0.08587910510976554), 33.574360609054565), (np.float64(0.08587910470667627), 34.294252157211304), (np.float64(0.08587910435053484), 55.190181493759155), (np.float64(0.08587910413405402), 55.7759952545166), (np.float64(0.0858791041252096), 56.18365406990051), (np.float64(0.08587841495273496), 58.864500761032104), (np.float64(0.0858699858087025), 59.838425159454346), (np.float64(0.08555065549060901), 92.44437742233276), (np.float64(0.08538984351874056), 93.2453260421753), (np.float64(0.08197188318538716), 94.69882392883301), (np.float64(0.07980070783316348), 119.43045592308044), (np.float64(0.07979955552973463), 453.8351500034332), (np.float64(0.07978820694845001), 1833.5421390533447), (np.float64(0.07978046132610053), 1837.3709132671356), (np.float64(0.06198007540990178), 11728.6299533844), (np.float64(0.12127435195534886), 11728.63511800766), (np.float64(0.09702486524164078), 11728.844540834427), (np.float64(0.06198007540990178), 11728.858356952667), (np.float64(0.052442315759705246), 11728.931381940842)]
(REAL, NOT adjusted by restarts)probability of this sequence is: 3.945707070707071e-15
probability of this sequence is: 0.03215515151528872
uncertainty:
{'ate': np.float64(-0.007557684217005423), 'se': np.float64(0.0068393921545791565), 'ci': (np.float64(-0.020964437578395424), np.float64(0.005849069144384581)), 'significant': np.False_}
checked:
419891
