Starting EXP37.6, type=probe_probs_no_restart, run 3/3
Job 68243111, task 536
loaded cached data
loaded cached data
loaded cached data
loaded cached data
loaded cached data
loaded cached data
START ATE IS: 39622.30642434973
***
FINISHED
ATE before: 39622.30642434973
ATE now is: 12517.11462185018
sequence is: (('IQR', 'sqft_lot'), ('IQR', 'sqft_basement'))
***
Execution time: 5.555 sec
distances from ATE (with time):
[(np.float64(29489.226424349727), 0), (np.float64(29489.226424000422), 0.005645036697387695), (np.float64(29489.22642252723), 0.015192031860351562), (np.float64(15981.23211418231), 0.024773120880126953), (np.float64(11064.46182383143), 0.10573935508728027), (np.float64(5194.445261851573), 0.31973814964294434), (np.float64(5194.4452614616075), 1.820556402206421), (np.float64(5173.706452952318), 3.973068952560425), (np.float64(2384.03462185018), 5.55495810508728)]
probability of this sequence is: 0.00022956841138659323
uncertainty:
{'ate': np.float64(12517.114623496687), 'se': np.float64(29555.75299352094), 'ci': (np.float64(-45420.6441754706), np.float64(70454.87342246398)), 'significant': np.False_}
checked:
453
