Starting EXP33.1, type=probe, run 3/3
Job 68241853, task 344
loaded cached data
loaded cached data
loaded cached data
loaded cached data
loaded cached data
loaded cached data
START ATE IS: 0.061323487827131574
PROBE TRIGGERED! Error reduced from inf to 0.121 (ATE went to 0.06133003433445259).
PROBE TRIGGERED! Error reduced from 0.121 to 0.062 (ATE went to 0.0019593815021162683).
***
FINISHED
ATE before: 0.061323487827131574
ATE now is: -0.005384345354062895
sequence is: (('bin_equal_frequency_2', 'wt'), ('norm_log', 'gestat10'))
***
Execution time: 30.389 sec
distances from ATE (with time):
[(np.float64(0.12132348782713157), 0), (np.float64(0.12132348782713157), 0.05804562568664551), (np.float64(0.12131956703434166), 0.24486804008483887), (np.float64(0.12130306779949579), 0.8397791385650635), (np.float64(0.12129993163702574), 0.8595833778381348), (np.float64(0.12129361786829963), 0.8788447380065918), (np.float64(0.12128751566471117), 0.9156146049499512), (np.float64(0.12128213185704406), 0.9349126815795898), (np.float64(0.061959381502116266), 0.9738101959228516), (np.float64(0.12132348782713157), 0.9809901714324951), (np.float64(0.061959381502116266), 1.0200953483581543), (np.float64(0.061953924508620035), 22.450220346450806), (np.float64(0.061952296050523596), 22.48749041557312), (np.float64(0.06192110575018659), 22.580774068832397), (np.float64(0.061920980318480354), 22.65585994720459), (np.float64(0.06188308460731291), 23.06347155570984), (np.float64(0.0546156546459371), 30.388773679733276)]
uncertainty:
{'ate': np.float64(-0.00538434534380515), 'se': np.float64(0.006569764643922853), 'ci': (np.float64(-0.018262472961803805), np.float64(0.007493782274193504)), 'significant': np.False_}
checked:
1315
