Starting EXP30.4, type=probe, run 3/3
Job 68239472, task 128
loaded cached data
loaded cached data
loaded cached data
loaded cached data
loaded cached data
loaded cached data
START ATE IS: 8644.37684190997
PROBE TRIGGERED! Error reduced from inf to 12092.753 (ATE went to 6681.247256261449).
PROBE TRIGGERED! Error reduced from 12092.753 to 10550.353 (ATE went to 8223.647224857192).
PROBE TRIGGERED! Error reduced from 10550.353 to 7532.973 (ATE went to 11241.026688521406).
PROBE TRIGGERED! Error reduced from 7532.973 to 1249.424 (ATE went to 17524.57581222294).
***
FINISHED
ATE before: 8644.37684190997
ATE now is: 18957.10694378571
sequence is: (('isolationForest', 'Age'), ('bin_equal_width_2', 'education'), ('bin_equal_frequency_2', 'Age'))
***
Execution time: 65.196 sec
distances from ATE (with time):
[(np.float64(10129.62315809003), 0), (np.float64(10129.62315809003), 0.1790766716003418), (np.float64(10129.62315809003), 0.6840288639068604), (np.float64(7532.973311478594), 3.9888486862182617), (np.float64(10129.62315809003), 4.0208868980407715), (np.float64(7532.973311478594), 4.374962329864502), (np.float64(1249.4241877770583), 16.274904012680054), (np.float64(10129.62315809003), 16.28820490837097), (np.float64(7532.973311478594), 16.509246587753296), (np.float64(1249.4241877770583), 19.139386653900146), (np.float64(1129.2815491250221), 27.3259916305542), (np.float64(183.10694378571134), 65.19532513618469)]
uncertainty:
{'ate': np.float64(18957.106943784842), 'se': np.float64(737.9827149313815), 'ci': (np.float64(17510.678263675774), np.float64(20403.53562389391)), 'significant': np.True_}
checked:
222
