Starting EXP33.1, type=probe, run 1/3
Job 68241851, task 342
loaded cached data
loaded cached data
loaded cached data
loaded cached data
loaded cached data
loaded cached data
START ATE IS: 0.061323487827131574
PROBE TRIGGERED! Error reduced from inf to 0.121 (ATE went to 0.06133003433445259).
PROBE TRIGGERED! Error reduced from 0.121 to 0.062 (ATE went to 0.0019593815021162683).
***
FINISHED
ATE before: 0.061323487827131574
ATE now is: -0.005384345354062895
sequence is: (('bin_equal_frequency_2', 'wt'), ('norm_log', 'gestat10'))
***
Execution time: 30.516 sec
distances from ATE (with time):
[(np.float64(0.12132348782713157), 0), (np.float64(0.12132348782713157), 0.058359622955322266), (np.float64(0.12131956703434166), 0.24659180641174316), (np.float64(0.12130306779949579), 0.8593988418579102), (np.float64(0.12129993163702574), 0.8788554668426514), (np.float64(0.12129361786829963), 0.8988046646118164), (np.float64(0.12128751566471117), 0.9356253147125244), (np.float64(0.12128213185704406), 0.9548425674438477), (np.float64(0.061959381502116266), 0.9933807849884033), (np.float64(0.12132348782713157), 1.0004446506500244), (np.float64(0.061959381502116266), 1.039717674255371), (np.float64(0.061953924508620035), 22.535135507583618), (np.float64(0.061952296050523596), 22.57150959968567), (np.float64(0.06192110575018659), 22.661967277526855), (np.float64(0.061920980318480354), 22.734297275543213), (np.float64(0.06188308460731291), 23.12653112411499), (np.float64(0.0546156546459371), 30.515286445617676)]
uncertainty:
{'ate': np.float64(-0.00538434534380515), 'se': np.float64(0.006569764643922853), 'ci': (np.float64(-0.018262472961803805), np.float64(0.007493782274193504)), 'significant': np.False_}
checked:
1315
