Starting EXP31.33, type=probe, run 1/3
Job 68240028, task 270
loaded cached data
loaded cached data
loaded cached data
loaded cached data
loaded cached data
loaded cached data
START ATE IS: 0.061339602108275
PROBE TRIGGERED! Error reduced from inf to 0.121 (ATE went to 0.061281529861163274).
PROBE TRIGGERED! Error reduced from 0.121 to 0.062 (ATE went to 0.002021577359794223).
***
FINISHED
ATE before: 0.061339602108275
ATE now is: -0.0053539625411512855
sequence is: (('bin_equal_frequency_2', 'wt'), ('norm_log', 'gestat10'))
***
Execution time: 16.970 sec
distances from ATE (with time):
[(np.float64(0.12133960210827499), 0), (np.float64(0.12128152986116328), 0.057730674743652344), (np.float64(0.12133960210827499), 0.06307673454284668), (np.float64(0.12128152986116328), 0.07723808288574219), (np.float64(0.062021577359794224), 0.4553349018096924), (np.float64(0.12133960210827499), 0.46054577827453613), (np.float64(0.12128152986116328), 0.4742867946624756), (np.float64(0.062021577359794224), 0.48857760429382324), (np.float64(0.06201248864824598), 0.5056936740875244), (np.float64(0.06199026775495297), 13.09677505493164), (np.float64(0.061965268521175024), 13.281343698501587), (np.float64(0.06194570267093141), 13.391193866729736), (np.float64(0.05464603745884871), 16.969961404800415)]
uncertainty:
{'ate': np.float64(-0.0053539625728019485), 'se': np.float64(0.006572401773703445), 'ci': (np.float64(-0.018237256475440958), np.float64(0.007529331329837059)), 'significant': np.False_}
checked:
836
