Starting EXP29.3, type=probe, run 2/3
Job 68225179, task 37
loaded cached data
loaded cached data
loaded cached data
loaded cached data
loaded cached data
loaded cached data
START ATE IS: 0.05534288024968897
PROBE TRIGGERED! Error reduced from inf to 0.115 (ATE went to 0.0552745949584356).
***
FINISHED
ATE before: 0.05534288024968897
ATE now is: -0.004804412069720748
sequence is: (('bin_equal_frequency_2', 'wt'),)
***
Execution time: 0.527 sec
distances from ATE (with time):
[(np.float64(0.11534288024968897), 0), (np.float64(0.11527459495843559), 0.027585506439208984), (np.float64(0.11534288024968897), 0.03146529197692871), (np.float64(0.11527459495843559), 0.04210638999938965), (np.float64(0.11502299203097098), 0.46576642990112305), (np.float64(0.05519558793027925), 0.5270719528198242)]
uncertainty:
{'ate': np.float64(-0.00480440989659446), 'se': np.float64(0.012112409929952874), 'ci': (np.float64(-0.028554418943320215), np.float64(0.018945599150131293)), 'significant': np.False_}
checked:
54
