Starting EXP31.48, type=probe, run 3/3
Job 68226284, task 317
loaded cached data
loaded cached data
loaded cached data
loaded cached data
loaded cached data
loaded cached data
START ATE IS: 0.06141112757438054
PROBE TRIGGERED! Error reduced from inf to 0.121 (ATE went to 0.061398412053308225).
PROBE TRIGGERED! Error reduced from 0.121 to 0.062 (ATE went to 0.0020437107649754283).
***
FINISHED
ATE before: 0.06141112757438054
ATE now is: -0.005365338787225915
sequence is: (('bin_equal_frequency_2', 'wt'), ('norm_log', 'gestat10'))
***
Execution time: 27.691 sec
distances from ATE (with time):
[(np.float64(0.12141112757438054), 0), (np.float64(0.12139841205330823), 0.01312112808227539), (np.float64(0.12141112757438054), 0.019914627075195312), (np.float64(0.12139841205330823), 0.038036346435546875), (np.float64(0.12136805215762361), 0.05589604377746582), (np.float64(0.062043710764975425), 0.7036850452423096), (np.float64(0.12141112757438054), 0.7102851867675781), (np.float64(0.12139841205330823), 0.7279238700866699), (np.float64(0.062043710764975425), 0.7453320026397705), (np.float64(0.06203809562121555), 0.7668311595916748), (np.float64(0.06203625840548931), 20.831541061401367), (np.float64(0.062006014988831896), 20.95674204826355), (np.float64(0.06200530406788923), 20.974647283554077), (np.float64(0.06196522757527597), 21.378520011901855), (np.float64(0.054634661212774084), 27.689980030059814)]
uncertainty:
{'ate': np.float64(-0.0053653387645251766), 'se': np.float64(0.006578829998022618), 'ci': (np.float64(-0.018261235883902438), np.float64(0.007530558354852083)), 'significant': np.False_}
checked:
1225
