Starting EXP34.2, type=probe_probs_with_restart, run 1/3
Job 68241935, task 402
loaded cached data
loaded cached data
loaded cached data
loaded cached data
loaded cached data
loaded cached data
START ATE IS: 8774.433204825878
PROBE TRIGGERED! Error reduced from inf to 9999.567 (ATE went to 8774.433204821087).
PROBE TRIGGERED! Error reduced from 9999.567 to 8436.798 (ATE went to 10337.20196056049).
PROBE TRIGGERED! Error reduced from 8436.798 to 3590.153 (ATE went to 15183.84705703298).
PROBE TRIGGERED! Error reduced from 3590.153 to 2563.211 (ATE went to 16210.789174606027).
PROBE TRIGGERED! Error reduced from 2563.211 to 1847.863 (ATE went to 16926.136924677197).
PROBE TRIGGERED! Error reduced from 1847.863 to 1497.303 (ATE went to 17276.697280070795).
PROBE TRIGGERED! Error reduced from 1497.303 to 1165.076 (ATE went to 17608.924106781258).
***
FINISHED
ATE before: 8774.433204825878
ATE now is: 19607.63312804572
sequence is: (('norm_log', 'education'), ('bin_equal_width_5', 'education'), ('isolationForest', 'Age'))
***
Execution time: 10549.135 sec
distances from ATE (with time):
[(np.float64(9999.566795174122), 0), (np.float64(9999.566795174122), 0.9527101516723633), (np.float64(9935.720210799183), 21.618087768554688), (np.float64(8436.79803943951), 23.3391535282135), (np.float64(9999.566795174122), 23.644195556640625), (np.float64(8436.79803943951), 25.428553819656372), (np.float64(8422.648919991523), 67.74083185195923), (np.float64(3590.152942967021), 101.17503261566162), (np.float64(9999.566795174122), 101.27354073524475), (np.float64(8436.79803943951), 103.09491801261902), (np.float64(3590.152942967021), 117.91589593887329), (np.float64(3590.152942965193), 138.64384627342224), (np.float64(3590.1529429636703), 229.26374793052673), (np.float64(3574.7174223066286), 324.9840021133423), (np.float64(3313.233728710593), 341.15802216529846), (np.float64(2563.210825393973), 910.2860527038574), (np.float64(9999.566795174122), 910.369610786438), (np.float64(3590.152942967021), 924.831591129303), (np.float64(3590.152942965193), 941.6245694160461), (np.float64(3313.233728712268), 960.9652111530304), (np.float64(2563.210825393973), 1017.7056651115417), (np.float64(1847.8630753228026), 1958.9425582885742), (np.float64(9999.566795174122), 1959.0349264144897), (np.float64(8436.79803943951), 1960.8340582847595), (np.float64(3590.152942967021), 1976.6460402011871), (np.float64(3590.152942965193), 1993.0393452644348), (np.float64(2563.210825393973), 2038.497085094452), (np.float64(2262.8448430548124), 2117.0406398773193), (np.float64(1847.8630753228026), 2329.6048011779785), (np.float64(1765.0372188702058), 3179.4128744602203), (np.float64(1497.3027199292046), 3847.1928770542145), (np.float64(9999.566795174122), 3847.271050930023), (np.float64(3590.152942967021), 3861.4793016910553), (np.float64(3313.233728712268), 3878.8626170158386), (np.float64(2563.210825393973), 3919.9117805957794), (np.float64(1847.863075327703), 3996.8813440799713), (np.float64(1765.0372188702058), 4180.251535892487), (np.float64(1165.0758932187418), 4500.965734958649), (np.float64(9999.566795174122), 4501.03972530365), (np.float64(8436.79803943951), 4501.844338655472), (np.float64(3590.152942967021), 4516.512086391449), (np.float64(3313.233728712268), 4531.920948028564), (np.float64(2563.210825393973), 4572.98982834816), (np.float64(1847.863075327703), 4617.824091911316), (np.float64(1765.0372188702058), 4729.870159864426), (np.float64(1165.0758932187418), 4854.233009815216), (np.float64(1165.0758932186072), 7145.197008609772), (np.float64(1165.0758932180215), 7171.896340370178), (np.float64(1165.07589291787), 7198.995795249939), (np.float64(833.6331280457198), 10549.134713411331)]
(REAL, NOT adjusted by restarts)probability of this sequence is: 1.8160387806644015e-07
probability of this sequence is: 7.342749196304577e-05
uncertainty:
{'ate': np.float64(19471.147705366377), 'se': np.float64(378.06071318793715), 'ci': (np.float64(18730.16145315108), np.float64(20212.133957581675)), 'significant': np.True_}
checked:
1766
