Starting EXP31.15, type=probe_probs_no_restart, run 1/3
Job 68225934, task 219
loaded cached data
loaded cached data
loaded cached data
loaded cached data
loaded cached data
loaded cached data
START ATE IS: -0.02489110143124038
***
FINISHED
ATE before: -0.02489110143124038
ATE now is: -0.02489110143124038
sequence is: (('norm_min_max', 'chyper'),)
***
Execution time: 0.007 sec
distances from ATE (with time):
[(np.float64(0.03510889856875962), 0)]
probability of this sequence is: 0.03852813852813853
uncertainty:
{'ate': np.float64(-0.024891101431242985), 'se': np.float64(0.007388243603845411), 'ci': (np.float64(-0.03937361400737542), np.float64(-0.010408588855110546)), 'significant': np.True_}
checked:
1
