Starting EXP32.6, type=probe_probs_no_restart, run 3/3
Job 68241821, task 338
loaded cached data
loaded cached data
loaded cached data
loaded cached data
loaded cached data
loaded cached data
START ATE IS: 8570.897430974348
***
FINISHED
ATE before: 8570.897430974348
ATE now is: 17802.385465095398
sequence is: (('zscore_clip_3', 'education'), ('norm_min_max', 'education'), ('bin_equal_frequency_5', 'education'), ('isolationForest', 'education'))
***
Execution time: 7752.001 sec
distances from ATE (with time):
[(np.float64(10203.102569025652), 0), (np.float64(10203.102569024499), 0.7071504592895508), (np.float64(10203.102569023722), 2.332272529602051), (np.float64(8658.397915916437), 2.738517999649048), (np.float64(7085.297999755829), 22.02143430709839), (np.float64(7085.297999754237), 115.3411283493042), (np.float64(6844.251534144936), 190.516254901886), (np.float64(6635.738541166424), 237.10154175758362), (np.float64(4244.474522326511), 342.5952777862549), (np.float64(3344.9208040425256), 692.5652284622192), (np.float64(1871.4036662600083), 1609.107038974762), (np.float64(1376.9009621236655), 3443.1996715068817), (np.float64(971.6145349046019), 7751.999902963638)]
probability of this sequence is: 7.936252527735143e-09
uncertainty:
{'ate': np.float64(17802.38546509921), 'se': np.float64(483.77444458461594), 'ci': (np.float64(16854.202468482785), np.float64(18750.568461715637)), 'significant': np.True_}
checked:
4078
