Starting EXP31.9, type=probe_probs_no_restart, run 1/3
Job 68225916, task 201
loaded cached data
loaded cached data
loaded cached data
loaded cached data
loaded cached data
loaded cached data
START ATE IS: -0.02466386483692133
***
FINISHED
ATE before: -0.02466386483692133
ATE now is: -0.02466386483692133
sequence is: (('norm_min_max', 'incervix'),)
***
Execution time: 0.004 sec
distances from ATE (with time):
[(np.float64(0.035336135163078666), 0)]
probability of this sequence is: 0.06421356421356422
uncertainty:
{'ate': np.float64(-0.02466386483692358), 'se': np.float64(0.007334001693371498), 'ci': (np.float64(-0.03904005072503442), np.float64(-0.01028767894881274)), 'significant': np.True_}
checked:
1
