Starting EXP30.2, type=probe, run 1/3
Job 68225811, task 108
loaded cached data
loaded cached data
loaded cached data
loaded cached data
loaded cached data
loaded cached data
START ATE IS: 8441.080889995992
PROBE TRIGGERED! Error reduced from inf to 9975.974 (ATE went to 6524.026037910525).
PROBE TRIGGERED! Error reduced from 9975.974 to 8439.781 (ATE went to 8060.219044963452).
PROBE TRIGGERED! Error reduced from 8439.781 to 5450.624 (ATE went to 11049.37583268017).
PROBE TRIGGERED! Error reduced from 5450.624 to 2100.410 (ATE went to 14399.590319036402).
PROBE TRIGGERED! Error reduced from 2100.410 to 345.093 (ATE went to 16845.093043975).
***
FINISHED
ATE before: 8441.080889995992
ATE now is: 16506.020277626256
sequence is: (('isolationForest', 'Age'), ('bin_equal_frequency_5', 'Age'), ('bin_equal_width_2', 'education'))
***
Execution time: 127.359 sec
distances from ATE (with time):
[(np.float64(8058.919110004008), 0), (np.float64(8058.919110004008), 0.09702801704406738), (np.float64(8058.919110004008), 0.34566831588745117), (np.float64(5450.624167319829), 2.348263740539551), (np.float64(8058.919110004008), 2.371241331100464), (np.float64(5450.624167319829), 2.585951328277588), (np.float64(2100.4096809635976), 9.826173305511475), (np.float64(8058.919110004008), 9.83390188217163), (np.float64(5450.624167319829), 9.962011575698853), (np.float64(2100.4096809635976), 11.549986839294434), (np.float64(345.0930439750009), 14.778038024902344), (np.float64(8058.919110004008), 14.78563904762268), (np.float64(5450.624167319829), 14.84786319732666), (np.float64(2100.4096809635976), 16.428788423538208), (np.float64(345.0930439750009), 18.140361547470093), (np.float64(6.020277626255847), 127.3585877418518)]
uncertainty:
{'ate': np.float64(16506.02027762682), 'se': np.float64(953.5841863255546), 'ci': (np.float64(14637.006502935452), np.float64(18375.034052318188)), 'significant': np.True_}
checked:
387
