Starting EXP31.18, type=probe_probs_with_restart, run 3/3
Job 68239921, task 233
loaded cached data
loaded cached data
loaded cached data
loaded cached data
loaded cached data
loaded cached data
START ATE IS: 0.06285674231823868
PROBE TRIGGERED! Error reduced from inf to 0.123 (ATE went to 0.06285674231874079).
PROBE TRIGGERED! Error reduced from 0.123 to 0.100 (ATE went to 0.039528876857869745).
PROBE TRIGGERED! Error reduced from 0.100 to 0.089 (ATE went to 0.02948819615550991).
PROBE TRIGGERED! Error reduced from 0.089 to 0.079 (ATE went to 0.018772733053799614).
PROBE TRIGGERED! Error reduced from 0.079 to 0.064 (ATE went to 0.0038071274143239844).
***
FINISHED
ATE before: 0.06285674231823868
ATE now is: -0.004255613509030594
sequence is: (('norm_log', 'gestat10'), ('bin_equal_frequency_2', 'wt'))
***
Execution time: 5130.555 sec
distances from ATE (with time):
[(np.float64(0.12285674231823868), 0), (np.float64(0.12285674231823868), 0.010309696197509766), (np.float64(0.12285674231819255), 0.11563754081726074), (np.float64(0.12285261676035378), 0.15299296379089355), (np.float64(0.1191841240447755), 0.16804718971252441), (np.float64(0.11868389943629698), 0.25982165336608887), (np.float64(0.09952887685786974), 5.262686729431152), (np.float64(0.12285674231823868), 5.265352249145508), (np.float64(0.09952887685786974), 5.273228406906128), (np.float64(0.09952887685786962), 5.810397624969482), (np.float64(0.09952835255458553), 6.161718368530273), (np.float64(0.09952507535759572), 6.258396863937378), (np.float64(0.0995193839938334), 6.305997610092163), (np.float64(0.0894881961555099), 6.3207848072052), (np.float64(0.12285674231823868), 6.323153495788574), (np.float64(0.09952887685786974), 6.3302390575408936), (np.float64(0.0894881961555099), 6.357542276382446), (np.float64(0.08948819615550127), 6.4942240715026855), (np.float64(0.08948819615549955), 11.662046432495117), (np.float64(0.08948819615549466), 11.72457242012024), (np.float64(0.08714989032666413), 12.142285823822021), (np.float64(0.0871498903266534), 22.432178258895874), (np.float64(0.0834848187484162), 25.254558563232422), (np.float64(0.08308371167174969), 26.436347007751465), (np.float64(0.08094285585788139), 42.598642110824585), (np.float64(0.08094254162424358), 207.2252218723297), (np.float64(0.08089797183349158), 260.5532455444336), (np.float64(0.0808644721802375), 312.2738046646118), (np.float64(0.07877273305379962), 349.2609009742737), (np.float64(0.12285674231823868), 349.26337027549744), (np.float64(0.09952887685786974), 349.27565336227417), (np.float64(0.0894881961555099), 349.5051779747009), (np.float64(0.08452103288305304), 350.877562046051), (np.float64(0.08308371167174969), 351.0924611091614), (np.float64(0.07877273305379962), 356.1134295463562), (np.float64(0.07873373434109948), 356.32328724861145), (np.float64(0.07873373434109418), 496.8427894115448), (np.float64(0.0766239063993906), 585.4286711215973), (np.float64(0.0761505918521868), 595.1249027252197), (np.float64(0.07607989138982914), 2596.2991178035736), (np.float64(0.06380712741432398), 5130.250182151794), (np.float64(0.12285674231823868), 5130.2526733875275), (np.float64(0.09952887685786974), 5130.28942656517), (np.float64(0.06380712741432398), 5130.302305936813), (np.float64(0.055744386490969404), 5130.554385900497)]
(REAL, NOT adjusted by restarts)probability of this sequence is: 7.014590347923681e-14
probability of this sequence is: 0.058427474748006566
uncertainty:
{'ate': np.float64(-0.004255613509027742), 'se': np.float64(0.006619365944198385), 'ci': (np.float64(-0.017230964544026863), np.float64(0.00871973752597138)), 'significant': np.False_}
checked:
103359
