Starting EXP31.36, type=probe, run 3/3
Job 68226137, task 281
loaded cached data
loaded cached data
loaded cached data
loaded cached data
loaded cached data
loaded cached data
START ATE IS: 0.06206850112952677
PROBE TRIGGERED! Error reduced from inf to 0.132 (ATE went to 0.07167866424051848).
PROBE TRIGGERED! Error reduced from 0.132 to 0.062 (ATE went to 0.002482827074896819).
***
FINISHED
ATE before: 0.06206850112952677
ATE now is: -0.005053600144137331
sequence is: (('bin_equal_frequency_2', 'wt'), ('norm_log', 'gestat10'))
***
Execution time: 18.017 sec
distances from ATE (with time):
[(np.float64(0.12206850112952677), 0), (np.float64(0.12206850112952677), 0.015983104705810547), (np.float64(0.062482827074896816), 0.11241960525512695), (np.float64(0.12206850112952677), 0.11856293678283691), (np.float64(0.062482827074896816), 0.14820456504821777), (np.float64(0.06248103663793245), 13.920576333999634), (np.float64(0.06245381312107821), 13.935253620147705), (np.float64(0.062447822768803354), 14.233471393585205), (np.float64(0.054946399855862665), 18.016671657562256)]
uncertainty:
{'ate': np.float64(-0.005053600144133905), 'se': np.float64(0.006596296101002269), 'ci': (np.float64(-0.017983732477631596), np.float64(0.007876532189363787)), 'significant': np.False_}
checked:
851
