Starting EXP31.42, type=probe_probs_with_restart, run 2/3
Job 68241719, task 304
loaded cached data
loaded cached data
loaded cached data
loaded cached data
loaded cached data
loaded cached data
START ATE IS: 0.06135004469417202
PROBE TRIGGERED! Error reduced from inf to 0.121 (ATE went to 0.06135004483772371).
PROBE TRIGGERED! Error reduced from 0.121 to 0.097 (ATE went to 0.03706486898623172).
PROBE TRIGGERED! Error reduced from 0.097 to 0.086 (ATE went to 0.025966321860805292).
PROBE TRIGGERED! Error reduced from 0.086 to 0.062 (ATE went to 0.002033973277177627).
***
FINISHED
ATE before: 0.06135004469417202
ATE now is: -0.0074237221415317176
sequence is: (('IQR', 'gestat10'), ('bin_equal_frequency_2', 'wt'))
***
Execution time: 7812.344 sec
distances from ATE (with time):
[(np.float64(0.12135004469417202), 0), (np.float64(0.12135004469417202), 0.018558979034423828), (np.float64(0.12135004457075199), 0.16239309310913086), (np.float64(0.12135004419636017), 0.32809019088745117), (np.float64(0.12134565742924797), 0.5689113140106201), (np.float64(0.12133371636334869), 0.5940613746643066), (np.float64(0.11840369322769269), 0.6331167221069336), (np.float64(0.11760203981923445), 0.8271322250366211), (np.float64(0.11760203953731292), 2.892235040664673), (np.float64(0.09706486898623172), 12.968833923339844), (np.float64(0.12135004469417202), 12.973539590835571), (np.float64(0.09706486898623172), 12.989485263824463), (np.float64(0.09706486820637364), 13.01986837387085), (np.float64(0.09706486813085236), 14.709689140319824), (np.float64(0.09705724101536499), 23.858100652694702), (np.float64(0.09704557700697551), 23.88869595527649), (np.float64(0.09703542582604388), 25.202110290527344), (np.float64(0.08781354271629954), 25.502543210983276), (np.float64(0.08596632186080529), 28.834042072296143), (np.float64(0.12135004469417202), 28.83848524093628), (np.float64(0.09706486898623172), 28.853577852249146), (np.float64(0.09706486820637364), 28.895049810409546), (np.float64(0.08806380915568748), 28.909380674362183), (np.float64(0.08596632186080529), 28.940181970596313), (np.float64(0.0859663210939404), 44.46185517311096), (np.float64(0.0859552893483622), 55.33330845832825), (np.float64(0.08595201973672068), 55.71942114830017), (np.float64(0.08204627669780032), 56.22997426986694), (np.float64(0.07989521966748453), 56.247801542282104), (np.float64(0.07986394115482587), 697.4201991558075), (np.float64(0.07986365170186488), 697.6613323688507), (np.float64(0.07986365170181157), 3020.543699502945), (np.float64(0.07984278518886893), 4090.238970041275), (np.float64(0.07945505434279208), 6091.728794336319), (np.float64(0.07939780728208568), 6092.776018619537), (np.float64(0.07880734893787766), 6093.825459241867), (np.float64(0.0786708317593838), 6094.8677887916565), (np.float64(0.06203397327717763), 7812.1061997413635), (np.float64(0.12135004469417202), 7812.110795259476), (np.float64(0.09706486898623172), 7812.253190755844), (np.float64(0.06203397327717763), 7812.267489671707), (np.float64(0.05257627785846828), 7812.3436191082)]
(REAL, NOT adjusted by restarts)probability of this sequence is: 5.153576582148011e-15
probability of this sequence is: 0.03217731601747293
uncertainty:
{'ate': np.float64(-0.007423722126984986), 'se': np.float64(0.006839930164180465), 'ci': (np.float64(-0.020831528923110097), np.float64(0.005984084669140124)), 'significant': np.False_}
checked:
252881
