Starting EXP29.2, type=probe, run 3/3
Job 68238231, task 29
loaded cached data
loaded cached data
loaded cached data
loaded cached data
loaded cached data
loaded cached data
START ATE IS: 0.050812340486653416
PROBE TRIGGERED! Error reduced from inf to 0.111 (ATE went to 0.050711437952452525).
***
FINISHED
ATE before: 0.050812340486653416
ATE now is: -0.010765523079025214
sequence is: (('bin_equal_frequency_2', 'wt'),)
***
Execution time: 0.482 sec
distances from ATE (with time):
[(np.float64(0.11081234048665342), 0), (np.float64(0.11071143795245253), 0.024631261825561523), (np.float64(0.11081234048665342), 0.028825759887695312), (np.float64(0.11071143795245253), 0.038863182067871094), (np.float64(0.11051009480753268), 0.0663900375366211), (np.float64(0.11039001594533059), 0.4053161144256592), (np.float64(0.10993599252026931), 0.4621093273162842), (np.float64(0.04923447692097478), 0.48143839836120605)]
uncertainty:
{'ate': np.float64(-0.010765522371518335), 'se': np.float64(0.01522894591061267), 'ci': (np.float64(-0.040632977662262405), np.float64(0.01910193291922574)), 'significant': np.False_}
checked:
54
