Starting EXP31.48, type=probe, run 1/3
Job 68226282, task 315
loaded cached data
loaded cached data
loaded cached data
loaded cached data
loaded cached data
loaded cached data
START ATE IS: 0.06130862501171166
PROBE TRIGGERED! Error reduced from inf to 0.131 (ATE went to 0.07101733826141456).
PROBE TRIGGERED! Error reduced from 0.131 to 0.062 (ATE went to 0.001951518947985217).
***
FINISHED
ATE before: 0.06130862501171166
ATE now is: -0.005388662384443111
sequence is: (('bin_equal_frequency_2', 'wt'), ('norm_log', 'gestat10'))
***
Execution time: 26.813 sec
distances from ATE (with time):
[(np.float64(0.12130862501171166), 0), (np.float64(0.12130862501171166), 0.02002573013305664), (np.float64(0.12129855706215817), 0.106170654296875), (np.float64(0.061951518947985215), 0.36957526206970215), (np.float64(0.12130862501171166), 0.3765268325805664), (np.float64(0.061951518947985215), 0.41249871253967285), (np.float64(0.061949036567086106), 20.12098002433777), (np.float64(0.06191343083326291), 20.1387677192688), (np.float64(0.06187745681128824), 20.612048864364624), (np.float64(0.054611337615556886), 26.812400341033936)]
uncertainty:
{'ate': np.float64(-0.005388662354845794), 'se': np.float64(0.006569709796990828), 'ci': (np.float64(-0.01826668195280217), np.float64(0.007489357243110582)), 'significant': np.False_}
checked:
1164
