Starting EXP29.6, type=probe, run 1/3
Job 68225724, task 63
loaded cached data
loaded cached data
loaded cached data
loaded cached data
loaded cached data
loaded cached data
START ATE IS: 0.06892873779363443
PROBE TRIGGERED! Error reduced from inf to 0.129 (ATE went to 0.06892104524228906).
PROBE TRIGGERED! Error reduced from 0.129 to 0.070 (ATE went to 0.00983617399154041).
PROBE TRIGGERED! Error reduced from 0.070 to 0.062 (ATE went to 0.0015609863438032908).
***
FINISHED
ATE before: 0.06892873779363443
ATE now is: -0.0020134739782380036
sequence is: (('bin_equal_frequency_2', 'wt'), ('IQR', 'gestat10'))
***
Execution time: 60.021 sec
distances from ATE (with time):
[(np.float64(0.12892873779363442), 0), (np.float64(0.12892104524228906), 0.03964662551879883), (np.float64(0.12892873779363442), 0.044159889221191406), (np.float64(0.12892104524228906), 0.05946803092956543), (np.float64(0.12890972680146956), 0.10292387008666992), (np.float64(0.12884493046744672), 0.6402010917663574), (np.float64(0.12867166924267098), 0.6554701328277588), (np.float64(0.0698361739915404), 0.772637128829956), (np.float64(0.12892873779363442), 0.7772495746612549), (np.float64(0.12892104524228906), 0.7926437854766846), (np.float64(0.0698361739915404), 0.8074285984039307), (np.float64(0.0698277477917004), 22.536427974700928), (np.float64(0.06975720139727831), 22.553863525390625), (np.float64(0.06959901298619611), 22.677693128585815), (np.float64(0.06954396074246226), 22.69538712501526), (np.float64(0.06156098634380329), 30.41323208808899), (np.float64(0.12892873779363442), 30.418357372283936), (np.float64(0.0698361739915404), 30.435361623764038), (np.float64(0.06156098634380329), 30.518616676330566), (np.float64(0.05798652602176199), 60.0206344127655)]
uncertainty:
{'ate': np.float64(-0.002013473726534436), 'se': np.float64(0.00882104096026739), 'ci': (np.float64(-0.01930624807856378), np.float64(0.015279300625494908)), 'significant': np.False_}
checked:
2552
