Starting EXP30.9, type=probe_probs_with_restart, run 2/3
Job 68225893, task 178
loaded cached data
loaded cached data
loaded cached data
loaded cached data
loaded cached data
loaded cached data
START ATE IS: 8758.708334592831
PROBE TRIGGERED! Error reduced from inf to 7741.292 (ATE went to 8758.708334592824).
PROBE TRIGGERED! Error reduced from 7741.292 to 6182.459 (ATE went to 10317.541498267616).
PROBE TRIGGERED! Error reduced from 6182.459 to 1183.379 (ATE went to 15316.62127439716).
PROBE TRIGGERED! Error reduced from 1183.379 to 1040.991 (ATE went to 15459.008991825758).
PROBE TRIGGERED! Error reduced from 1040.991 to 891.976 (ATE went to 15608.024195201882).
PROBE TRIGGERED! Error reduced from 891.976 to 318.569 (ATE went to 16181.431086425255).
PROBE TRIGGERED! Error reduced from 318.569 to 149.629 (ATE went to 16649.628508572725).
***
FINISHED
ATE before: 8758.708334592831
ATE now is: 16460.884508472565
sequence is: (('IQR', 'education'), ('isolationForest', 'Age'), ('norm_log', 'education'))
***
Execution time: 508.641 sec
distances from ATE (with time):
[(np.float64(7741.291665407169), 0), (np.float64(7741.291665407169), 0.48483848571777344), (np.float64(7741.291665406141), 1.382148265838623), (np.float64(7741.29166539954), 2.7333741188049316), (np.float64(7741.291665399482), 5.483630895614624), (np.float64(7676.164931203051), 9.293401956558228), (np.float64(6182.458501732384), 10.065419912338257), (np.float64(7741.291665407169), 10.218751668930054), (np.float64(6182.458501732384), 11.02542233467102), (np.float64(6182.458501732071), 25.876885414123535), (np.float64(6182.458501725447), 26.291273593902588), (np.float64(6166.722918607538), 29.874324798583984), (np.float64(1183.3787256028409), 44.851722955703735), (np.float64(7741.291665407169), 44.89176917076111), (np.float64(6182.458501732384), 45.64426565170288), (np.float64(1183.3787256028409), 52.49304485321045), (np.float64(1183.3787256028372), 71.42300391197205), (np.float64(1040.9910081742419), 78.12361574172974), (np.float64(7741.291665407169), 78.16852736473083), (np.float64(6182.458501732384), 78.56154608726501), (np.float64(1183.3787256028409), 85.36062669754028), (np.float64(891.9758047981177), 92.46891450881958), (np.float64(7741.291665407169), 92.51218247413635), (np.float64(6182.458501732384), 92.94268989562988), (np.float64(1183.3787256028409), 99.84029650688171), (np.float64(891.9758047981177), 106.9496078491211), (np.float64(318.56891357474524), 402.1039283275604), (np.float64(7741.291665407169), 402.13974499702454), (np.float64(1183.3787256028409), 408.7879204750061), (np.float64(891.9758047981177), 415.8631258010864), (np.float64(318.56891357474524), 436.5210702419281), (np.float64(149.62850857272497), 466.86574029922485), (np.float64(7741.291665407169), 466.9028935432434), (np.float64(6182.458501732384), 467.29805397987366), (np.float64(1183.3787256028409), 473.97879123687744), (np.float64(891.9758047981177), 480.56034994125366), (np.float64(318.56891357474524), 501.6887459754944), (np.float64(39.11549152743464), 508.64051389694214)]
(REAL, NOT adjusted by restarts)probability of this sequence is: 2.542454292930162e-06
probability of this sequence is: 0.12283314783263512
uncertainty:
{'ate': np.float64(16460.884508338695), 'se': np.float64(467.1485912514996), 'ci': (np.float64(15545.287461550552), np.float64(17376.481555126837)), 'significant': np.True_}
checked:
258
