Starting EXP29.9, type=probe, run 1/3
Job 68225774, task 90
loaded cached data
loaded cached data
loaded cached data
loaded cached data
loaded cached data
loaded cached data
START ATE IS: 0.060979229073907217
PROBE TRIGGERED! Error reduced from inf to 0.121 (ATE went to 0.06099385630044795).
PROBE TRIGGERED! Error reduced from 0.121 to 0.062 (ATE went to 0.0015561581831162147).
***
FINISHED
ATE before: 0.060979229073907217
ATE now is: -0.005625604831951276
sequence is: (('bin_equal_frequency_2', 'wt'), ('norm_log', 'gestat10'))
***
Execution time: 30.602 sec
distances from ATE (with time):
[(np.float64(0.12097922907390721), 0), (np.float64(0.12097922907390721), 0.05223250389099121), (np.float64(0.12095604426892806), 0.1392214298248291), (np.float64(0.12091233010650718), 0.7593834400177002), (np.float64(0.06155615818311621), 0.8996560573577881), (np.float64(0.12097922907390721), 0.9062345027923584), (np.float64(0.06155615818311621), 0.9421234130859375), (np.float64(0.061510407501282324), 22.77658700942993), (np.float64(0.06148846943216031), 22.899766445159912), (np.float64(0.06145736700180546), 22.917630195617676), (np.float64(0.061447174949188964), 23.507893323898315), (np.float64(0.05437439516804872), 30.60176920890808)]
uncertainty:
{'ate': np.float64(-0.005625604647274197), 'se': np.float64(0.006933558599626775), 'ci': (np.float64(-0.019217037097479316), np.float64(0.007965827802930923)), 'significant': np.False_}
checked:
1309
