Starting EXP30.2, type=probe, run 3/3
Job 68225813, task 110
loaded cached data
loaded cached data
loaded cached data
loaded cached data
loaded cached data
loaded cached data
START ATE IS: 8551.00108248514
PROBE TRIGGERED! Error reduced from inf to 9852.727 (ATE went to 6647.273392046358).
PROBE TRIGGERED! Error reduced from 9852.727 to 8423.400 (ATE went to 8076.600316801903).
PROBE TRIGGERED! Error reduced from 8423.400 to 5281.859 (ATE went to 11218.141041883058).
PROBE TRIGGERED! Error reduced from 5281.859 to 383.756 (ATE went to 16116.244348022125).
PROBE TRIGGERED! Error reduced from 383.756 to 223.905 (ATE went to 16723.90471199476).
PROBE TRIGGERED! Error reduced from 223.905 to 144.747 (ATE went to 16355.25311787026).
***
FINISHED
ATE before: 8551.00108248514
ATE now is: 16447.376154545196
sequence is: (('isolationForest', 'Age'), ('norm_log', 'education'))
***
Execution time: 225.932 sec
distances from ATE (with time):
[(np.float64(7948.99891751486), 0), (np.float64(7948.99891751486), 0.13654088973999023), (np.float64(7948.99891751486), 0.5286586284637451), (np.float64(5281.858958116942), 3.835948944091797), (np.float64(7948.99891751486), 3.8611319065093994), (np.float64(5281.858958116942), 4.223086833953857), (np.float64(383.75565197787546), 15.568963289260864), (np.float64(7948.99891751486), 15.581588983535767), (np.float64(5281.858958116942), 15.844790935516357), (np.float64(383.75565197787546), 17.775531768798828), (np.float64(223.90471199476087), 23.473992824554443), (np.float64(7948.99891751486), 23.48195457458496), (np.float64(383.75565197787546), 25.44180703163147), (np.float64(223.90471199476087), 29.47465705871582), (np.float64(144.7468821297407), 82.67057013511658), (np.float64(7948.99891751486), 82.6785340309143), (np.float64(383.75565197787546), 84.41646718978882), (np.float64(144.7468821297407), 88.58414673805237), (np.float64(52.62384545480381), 225.9310564994812)]
uncertainty:
{'ate': np.float64(16447.63434037453), 'se': np.float64(988.1241648354642), 'ci': (np.float64(14510.92210577214), np.float64(18384.34657497692)), 'significant': np.True_}
checked:
443
