Starting EXP33.5, type=probe, run 3/3
Job 68227863, task 38
loaded cached data
loaded cached data
loaded cached data
loaded cached data
loaded cached data
loaded cached data
START ATE IS: 0.06132348745294095
PROBE TRIGGERED! Error reduced from inf to 0.121 (ATE went to 0.06133003434352487).
PROBE TRIGGERED! Error reduced from 0.121 to 0.062 (ATE went to 0.0019593823287619772).
***
FINISHED
ATE before: 0.06132348745294095
ATE now is: -0.005384345665947345
sequence is: (('bin_equal_frequency_2', 'wt'), ('norm_log', 'gestat10'))
***
Execution time: 149.512 sec
distances from ATE (with time):
[(np.float64(0.12132348745294094), 0), (np.float64(0.12132348745294094), 0.2709527015686035), (np.float64(0.12131956651075296), 1.2104523181915283), (np.float64(0.12130306780237948), 3.971468925476074), (np.float64(0.12129993187371066), 4.076009035110474), (np.float64(0.12129361859116941), 4.172648668289185), (np.float64(0.12128751533409433), 4.345600843429565), (np.float64(0.12128213256326448), 4.447993755340576), (np.float64(0.061959382328761976), 4.650576591491699), (np.float64(0.12132348745294094), 4.670861482620239), (np.float64(0.061959382328761976), 4.879760503768921), (np.float64(0.061953924978689914), 98.5884358882904), (np.float64(0.0619522965317763), 98.81059193611145), (np.float64(0.06192110569483997), 99.3535840511322), (np.float64(0.06192097987279343), 99.78396558761597), (np.float64(0.061883084490775196), 102.19580245018005), (np.float64(0.05461565433405265), 149.51113080978394)]
uncertainty:
{'ate': np.float64(-0.00538434534415734), 'se': np.float64(0.002931613809913873), 'ci': (np.float64(-0.011130347246528019), np.float64(0.00036165655821333853)), 'significant': np.False_}
checked:
1315
