Starting EXP30.1, type=probe, run 3/3
Job 68238607, task 101
loaded cached data
loaded cached data
loaded cached data
loaded cached data
loaded cached data
loaded cached data
START ATE IS: 8503.653496012588
PROBE TRIGGERED! Error reduced from inf to 12243.008 (ATE went to 6530.992142271269).
PROBE TRIGGERED! Error reduced from 12243.008 to 10772.771 (ATE went to 8001.228865339511).
PROBE TRIGGERED! Error reduced from 10772.771 to 7620.591 (ATE went to 11153.409147580005).
PROBE TRIGGERED! Error reduced from 7620.591 to 3913.661 (ATE went to 14860.338535125318).
PROBE TRIGGERED! Error reduced from 3913.661 to 3450.007 (ATE went to 15323.992780787068).
***
FINISHED
ATE before: 8503.653496012588
ATE now is: 19753.20688204152
sequence is: (('bin_equal_width_2', 'education'), ('isolationForest', 'Age'))
***
Execution time: 10.516 sec
distances from ATE (with time):
[(np.float64(10270.346503987412), 0), (np.float64(10270.346503987412), 0.039545297622680664), (np.float64(10270.346503987412), 0.15848135948181152), (np.float64(7620.590852419995), 1.0860824584960938), (np.float64(10270.346503987412), 1.0968945026397705), (np.float64(7620.590852419995), 1.1976256370544434), (np.float64(3913.6614648746818), 5.180860280990601), (np.float64(10270.346503987412), 5.184643030166626), (np.float64(7620.590852419995), 5.243454456329346), (np.float64(3913.6614648746818), 6.100021839141846), (np.float64(3450.007219212932), 7.836450815200806), (np.float64(10270.346503987412), 7.840320825576782), (np.float64(7620.590852419995), 7.867990255355835), (np.float64(3913.6614648746818), 8.726099729537964), (np.float64(3450.007219212932), 9.662654876708984), (np.float64(979.2068820415188), 10.515672445297241)]
uncertainty:
{'ate': np.float64(19753.206882041777), 'se': np.float64(1331.1120737236058), 'ci': (np.float64(17144.213249583245), np.float64(22362.20051450031)), 'significant': np.True_}
checked:
131
