Starting EXP30.8, type=probe, run 1/3
Job 68225877, task 162
loaded cached data
loaded cached data
loaded cached data
loaded cached data
loaded cached data
loaded cached data
START ATE IS: 8799.862318280682
PROBE TRIGGERED! Error reduced from inf to 9642.538 (ATE went to 6857.462275958225).
PROBE TRIGGERED! Error reduced from 9642.538 to 8118.974 (ATE went to 8381.025989787799).
PROBE TRIGGERED! Error reduced from 8118.974 to 5058.486 (ATE went to 11441.513681571847).
PROBE TRIGGERED! Error reduced from 5058.486 to 523.286 (ATE went to 15976.713560225346).
PROBE TRIGGERED! Error reduced from 523.286 to 121.161 (ATE went to 16621.16121011113).
PROBE TRIGGERED! Error reduced from 121.161 to 106.140 (ATE went to 16393.85954249673).
***
FINISHED
ATE before: 8799.862318280682
ATE now is: 16467.19541505608
sequence is: (('isolationForest', 'Age'), ('bin_equal_frequency_10', 'Age'), ('bin_equal_width_2', 'education'))
***
Execution time: 827.077 sec
distances from ATE (with time):
[(np.float64(7700.137681719318), 0), (np.float64(7700.137681719318), 0.3488481044769287), (np.float64(7700.137681719318), 1.4507160186767578), (np.float64(5058.486318428153), 9.422905921936035), (np.float64(7700.137681719318), 9.501691579818726), (np.float64(5058.486318428153), 10.425607919692993), (np.float64(523.2864397746544), 40.76635217666626), (np.float64(7700.137681719318), 40.79361057281494), (np.float64(5058.486318428153), 41.406325817108154), (np.float64(523.2864397746544), 46.78024864196777), (np.float64(121.16121011113137), 57.72036910057068), (np.float64(7700.137681719318), 57.74783110618591), (np.float64(5058.486318428153), 58.03389286994934), (np.float64(523.2864397746544), 63.39955949783325), (np.float64(121.16121011113137), 69.28507781028748), (np.float64(106.14045750326841), 239.02739810943604), (np.float64(7700.137681719318), 239.05480790138245), (np.float64(5058.486318428153), 239.320054769516), (np.float64(523.2864397746544), 244.6837980747223), (np.float64(121.16121011113137), 250.8659324645996), (np.float64(106.14045750326841), 261.63175654411316), (np.float64(32.8045849439186), 827.0759513378143)]
uncertainty:
{'ate': np.float64(16467.195415055634), 'se': np.float64(496.0157699415848), 'ci': (np.float64(15495.019342477151), np.float64(17439.37148763412)), 'significant': np.True_}
checked:
619
