Starting EXP30.6, type=probe_probs_with_restart, run 1/3
Job 68225865, task 150
loaded cached data
loaded cached data
loaded cached data
loaded cached data
loaded cached data
loaded cached data
START ATE IS: 8838.758501777334
PROBE TRIGGERED! Error reduced from inf to 7661.241 (ATE went to 8838.758501776021).
PROBE TRIGGERED! Error reduced from 7661.241 to 6121.938 (ATE went to 10378.061940028723).
PROBE TRIGGERED! Error reduced from 6121.938 to 576.898 (ATE went to 15923.102315205198).
PROBE TRIGGERED! Error reduced from 576.898 to 423.251 (ATE went to 16076.748679117632).
PROBE TRIGGERED! Error reduced from 423.251 to 300.035 (ATE went to 16199.965457131097).
PROBE TRIGGERED! Error reduced from 300.035 to 184.987 (ATE went to 16684.986545398966).
***
FINISHED
ATE before: 8838.758501777334
ATE now is: 16466.769494165328
sequence is: (('bin_equal_frequency_10', 'Age'), ('isolationForest', 'Age'))
***
Execution time: 1186.356 sec
distances from ATE (with time):
[(np.float64(7661.2414982226655), 0), (np.float64(7661.2414982226655), 0.28960323333740234), (np.float64(7661.241498217723), 1.4245004653930664), (np.float64(7661.241498217054), 1.717775821685791), (np.float64(7604.088244733655), 5.750213146209717), (np.float64(6121.938059971277), 6.25088095664978), (np.float64(7661.2414982226655), 6.336368083953857), (np.float64(6121.938059971277), 6.845288991928101), (np.float64(6121.938059967317), 15.635287284851074), (np.float64(6121.938059964843), 15.885635375976562), (np.float64(6115.029217300833), 17.960937023162842), (np.float64(576.8976847948015), 27.69943356513977), (np.float64(7661.2414982226655), 27.723532676696777), (np.float64(6121.938059971277), 28.186595916748047), (np.float64(576.8976847948015), 32.647446632385254), (np.float64(576.8976847943231), 38.76899290084839), (np.float64(423.2513208823675), 49.57626748085022), (np.float64(7661.2414982226655), 49.60235118865967), (np.float64(6121.938059971277), 49.844160318374634), (np.float64(576.8976847948015), 54.35544228553772), (np.float64(300.0345428689034), 59.036903381347656), (np.float64(7661.2414982226655), 59.062368869781494), (np.float64(6121.938059971277), 59.29745936393738), (np.float64(576.8976847948015), 63.83192992210388), (np.float64(300.0345428689034), 68.55482316017151), (np.float64(300.034542866586), 209.7549741268158), (np.float64(300.0345428664514), 223.1721215248108), (np.float64(184.98654539896597), 264.3912298679352), (np.float64(7661.2414982226655), 264.4158329963684), (np.float64(576.8976847948015), 268.943345785141), (np.float64(300.0345428689034), 273.71522307395935), (np.float64(184.98654539896597), 287.463431596756), (np.float64(184.9865453983257), 597.9708025455475), (np.float64(184.98654535370224), 602.481467962265), (np.float64(184.98654535369133), 611.3719546794891), (np.float64(180.80526994270258), 708.893123626709), (np.float64(33.23050583467193), 1186.3549480438232)]
(REAL, NOT adjusted by restarts)probability of this sequence is: 1.1186798888892715e-05
probability of this sequence is: 0.0002879112697044001
uncertainty:
{'ate': np.float64(16466.76949416755), 'se': np.float64(622.8125764837195), 'ci': (np.float64(15246.073775223127), np.float64(17687.465213111976)), 'significant': np.True_}
checked:
619
