Starting EXP31.15, type=probe_probs_no_restart, run 3/3
Job 68239905, task 221
loaded cached data
loaded cached data
loaded cached data
loaded cached data
loaded cached data
loaded cached data
START ATE IS: -0.024891101431238932
***
FINISHED
ATE before: -0.024891101431238932
ATE now is: -0.024891101431238932
sequence is: (('norm_min_max', 'chyper'),)
***
Execution time: 0.005 sec
distances from ATE (with time):
[(np.float64(0.035108898568761066), 0)]
probability of this sequence is: 0.03852813852813853
uncertainty:
{'ate': np.float64(-0.024891101431240126), 'se': np.float64(0.007366779673158589), 'ci': (np.float64(-0.03933154018539634), np.float64(-0.010450662677083907)), 'significant': np.True_}
checked:
1
