Starting EXP31.21, type=probe_probs_with_restart, run 3/3
Job 68225958, task 242
loaded cached data
loaded cached data
loaded cached data
loaded cached data
loaded cached data
loaded cached data
START ATE IS: -0.024663864836906437
***
FINISHED
ATE before: -0.024663864836906437
ATE now is: -0.02466386483691521
sequence is: (('norm_min_max', 'mpre5'),)
***
Execution time: 0.007 sec
distances from ATE (with time):
[(np.float64(0.03533613516309356), 0), (np.float64(0.035336135163084786), 0.006463527679443359)]
(REAL, NOT adjusted by restarts)probability of this sequence is: 0.027520098948670378
probability of this sequence is: 0.027520098948670378
uncertainty:
{'ate': np.float64(-0.024663864836924065), 'se': np.float64(0.006795650026412848), 'ci': (np.float64(-0.03798477031439565), np.float64(-0.011342959359452485)), 'significant': np.True_}
checked:
1
