Starting EXP29.1, type=probe_probs_no_restart, run 2/3
Job 68238222, task 22
loaded cached data
loaded cached data
loaded cached data
loaded cached data
loaded cached data
loaded cached data
START ATE IS: 0.037968324041362946
***
FINISHED
ATE before: 0.037968324041362946
ATE now is: -4.697898308359589e-05
sequence is: (('IQR', 'gestat10'), ('bin_equal_frequency_5', 'wt'), ('norm_log', 'stoccfipb'))
***
Execution time: 1762.385 sec
distances from ATE (with time):
[(np.float64(0.09796832404136294), 0), (np.float64(0.09796831463600841), 0.011349916458129883), (np.float64(0.09618561962964102), 0.3574213981628418), (np.float64(0.09375225684016991), 0.4348607063293457), (np.float64(0.09303241800873215), 0.7193777561187744), (np.float64(0.07343327057147946), 10.650983095169067), (np.float64(0.0734332652049366), 53.89690184593201), (np.float64(0.07343325937146727), 53.90534019470215), (np.float64(0.07154654781196003), 91.40573215484619), (np.float64(0.06337467363052762), 91.50531530380249), (np.float64(0.061404795481210875), 123.31980419158936), (np.float64(0.06140479420722337), 1481.2963445186615), (np.float64(0.06140479414869217), 1481.6137747764587), (np.float64(0.0599530210169164), 1762.3841893672943)]
probability of this sequence is: 2.5285025613047235e-09
uncertainty:
{'ate': np.float64(-4.6979336130289345e-05), 'se': np.float64(0.022991834454003903), 'ci': (np.float64(-0.04517486225363962), np.float64(0.04508090358137905)), 'significant': np.False_}
checked:
160388
