Starting EXP31.39, type=probe_probs_no_restart, run 3/3
Job 68241697, task 293
loaded cached data
loaded cached data
loaded cached data
loaded cached data
loaded cached data
loaded cached data
START ATE IS: -0.02489109966306163
***
FINISHED
ATE before: -0.02489109966306163
ATE now is: -0.024891099773509104
sequence is: (('norm_min_max', 'crace'),)
***
Execution time: 0.010 sec
distances from ATE (with time):
[(np.float64(0.035108900336938365), 0), (np.float64(0.035108900226490894), 0.009708881378173828)]
probability of this sequence is: 0.01481851481851482
uncertainty:
{'ate': np.float64(-0.024891099596973748), 'se': np.float64(0.007170253077784569), 'ci': (np.float64(-0.03894630927710544), np.float64(-0.010835889916842055)), 'significant': np.True_}
checked:
1
