Starting EXP29.5, type=probe_probs_with_restart, run 2/3
Job 68225614, task 61
loaded cached data
loaded cached data
loaded cached data
loaded cached data
loaded cached data
loaded cached data
START ATE IS: 0.06819874106718236
PROBE TRIGGERED! Error reduced from inf to 0.128 (ATE went to 0.06819874111770582).
PROBE TRIGGERED! Error reduced from 0.128 to 0.106 (ATE went to 0.04581763871951992).
PROBE TRIGGERED! Error reduced from 0.106 to 0.095 (ATE went to 0.03497581778505735).
PROBE TRIGGERED! Error reduced from 0.095 to 0.072 (ATE went to 0.012254897867931661).
PROBE TRIGGERED! Error reduced from 0.072 to 0.061 (ATE went to 0.0013469335385612752).
***
FINISHED
ATE before: 0.06819874106718236
ATE now is: -0.001967609586129678
sequence is: (('IQR', 'gestat10'), ('bin_equal_frequency_2', 'wt'), ('norm_log', 'gestat10'))
***
Execution time: 12930.300 sec
distances from ATE (with time):
[(np.float64(0.12819874106718238), 0), (np.float64(0.12819874106718238), 0.014233589172363281), (np.float64(0.1281987407827126), 0.040419816970825195), (np.float64(0.12819874044542218), 0.06602907180786133), (np.float64(0.12819873999829923), 0.07884407043457031), (np.float64(0.12819873979302726), 0.5852956771850586), (np.float64(0.12819873935727089), 0.6619870662689209), (np.float64(0.1281832886804429), 0.7906854152679443), (np.float64(0.12817648741582288), 0.81661057472229), (np.float64(0.12816936063062295), 0.8294146060943604), (np.float64(0.12473351634118615), 0.8676905632019043), (np.float64(0.10581763871951991), 14.199888944625854), (np.float64(0.12819874106718238), 14.204385757446289), (np.float64(0.10581763871951991), 14.218314409255981), (np.float64(0.10581763817432341), 14.246082067489624), (np.float64(0.10581763806443267), 16.268399715423584), (np.float64(0.10581763672845909), 16.29831051826477), (np.float64(0.1058176365263178), 28.43483591079712), (np.float64(0.10581359603515977), 28.449923276901245), (np.float64(0.10578745585509203), 28.480284452438354), (np.float64(0.09728104004939753), 28.539970874786377), (np.float64(0.09497581778505734), 32.51488709449768), (np.float64(0.12819874106718238), 32.519232988357544), (np.float64(0.10581763871951991), 32.53384613990784), (np.float64(0.10581763817432341), 32.57476472854614), (np.float64(0.09497581778505734), 32.5902042388916), (np.float64(0.09399808817979483), 32.62155628204346), (np.float64(0.0939980870254182), 33.342092752456665), (np.float64(0.09399808609962682), 54.7296986579895), (np.float64(0.09399808588083769), 55.01063680648804), (np.float64(0.09399808583564581), 55.0274863243103), (np.float64(0.09399808570132301), 55.13067102432251), (np.float64(0.0939980852553454), 55.372889280319214), (np.float64(0.09380383178200527), 91.84565424919128), (np.float64(0.09284626214617864), 91.86342930793762), (np.float64(0.09205053510939384), 92.46167230606079), (np.float64(0.09088576980924042), 92.47909355163574), (np.float64(0.08884769473562776), 92.95073223114014), (np.float64(0.08773836509671552), 119.58215498924255), (np.float64(0.08773438995358822), 937.0994391441345), (np.float64(0.08769699427915166), 937.1548452377319), (np.float64(0.08594863475215112), 1232.3975648880005), (np.float64(0.08568437008697544), 1416.6900641918182), (np.float64(0.07225489786793166), 12903.350908517838), (np.float64(0.12819874106718238), 12903.355215072632), (np.float64(0.10581763871951991), 12903.588984966278), (np.float64(0.07225489786793166), 12903.602548122406), (np.float64(0.06134693353856127), 12903.67296242714), (np.float64(0.12819874106718238), 12903.67705988884), (np.float64(0.07225489786793166), 12903.690513849258), (np.float64(0.06134693353856127), 12903.731250286102), (np.float64(0.0605135930856298), 12903.758701562881), (np.float64(0.06051359099946714), 12903.910037994385), (np.float64(0.06051359005999196), 12925.664749383926), (np.float64(0.06051358983072733), 12925.829181432724), (np.float64(0.06051358853290133), 12925.94429063797), (np.float64(0.058032390413870316), 12930.299860477448)]
(REAL, NOT adjusted by restarts)probability of this sequence is: 1.5575575777637104e-17
probability of this sequence is: 0.00017273332272157576
uncertainty:
{'ate': np.float64(-0.001967609415512343), 'se': np.float64(0.009421346496615572), 'ci': (np.float64(-0.020438080527536134), np.float64(0.01650286169651145)), 'significant': np.False_}
checked:
565261
