Starting EXP31.15, type=probe_probs_with_restart, run 2/3
Job 68225938, task 223
loaded cached data
loaded cached data
loaded cached data
loaded cached data
loaded cached data
loaded cached data
START ATE IS: 0.06333723923855153
PROBE TRIGGERED! Error reduced from inf to 0.123 (ATE went to 0.06333723923852708).
PROBE TRIGGERED! Error reduced from 0.123 to 0.100 (ATE went to 0.04022475286250159).
PROBE TRIGGERED! Error reduced from 0.100 to 0.090 (ATE went to 0.030074385966276613).
PROBE TRIGGERED! Error reduced from 0.090 to 0.080 (ATE went to 0.020344140282722672).
PROBE TRIGGERED! Error reduced from 0.080 to 0.064 (ATE went to 0.004383269139954275).
***
FINISHED
ATE before: 0.06333723923855153
ATE now is: -0.0037934935129766345
sequence is: (('norm_log', 'gestat10'), ('bin_equal_frequency_2', 'wt'))
***
Execution time: 1674.337 sec
distances from ATE (with time):
[(np.float64(0.12333723923855153), 0), (np.float64(0.12333723923852707), 0.0186614990234375), (np.float64(0.12333723923855153), 0.021101713180541992), (np.float64(0.12333723923852707), 0.026751995086669922), (np.float64(0.12333723923789738), 0.05966329574584961), (np.float64(0.11932799220392701), 0.1196448802947998), (np.float64(0.1191345992243967), 0.13620662689208984), (np.float64(0.11913459922423467), 4.097845792770386), (np.float64(0.10022475286250158), 4.430727481842041), (np.float64(0.12333723923855153), 4.433144569396973), (np.float64(0.10022475286250158), 4.440371036529541), (np.float64(0.10022475286250149), 4.47283411026001), (np.float64(0.10022475286250118), 4.644381046295166), (np.float64(0.10022475286250046), 4.667920112609863), (np.float64(0.09007438596627661), 5.104412078857422), (np.float64(0.12333723923855153), 5.106880187988281), (np.float64(0.10022475286250158), 5.1140077114105225), (np.float64(0.10022475286250149), 5.140541076660156), (np.float64(0.09007438596627661), 5.148508310317993), (np.float64(0.09007438596627548), 5.270576477050781), (np.float64(0.09007438596627489), 9.094040632247925), (np.float64(0.08765914002780247), 9.341270208358765), (np.float64(0.08363682588059855), 18.654173851013184), (np.float64(0.08358455215789234), 18.863972425460815), (np.float64(0.08142000029613543), 29.034257650375366), (np.float64(0.08142000029613536), 85.22443652153015), (np.float64(0.08142000029613516), 85.2337052822113), (np.float64(0.08142000029613405), 85.2429666519165), (np.float64(0.0814200002961338), 85.26162052154541), (np.float64(0.0813786673563287), 162.29001712799072), (np.float64(0.08034414028272267), 179.51603269577026), (np.float64(0.12333723923855153), 179.51794576644897), (np.float64(0.10022475286250158), 179.5250027179718), (np.float64(0.09007438596627661), 179.73303747177124), (np.float64(0.08515802282106628), 181.02350783348083), (np.float64(0.08363682588059855), 181.2184181213379), (np.float64(0.08302053015454351), 181.41373419761658), (np.float64(0.08034414028272267), 186.92597317695618), (np.float64(0.07786214976319364), 187.23703145980835), (np.float64(0.07786214976319353), 278.47697043418884), (np.float64(0.07786214976319351), 278.6759331226349), (np.float64(0.07739519549834134), 402.6974492073059), (np.float64(0.07739519549834094), 930.2700786590576), (np.float64(0.06438326913995428), 1674.0901160240173), (np.float64(0.12333723923855153), 1674.092139005661), (np.float64(0.10022475286250158), 1674.104542016983), (np.float64(0.06438326913995428), 1674.1143729686737), (np.float64(0.05620650648702336), 1674.3359405994415)]
(REAL, NOT adjusted by restarts)probability of this sequence is: 1.0101010101010101e-13
probability of this sequence is: 0.0585929696976097
uncertainty:
{'ate': np.float64(-0.003793493512979265), 'se': np.float64(0.006643953724655582), 'ci': (np.float64(-0.016817041264231745), np.float64(0.009230054238273215)), 'significant': np.False_}
checked:
28333
