Starting EXP31.15, type=probe_probs_with_restart, run 1/3
Job 68225937, task 222
loaded cached data
loaded cached data
loaded cached data
loaded cached data
loaded cached data
loaded cached data
START ATE IS: -0.024891101431233797
***
FINISHED
ATE before: -0.024891101431233797
ATE now is: -0.024891101431232236
sequence is: (('norm_min_max', 'crace'),)
***
Execution time: 0.004 sec
distances from ATE (with time):
[(np.float64(0.0351088985687662), 0)]
(REAL, NOT adjusted by restarts)probability of this sequence is: 0.03852813852813853
probability of this sequence is: 0.03852813852813853
uncertainty:
{'ate': np.float64(-0.024891101431240653), 'se': np.float64(0.006780557772709727), 'ci': (np.float64(-0.038182421869747935), np.float64(-0.011599780992733375)), 'significant': np.True_}
checked:
1
