Starting EXP29.6, type=probe_probs_with_restart, run 2/3
Job 68225731, task 70
loaded cached data
loaded cached data
loaded cached data
loaded cached data
loaded cached data
loaded cached data
START ATE IS: 0.057254704152468694
PROBE TRIGGERED! Error reduced from inf to 0.117 (ATE went to 0.057254707062009975).
PROBE TRIGGERED! Error reduced from 0.117 to 0.093 (ATE went to 0.033077790602944995).
PROBE TRIGGERED! Error reduced from 0.093 to 0.084 (ATE went to 0.023640368294513495).
***
FINISHED
ATE before: 0.057254704152468694
ATE now is: -0.0015327080030265521
sequence is: (('bin_equal_frequency_2', 'wt'),)
***
Execution time: 4770.118 sec
distances from ATE (with time):
[(np.float64(0.11725470415246869), 0), (np.float64(0.11725470415246869), 0.005708456039428711), (np.float64(0.11725470384748105), 0.185577392578125), (np.float64(0.11725470358157836), 0.22269010543823242), (np.float64(0.11724550341469402), 0.2554037570953369), (np.float64(0.1170762912837445), 0.2601180076599121), (np.float64(0.11309501150417031), 0.32131123542785645), (np.float64(0.093077790602945), 5.884734392166138), (np.float64(0.11725470415246869), 5.88655161857605), (np.float64(0.093077790602945), 5.892622709274292), (np.float64(0.09307779057029184), 5.903324842453003), (np.float64(0.09307779050268745), 6.642170190811157), (np.float64(0.09307779031568911), 6.647840976715088), (np.float64(0.09307778990064006), 6.6535069942474365), (np.float64(0.09307778865922747), 6.784540176391602), (np.float64(0.09307208916168154), 11.74278736114502), (np.float64(0.09292354506348174), 11.748639345169067), (np.float64(0.08364036829451349), 11.823768615722656), (np.float64(0.11725470415246869), 11.825570344924927), (np.float64(0.093077790602945), 11.83099365234375), (np.float64(0.09307779057029184), 11.846165657043457), (np.float64(0.08364036829451349), 11.851906776428223), (np.float64(0.08271363820162765), 20.999057054519653), (np.float64(0.08271363647620365), 36.05375933647156), (np.float64(0.07697842774355018), 36.06048607826233), (np.float64(0.07697558993348208), 484.8892500400543), (np.float64(0.0767922973505009), 484.89681911468506), (np.float64(0.058467291996973446), 4770.117708206177)]
(REAL, NOT adjusted by restarts)probability of this sequence is: 1.9607843137254904e-12
probability of this sequence is: 1.0039215686274514e-12
uncertainty:
{'ate': np.float64(-0.0015327086722841058), 'se': np.float64(0.00862064028974456), 'ci': (np.float64(-0.0184324216813938), np.float64(0.01536700433682559)), 'significant': np.False_}
checked:
516411
