Starting EXP31.15, type=probe_probs_no_restart, run 2/3
Job 68239904, task 220
loaded cached data
loaded cached data
loaded cached data
loaded cached data
loaded cached data
loaded cached data
START ATE IS: -0.024891101731479643
***
FINISHED
ATE before: -0.024891101731479643
ATE now is: -0.024891101732926593
sequence is: (('norm_min_max', 'frace'),)
***
Execution time: 0.005 sec
distances from ATE (with time):
[(np.float64(0.03510889826852036), 0), (np.float64(0.035108898267073405), 0.004717588424682617)]
probability of this sequence is: 0.03852813852813853
uncertainty:
{'ate': np.float64(-0.024891101738360552), 'se': np.float64(0.007315872881674242), 'ci': (np.float64(-0.03923175246610426), np.float64(-0.010550451010616847)), 'significant': np.True_}
checked:
1
