Starting EXP31.3, type=probe, run 2/3
Job 68225896, task 181
loaded cached data
loaded cached data
loaded cached data
loaded cached data
loaded cached data
loaded cached data
START ATE IS: -0.02489110143123818
***
FINISHED
ATE before: -0.02489110143123818
ATE now is: -0.02489110143123818
sequence is: (('bin_equal_frequency_2', 'preterm'),)
***
Execution time: 0.003 sec
distances from ATE (with time):
[(np.float64(0.035108898568761815), 0)]
uncertainty:
{'ate': np.float64(-0.02489110143124061), 'se': np.float64(0.007398600630359647), 'ci': (np.float64(-0.03939391368811353), np.float64(-0.010388289174367692)), 'significant': np.True_}
checked:
1
