Starting EXP31.15, type=probe, run 3/3
Job 68225933, task 218
loaded cached data
loaded cached data
loaded cached data
loaded cached data
loaded cached data
loaded cached data
START ATE IS: -0.02489110143123996
***
FINISHED
ATE before: -0.02489110143123996
ATE now is: -0.02489110143123996
sequence is: (('bin_equal_frequency_2', 'chyper'),)
***
Execution time: 0.004 sec
distances from ATE (with time):
[(np.float64(0.03510889856876004), 0)]
uncertainty:
{'ate': np.float64(-0.02489110143124515), 'se': np.float64(0.0073033990050058286), 'ci': (np.float64(-0.03920730073515798), np.float64(-0.010574902127332326)), 'significant': np.True_}
checked:
1
