Starting EXP30.7, type=probe_probs_no_restart, run 1/3
Job 68239832, task 156
loaded cached data
loaded cached data
loaded cached data
loaded cached data
loaded cached data
loaded cached data
START ATE IS: 8842.09900868748
***
FINISHED
ATE before: 8842.09900868748
ATE now is: 19209.16023482233
sequence is: (('norm_log', 'education'), ('bin_equal_width_5', 'education'), ('isolationForest', 'Age'))
***
Execution time: 3028.680 sec
distances from ATE (with time):
[(np.float64(9931.90099131252), 0), (np.float64(9931.90099131236), 0.23063206672668457), (np.float64(9931.900991308294), 1.7934982776641846), (np.float64(9866.506294058361), 2.38346529006958), (np.float64(8344.464346966375), 2.941520929336548), (np.float64(3131.6300506467705), 14.373403072357178), (np.float64(3131.630050646121), 76.40301084518433), (np.float64(3131.6300506460866), 92.86938214302063), (np.float64(3131.6300506453863), 180.58753538131714), (np.float64(3131.6300506417574), 195.1122908592224), (np.float64(2402.322713933825), 292.18028473854065), (np.float64(2068.494822074368), 581.3765347003937), (np.float64(1504.422150833565), 1267.8199689388275), (np.float64(435.1602348223314), 3028.678948879242)]
probability of this sequence is: 1.8160387806644015e-07
uncertainty:
{'ate': np.float64(19209.160234830884), 'se': np.float64(488.1992774010901), 'ci': (np.float64(18252.304047928326), np.float64(20166.016421733442)), 'significant': np.True_}
checked:
2352
