Starting EXP31.6, type=probe, run 1/3
Job 68239873, task 189
loaded cached data
loaded cached data
loaded cached data
loaded cached data
loaded cached data
loaded cached data
START ATE IS: -0.024891101431239408
***
FINISHED
ATE before: -0.024891101431239408
ATE now is: -0.024891101431238176
sequence is: (('bin_equal_frequency_2', 'stoccfipb'),)
***
Execution time: 0.006 sec
distances from ATE (with time):
[(np.float64(0.035108898568760594), 0)]
uncertainty:
{'ate': np.float64(-0.024891101431240667), 'se': np.float64(0.007393930095006304), 'ci': (np.float64(-0.03938475902409561), np.float64(-0.010397443838385721)), 'significant': np.True_}
checked:
1
