Starting EXP34.5, type=probe, run 3/3
Job 68242847, task 425
loaded cached data
loaded cached data
loaded cached data
loaded cached data
loaded cached data
loaded cached data
START ATE IS: 8774.433204996913
PROBE TRIGGERED! Error reduced from inf to 11932.920 (ATE went to 6841.079964195922).
PROBE TRIGGERED! Error reduced from 11932.920 to 10435.054 (ATE went to 8338.946179010081).
PROBE TRIGGERED! Error reduced from 10435.054 to 7375.414 (ATE went to 11398.586361823902).
PROBE TRIGGERED! Error reduced from 7375.414 to 3769.837 (ATE went to 15004.16292381388).
PROBE TRIGGERED! Error reduced from 3769.837 to 3169.043 (ATE went to 15604.957422570997).
PROBE TRIGGERED! Error reduced from 3169.043 to 1976.699 (ATE went to 20750.69936210078).
***
FINISHED
ATE before: 8774.433204996913
ATE now is: 19334.907703530695
sequence is: (('bin_equal_width_2', 'education'), ('isolationForest', 'Age'), ('bin_equal_frequency_2', 'Age'))
***
Execution time: 1325.856 sec
distances from ATE (with time):
[(np.float64(9999.566795003087), 0), (np.float64(9999.566795003087), 4.477048873901367), (np.float64(9999.566795003087), 18.409863471984863), (np.float64(7375.413638176098), 121.2015552520752), (np.float64(9999.566795003087), 122.8010618686676), (np.float64(7375.413638176098), 139.55682373046875), (np.float64(3769.8370761861206), 515.1597816944122), (np.float64(9999.566795003087), 515.5725653171539), (np.float64(7375.413638176098), 523.6003801822662), (np.float64(3769.8370761861206), 581.4198775291443), (np.float64(3169.0425774290034), 694.697019815445), (np.float64(9999.566795003087), 695.202062368393), (np.float64(7375.413638176098), 699.5512340068817), (np.float64(3769.8370761861206), 752.1972362995148), (np.float64(3169.0425774290034), 813.6268281936646), (np.float64(1976.6993621007787), 861.8398571014404), (np.float64(9999.566795003087), 862.2627489566803), (np.float64(7375.413638176098), 866.5858483314514), (np.float64(3769.8370761861206), 914.8049013614655), (np.float64(3169.0425774290034), 970.8961050510406), (np.float64(1976.6993621007787), 1018.5709855556488), (np.float64(1797.2043863470208), 1222.6405446529388), (np.float64(560.9077035306946), 1325.853486776352)]
uncertainty:
{'ate': np.float64(19341.996649269266), 'se': np.float64(193.88028494313352), 'ci': (np.float64(18961.998093628787), np.float64(19721.995204909745)), 'significant': np.True_}
checked:
146
