Starting EXP31.24, type=probe_probs_no_restart, run 1/3
Job 68239963, task 246
loaded cached data
loaded cached data
loaded cached data
loaded cached data
loaded cached data
loaded cached data
START ATE IS: -0.024891101660062767
***
FINISHED
ATE before: -0.024891101660062767
ATE now is: -0.02489110167404869
sequence is: (('norm_min_max', 'frace'),)
***
Execution time: 0.007 sec
distances from ATE (with time):
[(np.float64(0.03510889833993723), 0), (np.float64(0.03510889832595131), 0.006479740142822266)]
probability of this sequence is: 0.02408008658008658
uncertainty:
{'ate': np.float64(-0.024891101661872667), 'se': np.float64(0.007303664415437995), 'ci': (np.float64(-0.03920782291133014), np.float64(-0.010574380412415195)), 'significant': np.True_}
checked:
1
