Starting EXP36.5, type=probe_probs_with_restart, run 2/3
Job 68243023, task 484
loaded cached data
loaded cached data
loaded cached data
loaded cached data
loaded cached data
loaded cached data
START ATE IS: 48247.1095323756
PROBE TRIGGERED! Error reduced from inf to 38114.030 (ATE went to 48247.10953537076).
PROBE TRIGGERED! Error reduced from 38114.030 to 31621.233 (ATE went to 41754.31309003953).
PROBE TRIGGERED! Error reduced from 31621.233 to 26688.913 (ATE went to 36821.99281237967).
PROBE TRIGGERED! Error reduced from 26688.913 to 21474.366 (ATE went to 31607.445795569573).
PROBE TRIGGERED! Error reduced from 21474.366 to 16736.527 (ATE went to 26869.607154759007).
PROBE TRIGGERED! Error reduced from 16736.527 to 12908.352 (ATE went to 23041.431818577752).
PROBE TRIGGERED! Error reduced from 12908.352 to 7980.824 (ATE went to 18113.903956261554).
PROBE TRIGGERED! Error reduced from 7980.824 to 3908.974 (ATE went to 14042.053876638754).
***
FINISHED
ATE before: 48247.1095323756
ATE now is: 11174.569769621168
sequence is: (('IQR', 'sqft_basement'), ('norm_log', 'sqft_basement'), ('norm_log', 'sqft_living'), ('bin_equal_frequency_5', 'yr_built'), ('bin_equal_frequency_5', 'sqft_living'), ('norm_log', 'sqft_living15'))
***
Execution time: 135.224 sec
distances from ATE (with time):
[(np.float64(38114.0295323756), 0), (np.float64(38114.0295323756), 0.0065288543701171875), (np.float64(38114.029512481335), 0.018230199813842773), (np.float64(38114.02946102173), 0.024019241333007812), (np.float64(37615.252663503314), 0.10540556907653809), (np.float64(37346.38556496949), 0.11855268478393555), (np.float64(37251.13455808429), 0.13778352737426758), (np.float64(31621.23309003953), 0.14407062530517578), (np.float64(38114.0295323756), 0.1472008228302002), (np.float64(31621.23309003953), 0.15975117683410645), (np.float64(31621.233080814047), 0.5253643989562988), (np.float64(31621.233055550176), 0.5321133136749268), (np.float64(31621.233023770823), 0.5524215698242188), (np.float64(29240.32985075983), 0.6698827743530273), (np.float64(26688.91281237967), 5.421807765960693), (np.float64(38114.0295323756), 5.424985408782959), (np.float64(26688.91281237967), 5.433018207550049), (np.float64(21474.365795569574), 5.464102745056152), (np.float64(38114.0295323756), 5.4673912525177), (np.float64(26688.91281237967), 5.475602149963379), (np.float64(21474.365795569574), 5.490679979324341), (np.float64(21474.365774722304), 5.726368427276611), (np.float64(16736.52715475901), 10.795964241027832), (np.float64(38114.0295323756), 10.799044847488403), (np.float64(26688.91281237967), 10.806978702545166), (np.float64(21474.365795569574), 10.829437494277954), (np.float64(16736.52715475901), 10.853105545043945), (np.float64(16736.527154245436), 11.143329858779907), (np.float64(16736.527150171518), 17.130846977233887), (np.float64(12908.351818577752), 17.69727396965027), (np.float64(38114.0295323756), 17.70027232170105), (np.float64(26688.91281237967), 17.707521200180054), (np.float64(21474.365795569574), 17.72188687324524), (np.float64(16736.52715475901), 17.761998653411865), (np.float64(12908.351818577752), 17.835099697113037), (np.float64(7980.8239562615545), 18.626108169555664), (np.float64(38114.0295323756), 18.629101037979126), (np.float64(26688.91281237967), 18.636271953582764), (np.float64(21474.365795569574), 18.65037441253662), (np.float64(16736.52715475901), 18.689107179641724), (np.float64(12908.351818577752), 18.732006072998047), (np.float64(7980.8239562615545), 18.83023452758789), (np.float64(7980.823927159525), 20.84981083869934), (np.float64(7980.823918845026), 32.75546979904175), (np.float64(7794.385717994535), 56.372451066970825), (np.float64(7616.481403513068), 56.95590949058533), (np.float64(3908.9738766387545), 73.57594728469849), (np.float64(38114.0295323756), 73.5790491104126), (np.float64(26688.91281237967), 73.58710098266602), (np.float64(25911.545396201393), 73.62089085578918), (np.float64(21474.365795569574), 73.6290442943573), (np.float64(16736.52715475901), 73.6383626461029), (np.float64(12908.351818577752), 73.73803901672363), (np.float64(12899.841720678856), 73.80937576293945), (np.float64(7980.8239562615545), 73.91022872924805), (np.float64(3908.9738766387545), 74.42803645133972), (np.float64(3908.9738718085046), 94.80138969421387), (np.float64(3908.9738699023655), 123.14087629318237), (np.float64(3748.4535241668946), 135.06153178215027), (np.float64(3572.865113215559), 135.0950665473938), (np.float64(3527.7653190940036), 135.1288833618164), (np.float64(1041.4897696211683), 135.22369265556335)]
(REAL, NOT adjusted by restarts)probability of this sequence is: 2.4691092514460037e-14
probability of this sequence is: 3.627470010208811e-05
uncertainty:
{'ate': np.float64(11174.56977305979), 'se': np.float64(30623.329220714233), 'ci': (np.float64(-48863.798118568804), np.float64(71212.93766468839)), 'significant': np.False_}
checked:
6366
