Starting EXP32.3, type=probe_probs_no_restart, run 1/3
Job 68241796, task 327
loaded cached data
loaded cached data
loaded cached data
loaded cached data
loaded cached data
loaded cached data
START ATE IS: 13957.046173771045
***
FINISHED
ATE before: 13957.046173771045
ATE now is: 18103.647528705602
sequence is: (('bin_equal_frequency_10', 'Age'), ('norm_min_max', 'Public health coverage'), ('norm_min_max', 'medicare for people 65 and older'), ('norm_log', 'Age'), ('isolationForest', 'medicare for people 65 and older'))
***
Execution time: 1361.233 sec
distances from ATE (with time):
[(np.float64(4816.953826228955), 0), (np.float64(4816.953826227807), 0.4169008731842041), (np.float64(4816.953826227271), 0.6617445945739746), (np.float64(4816.95382622163), 0.9215824604034424), (np.float64(4816.953826210507), 1.4267921447753906), (np.float64(4816.95382620863), 3.5081679821014404), (np.float64(2165.680218617217), 13.171733140945435), (np.float64(2165.6802186094137), 38.02454876899719), (np.float64(2122.81892836569), 179.515221118927), (np.float64(670.3524712943981), 1361.2328691482544)]
probability of this sequence is: 1.7123066059840675e-07
uncertainty:
{'ate': np.float64(18103.647528717876), 'se': np.float64(321.6749337453639), 'ci': (np.float64(17473.17496871952), np.float64(18734.120088716234)), 'significant': np.True_}
checked:
612
