Starting EXP31.9, type=probe_probs_with_restart, run 1/3
Job 68225919, task 204
loaded cached data
loaded cached data
loaded cached data
loaded cached data
loaded cached data
loaded cached data
START ATE IS: -0.024891101431238554
***
FINISHED
ATE before: -0.024891101431238554
ATE now is: -0.024891101431238554
sequence is: (('norm_min_max', 'alcohol'),)
***
Execution time: 0.004 sec
distances from ATE (with time):
[(np.float64(0.03510889856876144), 0)]
(REAL, NOT adjusted by restarts)probability of this sequence is: 0.06421356421356422
probability of this sequence is: 0.06421356421356422
uncertainty:
{'ate': np.float64(-0.024891101431240598), 'se': np.float64(0.007351591529754163), 'ci': (np.float64(-0.039301767098352196), np.float64(-0.010480435764129)), 'significant': np.True_}
checked:
1
