Starting EXP30.4, type=probe_probs_no_restart, run 1/3
Job 68225842, task 129
loaded cached data
loaded cached data
loaded cached data
loaded cached data
loaded cached data
loaded cached data
START ATE IS: 8831.445258040174
***
FINISHED
ATE before: 8831.445258040174
ATE now is: 16486.10260039723
sequence is: (('IQR', 'education'), ('norm_log', 'Age'), ('isolationForest', 'Age'))
***
Execution time: 650.694 sec
distances from ATE (with time):
[(np.float64(7668.554741959826), 0), (np.float64(7668.55474195957), 0.10285472869873047), (np.float64(7668.55474195665), 0.3491973876953125), (np.float64(7668.554741955177), 0.7100729942321777), (np.float64(7622.104062353423), 0.9556834697723389), (np.float64(6121.344038171514), 1.1970889568328857), (np.float64(2390.81368457359), 6.592036962509155), (np.float64(2390.8136845732697), 40.436421155929565), (np.float64(2387.345836016524), 78.71292304992676), (np.float64(2039.20521119363), 85.6318793296814), (np.float64(1854.5418321894722), 90.90483498573303), (np.float64(966.6625810649803), 143.05123138427734), (np.float64(386.12049259243213), 294.2093777656555), (np.float64(13.897399602770747), 650.6929252147675)]
probability of this sequence is: 2.542454292930162e-06
uncertainty:
{'ate': np.float64(16486.10260040447), 'se': np.float64(695.6320758494321), 'ci': (np.float64(15122.679754819483), np.float64(17849.525445989457)), 'significant': np.True_}
checked:
1355
