Starting EXP29.1, type=probe_probs_with_restart, run 2/3
Job 68238225, task 25
loaded cached data
loaded cached data
loaded cached data
loaded cached data
loaded cached data
loaded cached data
START ATE IS: 0.06547043160772255
PROBE TRIGGERED! Error reduced from inf to 0.125 (ATE went to 0.0654704314566703).
PROBE TRIGGERED! Error reduced from 0.125 to 0.104 (ATE went to 0.043577707130443864).
PROBE TRIGGERED! Error reduced from 0.104 to 0.093 (ATE went to 0.03321852663277619).
PROBE TRIGGERED! Error reduced from 0.093 to 0.082 (ATE went to 0.022344640034523047).
PROBE TRIGGERED! Error reduced from 0.082 to 0.073 (ATE went to 0.01325030866667516).
PROBE TRIGGERED! Error reduced from 0.073 to 0.065 (ATE went to 0.0048058986294409155).
***
FINISHED
ATE before: 0.06547043160772255
ATE now is: -0.008907527980547923
sequence is: (('IQR', 'gestat10'), ('bin_equal_frequency_2', 'wt'))
***
Execution time: 8642.397 sec
distances from ATE (with time):
[(np.float64(0.12547043160772253), 0), (np.float64(0.1254704314566703), 0.003930807113647461), (np.float64(0.12547043160772253), 0.0072956085205078125), (np.float64(0.1254704314566703), 0.012978076934814453), (np.float64(0.12547043124056495), 0.01937580108642578), (np.float64(0.1254704308474721), 0.048158884048461914), (np.float64(0.1254704298082794), 0.06500911712646484), (np.float64(0.1243730007514016), 0.29317641258239746), (np.float64(0.1239174910400819), 0.36525559425354004), (np.float64(0.12043416186064336), 0.55535888671875), (np.float64(0.10357770713044387), 7.278445720672607), (np.float64(0.12547043160772253), 7.281168222427368), (np.float64(0.10357770713044387), 7.2868733406066895), (np.float64(0.10357770678374728), 8.028341054916382), (np.float64(0.10357770674061342), 8.046299934387207), (np.float64(0.1035777064785267), 8.070082664489746), (np.float64(0.1035777063572457), 8.172960042953491), (np.float64(0.10239182464877886), 14.571581602096558), (np.float64(0.09487726575049191), 14.651774883270264), (np.float64(0.09321852663277619), 16.564911127090454), (np.float64(0.12547043160772253), 16.567564487457275), (np.float64(0.10357770713044387), 16.573185443878174), (np.float64(0.09670134408276237), 16.595906496047974), (np.float64(0.09321852663277619), 16.60846734046936), (np.float64(0.09321852654421908), 16.869723558425903), (np.float64(0.09321852546580685), 26.627049684524536), (np.float64(0.09196290496008655), 44.40635371208191), (np.float64(0.08947377154677454), 44.70285367965698), (np.float64(0.08548630572509486), 44.71008062362671), (np.float64(0.08234464003452305), 54.68192958831787), (np.float64(0.12547043160772253), 54.6848783493042), (np.float64(0.10357770713044387), 54.692232847213745), (np.float64(0.09670134408276237), 54.70900344848633), (np.float64(0.09321852663277619), 54.72049951553345), (np.float64(0.08594454463407591), 54.76418471336365), (np.float64(0.08234464003452305), 54.78334379196167), (np.float64(0.08234463791896075), 94.25059747695923), (np.float64(0.0812184969799247), 94.29181361198425), (np.float64(0.0779121838056385), 94.55542802810669), (np.float64(0.0741969901430252), 94.56897926330566), (np.float64(0.07325030866667516), 107.01544165611267), (np.float64(0.12547043160772253), 107.01811814308167), (np.float64(0.10357770713044387), 107.0247597694397), (np.float64(0.09421445672012396), 107.04231452941895), (np.float64(0.09321852663277619), 107.06175708770752), (np.float64(0.08594454463407591), 107.11035132408142), (np.float64(0.08234464003452305), 107.13054275512695), (np.float64(0.07689576060823944), 107.28488183021545), (np.float64(0.07612832067771841), 107.32169842720032), (np.float64(0.07586452537645832), 107.33774638175964), (np.float64(0.0731355201185645), 107.34600734710693), (np.float64(0.0731355174637539), 111.41462326049805), (np.float64(0.07267052637791482), 175.93131351470947), (np.float64(0.06857342173986407), 177.06799864768982), (np.float64(0.06758334742041955), 177.1007843017578), (np.float64(0.067496256506706), 177.11965322494507), (np.float64(0.06480589862944092), 177.1298429965973), (np.float64(0.12547043160772253), 177.13287091255188), (np.float64(0.10357770713044387), 177.14058351516724), (np.float64(0.09670134408276237), 177.15370845794678), (np.float64(0.09321852663277619), 177.16619491577148), (np.float64(0.08594454463407591), 177.24709033966064), (np.float64(0.08234464003452305), 177.28750610351562), (np.float64(0.07912116221235954), 177.4599587917328), (np.float64(0.07689576060823944), 177.47619557380676), (np.float64(0.0731355201185645), 177.52362537384033), (np.float64(0.06857342173986407), 177.8457682132721), (np.float64(0.06480589862944092), 178.2165117263794), (np.float64(0.06310357133612035), 306.24542021751404), (np.float64(0.05109247201945208), 8642.396167993546)]
(REAL, NOT adjusted by restarts)probability of this sequence is: 3.4951592045017656e-15
probability of this sequence is: 3.037104160998778e-13
uncertainty:
{'ate': np.float64(-0.008907529146560216), 'se': np.float64(0.023820566661662736), 'ci': (np.float64(-0.05566116618015346), np.float64(0.037846107887033034)), 'significant': np.False_}
checked:
956406
