Starting EXP30.6, type=probe_probs_no_restart, run 1/3
Job 68225862, task 147
loaded cached data
loaded cached data
loaded cached data
loaded cached data
loaded cached data
loaded cached data
START ATE IS: 8794.181795423323
***
FINISHED
ATE before: 8794.181795423323
ATE now is: 16514.575998935557
sequence is: (('isolationForest', 'Age'), ('norm_min_max', 'Age'), ('bin_equal_frequency_5', 'Age'))
***
Execution time: 1444.500 sec
distances from ATE (with time):
[(np.float64(7705.818204576677), 0), (np.float64(7705.818204570536), 0.7633488178253174), (np.float64(7645.021044078359), 2.1607301235198975), (np.float64(6148.109540601399), 2.7388648986816406), (np.float64(271.98306397414854), 12.87136435508728), (np.float64(271.9830639597785), 75.54236435890198), (np.float64(271.983063959462), 102.9467465877533), (np.float64(271.9830639594584), 111.87049341201782), (np.float64(187.0103145185658), 183.32542991638184), (np.float64(187.01031451494782), 517.2019746303558), (np.float64(187.01031450687697), 700.7420918941498), (np.float64(107.32717998633598), 840.7583134174347), (np.float64(14.575998935557436), 1444.4992277622223)]
probability of this sequence is: 1.1544817962795124e-06
uncertainty:
{'ate': np.float64(16514.575998953354), 'se': np.float64(580.2435510586212), 'ci': (np.float64(15377.314774907152), np.float64(17651.837222999555)), 'significant': np.True_}
checked:
1416
