Starting EXP29.9, type=probe_probs_with_restart, run 1/3
Job 68225782, task 96
loaded cached data
loaded cached data
loaded cached data
loaded cached data
loaded cached data
loaded cached data
START ATE IS: 0.06082132019268016
PROBE TRIGGERED! Error reduced from inf to 0.121 (ATE went to 0.06082132034921827).
PROBE TRIGGERED! Error reduced from 0.121 to 0.097 (ATE went to 0.03688256684635237).
PROBE TRIGGERED! Error reduced from 0.097 to 0.087 (ATE went to 0.026901648208087884).
PROBE TRIGGERED! Error reduced from 0.087 to 0.061 (ATE went to 0.001197572735091372).
***
FINISHED
ATE before: 0.06082132019268016
ATE now is: -0.009082037503239366
sequence is: (('IQR', 'gestat10'), ('bin_equal_frequency_2', 'wt'))
***
Execution time: 14256.286 sec
distances from ATE (with time):
[(np.float64(0.12082132019268016), 0), (np.float64(0.12082132019268016), 0.0183255672454834), (np.float64(0.1208213199431851), 0.08656740188598633), (np.float64(0.12082131983823197), 0.12101984024047852), (np.float64(0.12082131957130103), 0.7388961315155029), (np.float64(0.12082131928474564), 0.8563873767852783), (np.float64(0.12078250288368989), 0.9573416709899902), (np.float64(0.1207653040330062), 0.9744968414306641), (np.float64(0.11719936052722928), 1.1665294170379639), (np.float64(0.09688256684635237), 15.940850734710693), (np.float64(0.12082132019268016), 15.946218252182007), (np.float64(0.09688256684635237), 15.962749719619751), (np.float64(0.09688256668673975), 18.161742687225342), (np.float64(0.09688256651652699), 18.21337342262268), (np.float64(0.09688256637464131), 18.230449676513672), (np.float64(0.09685322849089473), 30.97850275039673), (np.float64(0.09683295028113463), 30.99572491645813), (np.float64(0.08789031579997393), 31.18583631515503), (np.float64(0.08690164820808788), 35.6438090801239), (np.float64(0.12082132019268016), 35.64904975891113), (np.float64(0.09688256684635237), 35.66631770133972), (np.float64(0.08690164820808788), 35.72946214675903), (np.float64(0.08552990386090151), 35.765082120895386), (np.float64(0.08552990383014174), 36.55694794654846), (np.float64(0.08552990374750316), 60.074745416641235), (np.float64(0.08552990365383345), 60.267611265182495), (np.float64(0.08552990322887485), 60.58739137649536), (np.float64(0.08519878821217255), 100.8347737789154), (np.float64(0.08476995284273085), 101.66617918014526), (np.float64(0.08472811859932594), 101.72937178611755), (np.float64(0.08090254093475995), 102.16741228103638), (np.float64(0.07950255444554162), 133.69564986228943), (np.float64(0.07949874135097251), 1089.7293586730957), (np.float64(0.07948601750259568), 1089.8710901737213), (np.float64(0.07948601746358841), 7672.916396379471), (np.float64(0.06119757273509137), 14255.944042921066), (np.float64(0.12082132019268016), 14255.949857711792), (np.float64(0.09688256684635237), 14256.182851314545), (np.float64(0.06119757273509137), 14256.198373794556), (np.float64(0.05091796249676063), 14256.285313606262)]
(REAL, NOT adjusted by restarts)probability of this sequence is: 3.4951592045017656e-15
probability of this sequence is: 0.032146024955565816
uncertainty:
{'ate': np.float64(-0.009082037628342664), 'se': np.float64(0.007192932178038661), 'ci': (np.float64(-0.023182020408956703), np.float64(0.005017945152271375)), 'significant': np.False_}
checked:
510746
