Starting EXP32.3, type=probe_probs_with_restart, run 3/3
Job 68241814, task 332
loaded cached data
loaded cached data
loaded cached data
loaded cached data
loaded cached data
loaded cached data
START ATE IS: 10863.639936222886
PROBE TRIGGERED! Error reduced from inf to 7910.360 (ATE went to 10863.639936220394).
PROBE TRIGGERED! Error reduced from 7910.360 to 5980.470 (ATE went to 12793.529645269491).
PROBE TRIGGERED! Error reduced from 5980.470 to 4878.334 (ATE went to 13895.666251765699).
PROBE TRIGGERED! Error reduced from 4878.334 to 4292.678 (ATE went to 14481.321994235781).
PROBE TRIGGERED! Error reduced from 4292.678 to 3821.621 (ATE went to 14952.378749982068).
PROBE TRIGGERED! Error reduced from 3821.621 to 3333.486 (ATE went to 15440.51365956646).
PROBE TRIGGERED! Error reduced from 3333.486 to 2994.914 (ATE went to 21768.914324263653).
PROBE TRIGGERED! Error reduced from 2994.914 to 1352.868 (ATE went to 17421.131889955308).


*** TIMED OUT!! ***

distances from ATE (with time):
[(np.float64(7910.360063777114), 0), (np.float64(7910.360063777114), 0.26445531845092773), (np.float64(7910.360063775926), 0.7365531921386719), (np.float64(7910.360063748765), 2.075568437576294), (np.float64(7278.972354066436), 2.3049659729003906), (np.float64(5980.470354730509), 2.512799024581909), (np.float64(7910.360063777114), 2.591970443725586), (np.float64(5980.470354730509), 2.963111162185669), (np.float64(5980.470354729261), 6.139149188995361), (np.float64(5980.47035469906), 28.210714101791382), (np.float64(5409.158677567319), 28.422391176223755), (np.float64(4878.333748234301), 183.94563841819763), (np.float64(7910.360063777114), 184.01999258995056), (np.float64(5980.470354730509), 184.21050143241882), (np.float64(4878.333748234301), 185.21702313423157), (np.float64(4878.333748233319), 215.54714679718018), (np.float64(4878.333748201187), 220.23463654518127), (np.float64(4292.678005764219), 220.97301864624023), (np.float64(7910.360063777114), 221.0482988357544), (np.float64(5980.470354730509), 221.2300205230713), (np.float64(4878.333748234301), 221.666579246521), (np.float64(4292.678005764219), 226.49338054656982), (np.float64(3821.6212500179317), 326.5919020175934), (np.float64(7910.360063777114), 326.6361994743347), (np.float64(5980.470354730509), 326.81146931648254), (np.float64(4878.333748234301), 327.23415875434875), (np.float64(4292.678005764219), 359.35956954956055), (np.float64(3821.6212500179317), 373.7988705635071), (np.float64(3821.6212500178626), 589.4844233989716), (np.float64(3821.621249992262), 1444.2874674797058), (np.float64(3333.486340433539), 1647.4550578594208), (np.float64(7910.360063777114), 1647.4998297691345), (np.float64(7719.760992222611), 1647.7267520427704), (np.float64(5980.470354730509), 1647.9074401855469), (np.float64(4878.333748234301), 1648.1479561328888), (np.float64(3821.6212500179317), 1693.309262752533), (np.float64(3696.6477891499726), 1872.9630043506622), (np.float64(3333.486340433539), 1894.450574874878), (np.float64(3333.486340431122), 2410.325216770172), (np.float64(3333.4863404231037), 2944.1185858249664), (np.float64(2994.914324263653), 5756.900729417801), (np.float64(7910.360063777114), 5756.906807184219), (np.float64(5980.470354730509), 5757.084161281586), (np.float64(4878.333748234301), 5764.9879722595215), (np.float64(3821.6212500179317), 5850.645160913467), (np.float64(2994.914324263653), 6130.128275871277), (np.float64(2994.9143242630853), 6960.095239877701), (np.float64(1352.868110044692), 7051.295281171799), (np.float64(7910.360063777114), 7051.308877944946), (np.float64(7719.760992222611), 7058.779208898544), (np.float64(7278.972354066436), 7058.953896284103), (np.float64(5980.470354730509), 7059.129470586777), (np.float64(4878.333748234301), 7138.119055747986), (np.float64(3821.6212500179317), 7314.273263454437), (np.float64(2994.914324263653), 7401.559966087341), (np.float64(1352.868110044692), 7627.527415275574), (np.float64(1352.8681100446265), 9215.425633907318), (np.float64(1352.8681100441718), 9913.069986581802)]
