Starting EXP31.48, type=probe_probs_with_restart, run 1/3
Job 68241773, task 321
loaded cached data
loaded cached data
loaded cached data
loaded cached data
loaded cached data
loaded cached data
START ATE IS: 0.06267028118657712
PROBE TRIGGERED! Error reduced from inf to 0.123 (ATE went to 0.06267028110801603).
PROBE TRIGGERED! Error reduced from 0.123 to 0.099 (ATE went to 0.03884415632423071).
PROBE TRIGGERED! Error reduced from 0.099 to 0.088 (ATE went to 0.027678908492260738).
PROBE TRIGGERED! Error reduced from 0.088 to 0.063 (ATE went to 0.0032538347839107633).
***
FINISHED
ATE before: 0.06267028118657712
ATE now is: -0.006410742514168498
sequence is: (('IQR', 'gestat10'), ('bin_equal_frequency_2', 'wt'))
***
Execution time: 13244.164 sec
distances from ATE (with time):
[(np.float64(0.12267028118657712), 0), (np.float64(0.12267028110801603), 0.030848979949951172), (np.float64(0.12267028118657712), 0.0382990837097168), (np.float64(0.12267028110801603), 0.05632138252258301), (np.float64(0.12267028110030499), 0.2004866600036621), (np.float64(0.12267028098855816), 0.25425171852111816), (np.float64(0.12267028096977532), 0.34356188774108887), (np.float64(0.1226702808679483), 0.6348750591278076), (np.float64(0.12266363081999958), 0.9527187347412109), (np.float64(0.1226636218449468), 0.9880058765411377), (np.float64(0.12266089581805227), 1.0058119297027588), (np.float64(0.12265125006165821), 1.0596139430999756), (np.float64(0.12264729336957825), 1.077643632888794), (np.float64(0.12244039125866704), 1.132267713546753), (np.float64(0.11923755325324861), 1.4423246383666992), (np.float64(0.11894183182817544), 1.5518798828125), (np.float64(0.09884415632423071), 15.233970880508423), (np.float64(0.12267028118657712), 15.239716291427612), (np.float64(0.09884415632423071), 15.257031202316284), (np.float64(0.09884415630585786), 17.50850486755371), (np.float64(0.09884415627358917), 17.600003242492676), (np.float64(0.09884415619283901), 17.654139041900635), (np.float64(0.09884415618850034), 19.246731519699097), (np.float64(0.09883772397908289), 30.238802194595337), (np.float64(0.09883244356352883), 30.296292543411255), (np.float64(0.09883198161048418), 30.35285997390747), (np.float64(0.0988244660689048), 30.37171173095703), (np.float64(0.09840870817071232), 30.428536891937256), (np.float64(0.08946184673411703), 32.34101104736328), (np.float64(0.08767890849226073), 36.62092566490173), (np.float64(0.12267028118657712), 36.62683176994324), (np.float64(0.09884415632423071), 36.64492177963257), (np.float64(0.08978666016509619), 36.715813398361206), (np.float64(0.08767890849226073), 36.7545850276947), (np.float64(0.08767890802451611), 37.54547572135925), (np.float64(0.0876789078367958), 60.55217885971069), (np.float64(0.08767084159879436), 65.13497853279114), (np.float64(0.08366578972180055), 65.30387926101685), (np.float64(0.0814957204251215), 65.3245301246643), (np.float64(0.08148133329878432), 1107.0067732334137), (np.float64(0.08148088417439167), 1107.4412770271301), (np.float64(0.06325383478391076), 13243.83581495285), (np.float64(0.12267028118657712), 13243.842228889465), (np.float64(0.09884415632423071), 13244.058492422104), (np.float64(0.06325383478391076), 13244.074658155441), (np.float64(0.0535892574858315), 13244.163408756256)]
(REAL, NOT adjusted by restarts)probability of this sequence is: 3.945707070707071e-15
probability of this sequence is: 0.03215515151528872
uncertainty:
{'ate': np.float64(-0.0064107421549182), 'se': np.float64(0.0068734978578843375), 'ci': (np.float64(-0.01988435039786711), np.float64(0.0070628660880307104)), 'significant': np.False_}
checked:
429950
