Starting EXP31.45, type=probe_probs_with_restart, run 2/3
Job 68241756, task 313
loaded cached data
loaded cached data
loaded cached data
loaded cached data
loaded cached data
loaded cached data
START ATE IS: 0.06127867027079816
PROBE TRIGGERED! Error reduced from inf to 0.121 (ATE went to 0.06127867033072771).
PROBE TRIGGERED! Error reduced from 0.121 to 0.097 (ATE went to 0.03699613676912009).
PROBE TRIGGERED! Error reduced from 0.097 to 0.086 (ATE went to 0.02585247328955891).
PROBE TRIGGERED! Error reduced from 0.086 to 0.062 (ATE went to 0.0019643033815577543).
***
FINISHED
ATE before: 0.06127867027079816
ATE now is: -0.0075583719411329055
sequence is: (('IQR', 'gestat10'), ('bin_equal_frequency_2', 'wt'))
***
Execution time: 10109.537 sec
distances from ATE (with time):
[(np.float64(0.12127867027079817), 0), (np.float64(0.12127867027079817), 0.01707744598388672), (np.float64(0.12127867003285851), 0.09849739074707031), (np.float64(0.12127866983764644), 0.35727953910827637), (np.float64(0.12127866971266452), 0.510444164276123), (np.float64(0.11750249294136074), 0.7200520038604736), (np.float64(0.09699613676912008), 14.256915092468262), (np.float64(0.12127867027079817), 14.262033939361572), (np.float64(0.09699613676912008), 14.278469800949097), (np.float64(0.09699613657433576), 15.43384313583374), (np.float64(0.09699613650153006), 15.467868328094482), (np.float64(0.08771087842635185), 26.914792776107788), (np.float64(0.0858524732895589), 31.952316522598267), (np.float64(0.12127867027079817), 31.956566333770752), (np.float64(0.09699613676912008), 31.971447706222534), (np.float64(0.08795314141592024), 32.02781367301941), (np.float64(0.0858524732895589), 32.060261726379395), (np.float64(0.08585247292883637), 32.69997215270996), (np.float64(0.08585247266800307), 51.46075439453125), (np.float64(0.08194169209330922), 54.94190764427185), (np.float64(0.07978882386729241), 54.95944118499756), (np.float64(0.0797888238251377), 258.6720895767212), (np.float64(0.07978634611546777), 371.1020202636719), (np.float64(0.07973654999742742), 371.1632730960846), (np.float64(0.07973654985730186), 1807.7451152801514), (np.float64(0.0794086497621956), 3675.443212032318), (np.float64(0.07913247694855458), 3993.951746702194), (np.float64(0.07895836415053033), 4011.7838768959045), (np.float64(0.06196430338155775), 10109.275549650192), (np.float64(0.12127867027079817), 10109.28067445755), (np.float64(0.09699613676912008), 10109.448586463928), (np.float64(0.06196430338155775), 10109.462179899216), (np.float64(0.052441628058867096), 10109.536252975464)]
(REAL, NOT adjusted by restarts)probability of this sequence is: 4.4893378226711565e-15
probability of this sequence is: 0.03216549494964135
uncertainty:
{'ate': np.float64(-0.007558371656461574), 'se': np.float64(0.006837491365153522), 'ci': (np.float64(-0.020961398448483187), np.float64(0.00584465513556004)), 'significant': np.False_}
checked:
387312
