Starting EXP30.3, type=probe_probs_with_restart, run 1/3
Job 68225830, task 123
loaded cached data
loaded cached data
loaded cached data
loaded cached data
loaded cached data
loaded cached data
START ATE IS: 8680.300176465567
PROBE TRIGGERED! Error reduced from inf to 7819.700 (ATE went to 8680.300176463943).
PROBE TRIGGERED! Error reduced from 7819.700 to 6242.137 (ATE went to 10257.862513096743).
PROBE TRIGGERED! Error reduced from 6242.137 to 935.703 (ATE went to 15564.297050338817).
PROBE TRIGGERED! Error reduced from 935.703 to 662.574 (ATE went to 15837.426365298516).
PROBE TRIGGERED! Error reduced from 662.574 to 461.077 (ATE went to 16038.922749550848).
PROBE TRIGGERED! Error reduced from 461.077 to 196.928 (ATE went to 16303.072471707352).
PROBE TRIGGERED! Error reduced from 196.928 to 116.099 (ATE went to 16616.09883794771).
***
FINISHED
ATE before: 8680.300176465567
ATE now is: 16500.613155110274
sequence is: (('zscore_clip_3', 'education'), ('norm_log', 'Age'), ('isolationForest', 'Age'))
***
Execution time: 1318.320 sec
distances from ATE (with time):
[(np.float64(7819.699823534433), 0), (np.float64(7819.699823534433), 0.140486478805542), (np.float64(7819.699823534389), 0.4993579387664795), (np.float64(7819.699823534096), 0.7350561618804932), (np.float64(7819.699823532934), 0.8523075580596924), (np.float64(7757.425941808797), 2.38179612159729), (np.float64(6242.137486903257), 2.609853744506836), (np.float64(7819.699823534433), 2.647428512573242), (np.float64(6242.137486903257), 2.878528356552124), (np.float64(6242.13748690258), 6.472513437271118), (np.float64(6230.109363264408), 7.51330041885376), (np.float64(935.7029496611831), 11.80242109298706), (np.float64(7819.699823534433), 11.815078258514404), (np.float64(6242.137486903257), 11.997461557388306), (np.float64(935.7029496611831), 14.335829496383667), (np.float64(935.7029496611394), 20.209886074066162), (np.float64(935.702949661094), 27.192352533340454), (np.float64(935.7029496597133), 31.84534478187561), (np.float64(928.8954361163542), 44.0315945148468), (np.float64(662.5736347014845), 46.457364082336426), (np.float64(7819.699823534433), 46.470598220825195), (np.float64(6242.137486903257), 46.64974617958069), (np.float64(935.7029496611831), 48.93313717842102), (np.float64(935.7029496611394), 53.680644273757935), (np.float64(662.5736347014845), 61.02167773246765), (np.float64(662.5736347013881), 63.34081411361694), (np.float64(461.0772504491524), 121.87797570228577), (np.float64(7819.699823534433), 121.89085125923157), (np.float64(6242.137486903257), 122.0690393447876), (np.float64(935.7029496611831), 124.35568165779114), (np.float64(935.7029496611394), 129.22675728797913), (np.float64(928.8954361163542), 133.83753991127014), (np.float64(461.0772504491524), 136.21110200881958), (np.float64(196.92752829264828), 152.84326887130737), (np.float64(7819.699823534433), 152.85624861717224), (np.float64(935.7029496611831), 155.1318061351776), (np.float64(928.8954361163542), 157.66640996932983), (np.float64(662.5736347010243), 159.92502284049988), (np.float64(461.0772504491524), 162.1876199245453), (np.float64(461.0772504460201), 252.53576397895813), (np.float64(116.0988379477094), 591.763307094574), (np.float64(7819.699823534433), 591.7757725715637), (np.float64(935.7029496611831), 594.0561981201172), (np.float64(928.8954361163542), 596.5925529003143), (np.float64(662.5736347010243), 598.8547835350037), (np.float64(461.0772504491524), 601.2097370624542), (np.float64(116.0988379477094), 612.8875513076782), (np.float64(116.09883794750931), 811.1339440345764), (np.float64(116.09883794738198), 1109.0471894741058), (np.float64(0.6131551102735102), 1318.31973361969)]
(REAL, NOT adjusted by restarts)probability of this sequence is: 7.264155122657606e-07
probability of this sequence is: 0.00015452682342961515
uncertainty:
{'ate': np.float64(16500.613155121395), 'se': np.float64(783.5673103552082), 'ci': (np.float64(14964.836361294481), np.float64(18036.38994894831)), 'significant': np.True_}
checked:
1184
