Starting EXP36.1, type=probe_probs_no_restart, run 3/3
Job 68242904, task 446
loaded cached data
loaded cached data
loaded cached data
loaded cached data
loaded cached data
loaded cached data
START ATE IS: 47170.02048213453
***
FINISHED
ATE before: 47170.02048213453
ATE now is: 12229.055025969481
sequence is: (('norm_log', 'sqft_above'), ('bin_equal_frequency_5', 'sqft_living'), ('bin_equal_frequency_10', 'sqft_lot'))
***
Execution time: 335.374 sec
distances from ATE (with time):
[(np.float64(37036.94048213453), 0), (np.float64(37036.94045952266), 0.0014424324035644531), (np.float64(37036.94045898058), 0.006260871887207031), (np.float64(37036.940425939174), 0.010915040969848633), (np.float64(37036.94041798679), 0.017713546752929688), (np.float64(35910.87194671381), 0.040152549743652344), (np.float64(35736.26039512817), 0.04239320755004883), (np.float64(33515.76217455088), 0.04919934272766113), (np.float64(32599.37199440308), 0.051578521728515625), (np.float64(32024.22839036407), 0.09064316749572754), (np.float64(28649.641912756415), 0.22865867614746094), (np.float64(23638.39598690564), 1.8725533485412598), (np.float64(18798.10732989625), 2.0587387084960938), (np.float64(18798.1073253364), 9.353132963180542), (np.float64(18202.950843157996), 14.917694568634033), (np.float64(14196.508796776985), 14.921139478683472), (np.float64(12093.82265204294), 22.43209934234619), (np.float64(10401.837398134618), 22.435543537139893), (np.float64(10260.096484065753), 48.68327212333679), (np.float64(5732.317117710099), 48.71953868865967), (np.float64(5732.317060777234), 220.77338218688965), (np.float64(3959.5107608298713), 278.07695293426514), (np.float64(2902.6611815004), 278.081458568573), (np.float64(2095.975025969481), 335.37339210510254)]
probability of this sequence is: 1.419718066707441e-08
uncertainty:
{'ate': np.float64(12229.055027592065), 'se': np.float64(69622.04954422754), 'ci': (np.float64(-124424.32083606259), np.float64(148882.4308912467)), 'significant': np.False_}
checked:
31990
