Starting EXP34.2, type=probe, run 3/3
Job 68227886, task 56
loaded cached data
loaded cached data
loaded cached data
loaded cached data
loaded cached data
loaded cached data
START ATE IS: 8774.433204825878
PROBE TRIGGERED! Error reduced from inf to 9658.920 (ATE went to 6841.079964090902).
PROBE TRIGGERED! Error reduced from 9658.920 to 8161.054 (ATE went to 8338.946179044138).
PROBE TRIGGERED! Error reduced from 8161.054 to 5101.414 (ATE went to 11398.58636190461).
PROBE TRIGGERED! Error reduced from 5101.414 to 1316.153 (ATE went to 15183.84705703298).
PROBE TRIGGERED! Error reduced from 1316.153 to 1159.149 (ATE went to 17659.148883990005).
PROBE TRIGGERED! Error reduced from 1159.149 to 638.845 (ATE went to 15861.154647446245).
***
FINISHED
ATE before: 8774.433204825878
ATE now is: 16420.698556742547
sequence is: (('isolationForest', 'Age'), ('bin_equal_width_2', 'education'), ('bin_equal_frequency_2', 'Age'))
***
Execution time: 418.237 sec
distances from ATE (with time):
[(np.float64(7725.566795174122), 0), (np.float64(7725.566795174122), 1.0391716957092285), (np.float64(7725.566795174122), 4.37666392326355), (np.float64(5101.41363809539), 28.900786876678467), (np.float64(7725.566795174122), 29.218398809432983), (np.float64(5101.41363809539), 32.17336368560791), (np.float64(1316.1529429670209), 125.86503791809082), (np.float64(7725.566795174122), 125.96668148040771), (np.float64(5101.41363809539), 127.95281171798706), (np.float64(1316.1529429670209), 142.46922898292542), (np.float64(1159.1488839900048), 172.64278364181519), (np.float64(7725.566795174122), 172.72714972496033), (np.float64(5101.41363809539), 173.65481114387512), (np.float64(1316.1529429670209), 188.1783800125122), (np.float64(1159.1488839900048), 204.40616750717163), (np.float64(638.8453525537552), 279.5866470336914), (np.float64(7725.566795174122), 279.6673288345337), (np.float64(5101.41363809539), 281.5620129108429), (np.float64(1316.1529429670209), 296.098180770874), (np.float64(1159.1488839900048), 325.7994065284729), (np.float64(638.8453525537552), 340.97708535194397), (np.float64(79.30144325745277), 418.2368326187134)]
uncertainty:
{'ate': np.float64(16420.6985567363), 'se': np.float64(306.1052880717861), 'ci': (np.float64(15820.742468444356), np.float64(17020.654645028244)), 'significant': np.True_}
checked:
153
