Starting EXP34.3, type=probe_probs_with_restart, run 1/3
Job 68227931, task 69
loaded cached data
loaded cached data
loaded cached data
loaded cached data
loaded cached data
loaded cached data
START ATE IS: 8774.433205324263
PROBE TRIGGERED! Error reduced from inf to 7725.567 (ATE went to 8774.433205209783).
PROBE TRIGGERED! Error reduced from 7725.567 to 6162.798 (ATE went to 10337.201961110122).
PROBE TRIGGERED! Error reduced from 6162.798 to 910.301 (ATE went to 15589.699189735202).
PROBE TRIGGERED! Error reduced from 910.301 to 624.573 (ATE went to 15875.427095625304).
PROBE TRIGGERED! Error reduced from 624.573 to 374.320 (ATE went to 16874.32037810184).
***
FINISHED
ATE before: 8774.433205324263
ATE now is: 16540.518935680117
sequence is: (('norm_log', 'education'), ('norm_min_max', 'Age'), ('IQR', 'education'), ('isolationForest', 'Age'))
***
Execution time: 2546.017 sec
distances from ATE (with time):
[(np.float64(7725.566794675737), 0), (np.float64(7725.566794675737), 1.0797491073608398), (np.float64(7725.566794648583), 5.431365251541138), (np.float64(7661.720210104619), 25.091819047927856), (np.float64(6162.798038889878), 27.27757167816162), (np.float64(7725.566794675737), 27.5669424533844), (np.float64(6162.798038889878), 29.99178981781006), (np.float64(6162.798038862666), 79.13531374931335), (np.float64(6148.648919218709), 92.92949342727661), (np.float64(910.3008102647982), 136.21578931808472), (np.float64(7725.566794675737), 136.32222437858582), (np.float64(6162.798038889878), 139.06589722633362), (np.float64(910.3008102647982), 154.60049057006836), (np.float64(910.3008102548392), 263.9363842010498), (np.float64(910.3008097429065), 278.8675813674927), (np.float64(903.0354403487745), 373.81973147392273), (np.float64(624.572904374696), 389.15021657943726), (np.float64(7725.566794675737), 389.21915435791016), (np.float64(6162.798038889878), 391.4368016719818), (np.float64(910.3008102647982), 405.94870686531067), (np.float64(624.572904374696), 490.09309124946594), (np.float64(374.3203781018383), 2018.1716871261597), (np.float64(7725.566794675737), 2018.2266011238098), (np.float64(6162.798038889878), 2020.1950628757477), (np.float64(910.3008102647982), 2034.9844346046448), (np.float64(815.9044662042834), 2101.0709891319275), (np.float64(624.572904374696), 2135.193747997284), (np.float64(374.3203781018383), 2232.756732225418), (np.float64(40.518935680116556), 2546.016575574875)]
(REAL, NOT adjusted by restarts)probability of this sequence is: 2.0990578114172955e-07
probability of this sequence is: 0.01273370408630859
uncertainty:
{'ate': np.float64(16541.4789191939), 'se': np.float64(262.78059250955056), 'ci': (np.float64(16026.437980123168), np.float64(17056.519858264637)), 'significant': np.True_}
checked:
528
