Starting EXP30.4, type=probe, run 1/3
Job 68239470, task 126
loaded cached data
loaded cached data
loaded cached data
loaded cached data
loaded cached data
loaded cached data
START ATE IS: 8912.428054245827
PROBE TRIGGERED! Error reduced from inf to 11782.366 (ATE went to 6991.634321610262).
PROBE TRIGGERED! Error reduced from 11782.366 to 10298.710 (ATE went to 8475.289765525966).
PROBE TRIGGERED! Error reduced from 10298.710 to 7229.767 (ATE went to 11544.232952895885).
PROBE TRIGGERED! Error reduced from 7229.767 to 2856.470 (ATE went to 15917.529581644434).
***
FINISHED
ATE before: 8912.428054245827
ATE now is: 18452.362360731997
sequence is: (('isolationForest', 'Age'), ('bin_equal_width_2', 'education'))
***
Execution time: 24.763 sec
distances from ATE (with time):
[(np.float64(9861.571945754173), 0), (np.float64(9861.571945754173), 0.16838502883911133), (np.float64(9861.571945754173), 0.6581015586853027), (np.float64(7229.767047104115), 4.071804761886597), (np.float64(9861.571945754173), 4.104550123214722), (np.float64(7229.767047104115), 4.458653926849365), (np.float64(2856.470418355566), 16.490466594696045), (np.float64(9861.571945754173), 16.504204034805298), (np.float64(7229.767047104115), 16.7461998462677), (np.float64(2856.470418355566), 19.38994073867798), (np.float64(321.6376392680031), 24.762006998062134)]
uncertainty:
{'ate': np.float64(18452.36236073201), 'se': np.float64(698.2001659085953), 'ci': (np.float64(17083.906530996053), np.float64(19820.81819046797)), 'significant': np.True_}
checked:
125
