Starting EXP29.1, type=probe_probs_with_restart, run 3/3
Job 68238226, task 26
loaded cached data
loaded cached data
loaded cached data
loaded cached data
loaded cached data
loaded cached data
START ATE IS: 0.07255764625495306
PROBE TRIGGERED! Error reduced from inf to 0.133 (ATE went to 0.072557646218079).
PROBE TRIGGERED! Error reduced from 0.133 to 0.109 (ATE went to 0.04936450139361643).
PROBE TRIGGERED! Error reduced from 0.109 to 0.098 (ATE went to 0.03803905786927451).
PROBE TRIGGERED! Error reduced from 0.098 to 0.065 (ATE went to 0.005345168174587527).
***
FINISHED
ATE before: 0.07255764625495306
ATE now is: -0.001045134131133346
sequence is: (('norm_log', 'gestat10'), ('bin_equal_frequency_2', 'wt'))
***
Execution time: 4858.484 sec
distances from ATE (with time):
[(np.float64(0.13255764625495306), 0), (np.float64(0.132557646218079), 0.003333568572998047), (np.float64(0.13255764625495306), 0.0063228607177734375), (np.float64(0.132557646218079), 0.011310338973999023), (np.float64(0.13255764335866735), 0.016721725463867188), (np.float64(0.13255764284760047), 0.021578550338745117), (np.float64(0.13255764259394492), 0.02684164047241211), (np.float64(0.13255764126880537), 0.03158736228942871), (np.float64(0.132399138526608), 0.26527833938598633), (np.float64(0.13233890669948123), 0.2953674793243408), (np.float64(0.127397541971298), 0.3366575241088867), (np.float64(0.10936450139361642), 7.053595542907715), (np.float64(0.13255764625495306), 7.056467294692993), (np.float64(0.10936450139361642), 7.062398195266724), (np.float64(0.1093645013619606), 7.07369589805603), (np.float64(0.10936449995795017), 7.844797372817993), (np.float64(0.10936449931804476), 7.8510048389434814), (np.float64(0.10936449856950471), 7.863733291625977), (np.float64(0.10936449791087094), 7.901620149612427), (np.float64(0.10936449762759416), 7.907836198806763), (np.float64(0.10921178890958624), 14.069859981536865), (np.float64(0.10920866060477788), 14.134280443191528), (np.float64(0.09885338563803438), 14.159614324569702), (np.float64(0.09885338436286312), 22.898314952850342), (np.float64(0.09885338433041518), 53.345158100128174), (np.float64(0.0988533813338135), 55.84042167663574), (np.float64(0.09885338078811588), 60.78086519241333), (np.float64(0.098589225067794), 110.91124701499939), (np.float64(0.0980390578692745), 111.66183996200562), (np.float64(0.13255764625495306), 111.66473889350891), (np.float64(0.10936450139361642), 111.67465329170227), (np.float64(0.1093645013619606), 111.697350025177), (np.float64(0.09885338563803438), 111.70388054847717), (np.float64(0.09885338436286312), 111.76090478897095), (np.float64(0.0980390578692745), 112.03295373916626), (np.float64(0.09803905673096908), 113.2601478099823), (np.float64(0.0939092059185444), 141.75731682777405), (np.float64(0.09390920411452737), 181.1551594734192), (np.float64(0.09390920259943424), 560.7431881427765), (np.float64(0.0939092004904348), 560.8892402648926), (np.float64(0.09390919890824774), 560.9076647758484), (np.float64(0.09380193631660716), 666.4759840965271), (np.float64(0.09375752478790911), 666.5087320804596), (np.float64(0.09370393668025948), 667.1050817966461), (np.float64(0.09353797353424584), 667.13782954216), (np.float64(0.09350997490923948), 667.2364413738251), (np.float64(0.09347257636978148), 764.6089339256287), (np.float64(0.09284873591230351), 773.2890648841858), (np.float64(0.09280785497854291), 773.3245573043823), (np.float64(0.09184908414461646), 916.0684931278229), (np.float64(0.09078380583422142), 1276.9888579845428), (np.float64(0.0901840213322769), 1277.0060250759125), (np.float64(0.06534516817458752), 4858.167421102524), (np.float64(0.13255764625495306), 4858.170167207718), (np.float64(0.10936450139361642), 4858.430315256119), (np.float64(0.06534516817458752), 4858.436373710632), (np.float64(0.058954865868866654), 4858.483135223389)]
(REAL, NOT adjusted by restarts)probability of this sequence is: 8.737898011254414e-15
probability of this sequence is: 0.03236506238872177
uncertainty:
{'ate': np.float64(-0.0010451337120428814), 'se': np.float64(0.020663333636769435), 'ci': (np.float64(-0.04159834256922284), np.float64(0.03950807514513708)), 'significant': np.False_}
checked:
528251
