Starting EXP31.24, type=probe, run 3/3
Job 68239962, task 245
loaded cached data
loaded cached data
loaded cached data
loaded cached data
loaded cached data
loaded cached data
START ATE IS: 0.061856490299303624
PROBE TRIGGERED! Error reduced from inf to 0.122 (ATE went to 0.0618359968233201).
PROBE TRIGGERED! Error reduced from 0.122 to 0.062 (ATE went to 0.002140342920152652).
***
FINISHED
ATE before: 0.061856490299303624
ATE now is: -0.005443504844858742
sequence is: (('bin_equal_frequency_2', 'wt'), ('norm_log', 'gestat10'))
***
Execution time: 10.462 sec
distances from ATE (with time):
[(np.float64(0.12185649029930362), 0), (np.float64(0.1218359968233201), 0.017966270446777344), (np.float64(0.12185649029930362), 0.02216625213623047), (np.float64(0.1218359968233201), 0.0331878662109375), (np.float64(0.12183063529010556), 0.07175993919372559), (np.float64(0.06214034292015265), 0.2050790786743164), (np.float64(0.12185649029930362), 0.20917344093322754), (np.float64(0.1218359968233201), 0.21985363960266113), (np.float64(0.06214034292015265), 0.23035883903503418), (np.float64(0.062137595336614865), 8.225985288619995), (np.float64(0.0621268575862923), 8.237070798873901), (np.float64(0.06208002051565569), 8.268104314804077), (np.float64(0.06179979085981395), 10.384568691253662), (np.float64(0.05455649515514126), 10.461947441101074)]
uncertainty:
{'ate': np.float64(-0.005443504844855715), 'se': np.float64(0.006597161700349273), 'ci': (np.float64(-0.018375331901676117), np.float64(0.007488322211964686)), 'significant': np.False_}
checked:
616
