Starting EXP36.8, type=probe, run 2/3
Job 68243064, task 505
loaded cached data
loaded cached data
loaded cached data
loaded cached data
loaded cached data
loaded cached data
START ATE IS: 67254.11028071806
PROBE TRIGGERED! Error reduced from inf to 53025.888 (ATE went to 63158.968019827604).
PROBE TRIGGERED! Error reduced from 53025.888 to 47522.874 (ATE went to 57655.953990671056).
PROBE TRIGGERED! Error reduced from 47522.874 to 38565.361 (ATE went to 48698.44130444085).
PROBE TRIGGERED! Error reduced from 38565.361 to 34432.959 (ATE went to 44566.03930967259).
PROBE TRIGGERED! Error reduced from 34432.959 to 29790.183 (ATE went to 39923.26251036075).
PROBE TRIGGERED! Error reduced from 29790.183 to 25740.517 (ATE went to 35873.597106253605).
PROBE TRIGGERED! Error reduced from 25740.517 to 22180.952 (ATE went to 32314.031753122636).
PROBE TRIGGERED! Error reduced from 22180.952 to 19580.441 (ATE went to 29713.520888340267).
PROBE TRIGGERED! Error reduced from 19580.441 to 16341.116 (ATE went to 26474.19581145624).
PROBE TRIGGERED! Error reduced from 16341.116 to 13558.822 (ATE went to 23691.901500152362).
PROBE TRIGGERED! Error reduced from 13558.822 to 10331.554 (ATE went to 20464.633631147808).
PROBE TRIGGERED! Error reduced from 10331.554 to 8774.752 (ATE went to 18907.832163045012).
PROBE TRIGGERED! Error reduced from 8774.752 to 7010.402 (ATE went to 17143.48229792552).
PROBE TRIGGERED! Error reduced from 7010.402 to 4626.983 (ATE went to 14760.062752935284).
PROBE TRIGGERED! Error reduced from 4626.983 to 3511.212 (ATE went to 13644.291949576784).
***
FINISHED
ATE before: 67254.11028071806
ATE now is: 11649.008242809468
sequence is: (('bin_equal_width_10', 'sqft_basement'), ('bin_equal_frequency_2', 'sqft_living15'), ('bin_equal_frequency_2', 'bedrooms'), ('bin_equal_frequency_10', 'sqft_living'), ('bin_equal_frequency_2', 'sqft_lot15'), ('bin_equal_frequency_2', 'yr_built'))
***
Execution time: 191.021 sec
distances from ATE (with time):
[(np.float64(57121.030280718056), 0), (np.float64(53025.8880198276), 0.004016876220703125), (np.float64(57121.030280718056), 0.0061380863189697266), (np.float64(53025.8880198276), 0.011761903762817383), (np.float64(47522.873990671054), 0.01707911491394043), (np.float64(57121.030280718056), 0.019093751907348633), (np.float64(53025.8880198276), 0.024432897567749023), (np.float64(47522.873990671054), 0.029518604278564453), (np.float64(45798.90794108174), 0.036698341369628906), (np.float64(43782.32520196752), 0.13231396675109863), (np.float64(38565.36130444085), 0.1420142650604248), (np.float64(57121.030280718056), 0.14400696754455566), (np.float64(53025.8880198276), 0.14913630485534668), (np.float64(47522.873990671054), 0.1540234088897705), (np.float64(38565.36130444085), 0.15912151336669922), (np.float64(36957.1650728444), 0.1726365089416504), (np.float64(34432.95930967259), 0.1948261260986328), (np.float64(57121.030280718056), 0.19683122634887695), (np.float64(53025.8880198276), 0.2020277976989746), (np.float64(47522.873990671054), 0.2069559097290039), (np.float64(38565.36130444085), 0.21203255653381348), (np.float64(36957.1650728444), 0.22547674179077148), (np.float64(34432.95930967259), 0.24714279174804688), (np.float64(33990.4054466917), 0.41590380668640137), (np.float64(32639.53590343501), 3.501101016998291), (np.float64(31198.95313135865), 3.8147494792938232), (np.float64(29790.182510360748), 4.203260898590088), (np.float64(57121.030280718056), 4.205289363861084), (np.float64(47522.873990671054), 4.210364818572998), (np.float64(38565.36130444085), 4.215467691421509), (np.float64(34420.396761643555), 4.2321882247924805), (np.float64(29790.182510360748), 4.271960496902466), (np.float64(25740.517106253603), 4.316864728927612), (np.float64(57121.030280718056), 4.318861484527588), (np.float64(38565.36130444085), 4.324079990386963), (np.float64(34420.396761643555), 4.345889568328857), (np.float64(29790.182510360748), 4.35258412361145), (np.float64(25740.517106253603), 4.420424461364746), (np.float64(24791.319073394436), 11.581809520721436), (np.float64(22180.951753122637), 16.250698566436768), (np.float64(57121.030280718056), 16.2527437210083), (np.float64(47522.873990671054), 16.258015155792236), (np.float64(38565.36130444085), 16.263126373291016), (np.float64(34420.396761643555), 16.269764184951782), (np.float64(29790.182510360748), 16.311152696609497), (np.float64(25740.517106253603), 16.33923077583313), (np.float64(22180.951753122637), 16.39691734313965), (np.float64(19580.440888340265), 16.622323274612427), (np.float64(57121.030280718056), 16.62434434890747), (np.float64(38565.36130444085), 16.629521369934082), (np.float64(36957.1650728444), 16.656213760375977), (np.float64(34420.396761643555), 16.662792444229126), (np.float64(29790.182510360748), 16.669452905654907), (np.float64(26938.8220685415), 16.67604637145996), (np.float64(26073.6359929819), 16.82239866256714), (np.float64(24162.370907333054), 16.83202815055847), (np.float64(16341.11581145624), 16.891905546188354), (np.float64(57121.030280718056), 16.893903732299805), (np.float64(47522.873990671054), 16.89883041381836), (np.float64(38565.36130444085), 16.908950090408325), (np.float64(34420.396761643555), 16.92699933052063), (np.float64(26938.8220685415), 16.99756908416748), (np.float64(26073.6359929819), 17.10020112991333), (np.float64(24162.370907333054), 17.145623922348022), (np.float64(16341.11581145624), 17.186115264892578), (np.float64(13558.821500152362), 34.07770037651062), (np.float64(57121.030280718056), 34.079713106155396), (np.float64(48922.17290577987), 34.08520197868347), (np.float64(46089.90620755391), 34.09016275405884), (np.float64(38565.36130444085), 34.09527659416199), (np.float64(37885.827033785004), 34.1118266582489), (np.float64(29790.182510360748), 34.11851477622986), (np.float64(28573.306711688696), 34.220577001571655), (np.float64(24791.319073394436), 34.2590217590332), (np.float64(22287.84808094283), 34.265785455703735), (np.float64(22021.484675785316), 34.38193607330322), (np.float64(18899.14665186972), 34.39012026786804), (np.float64(14856.996293735187), 34.446656942367554), (np.float64(10331.553631147808), 34.456496238708496), (np.float64(57121.030280718056), 34.45849895477295), (np.float64(47522.873990671054), 34.4635272026062), (np.float64(46089.90620755391), 34.473581075668335), (np.float64(38565.36130444085), 34.4787278175354), (np.float64(35573.49311611978), 34.496819496154785), (np.float64(34420.396761643555), 34.503392457962036), (np.float64(33990.4054466917), 34.528247117996216), (np.float64(31198.95313135865), 34.588512897491455), (np.float64(24791.319073394436), 34.59542727470398), (np.float64(22287.84808094283), 34.602230072021484), (np.float64(21178.167461470213), 34.784337282180786), (np.float64(16341.11581145624), 34.81575417518616), (np.float64(12988.294318197308), 34.837777614593506), (np.float64(8774.752163045012), 65.53835320472717), (np.float64(57121.030280718056), 65.54041123390198), (np.float64(47522.873990671054), 65.5463354587555), (np.float64(46089.90620755391), 65.55634617805481), (np.float64(38565.36130444085), 65.5614595413208), (np.float64(35573.49311611978), 65.5744845867157), (np.float64(34420.396761643555), 65.58107209205627), (np.float64(33990.4054466917), 65.60584831237793), (np.float64(31198.95313135865), 65.61933016777039), (np.float64(27848.192989162737), 65.63367247581482), (np.float64(25740.517106253603), 65.64188170433044), (np.float64(24791.319073394436), 65.64871740341187), (np.float64(22021.484675785316), 65.76040434837341), (np.float64(18899.14665186972), 65.76863479614258), (np.float64(17610.845325132315), 66.22033786773682), (np.float64(16046.83087692016), 66.26441931724548), (np.float64(15363.616849431217), 66.29883980751038), (np.float64(11142.87219687303), 66.3116683959961), (np.float64(9192.642561456554), 66.3232147693634), (np.float64(7010.402297925519), 66.36051344871521), (np.float64(57121.030280718056), 66.36253309249878), (np.float64(47522.873990671054), 66.3675696849823), (np.float64(46089.90620755391), 66.37753653526306), (np.float64(39718.344649861974), 66.38913631439209), (np.float64(35573.49311611978), 66.39554238319397), (np.float64(33990.4054466917), 66.42378354072571), (np.float64(29790.182510360748), 66.49632453918457), (np.float64(26938.8220685415), 66.50292992591858), (np.float64(24791.319073394436), 66.5164864063263), (np.float64(22287.84808094283), 66.52323007583618), (np.float64(21178.167461470213), 66.79760384559631), (np.float64(17610.845325132315), 66.89578294754028), (np.float64(16046.83087692016), 66.99315094947815), (np.float64(15363.616849431217), 67.0045063495636), (np.float64(11142.87219687303), 67.0742495059967), (np.float64(7010.402297925519), 67.08716940879822), (np.float64(6798.537631106892), 114.14429926872253), (np.float64(4626.982752935284), 132.53521013259888), (np.float64(57121.030280718056), 132.53727626800537), (np.float64(47522.873990671054), 132.54417991638184), (np.float64(46089.90620755391), 132.55420470237732), (np.float64(33990.4054466917), 132.559406042099), (np.float64(31198.95313135865), 132.58408093452454), (np.float64(27775.130233236872), 132.67338013648987), (np.float64(26938.8220685415), 132.7068178653717), (np.float64(26646.188474179668), 132.85898995399475), (np.float64(22601.957606259202), 132.92586755752563), (np.float64(16046.83087692016), 133.19911980628967), (np.float64(11142.87219687303), 133.46005177497864), (np.float64(8827.734106988033), 133.54093289375305), (np.float64(3511.211949576784), 133.70733070373535), (np.float64(57121.030280718056), 133.70938110351562), (np.float64(47522.873990671054), 133.7144112586975), (np.float64(46089.90620755391), 133.72940325737), (np.float64(33990.4054466917), 133.7346272468567), (np.float64(31198.95313135865), 133.76574444770813), (np.float64(29790.182510360748), 133.88111209869385), (np.float64(26938.8220685415), 133.88777780532837), (np.float64(25120.63852477132), 134.13250398635864), (np.float64(24162.370907333054), 134.2151153087616), (np.float64(20297.590911854582), 134.32047533988953), (np.float64(19196.90257721628), 134.331800699234), (np.float64(11142.87219687303), 134.5117974281311), (np.float64(8827.734106988033), 134.5365731716156), (np.float64(3511.211949576784), 134.67039275169373), (np.float64(1515.9282428094684), 191.02004051208496)]
uncertainty:
{'ate': np.float64(11649.008240497598), 'se': np.float64(27566.263200920603), 'ci': (np.float64(-42389.430120624456), np.float64(65687.44660161965)), 'significant': np.False_}
checked:
16914
