Starting EXP31.9, type=probe_probs_with_restart, run 3/3
Job 68225921, task 206
loaded cached data
loaded cached data
loaded cached data
loaded cached data
loaded cached data
loaded cached data
START ATE IS: -0.024663864836925866
***
FINISHED
ATE before: -0.024663864836925866
ATE now is: -0.024663864836925866
sequence is: (('norm_min_max', 'uterine'),)
***
Execution time: 0.004 sec
distances from ATE (with time):
[(np.float64(0.03533613516307413), 0)]
(REAL, NOT adjusted by restarts)probability of this sequence is: 0.06421356421356422
probability of this sequence is: 0.06421356421356422
uncertainty:
{'ate': np.float64(-0.02466386483692551), 'se': np.float64(0.0073914972422461575), 'ci': (np.float64(-0.03915275409393632), np.float64(-0.010174975579914697)), 'significant': np.True_}
checked:
1
