Starting EXP33.5, type=probe, run 1/3
Job 68241902, task 378
loaded cached data
loaded cached data
loaded cached data
loaded cached data
loaded cached data
loaded cached data
START ATE IS: 0.06132348745294095
PROBE TRIGGERED! Error reduced from inf to 0.121 (ATE went to 0.06133003434352487).
PROBE TRIGGERED! Error reduced from 0.121 to 0.062 (ATE went to 0.0019593823287619772).
***
FINISHED
ATE before: 0.06132348745294095
ATE now is: -0.005384345665947345
sequence is: (('bin_equal_frequency_2', 'wt'), ('norm_log', 'gestat10'))
***
Execution time: 128.956 sec
distances from ATE (with time):
[(np.float64(0.12132348745294094), 0), (np.float64(0.12132348745294094), 0.28339624404907227), (np.float64(0.12131956651075296), 1.1662485599517822), (np.float64(0.12130306780237948), 3.6890347003936768), (np.float64(0.12129993187371066), 3.764867067337036), (np.float64(0.12129361859116941), 3.8438141345977783), (np.float64(0.12128751533409433), 4.002732753753662), (np.float64(0.12128213256326448), 4.0810370445251465), (np.float64(0.061959382328761976), 4.237876653671265), (np.float64(0.12132348745294094), 4.258021116256714), (np.float64(0.061959382328761976), 4.421579599380493), (np.float64(0.061953924978689914), 88.07703852653503), (np.float64(0.0619522965317763), 88.26078820228577), (np.float64(0.06192110569483997), 88.70266890525818), (np.float64(0.06192097987279343), 89.0726706981659), (np.float64(0.061883084490775196), 91.03297257423401), (np.float64(0.05461565433405265), 128.9560477733612)]
uncertainty:
{'ate': np.float64(-0.00538434534415734), 'se': np.float64(0.002931613809913873), 'ci': (np.float64(-0.011130347246528019), np.float64(0.00036165655821333853)), 'significant': np.False_}
checked:
1315
