Starting EXP31.9, type=probe, run 1/3
Job 68225913, task 198
loaded cached data
loaded cached data
loaded cached data
loaded cached data
loaded cached data
loaded cached data
START ATE IS: -0.024891101431237246
***
FINISHED
ATE before: -0.024891101431237246
ATE now is: -0.024891101431237246
sequence is: (('bin_equal_frequency_2', 'phyper'),)
***
Execution time: 0.004 sec
distances from ATE (with time):
[(np.float64(0.03510889856876275), 0)]
uncertainty:
{'ate': np.float64(-0.024891101431240667), 'se': np.float64(0.007293755466998325), 'ci': (np.float64(-0.03918839625062451), np.float64(-0.01059380661185683)), 'significant': np.True_}
checked:
1
