Starting EXP31.15, type=probe, run 2/3
Job 68239901, task 217
loaded cached data
loaded cached data
loaded cached data
loaded cached data
loaded cached data
loaded cached data
START ATE IS: -0.024891101431264318
***
FINISHED
ATE before: -0.024891101431264318
ATE now is: -0.024891101431264318
sequence is: (('bin_equal_frequency_2', 'cigar6'),)
***
Execution time: 0.008 sec
distances from ATE (with time):
[(np.float64(0.03510889856873568), 0)]
uncertainty:
{'ate': np.float64(-0.024891101431239654), 'se': np.float64(0.007380787995298418), 'ci': (np.float64(-0.0393589994453281), np.float64(-0.01042320341715121)), 'significant': np.True_}
checked:
1
