Starting EXP29.1, type=probe_probs_with_restart, run 1/3
Job 68238224, task 24
loaded cached data
loaded cached data
loaded cached data
loaded cached data
loaded cached data
loaded cached data
START ATE IS: 0.035373675551311275
PROBE TRIGGERED! Error reduced from inf to 0.095 (ATE went to 0.0353736799114407).
PROBE TRIGGERED! Error reduced from 0.095 to 0.070 (ATE went to 0.009817121386651908).
PROBE TRIGGERED! Error reduced from 0.070 to 0.061 (ATE went to 0.0006248500163411096).
***
FINISHED
ATE before: 0.035373675551311275
ATE now is: -0.0002609879945652221
sequence is: (('bin_equal_frequency_5', 'wt'), ('zscore_filter_3', 'mpre5'))
***
Execution time: 26.876 sec
distances from ATE (with time):
[(np.float64(0.09537367555131127), 0), (np.float64(0.09537367555131127), 0.006380558013916016), (np.float64(0.09536015654606086), 0.28377509117126465), (np.float64(0.09300894923211553), 0.2943298816680908), (np.float64(0.09139655820318604), 0.35598158836364746), (np.float64(0.0698171213866519), 7.168370485305786), (np.float64(0.09537367555131127), 7.171241760253906), (np.float64(0.0698171213866519), 7.177130460739136), (np.float64(0.06981711890996704), 7.976935148239136), (np.float64(0.06981711343534748), 8.03910756111145), (np.float64(0.06979637803675466), 14.320854425430298), (np.float64(0.06770784082842819), 14.334014892578125), (np.float64(0.06062485001634111), 14.410992860794067), (np.float64(0.09537367555131127), 14.413940668106079), (np.float64(0.0698171213866519), 14.420241117477417), (np.float64(0.06062485001634111), 14.443114995956421), (np.float64(0.06062484759354235), 14.473529577255249), (np.float64(0.060624846394589454), 24.68035864830017), (np.float64(0.060624845908604716), 24.701393842697144), (np.float64(0.06062484169342595), 24.836288452148438), (np.float64(0.05973901200543478), 26.8751277923584)]
(REAL, NOT adjusted by restarts)probability of this sequence is: 1.621131356447943e-07
probability of this sequence is: 9.391568262372203e-05
uncertainty:
{'ate': np.float64(-0.00026098750106196694), 'se': np.float64(0.022428202065097796), 'ci': (np.float64(-0.044279792755553375), np.float64(0.04375781775342944)), 'significant': np.False_}
checked:
1894
