Starting EXP29.4, type=probe, run 3/3
Job 68238466, task 47
loaded cached data
loaded cached data
loaded cached data
loaded cached data
loaded cached data
loaded cached data
START ATE IS: 0.07172184807828441
PROBE TRIGGERED! Error reduced from inf to 0.132 (ATE went to 0.07169835494985281).
PROBE TRIGGERED! Error reduced from 0.132 to 0.077 (ATE went to 0.016557779768867135).
PROBE TRIGGERED! Error reduced from 0.077 to 0.063 (ATE went to 0.003287551540179671).
***
FINISHED
ATE before: 0.07172184807828441
ATE now is: -0.00043942888907335417
sequence is: (('bin_equal_frequency_2', 'wt'), ('IQR', 'gestat10'), ('zscore_filter_3', 'adequacy'))
***
Execution time: 69.127 sec
distances from ATE (with time):
[(np.float64(0.1317218480782844), 0), (np.float64(0.13169835494985282), 0.02259230613708496), (np.float64(0.1317218480782844), 0.026303529739379883), (np.float64(0.13169835494985282), 0.03482174873352051), (np.float64(0.13161211443106446), 0.05740213394165039), (np.float64(0.13142037538849888), 0.37320566177368164), (np.float64(0.07655777976886713), 0.39682769775390625), (np.float64(0.1317218480782844), 0.4003443717956543), (np.float64(0.13169835494985282), 0.4085042476654053), (np.float64(0.07655777976886713), 0.416278600692749), (np.float64(0.07641144784866362), 13.836138010025024), (np.float64(0.07636556132773001), 14.160168886184692), (np.float64(0.07635758175072048), 14.1694016456604), (np.float64(0.07628707546624353), 17.824338912963867), (np.float64(0.06982376304130922), 18.044824361801147), (np.float64(0.06328755154017966), 20.878629446029663), (np.float64(0.1317218480782844), 20.88225769996643), (np.float64(0.07655777976886713), 20.89122176170349), (np.float64(0.06328755154017966), 20.936434030532837), (np.float64(0.06327957195495015), 63.70468831062317), (np.float64(0.06320216791206672), 64.73266291618347), (np.float64(0.06298400517893701), 67.10545420646667), (np.float64(0.06051215981457415), 67.35387253761292), (np.float64(0.05956057111092664), 69.12640166282654)]
uncertainty:
{'ate': np.float64(-0.0004394276156212103), 'se': np.float64(0.010953969329870495), 'ci': (np.float64(-0.021916424949560368), np.float64(0.02103756971831795)), 'significant': np.False_}
checked:
4487
