Starting EXP30.9, type=probe_probs_no_restart, run 3/3
Job 68239859, task 176
loaded cached data
loaded cached data
loaded cached data
loaded cached data
loaded cached data
loaded cached data
START ATE IS: 8756.753755884918
***
FINISHED
ATE before: 8756.753755884918
ATE now is: 19305.444056733228
sequence is: (('norm_log', 'education'), ('bin_equal_width_5', 'education'), ('isolationForest', 'Age'))
***
Execution time: 3777.311 sec
distances from ATE (with time):
[(np.float64(10017.246244115082), 0), (np.float64(10017.246244114365), 0.28978729248046875), (np.float64(10017.246244111784), 0.6823165416717529), (np.float64(10017.246244102298), 2.232084274291992), (np.float64(9949.910657692442), 3.01705002784729), (np.float64(8449.667398981865), 3.810509204864502), (np.float64(4663.423636096655), 18.353577613830566), (np.float64(4663.423636096133), 106.18349313735962), (np.float64(4663.423636096029), 119.47413778305054), (np.float64(3512.5709845255424), 226.20664072036743), (np.float64(2428.058830776479), 375.98048853874207), (np.float64(2108.697341849409), 734.8957161903381), (np.float64(2063.89940202855), 1582.142953634262), (np.float64(1948.0656642132126), 1593.9075875282288), (np.float64(1552.8173047645105), 2320.5725202560425), (np.float64(531.4440567332276), 3777.310213804245)]
probability of this sequence is: 1.8160387806644015e-07
uncertainty:
{'ate': np.float64(19305.444056741526), 'se': np.float64(428.54540626449244), 'ci': (np.float64(18465.508353478835), np.float64(20145.379760004216)), 'significant': np.True_}
checked:
2352
