Starting EXP34.3, type=probe_probs_no_restart, run 2/3
Job 68241944, task 409
loaded cached data
loaded cached data
loaded cached data
loaded cached data
loaded cached data
loaded cached data
START ATE IS: 8774.433204674615
***
FINISHED
ATE before: 8774.433204674615
ATE now is: 18451.253913092936
sequence is: (('bin_equal_frequency_5', 'education'), ('isolationForest', 'Age'), ('norm_log', 'education'))
***
Execution time: 10468.426 sec
distances from ATE (with time):
[(np.float64(9999.566795325385), 0), (np.float64(9999.56679532371), 1.0307872295379639), (np.float64(9999.5667953148), 2.5830109119415283), (np.float64(9999.566795305527), 6.906234979629517), (np.float64(9935.720210976107), 11.208959102630615), (np.float64(8436.79803957123), 14.085473775863647), (np.float64(3184.30081007811), 70.362131357193), (np.float64(3184.300810074117), 381.0751700401306), (np.float64(3184.300810071387), 411.2932868003845), (np.float64(3177.035439938367), 799.2153849601746), (np.float64(3056.355640764299), 879.8685629367828), (np.float64(3056.355640730435), 2323.592981338501), (np.float64(2898.572904538214), 2536.8584694862366), (np.float64(2898.572904512468), 2564.828640937805), (np.float64(1276.286112571197), 2793.734020471573), (np.float64(1276.2861125711825), 7582.133047580719), (np.float64(1276.2861125711788), 7665.716403722763), (np.float64(1276.286112560505), 8350.27803850174), (np.float64(1276.2861125436684), 8592.460716485977), (np.float64(1276.2861125436502), 9082.532574415207), (np.float64(322.7460869070637), 10468.425554513931)]
probability of this sequence is: 4.540096951661003e-07
uncertainty:
{'ate': np.float64(18451.253913094268), 'se': np.float64(307.3902468394035), 'ci': (np.float64(17848.779374658658), np.float64(19053.728451529878)), 'significant': np.True_}
checked:
1807
