Starting EXP31.30, type=probe_probs_with_restart, run 2/3
Job 68240026, task 268
loaded cached data
loaded cached data
loaded cached data
loaded cached data
loaded cached data
loaded cached data
START ATE IS: -0.024663858410260146
***
FINISHED
ATE before: -0.024663858410260146
ATE now is: -0.02466385841660115
sequence is: (('norm_min_max', 'mplbir_reg'),)
***
Execution time: 0.010 sec
distances from ATE (with time):
[(np.float64(0.035336141589739856), 0), (np.float64(0.035336141583398845), 0.009069681167602539)]
(REAL, NOT adjusted by restarts)probability of this sequence is: 0.019264069264069265
probability of this sequence is: 0.019264069264069265
uncertainty:
{'ate': np.float64(-0.024663858306278666), 'se': np.float64(0.0072375953090478415), 'ci': (np.float64(-0.03885107130049093), np.float64(-0.0104766453120664)), 'significant': np.True_}
checked:
1
