Starting EXP31.3, type=probe_probs_no_restart, run 1/3
Job 68239867, task 183
loaded cached data
loaded cached data
loaded cached data
loaded cached data
loaded cached data
loaded cached data
START ATE IS: -0.024663864836921397
***
FINISHED
ATE before: -0.024663864836921397
ATE now is: -0.024663864836921397
sequence is: (('norm_min_max', 'uterine'),)
***
Execution time: 0.003 sec
distances from ATE (with time):
[(np.float64(0.0353361351630786), 0)]
probability of this sequence is: 0.19264069264069264
uncertainty:
{'ate': np.float64(-0.024663864836923594), 'se': np.float64(0.0073900625495155435), 'ci': (np.float64(-0.03914994066082729), np.float64(-0.010177789013019894)), 'significant': np.True_}
checked:
1
