Starting EXP30.1, type=probe_probs_with_restart, run 3/3
Job 68238613, task 107
loaded cached data
loaded cached data
loaded cached data
loaded cached data
loaded cached data
loaded cached data
START ATE IS: 8530.996314378363
PROBE TRIGGERED! Error reduced from inf to 10243.004 (ATE went to 8530.996314379376).
PROBE TRIGGERED! Error reduced from 10243.004 to 8619.004 (ATE went to 10154.996124224892).
PROBE TRIGGERED! Error reduced from 8619.004 to 4579.262 (ATE went to 14194.73792855776).
PROBE TRIGGERED! Error reduced from 4579.262 to 3372.942 (ATE went to 15401.058415253934).
PROBE TRIGGERED! Error reduced from 3372.942 to 1478.326 (ATE went to 17295.67385964036).
***
FINISHED
ATE before: 8530.996314378363
ATE now is: 18402.66936725114
sequence is: (('bin_equal_frequency_5', 'education'), ('isolationForest', 'Age'), ('norm_log', 'education'))
***
Execution time: 208.609 sec
distances from ATE (with time):
[(np.float64(10243.003685621637), 0), (np.float64(10243.003685620624), 0.025391340255737305), (np.float64(10243.003685621637), 0.03818964958190918), (np.float64(10243.003685620624), 0.07494068145751953), (np.float64(10243.003685620559), 0.15070462226867676), (np.float64(10243.003685619802), 0.26567935943603516), (np.float64(10243.003685619391), 0.484149694442749), (np.float64(10177.781907228678), 0.7710552215576172), (np.float64(8619.003875775108), 0.8347392082214355), (np.float64(10243.003685621637), 0.8455915451049805), (np.float64(10243.003685620624), 0.882857084274292), (np.float64(8619.003875775108), 0.9171328544616699), (np.float64(8619.003875775044), 1.1607789993286133), (np.float64(8619.003875773486), 2.051381826400757), (np.float64(8614.120625130452), 2.4011142253875732), (np.float64(4579.262071442239), 4.169121265411377), (np.float64(10243.003685621637), 4.173947334289551), (np.float64(10243.003685620624), 4.203318119049072), (np.float64(8619.003875775108), 4.230037450790405), (np.float64(4579.262071442239), 5.096697807312012), (np.float64(4579.262071442088), 9.599494695663452), (np.float64(4579.262071441646), 10.460484027862549), (np.float64(4298.072329653267), 16.702646255493164), (np.float64(3372.941584746066), 47.44194507598877), (np.float64(10243.003685621637), 47.44546985626221), (np.float64(4579.262071442239), 48.3019700050354), (np.float64(4298.072329653298), 50.24071526527405), (np.float64(3372.941584746066), 53.66516089439392), (np.float64(3372.9415847458968), 62.65479779243469), (np.float64(1478.3261403596407), 185.23818373680115), (np.float64(10243.003685621637), 185.2412531375885), (np.float64(4579.262071442239), 186.1102077960968), (np.float64(1478.3261403596407), 188.88906264305115), (np.float64(1478.3261403595861), 204.6663637161255), (np.float64(371.3306327488608), 208.608806848526)]
(REAL, NOT adjusted by restarts)probability of this sequence is: 4.540096951661003e-07
probability of this sequence is: 0.011119360753013074
uncertainty:
{'ate': np.float64(18402.669367251423), 'se': np.float64(1711.1616272419017), 'ci': (np.float64(15048.743376400042), np.float64(21756.595358102804)), 'significant': np.True_}
checked:
634
