Starting EXP30.3, type=probe_probs_no_restart, run 2/3
Job 68239047, task 121
loaded cached data
loaded cached data
loaded cached data
loaded cached data
loaded cached data
loaded cached data
START ATE IS: 8523.524579729647
***
FINISHED
ATE before: 8523.524579729647
ATE now is: 19637.03025423945
sequence is: (('norm_log', 'Age'), ('bin_equal_frequency_5', 'education'), ('norm_log', 'education'), ('isolationForest', 'Age'))
***
Execution time: 2411.939 sec
distances from ATE (with time):
[(np.float64(10250.475420270353), 0), (np.float64(10250.475420269422), 0.08686566352844238), (np.float64(10250.475420268967), 0.40180540084838867), (np.float64(10250.475420267197), 0.5020451545715332), (np.float64(10191.351129057553), 0.8168518543243408), (np.float64(8711.838004618648), 1.0241949558258057), (np.float64(3733.8302140851356), 5.2700934410095215), (np.float64(3429.5174119216754), 63.26855278015137), (np.float64(2151.7347042314723), 105.8547010421753), (np.float64(1886.842109667199), 219.07832789421082), (np.float64(1420.1480460591338), 485.53331661224365), (np.float64(1101.0739983428866), 931.582533121109), (np.float64(1101.0739983427811), 2188.776798725128), (np.float64(1101.0739983427557), 2262.1515431404114), (np.float64(863.0302542394493), 2411.938498020172)]
probability of this sequence is: 1.4740574518379878e-08
uncertainty:
{'ate': np.float64(19637.03025424466), 'se': np.float64(1082.257523557553), 'ci': (np.float64(17515.819889047598), np.float64(21758.24061944172)), 'significant': np.True_}
checked:
3426
