Starting EXP29.6, type=probe_probs_with_restart, run 3/3
Job 68225734, task 71
loaded cached data
loaded cached data
loaded cached data
loaded cached data
loaded cached data
loaded cached data
START ATE IS: 0.051637100088921715
PROBE TRIGGERED! Error reduced from inf to 0.112 (ATE went to 0.05163709958179912).
PROBE TRIGGERED! Error reduced from 0.112 to 0.085 (ATE went to 0.02539422224687185).
PROBE TRIGGERED! Error reduced from 0.085 to 0.076 (ATE went to 0.016078274860294776).
PROBE TRIGGERED! Error reduced from 0.076 to 0.066 (ATE went to 0.006322595458507342).
***
FINISHED
ATE before: 0.051637100088921715
ATE now is: -0.008024960675540203
sequence is: (('bin_equal_frequency_2', 'wt'),)
***
Execution time: 8540.038 sec
distances from ATE (with time):
[(np.float64(0.11163710008892172), 0), (np.float64(0.11163709958179913), 0.009466886520385742), (np.float64(0.11163710008892172), 0.015220165252685547), (np.float64(0.11163709958179913), 0.029305696487426758), (np.float64(0.11163634351456361), 0.7307636737823486), (np.float64(0.1115863384946745), 0.7452852725982666), (np.float64(0.111513858901344), 0.7584989070892334), (np.float64(0.10791246297598384), 0.9012019634246826), (np.float64(0.08539422224687185), 13.896598815917969), (np.float64(0.11163710008892172), 13.901583194732666), (np.float64(0.08539422224687185), 13.915574073791504), (np.float64(0.08539422155235654), 15.977827072143555), (np.float64(0.08539422145213561), 16.007311820983887), (np.float64(0.085394221298448), 16.206761598587036), (np.float64(0.08539416517037261), 27.979007244110107), (np.float64(0.08534490076493276), 27.994804620742798), (np.float64(0.08527583885282602), 28.010446786880493), (np.float64(0.07607827486029478), 28.196823120117188), (np.float64(0.11163710008892172), 28.20274305343628), (np.float64(0.08539422224687185), 28.21523952484131), (np.float64(0.07607827486029478), 28.27100157737732), (np.float64(0.07607827449365166), 50.48026084899902), (np.float64(0.07607827448632717), 50.782570362091064), (np.float64(0.07228328886367386), 51.20302629470825), (np.float64(0.07228328863908572), 89.12439322471619), (np.float64(0.06632259545850734), 89.14108443260193), (np.float64(0.11163710008892172), 89.14684176445007), (np.float64(0.08539422224687185), 89.16339945793152), (np.float64(0.07607827486029478), 89.20546913146973), (np.float64(0.07468348912545344), 89.24482488632202), (np.float64(0.07228328886367386), 89.2775993347168), (np.float64(0.06876396519024136), 89.36618208885193), (np.float64(0.06632259545850734), 89.41972851753235), (np.float64(0.06632259394826648), 93.82669401168823), (np.float64(0.0662529162513587), 181.97482681274414), (np.float64(0.06621764687533463), 182.0464367866516), (np.float64(0.0661303609308327), 184.3750340938568), (np.float64(0.06591615347004824), 184.89879608154297), (np.float64(0.0647212906246788), 213.7841362953186), (np.float64(0.06361331031012356), 213.87187552452087), (np.float64(0.063610964805629), 2350.737633705139), (np.float64(0.06361080621582718), 2813.879409790039), (np.float64(0.05197503932445979), 8540.037828207016)]
(REAL, NOT adjusted by restarts)probability of this sequence is: 1.9607843137254904e-12
probability of this sequence is: 8.031372549019611e-13
uncertainty:
{'ate': np.float64(-0.00802496008965752), 'se': np.float64(0.008566596210261589), 'ci': (np.float64(-0.024818726277834408), np.float64(0.008768806098519365)), 'significant': np.False_}
checked:
330937
