Starting EXP30.1, type=probe, run 1/3
Job 68238605, task 99
loaded cached data
loaded cached data
loaded cached data
loaded cached data
loaded cached data
loaded cached data
START ATE IS: 9285.508020910276
PROBE TRIGGERED! Error reduced from inf to 11451.599 (ATE went to 7322.401379084145).
PROBE TRIGGERED! Error reduced from 11451.599 to 10206.388 (ATE went to 8567.611929668568).
PROBE TRIGGERED! Error reduced from 10206.388 to 7010.939 (ATE went to 11763.060956042633).
PROBE TRIGGERED! Error reduced from 7010.939 to 2214.310 (ATE went to 16559.689895724638).
***
FINISHED
ATE before: 9285.508020910276
ATE now is: 19250.102950036853
sequence is: (('isolationForest', 'Age'), ('bin_equal_width_2', 'education'))
***
Execution time: 7.910 sec
distances from ATE (with time):
[(np.float64(9488.491979089724), 0), (np.float64(9488.491979089724), 0.03764939308166504), (np.float64(9488.491979089724), 0.1545250415802002), (np.float64(7010.939043957367), 1.0792596340179443), (np.float64(9488.491979089724), 1.089850664138794), (np.float64(7010.939043957367), 1.1885020732879639), (np.float64(2214.3101042753624), 5.133221387863159), (np.float64(9488.491979089724), 5.137904405593872), (np.float64(7010.939043957367), 5.205450534820557), (np.float64(2214.3101042753624), 6.14279317855835), (np.float64(476.10295003685314), 7.909073114395142)]
uncertainty:
{'ate': np.float64(19250.102950037814), 'se': np.float64(1398.027203421784), 'ci': (np.float64(16509.95129715501), np.float64(21990.254602920617)), 'significant': np.True_}
checked:
125
