Starting EXP29.7, type=probe_probs_with_restart, run 1/3
Job 68238560, task 78
loaded cached data
loaded cached data
loaded cached data
loaded cached data
loaded cached data
loaded cached data
START ATE IS: 0.06270139209342636
PROBE TRIGGERED! Error reduced from inf to 0.123 (ATE went to 0.06270139201983013).
PROBE TRIGGERED! Error reduced from 0.123 to 0.099 (ATE went to 0.038662267384982886).
PROBE TRIGGERED! Error reduced from 0.099 to 0.088 (ATE went to 0.028026241675809697).
PROBE TRIGGERED! Error reduced from 0.088 to 0.063 (ATE went to 0.002765252193814061).
***
FINISHED
ATE before: 0.06270139209342636
ATE now is: -0.006190768723510351
sequence is: (('IQR', 'gestat10'), ('bin_equal_frequency_2', 'wt'))
***
Execution time: 13615.414 sec
distances from ATE (with time):
[(np.float64(0.12270139209342636), 0), (np.float64(0.12270139201983013), 0.013393402099609375), (np.float64(0.12270139209342636), 0.019619226455688477), (np.float64(0.12270139201983013), 0.037725210189819336), (np.float64(0.12270139112660677), 0.10901045799255371), (np.float64(0.12270139093957717), 0.16260528564453125), (np.float64(0.12269291965866405), 0.9701535701751709), (np.float64(0.12267729346501534), 0.9928271770477295), (np.float64(0.1226601863353474), 1.0653777122497559), (np.float64(0.12264465161775708), 1.1186788082122803), (np.float64(0.12261952712324752), 1.2077529430389404), (np.float64(0.11856636764920878), 1.2254869937896729), (np.float64(0.09866226738498288), 14.830540418624878), (np.float64(0.12270139209342636), 14.835324764251709), (np.float64(0.09866226738498288), 14.851951122283936), (np.float64(0.0986622660891312), 14.883182048797607), (np.float64(0.09866226548673387), 17.164527893066406), (np.float64(0.09865486762084694), 28.988943576812744), (np.float64(0.09862686107118435), 29.00600576400757), (np.float64(0.09861820187360781), 29.074054479599), (np.float64(0.09859629127320613), 29.12512445449829), (np.float64(0.09855481534656246), 29.209922313690186), (np.float64(0.08914909235311604), 29.22681164741516), (np.float64(0.08802624167580969), 34.8265700340271), (np.float64(0.12270139209342636), 34.83123993873596), (np.float64(0.09866226738498288), 34.847737073898315), (np.float64(0.0986622660891312), 34.89361596107483), (np.float64(0.09060396716918877), 34.9108567237854), (np.float64(0.08802624167580969), 34.94556641578674), (np.float64(0.08802624110350733), 35.76022171974182), (np.float64(0.08802624067674412), 58.3328058719635), (np.float64(0.08802624037291759), 58.60093808174133), (np.float64(0.0880262402090624), 58.79319953918457), (np.float64(0.08682878604436103), 96.27680945396423), (np.float64(0.0866196526794702), 96.98714137077332), (np.float64(0.0865613739566658), 97.06269145011902), (np.float64(0.08638704571997678), 97.12155532836914), (np.float64(0.08431915743692626), 97.52216744422913), (np.float64(0.08174468773304928), 128.09062910079956), (np.float64(0.08174468600634986), 491.01328706741333), (np.float64(0.08166396674240436), 1016.1591873168945), (np.float64(0.08059721969068967), 1563.9827373027802), (np.float64(0.07989745901588724), 8998.404880523682), (np.float64(0.07989745784313508), 8998.425689935684), (np.float64(0.07989745663411914), 8998.446691274643), (np.float64(0.07988999279155065), 9970.2266664505), (np.float64(0.07988838344167742), 9970.246955394745), (np.float64(0.07981528692889424), 9970.329236984253), (np.float64(0.07979691306027914), 9970.495036125183), (np.float64(0.07941405252328981), 9971.026558160782), (np.float64(0.06276525219381406), 13615.093945503235), (np.float64(0.12270139209342636), 13615.098511695862), (np.float64(0.09866226738498288), 13615.317833662033), (np.float64(0.06276525219381406), 13615.332870483398), (np.float64(0.05380923127648965), 13615.413611412048)]
(REAL, NOT adjusted by restarts)probability of this sequence is: 3.4951592045017656e-15
probability of this sequence is: 0.032146024955565816
uncertainty:
{'ate': np.float64(-0.006190767563068023), 'se': np.float64(0.008167831440993943), 'ci': (np.float64(-0.02220248655957355), np.float64(0.009820951433437506)), 'significant': np.False_}
checked:
537384
