Starting EXP31.33, type=probe_probs_with_restart, run 1/3
Job 68240218, task 276
loaded cached data
loaded cached data
loaded cached data
loaded cached data
loaded cached data
loaded cached data
START ATE IS: -0.02466385920407813
***
FINISHED
ATE before: -0.02466385920407813
ATE now is: -0.02466385921897791
sequence is: (('norm_min_max', 'mplbir_reg'),)
***
Execution time: 0.008 sec
distances from ATE (with time):
[(np.float64(0.03533614079592187), 0), (np.float64(0.03533614078102209), 0.007939338684082031)]
(REAL, NOT adjusted by restarts)probability of this sequence is: 0.01751279024006297
probability of this sequence is: 0.01751279024006297
uncertainty:
{'ate': np.float64(-0.024663859149858663), 'se': np.float64(0.006689058824015587), 'ci': (np.float64(-0.037775825479524204), np.float64(-0.011551892820193121)), 'significant': np.True_}
checked:
1
