Starting EXP29.5, type=probe_probs_with_restart, run 3/3
Job 68238541, task 62
loaded cached data
loaded cached data
loaded cached data
loaded cached data
loaded cached data
loaded cached data
START ATE IS: 0.06813704326279281
PROBE TRIGGERED! Error reduced from inf to 0.128 (ATE went to 0.06813704320344396).
PROBE TRIGGERED! Error reduced from 0.128 to 0.105 (ATE went to 0.0446613919451233).
PROBE TRIGGERED! Error reduced from 0.105 to 0.091 (ATE went to 0.031272559463039716).
PROBE TRIGGERED! Error reduced from 0.091 to 0.082 (ATE went to 0.022145135358662086).
PROBE TRIGGERED! Error reduced from 0.082 to 0.070 (ATE went to 0.010444830761443303).
***
FINISHED
ATE before: 0.06813704326279281
ATE now is: -0.003859613956660712
sequence is: (('IQR', 'gestat10'), ('bin_equal_frequency_2', 'wt'))
***
Execution time: 10731.998 sec
distances from ATE (with time):
[(np.float64(0.1281370432627928), 0), (np.float64(0.12813704320344396), 0.010090827941894531), (np.float64(0.1281370432627928), 0.015117168426513672), (np.float64(0.12813704320344396), 0.029154300689697266), (np.float64(0.12813704315567187), 0.04313015937805176), (np.float64(0.1281370429816516), 0.15246939659118652), (np.float64(0.1281370428621142), 0.221466064453125), (np.float64(0.12813704269976148), 0.7058632373809814), (np.float64(0.12812159348453578), 0.7464990615844727), (np.float64(0.12810776629995477), 0.7870199680328369), (np.float64(0.12808615426402506), 0.8004956245422363), (np.float64(0.12807978892497268), 0.9097576141357422), (np.float64(0.1238878451767965), 0.9374818801879883), (np.float64(0.1046613919451233), 12.862192153930664), (np.float64(0.1281370432627928), 12.865983724594116), (np.float64(0.1046613919451233), 12.87834119796753), (np.float64(0.10466139176349491), 12.901646614074707), (np.float64(0.10465190581386416), 25.002326250076294), (np.float64(0.10463073081797879), 25.040886163711548), (np.float64(0.104546665585367), 25.155461072921753), (np.float64(0.09459911884107342), 25.18085479736328), (np.float64(0.09127255946303972), 28.58283567428589), (np.float64(0.1281370432627928), 28.586674690246582), (np.float64(0.1046613919451233), 28.59955072402954), (np.float64(0.10466139176349491), 28.634657859802246), (np.float64(0.09127255946303972), 28.647792100906372), (np.float64(0.08880268850605096), 28.674396991729736), (np.float64(0.0888026878510797), 29.293054580688477), (np.float64(0.08880268709057847), 47.86121654510498), (np.float64(0.0888026870618637), 48.22045421600342), (np.float64(0.08880268682867891), 48.23662996292114), (np.float64(0.08853288524576074), 79.59658765792847), (np.float64(0.0856801593112427), 80.17609214782715), (np.float64(0.08467187908659896), 80.51685428619385), (np.float64(0.08214513535866208), 103.38754105567932), (np.float64(0.1281370432627928), 103.39118432998657), (np.float64(0.1046613919451233), 103.40450429916382), (np.float64(0.10466139176349491), 103.44956588745117), (np.float64(0.09127255946303972), 103.46246671676636), (np.float64(0.08880268850605096), 103.48786950111389), (np.float64(0.0888026878510797), 103.58967471122742), (np.float64(0.08467187930669218), 103.61675477027893), (np.float64(0.08214513531038725), 103.6637794971466), (np.float64(0.08214513478743683), 141.41114401817322), (np.float64(0.08214513466160216), 141.47233986854553), (np.float64(0.08214513452232718), 141.97620153427124), (np.float64(0.08213485250311753), 178.69526839256287), (np.float64(0.08211469272898961), 178.87626433372498), (np.float64(0.08207844498459087), 178.99482345581055), (np.float64(0.08206138841343759), 179.23315024375916), (np.float64(0.0820290388186003), 180.8797163963318), (np.float64(0.08191742440760882), 204.1485469341278), (np.float64(0.0815731126397852), 204.8154022693634), (np.float64(0.07863676061144591), 204.83141326904297), (np.float64(0.07863676034759612), 247.92065167427063), (np.float64(0.07843409622177995), 2046.5865268707275), (np.float64(0.0704448307614433), 10731.719313621521), (np.float64(0.1281370432627928), 10731.723214626312), (np.float64(0.1046613919451233), 10731.909817934036), (np.float64(0.0704448307614433), 10731.933516263962), (np.float64(0.056140386043339284), 10731.997028589249)]
(REAL, NOT adjusted by restarts)probability of this sequence is: 3.4951592045017656e-15
probability of this sequence is: 0.05771681996453481
uncertainty:
{'ate': np.float64(-0.0038596137780442987), 'se': np.float64(0.009614476848720337), 'ci': (np.float64(-0.022708693982277865), np.float64(0.014989466426189266)), 'significant': np.False_}
checked:
453962
