Starting EXP30.8, type=probe, run 3/3
Job 68239844, task 164
loaded cached data
loaded cached data
loaded cached data
loaded cached data
loaded cached data
loaded cached data
START ATE IS: 8700.498711238095
PROBE TRIGGERED! Error reduced from inf to 11999.018 (ATE went to 6774.981553199985).
PROBE TRIGGERED! Error reduced from 11999.018 to 10514.017 (ATE went to 8259.982806258278).
PROBE TRIGGERED! Error reduced from 10514.017 to 7452.852 (ATE went to 11321.148098772834).
PROBE TRIGGERED! Error reduced from 7452.852 to 3235.654 (ATE went to 15538.345578003555).
PROBE TRIGGERED! Error reduced from 3235.654 to 2622.175 (ATE went to 16151.82543410831).
PROBE TRIGGERED! Error reduced from 2622.175 to 1612.229 (ATE went to 17161.77057887503).
***
FINISHED
ATE before: 8700.498711238095
ATE now is: 18029.460157338894
sequence is: (('bin_equal_width_2', 'education'), ('bin_equal_width_2', 'Age'), ('isolationForest', 'Age'))
***
Execution time: 1090.680 sec
distances from ATE (with time):
[(np.float64(10073.501288761905), 0), (np.float64(10073.501288761905), 0.40462517738342285), (np.float64(10073.501288761905), 1.660022258758545), (np.float64(7452.851901227166), 10.824835538864136), (np.float64(10073.501288761905), 10.912014961242676), (np.float64(7452.851901227166), 11.949529647827148), (np.float64(3235.6544219964453), 45.47290825843811), (np.float64(10073.501288761905), 45.50315976142883), (np.float64(7452.851901227166), 46.19408679008484), (np.float64(3235.6544219964453), 51.68017911911011), (np.float64(2622.17456589169), 62.97814917564392), (np.float64(10073.501288761905), 63.007927894592285), (np.float64(7452.851901227166), 63.31232023239136), (np.float64(3235.6544219964453), 68.92976832389832), (np.float64(2622.17456589169), 75.25655245780945), (np.float64(2541.9111059938296), 104.14558720588684), (np.float64(2500.04992012366), 115.53543400764465), (np.float64(2496.934703509549), 126.06281471252441), (np.float64(1612.2294211249682), 380.8555407524109), (np.float64(10073.501288761905), 380.8760759830475), (np.float64(7452.851901227166), 381.23359274864197), (np.float64(3235.6544219964453), 386.7351121902466), (np.float64(2622.17456589169), 393.32835245132446), (np.float64(1612.2294211249682), 410.06448888778687), (np.float64(744.5398426611064), 1090.6797351837158)]
uncertainty:
{'ate': np.float64(18029.460157338377), 'se': np.float64(645.8865694015835), 'ci': (np.float64(16763.541053856898), np.float64(19295.379260819856)), 'significant': np.True_}
checked:
799
