Starting EXP30.5, type=probe_probs_with_restart, run 1/3
Job 68225856, task 141
loaded cached data
loaded cached data
loaded cached data
loaded cached data
loaded cached data
loaded cached data
START ATE IS: 8650.895704379802
PROBE TRIGGERED! Error reduced from inf to 7849.104 (ATE went to 8650.895704381383).
PROBE TRIGGERED! Error reduced from 7849.104 to 6301.121 (ATE went to 10198.879409182504).
PROBE TRIGGERED! Error reduced from 6301.121 to 1800.484 (ATE went to 14699.516427797384).
PROBE TRIGGERED! Error reduced from 1800.484 to 1550.152 (ATE went to 14949.847984526632).
PROBE TRIGGERED! Error reduced from 1550.152 to 1166.281 (ATE went to 15333.71893707405).
PROBE TRIGGERED! Error reduced from 1166.281 to 890.624 (ATE went to 15609.37573083058).
PROBE TRIGGERED! Error reduced from 890.624 to 222.419 (ATE went to 16277.580888581053).
***
FINISHED
ATE before: 8650.895704379802
ATE now is: 16568.151251257303
sequence is: (('IQR', 'education'), ('isolationForest', 'Age'), ('norm_min_max', 'Age'), ('norm_log', 'education'))
***
Execution time: 684.005 sec
distances from ATE (with time):
[(np.float64(7849.104295620198), 0), (np.float64(7849.1042956186175), 0.3194901943206787), (np.float64(7849.104295620198), 0.3738367557525635), (np.float64(7849.1042956186175), 0.6456582546234131), (np.float64(7849.104295614625), 1.67374587059021), (np.float64(7849.104295612531), 2.9517621994018555), (np.float64(7787.9092007247855), 4.24523663520813), (np.float64(6301.120590817496), 4.598959684371948), (np.float64(7849.104295620198), 4.64385199546814), (np.float64(7849.1042956186175), 4.775452375411987), (np.float64(6301.120590817496), 5.075369834899902), (np.float64(6301.120590814986), 6.608436584472656), (np.float64(6301.120590814628), 10.687032699584961), (np.float64(6301.120590810857), 11.287593841552734), (np.float64(6287.992369062447), 12.539098262786865), (np.float64(1800.4835722026164), 19.174230337142944), (np.float64(7849.104295620198), 19.191348552703857), (np.float64(7849.1042956186175), 19.323137283325195), (np.float64(6301.120590817496), 19.454336166381836), (np.float64(1800.4835722026164), 23.04520535469055), (np.float64(1800.4835722022144), 27.414457082748413), (np.float64(1800.4835722019034), 31.77378487586975), (np.float64(1800.4835722016942), 42.477176666259766), (np.float64(1800.483572196692), 46.018381118774414), (np.float64(1779.885521637305), 67.7866325378418), (np.float64(1550.152015473368), 71.36008167266846), (np.float64(7849.104295620198), 71.37959694862366), (np.float64(7849.1042956186175), 71.50825762748718), (np.float64(6301.120590817496), 71.63168120384216), (np.float64(1800.4835722026164), 75.11233592033386), (np.float64(1800.4835722022144), 78.7700080871582), (np.float64(1800.4835722019034), 82.34345889091492), (np.float64(1550.152015473368), 93.57436513900757), (np.float64(1550.1520154727295), 97.09161877632141), (np.float64(1166.2810629259493), 185.10588932037354), (np.float64(7849.104295620198), 185.12294816970825), (np.float64(7849.1042956186175), 185.25259113311768), (np.float64(6301.120590817496), 185.3853840827942), (np.float64(1800.4835722026164), 188.95947408676147), (np.float64(1800.4835722022144), 192.6005711555481), (np.float64(1800.4835722019034), 196.13091206550598), (np.float64(1779.885521637305), 203.02463698387146), (np.float64(1166.2810629259493), 206.51111555099487), (np.float64(890.6242691694206), 230.98949337005615), (np.float64(7849.104295620198), 231.00716018676758), (np.float64(1800.4835722026164), 234.4284017086029), (np.float64(1779.885521637305), 238.1553897857666), (np.float64(1550.152015473186), 241.5202136039734), (np.float64(1166.2810629259493), 244.88425993919373), (np.float64(1166.281062922937), 390.3521785736084), (np.float64(1166.2810629229189), 403.98447704315186), (np.float64(222.41911141894707), 548.6698443889618), (np.float64(7849.104295620198), 548.686196565628), (np.float64(1800.4835722026164), 552.052766084671), (np.float64(1779.885521637305), 555.7837035655975), (np.float64(1550.152015473186), 559.1840107440948), (np.float64(1166.2810629259493), 562.68066239357), (np.float64(222.41911141894707), 579.8302149772644), (np.float64(218.114805981455), 612.159346818924), (np.float64(68.15125125730265), 684.0042338371277)]
(REAL, NOT adjusted by restarts)probability of this sequence is: 2.0990578114172958e-07
probability of this sequence is: 0.007868638680797908
uncertainty:
{'ate': np.float64(16568.151251264775), 'se': np.float64(651.7090058321708), 'ci': (np.float64(15290.818397261779), np.float64(17845.484105267773)), 'significant': np.True_}
checked:
529
