Starting EXP31.42, type=probe, run 2/3
Job 68226171, task 298
loaded cached data
loaded cached data
loaded cached data
loaded cached data
loaded cached data
loaded cached data
START ATE IS: 0.061299355797325046
PROBE TRIGGERED! Error reduced from inf to 0.121 (ATE went to 0.06137103925809783).
PROBE TRIGGERED! Error reduced from 0.121 to 0.062 (ATE went to 0.002010013999119545).
***
FINISHED
ATE before: 0.061299355797325046
ATE now is: -0.005347528969539983
sequence is: (('bin_equal_frequency_2', 'wt'), ('norm_log', 'gestat10'))
***
Execution time: 19.964 sec
distances from ATE (with time):
[(np.float64(0.12129935579732504), 0), (np.float64(0.12129935579732504), 0.060961246490478516), (np.float64(0.12126165911062618), 0.1479790210723877), (np.float64(0.06201001399911954), 0.2917287349700928), (np.float64(0.12129935579732504), 0.29715752601623535), (np.float64(0.06201001399911954), 0.3245851993560791), (np.float64(0.06199291314961021), 14.913153648376465), (np.float64(0.06197081878022569), 14.966865539550781), (np.float64(0.06193628031466946), 15.232154130935669), (np.float64(0.06165797279713551), 19.437114715576172), (np.float64(0.05465247103046002), 19.96346664428711)]
uncertainty:
{'ate': np.float64(-0.005347528992990902), 'se': np.float64(0.006570343834616874), 'ci': (np.float64(-0.01822679042262236), np.float64(0.007531732436640558)), 'significant': np.False_}
checked:
1058
