Starting EXP31.45, type=probe, run 3/3
Job 68241730, task 308
loaded cached data
loaded cached data
loaded cached data
loaded cached data
loaded cached data
loaded cached data
START ATE IS: 0.06123128369631816
PROBE TRIGGERED! Error reduced from inf to 0.121 (ATE went to 0.0613125124307813).
PROBE TRIGGERED! Error reduced from 0.121 to 0.062 (ATE went to 0.001930459171618443).
***
FINISHED
ATE before: 0.06123128369631816
ATE now is: -0.005408842309997192
sequence is: (('bin_equal_frequency_2', 'wt'), ('norm_log', 'gestat10'))
***
Execution time: 27.645 sec
distances from ATE (with time):
[(np.float64(0.12123128369631817), 0), (np.float64(0.12123128369631817), 0.17862176895141602), (np.float64(0.12119673557962965), 0.48291707038879395), (np.float64(0.12119499822248907), 0.7815594673156738), (np.float64(0.06193045917161844), 0.8158829212188721), (np.float64(0.12123128369631817), 0.8236846923828125), (np.float64(0.06193045917161844), 0.8598935604095459), (np.float64(0.06192446836638454), 20.36970591545105), (np.float64(0.06189438071347125), 20.405041217803955), (np.float64(0.06188983771313739), 20.477600812911987), (np.float64(0.061856222014688614), 20.76269793510437), (np.float64(0.054591157690002806), 27.645015716552734)]
uncertainty:
{'ate': np.float64(-0.005408842901941449), 'se': np.float64(0.006568494264556632), 'ci': (np.float64(-0.018284479291396503), np.float64(0.007466793487513607)), 'significant': np.False_}
checked:
1180
