Starting EXP34.2, type=probe_probs_no_restart, run 3/3
Job 68241933, task 401
loaded cached data
loaded cached data
loaded cached data
loaded cached data
loaded cached data
loaded cached data
START ATE IS: 8774.433204825878
***
FINISHED
ATE before: 8774.433204825878
ATE now is: 19607.63312804572
sequence is: (('norm_log', 'education'), ('bin_equal_width_5', 'education'), ('isolationForest', 'Age'))
***
Execution time: 9079.877 sec
distances from ATE (with time):
[(np.float64(9999.566795174122), 0), (np.float64(9935.720210799183), 7.316235065460205), (np.float64(8436.79803943951), 9.218236923217773), (np.float64(3590.152942967021), 47.586421966552734), (np.float64(3590.152942965193), 261.1331903934479), (np.float64(3574.7174223066286), 546.4049506187439), (np.float64(2563.210825393973), 998.9920325279236), (np.float64(1969.6084135944475), 1894.347852230072), (np.float64(1765.0372188702058), 3946.7672176361084), (np.float64(1149.9365922470388), 5702.91605424881), (np.float64(833.6331280457198), 9079.876054048538)]
probability of this sequence is: 1.8160387806644015e-07
uncertainty:
{'ate': np.float64(19471.147705366377), 'se': np.float64(378.06071318793715), 'ci': (np.float64(18730.16145315108), np.float64(20212.133957581675)), 'significant': np.True_}
checked:
2352
