Starting EXP31.3, type=probe_probs_with_restart, run 1/3
Job 68225901, task 186
loaded cached data
loaded cached data
loaded cached data
loaded cached data
loaded cached data
loaded cached data
START ATE IS: -0.02489110143123796
***
FINISHED
ATE before: -0.02489110143123796
ATE now is: -0.024891101431238533
sequence is: (('norm_min_max', 'frace'),)
***
Execution time: 0.003 sec
distances from ATE (with time):
[(np.float64(0.03510889856876204), 0), (np.float64(0.03510889856876147), 0.00214385986328125)]
(REAL, NOT adjusted by restarts)probability of this sequence is: 0.19264069264069264
probability of this sequence is: 0.19264069264069264
uncertainty:
{'ate': np.float64(-0.02489110143124075), 'se': np.float64(0.007397332274045872), 'ci': (np.float64(-0.03939142744315837), np.float64(-0.01039077541932313)), 'significant': np.True_}
checked:
1
