Starting EXP31.48, type=probe_probs_with_restart, run 2/3
Job 68241775, task 322
loaded cached data
loaded cached data
loaded cached data
loaded cached data
loaded cached data
loaded cached data
START ATE IS: 0.06129174396999343
PROBE TRIGGERED! Error reduced from inf to 0.121 (ATE went to 0.06129174397066569).
PROBE TRIGGERED! Error reduced from 0.121 to 0.097 (ATE went to 0.03700125386182262).
PROBE TRIGGERED! Error reduced from 0.097 to 0.086 (ATE went to 0.02582563684746314).
PROBE TRIGGERED! Error reduced from 0.086 to 0.062 (ATE went to 0.0019368805889578803).
***
FINISHED
ATE before: 0.06129174396999343
ATE now is: -0.007628993840484379
sequence is: (('IQR', 'gestat10'), ('bin_equal_frequency_2', 'wt'))
***
Execution time: 13334.622 sec
distances from ATE (with time):
[(np.float64(0.12129174396999343), 0), (np.float64(0.12129174396999343), 0.021872282028198242), (np.float64(0.12129174396968864), 0.09275698661804199), (np.float64(0.12129174396853473), 0.11051797866821289), (np.float64(0.12125318973608967), 0.8929421901702881), (np.float64(0.11753997879887734), 1.0862841606140137), (np.float64(0.09700125386182262), 15.151962041854858), (np.float64(0.12129174396999343), 15.157994031906128), (np.float64(0.09700125386182262), 15.175935983657837), (np.float64(0.09700125386172492), 15.209407091140747), (np.float64(0.09700125386164499), 17.681482553482056), (np.float64(0.0970007919082714), 30.103800296783447), (np.float64(0.09699848065710165), 30.123186349868774), (np.float64(0.09699008564912019), 30.142505884170532), (np.float64(0.08773890625156283), 30.23962116241455), (np.float64(0.08582563684746314), 35.839306592941284), (np.float64(0.12129174396999343), 35.84475326538086), (np.float64(0.09700125386182262), 35.86116886138916), (np.float64(0.09700125386172492), 35.90888452529907), (np.float64(0.08791990289653509), 35.928038120269775), (np.float64(0.08582563684746314), 35.96567344665527), (np.float64(0.08582563684743819), 59.268813371658325), (np.float64(0.08582563684740839), 59.33498430252075), (np.float64(0.08582563684739028), 59.63359308242798), (np.float64(0.08582563684737067), 59.947489500045776), (np.float64(0.08582563684735454), 60.01616644859314), (np.float64(0.08582563684731612), 60.244314432144165), (np.float64(0.0858080683672909), 64.43218922615051), (np.float64(0.08557605421284709), 64.74300956726074), (np.float64(0.08549954883023764), 101.57731008529663), (np.float64(0.08530471660255051), 102.4678258895874), (np.float64(0.08189417936329514), 103.96833825111389), (np.float64(0.07974522157745877), 131.21258926391602), (np.float64(0.07972033005794596), 2163.1946942806244), (np.float64(0.0796210272988293), 7263.536756277084), (np.float64(0.061936880588957875), 13334.3217587471), (np.float64(0.12129174396999343), 13334.327996253967), (np.float64(0.09700125386182262), 13334.515786409378), (np.float64(0.061936880588957875), 13334.532457351685), (np.float64(0.05237100615951562), 13334.621386766434)]
(REAL, NOT adjusted by restarts)probability of this sequence is: 3.945707070707071e-15
probability of this sequence is: 0.03215515151528872
uncertainty:
{'ate': np.float64(-0.0076289938405689345), 'se': np.float64(0.0068394668075475624), 'ci': (np.float64(-0.02103589353863806), np.float64(0.005777905857500192)), 'significant': np.False_}
checked:
376687
