Starting EXP36.2, type=probe, run 1/3
Job 68242908, task 450
loaded cached data
loaded cached data
loaded cached data
loaded cached data
loaded cached data
loaded cached data
START ATE IS: 66779.47590293978
PROBE TRIGGERED! Error reduced from inf to 51275.587 (ATE went to 61408.666788999944).
PROBE TRIGGERED! Error reduced from 51275.587 to 45958.360 (ATE went to 56091.44014961764).
PROBE TRIGGERED! Error reduced from 45958.360 to 39347.787 (ATE went to 49480.86736911494).
PROBE TRIGGERED! Error reduced from 39347.787 to 29674.592 (ATE went to 39807.67164231511).
PROBE TRIGGERED! Error reduced from 29674.592 to 23908.004 (ATE went to 34041.083583474065).
PROBE TRIGGERED! Error reduced from 23908.004 to 15203.019 (ATE went to 25336.098714833533).
PROBE TRIGGERED! Error reduced from 15203.019 to 10559.412 (ATE went to 20692.49207743123).
PROBE TRIGGERED! Error reduced from 10559.412 to 7573.456 (ATE went to 17706.53582689922).
PROBE TRIGGERED! Error reduced from 7573.456 to 6446.380 (ATE went to 16579.460213090002).
PROBE TRIGGERED! Error reduced from 6446.380 to 4806.460 (ATE went to 14939.539503108334).
PROBE TRIGGERED! Error reduced from 4806.460 to 4053.807 (ATE went to 14186.88683518088).
PROBE TRIGGERED! Error reduced from 4053.807 to 2990.829 (ATE went to 13123.90944028461).
***
FINISHED
ATE before: 66779.47590293978
ATE now is: 11433.166275248615
sequence is: (('norm_log', 'sqft_living15'), ('bin_equal_frequency_2', 'bedrooms'), ('bin_equal_frequency_2', 'sqft_lot15'), ('bin_equal_frequency_2', 'yr_built'), ('bin_equal_frequency_2', 'bathrooms'), ('IQR', 'sqft_basement'), ('bin_equal_frequency_2', 'condition'))
***
Execution time: 98.733 sec
distances from ATE (with time):
[(np.float64(56646.39590293978), 0), (np.float64(51275.58678899994), 0.0029172897338867188), (np.float64(56646.39590293978), 0.004451751708984375), (np.float64(51275.58678899994), 0.008281707763671875), (np.float64(49919.86332106116), 0.012047767639160156), (np.float64(45958.36014961764), 0.04252433776855469), (np.float64(56646.39590293978), 0.043888092041015625), (np.float64(51275.58678899994), 0.0472562313079834), (np.float64(45958.36014961764), 0.05051922798156738), (np.float64(41857.26550256349), 0.055176496505737305), (np.float64(39347.787369114936), 0.09935307502746582), (np.float64(56646.39590293978), 0.10076618194580078), (np.float64(51275.58678899994), 0.1040804386138916), (np.float64(45958.36014961764), 0.10729336738586426), (np.float64(39347.787369114936), 0.11052894592285156), (np.float64(37725.12789896913), 0.11982011795043945), (np.float64(29674.591642315107), 0.16756582260131836), (np.float64(56646.39590293978), 0.16893362998962402), (np.float64(51275.58678899994), 0.17224383354187012), (np.float64(45958.36014961764), 0.17546987533569336), (np.float64(39347.787369114936), 0.17871332168579102), (np.float64(37725.12789896913), 0.1876821517944336), (np.float64(29674.591642315107), 0.20218110084533691), (np.float64(23908.003583474063), 4.552379369735718), (np.float64(56646.39590293978), 4.5537567138671875), (np.float64(45958.36014961764), 4.5573530197143555), (np.float64(39347.787369114936), 4.560615539550781), (np.float64(30060.04333052314), 4.571630001068115), (np.float64(29770.082770584988), 4.599901914596558), (np.float64(23908.003583474063), 4.6047587394714355), (np.float64(15203.018714833534), 4.638685464859009), (np.float64(56646.39590293978), 4.640054225921631), (np.float64(39347.787369114936), 4.643366098403931), (np.float64(30060.04333052314), 4.657745361328125), (np.float64(23908.003583474063), 4.66672158241272), (np.float64(17021.609928323865), 4.703323602676392), (np.float64(15203.018714833534), 4.708892583847046), (np.float64(13696.731026148727), 4.776725769042969), (np.float64(10559.41207743123), 23.07780146598816), (np.float64(56646.39590293978), 23.079498052597046), (np.float64(45958.36014961764), 23.083768129348755), (np.float64(39347.787369114936), 23.087714672088623), (np.float64(30060.04333052314), 23.093095779418945), (np.float64(23908.003583474063), 23.119963884353638), (np.float64(15203.018714833534), 23.168822288513184), (np.float64(13696.731026148727), 23.271855354309082), (np.float64(7573.4558268992205), 23.391123294830322), (np.float64(56646.39590293978), 23.392635822296143), (np.float64(45958.36014961764), 23.396278619766235), (np.float64(39347.787369114936), 23.399815797805786), (np.float64(30060.04333052314), 23.415531396865845), (np.float64(29770.082770584988), 23.43016791343689), (np.float64(23908.003583474063), 23.43514919281006), (np.float64(21121.208099451447), 23.506067037582397), (np.float64(14907.17320341162), 23.59992790222168), (np.float64(9253.55063396734), 23.63068962097168), (np.float64(7573.4558268992205), 23.647929430007935), (np.float64(6446.380213090002), 61.619600772857666), (np.float64(56646.39590293978), 61.62109160423279), (np.float64(45958.36014961764), 61.62587928771973), (np.float64(39347.787369114936), 61.62925052642822), (np.float64(30060.04333052314), 61.6438364982605), (np.float64(29770.082770584988), 61.657220125198364), (np.float64(23908.003583474063), 61.66162467002869), (np.float64(21121.208099451447), 61.7318856716156), (np.float64(14907.17320341162), 61.861640214920044), (np.float64(9253.55063396734), 61.93639540672302), (np.float64(7573.4558268992205), 61.97780227661133), (np.float64(6446.380213090002), 62.12914180755615), (np.float64(4806.459503108334), 62.1380569934845), (np.float64(56646.39590293978), 62.13948106765747), (np.float64(51275.58678899994), 62.14282584190369), (np.float64(49919.86332106116), 62.146075963974), (np.float64(45958.36014961764), 62.14936280250549), (np.float64(39347.787369114936), 62.152610063552856), (np.float64(37725.12789896913), 62.16920828819275), (np.float64(35007.35312782832), 62.17358994483948), (np.float64(31267.03510503206), 62.21014976501465), (np.float64(30063.967237710596), 62.215646743774414), (np.float64(23332.619332403425), 62.26985454559326), (np.float64(22841.58397143917), 62.276538133621216), (np.float64(21220.82238473858), 62.30718541145325), (np.float64(14907.17320341162), 62.3145854473114), (np.float64(9253.55063396734), 62.37831234931946), (np.float64(7573.4558268992205), 62.39979577064514), (np.float64(6446.380213090002), 62.49229288101196), (np.float64(4806.459503108334), 62.50229024887085), (np.float64(4053.8068351808797), 97.27333116531372), (np.float64(56646.39590293978), 97.27486801147461), (np.float64(51275.58678899994), 97.27968764305115), (np.float64(49919.86332106116), 97.28298687934875), (np.float64(45958.36014961764), 97.28632640838623), (np.float64(39347.787369114936), 97.28966760635376), (np.float64(37725.12789896913), 97.30645704269409), (np.float64(35007.35312782832), 97.3108823299408), (np.float64(31267.03510503206), 97.34782218933105), (np.float64(30063.967237710596), 97.35336542129517), (np.float64(23332.619332403425), 97.41449069976807), (np.float64(22841.58397143917), 97.42111206054688), (np.float64(21220.82238473858), 97.46369671821594), (np.float64(14907.17320341162), 97.47039294242859), (np.float64(9253.55063396734), 97.55540299415588), (np.float64(7573.4558268992205), 97.58172726631165), (np.float64(6446.380213090002), 97.79266285896301), (np.float64(4806.459503108334), 97.82931447029114), (np.float64(4053.8068351808797), 97.87482523918152), (np.float64(2990.8294402846095), 98.04204630851746), (np.float64(56646.39590293978), 98.04355216026306), (np.float64(51275.58678899994), 98.04699683189392), (np.float64(49919.86332106116), 98.05021810531616), (np.float64(45958.36014961764), 98.05348062515259), (np.float64(39347.787369114936), 98.05673789978027), (np.float64(37725.12789896913), 98.0734269618988), (np.float64(35007.35312782832), 98.07781672477722), (np.float64(31267.03510503206), 98.12128400802612), (np.float64(30063.967237710596), 98.12678694725037), (np.float64(23332.619332403425), 98.20352053642273), (np.float64(22841.58397143917), 98.21016359329224), (np.float64(21220.82238473858), 98.26036643981934), (np.float64(14907.17320341162), 98.26712560653687), (np.float64(9253.55063396734), 98.36277055740356), (np.float64(7573.4558268992205), 98.39967322349548), (np.float64(6446.380213090002), 98.57765936851501), (np.float64(5787.961534340804), 98.58598232269287), (np.float64(4806.459503108334), 98.62998175621033), (np.float64(4053.8068351808797), 98.63856029510498), (np.float64(2990.8294402846095), 98.72308421134949), (np.float64(1300.0862752486155), 98.73260951042175)]
uncertainty:
{'ate': np.float64(11433.166277003023), 'se': np.float64(52766.39041044701), 'ci': (np.float64(-92063.44087098367), np.float64(114929.77342498972)), 'significant': np.False_}
checked:
10715
