Starting EXP29.9, type=probe_probs_with_restart, run 2/3
Job 68238597, task 97
loaded cached data
loaded cached data
loaded cached data
loaded cached data
loaded cached data
loaded cached data
START ATE IS: 0.06173008890719227
PROBE TRIGGERED! Error reduced from inf to 0.122 (ATE went to 0.0617300883888885).
PROBE TRIGGERED! Error reduced from 0.122 to 0.098 (ATE went to 0.0384328558475555).
PROBE TRIGGERED! Error reduced from 0.098 to 0.088 (ATE went to 0.02780724660898652).
PROBE TRIGGERED! Error reduced from 0.088 to 0.064 (ATE went to 0.0037286836108874435).
***
FINISHED
ATE before: 0.06173008890719227
ATE now is: -0.005816698229670227
sequence is: (('IQR', 'gestat10'), ('bin_equal_frequency_2', 'wt'))
***
Execution time: 13428.866 sec
distances from ATE (with time):
[(np.float64(0.12173008890719227), 0), (np.float64(0.12173008838888849), 0.011037826538085938), (np.float64(0.12173008890719227), 0.01776123046875), (np.float64(0.12173008838888849), 0.03409719467163086), (np.float64(0.12173008818416876), 0.621392011642456), (np.float64(0.12173008790587239), 0.7022173404693604), (np.float64(0.12168944687079188), 0.9296886920928955), (np.float64(0.11808299031693528), 1.1121513843536377), (np.float64(0.0984328558475555), 15.231945037841797), (np.float64(0.12173008890719227), 15.236972332000732), (np.float64(0.0984328558475555), 15.252782106399536), (np.float64(0.09843285471474805), 15.281787633895874), (np.float64(0.09843285435427995), 17.362860918045044), (np.float64(0.0984328537868776), 17.410953283309937), (np.float64(0.09843285368735741), 17.476277828216553), (np.float64(0.09843285368493204), 17.806442260742188), (np.float64(0.09839668190783932), 29.98296308517456), (np.float64(0.09839226718882105), 30.079341888427734), (np.float64(0.08935874412781826), 30.16043996810913), (np.float64(0.08780724660898652), 35.478625535964966), (np.float64(0.12173008890719227), 35.48356485366821), (np.float64(0.0984328558475555), 35.499600410461426), (np.float64(0.09843285471474805), 35.54350519180298), (np.float64(0.08947592306616978), 35.561017990112305), (np.float64(0.08780724660898652), 35.59666419029236), (np.float64(0.08780724613720903), 58.91567587852478), (np.float64(0.08780724606760498), 59.19507145881653), (np.float64(0.087807245805438), 59.577861070632935), (np.float64(0.08780724564376523), 59.63876509666443), (np.float64(0.08741437327720661), 98.38517665863037), (np.float64(0.0869934885653), 99.15238785743713), (np.float64(0.08357553340397963), 99.61613416671753), (np.float64(0.08190321891451828), 128.8894078731537), (np.float64(0.0818987871717881), 1022.4301958084106), (np.float64(0.08186584865730166), 1902.0620408058167), (np.float64(0.0818597113220884), 1904.9134204387665), (np.float64(0.06372868361088745), 13428.557523965836), (np.float64(0.12173008890719227), 13428.562503576279), (np.float64(0.0984328558475555), 13428.772483825684), (np.float64(0.06372868361088745), 13428.786473989487), (np.float64(0.05418330177032977), 13428.865514039993)]
(REAL, NOT adjusted by restarts)probability of this sequence is: 3.4951592045017656e-15
probability of this sequence is: 0.032146024955565816
uncertainty:
{'ate': np.float64(-0.005816697980837359), 'se': np.float64(0.0072469398059940475), 'ci': (np.float64(-0.02002255312905933), np.float64(0.008389157167384611)), 'significant': np.False_}
checked:
510740
