Starting EXP33.2, type=probe, run 2/3
Job 68227475, task 10
loaded cached data
loaded cached data
loaded cached data
loaded cached data
loaded cached data
loaded cached data
START ATE IS: 0.06132348715409094
PROBE TRIGGERED! Error reduced from inf to 0.121 (ATE went to 0.061330034268357654).
PROBE TRIGGERED! Error reduced from 0.121 to 0.062 (ATE went to 0.001959382152452866).
***
FINISHED
ATE before: 0.06132348715409094
ATE now is: -0.005384344828963769
sequence is: (('bin_equal_frequency_2', 'wt'), ('norm_log', 'gestat10'))
***
Execution time: 88.181 sec
distances from ATE (with time):
[(np.float64(0.12132348715409094), 0), (np.float64(0.12132348715409094), 0.15010499954223633), (np.float64(0.12131956664219185), 5.652616500854492), (np.float64(0.12130306780056208), 23.894956588745117), (np.float64(0.12129993196776384), 23.939138650894165), (np.float64(0.12129361878271429), 23.98213839530945), (np.float64(0.12128751544800563), 24.073617458343506), (np.float64(0.1212821320447516), 24.12032198905945), (np.float64(0.06195938215245286), 24.20855951309204), (np.float64(0.12132348715409094), 24.217742919921875), (np.float64(0.06195938215245286), 24.314087390899658), (np.float64(0.06195392453627865), 67.61569142341614), (np.float64(0.061952296326717914), 67.70818638801575), (np.float64(0.06192110575819879), 67.94265055656433), (np.float64(0.06192098076119286), 68.11129260063171), (np.float64(0.06188308463893618), 69.05805253982544), (np.float64(0.054615655171036226), 88.1810953617096)]
uncertainty:
{'ate': np.float64(-0.0053843453439332), 'se': np.float64(0.0046391192565335805), 'ci': (np.float64(-0.014477424308220401), np.float64(0.0037087336203540013)), 'significant': np.False_}
checked:
1315
