Starting EXP30.7, type=probe, run 3/3
Job 68239831, task 155
loaded cached data
loaded cached data
loaded cached data
loaded cached data
loaded cached data
loaded cached data
START ATE IS: 8806.330288038847
PROBE TRIGGERED! Error reduced from inf to 11888.199 (ATE went to 6885.800593602171).
PROBE TRIGGERED! Error reduced from 11888.199 to 10410.105 (ATE went to 8363.895127665215).
PROBE TRIGGERED! Error reduced from 10410.105 to 7348.230 (ATE went to 11425.769671702172).
PROBE TRIGGERED! Error reduced from 7348.230 to 3608.862 (ATE went to 15165.138156625595).
***
FINISHED
ATE before: 8806.330288038847
ATE now is: 17775.13573854838
sequence is: (('isolationForest', 'Age'), ('bin_equal_width_2', 'education'))
***
Execution time: 52.553 sec
distances from ATE (with time):
[(np.float64(9967.669711961153), 0), (np.float64(9967.669711961153), 0.36369848251342773), (np.float64(9967.669711961153), 1.4504387378692627), (np.float64(7348.230328297828), 8.863405466079712), (np.float64(9967.669711961153), 8.933222770690918), (np.float64(7348.230328297828), 9.749164819717407), (np.float64(3608.861843374405), 37.47019648551941), (np.float64(9967.669711961153), 37.497607707977295), (np.float64(7348.230328297828), 38.0395884513855), (np.float64(3608.861843374405), 42.78292536735535), (np.float64(998.8642614516211), 52.552640199661255)]
uncertainty:
{'ate': np.float64(17775.13573855108), 'se': np.float64(516.835673594483), 'ci': (np.float64(16762.152901983492), np.float64(18788.118575118664)), 'significant': np.True_}
checked:
125
