Starting EXP33.2, type=probe, run 3/3
Job 68241876, task 353
loaded cached data
loaded cached data
loaded cached data
loaded cached data
loaded cached data
loaded cached data
START ATE IS: 0.06132348715409094
PROBE TRIGGERED! Error reduced from inf to 0.121 (ATE went to 0.061330034268357654).
PROBE TRIGGERED! Error reduced from 0.121 to 0.062 (ATE went to 0.001959382152452866).
***
FINISHED
ATE before: 0.06132348715409094
ATE now is: -0.005384344828963769
sequence is: (('bin_equal_frequency_2', 'wt'), ('norm_log', 'gestat10'))
***
Execution time: 64.140 sec
distances from ATE (with time):
[(np.float64(0.12132348715409094), 0), (np.float64(0.12132348715409094), 0.12061285972595215), (np.float64(0.12131956664219185), 0.5785584449768066), (np.float64(0.12130306780056208), 2.023409366607666), (np.float64(0.12129993196776384), 2.0685722827911377), (np.float64(0.12129361878271429), 2.114583730697632), (np.float64(0.12128751544800563), 2.202183723449707), (np.float64(0.1212821320447516), 2.246361017227173), (np.float64(0.06195938215245286), 2.3383336067199707), (np.float64(0.12132348715409094), 2.3490984439849854), (np.float64(0.06195938215245286), 2.445604085922241), (np.float64(0.06195392453627865), 44.39963388442993), (np.float64(0.061952296326717914), 44.480836153030396), (np.float64(0.06192110575819879), 44.691768169403076), (np.float64(0.06192098076119286), 44.86521053314209), (np.float64(0.06188308463893618), 45.78014850616455), (np.float64(0.054615655171036226), 64.13939809799194)]
uncertainty:
{'ate': np.float64(-0.0053843453439332), 'se': np.float64(0.0046391192565335805), 'ci': (np.float64(-0.014477424308220401), np.float64(0.0037087336203540013)), 'significant': np.False_}
checked:
1315
