Starting EXP29.9, type=probe_probs_with_restart, run 1/3
Job 68238594, task 96
loaded cached data
loaded cached data
loaded cached data
loaded cached data
loaded cached data
loaded cached data
START ATE IS: 0.06316614153122542
PROBE TRIGGERED! Error reduced from inf to 0.123 (ATE went to 0.06316614096404671).
PROBE TRIGGERED! Error reduced from 0.123 to 0.099 (ATE went to 0.038777921520246734).
PROBE TRIGGERED! Error reduced from 0.099 to 0.088 (ATE went to 0.027691241583537723).
PROBE TRIGGERED! Error reduced from 0.088 to 0.063 (ATE went to 0.0025411142232888875).
***
FINISHED
ATE before: 0.06316614153122542
ATE now is: -0.00592560355723036
sequence is: (('IQR', 'gestat10'), ('bin_equal_frequency_2', 'wt'))
***
Execution time: 13818.577 sec
distances from ATE (with time):
[(np.float64(0.12316614153122542), 0), (np.float64(0.12316614096404671), 0.010775566101074219), (np.float64(0.12316614153122542), 0.017481088638305664), (np.float64(0.12316614096404671), 0.03431248664855957), (np.float64(0.12316614090507559), 0.05029654502868652), (np.float64(0.1231661408988923), 0.7356691360473633), (np.float64(0.12316614077569282), 0.7981832027435303), (np.float64(0.12316605429088523), 0.8614420890808105), (np.float64(0.12315518097736915), 0.9089820384979248), (np.float64(0.12315387405276147), 0.9407298564910889), (np.float64(0.12314784064939417), 1.021073579788208), (np.float64(0.12314406596130885), 1.0695226192474365), (np.float64(0.11924016970440976), 1.0858221054077148), (np.float64(0.09877792152024673), 15.007587194442749), (np.float64(0.12316614153122542), 15.012839794158936), (np.float64(0.09877792152024673), 15.028316497802734), (np.float64(0.09877792151822679), 17.088375329971313), (np.float64(0.0987779215151122), 17.104569911956787), (np.float64(0.0987779215143787), 17.12069535255432), (np.float64(0.098777921500925), 17.360923051834106), (np.float64(0.09877768634609699), 29.483826637268066), (np.float64(0.09877006193832409), 29.532382011413574), (np.float64(0.09876601251683215), 29.564661502838135), (np.float64(0.09875159602136874), 29.69454312324524), (np.float64(0.08927353692034203), 29.71069025993347), (np.float64(0.08769124158353772), 34.885918378829956), (np.float64(0.12316614153122542), 34.8909707069397), (np.float64(0.09877792152024673), 34.90571403503418), (np.float64(0.08987906000450435), 34.96684765815735), (np.float64(0.08769124158353772), 35.00121235847473), (np.float64(0.0876912414872167), 35.74692225456238), (np.float64(0.08769124144910116), 58.16199040412903), (np.float64(0.08769124141929815), 58.21999907493591), (np.float64(0.08722034569970671), 96.77412438392639), (np.float64(0.08376066124113575), 97.98392581939697), (np.float64(0.08149343262278241), 126.57301139831543), (np.float64(0.08149343255458891), 715.7515788078308), (np.float64(0.08148595198354748), 998.3286192417145), (np.float64(0.08148065010489752), 998.4585456848145), (np.float64(0.08146046318650688), 1894.083818912506), (np.float64(0.08144719111178592), 10956.551331996918), (np.float64(0.06254111422328888), 13818.25879573822), (np.float64(0.12316614153122542), 13818.263726949692), (np.float64(0.09877792152024673), 13818.483124494553), (np.float64(0.06254111422328888), 13818.497067928314), (np.float64(0.05407439644276964), 13818.57643866539)]
(REAL, NOT adjusted by restarts)probability of this sequence is: 3.4951592045017656e-15
probability of this sequence is: 0.032146024955565816
uncertainty:
{'ate': np.float64(-0.005925603693780856), 'se': np.float64(0.007209083713109813), 'ci': (np.float64(-0.020057248894649046), np.float64(0.008206041507087331)), 'significant': np.False_}
checked:
536952
