Starting EXP29.8, type=probe_probs_with_restart, run 1/3
Job 68238579, task 87
loaded cached data
loaded cached data
loaded cached data
loaded cached data
loaded cached data
loaded cached data
START ATE IS: 0.059519784093358924
PROBE TRIGGERED! Error reduced from inf to 0.120 (ATE went to 0.059519784015138966).
PROBE TRIGGERED! Error reduced from 0.120 to 0.094 (ATE went to 0.03366298409406006).
PROBE TRIGGERED! Error reduced from 0.094 to 0.084 (ATE went to 0.024045290987578707).
***
FINISHED
ATE before: 0.059519784093358924
ATE now is: -0.002313124865499276
sequence is: (('bin_equal_frequency_2', 'wt'),)
***
Execution time: 13547.198 sec
distances from ATE (with time):
[(np.float64(0.11951978409335892), 0), (np.float64(0.11951978401513896), 0.010017871856689453), (np.float64(0.11951978409335892), 0.01617598533630371), (np.float64(0.11951978401513896), 0.030774831771850586), (np.float64(0.11951978393387358), 0.0452117919921875), (np.float64(0.11951978382480116), 0.07393789291381836), (np.float64(0.11951978379852564), 0.19107770919799805), (np.float64(0.11951978372028588), 0.20586252212524414), (np.float64(0.11951978370503244), 0.5886867046356201), (np.float64(0.1194660255954788), 0.8061792850494385), (np.float64(0.11569330387646726), 1.0007100105285645), (np.float64(0.09366298409406006), 14.585699081420898), (np.float64(0.11951978409335892), 14.590555191040039), (np.float64(0.09366298409406006), 14.605024337768555), (np.float64(0.09366298369709607), 16.720781326293945), (np.float64(0.09362038145597681), 28.548629999160767), (np.float64(0.08404529098757871), 28.74149489402771), (np.float64(0.11951978409335892), 28.74630832672119), (np.float64(0.09366298409406006), 28.76061248779297), (np.float64(0.08404529098757871), 28.81384301185608), (np.float64(0.08404529007485417), 50.27024841308594), (np.float64(0.08404528967598154), 50.28654384613037), (np.float64(0.08404528947132807), 50.302817821502686), (np.float64(0.08404528844240775), 50.43316864967346), (np.float64(0.08334059011019525), 50.97480249404907), (np.float64(0.08326659193313035), 87.03805184364319), (np.float64(0.07707780760211638), 87.19483494758606), (np.float64(0.07707780577769677), 169.71779346466064), (np.float64(0.07707780572721055), 960.3788497447968), (np.float64(0.07701551627020933), 1257.59969830513), (np.float64(0.07700704018440563), 1257.7931098937988), (np.float64(0.07691021476289236), 1258.4843134880066), (np.float64(0.05768687513450072), 13547.197669029236)]
(REAL, NOT adjusted by restarts)probability of this sequence is: 1.9607843137254904e-12
probability of this sequence is: 1.0039215686274514e-12
uncertainty:
{'ate': np.float64(-0.00231312398020481), 'se': np.float64(0.00748806759944903), 'ci': (np.float64(-0.01699178587082791), np.float64(0.012365537910418289)), 'significant': np.False_}
checked:
568792
