Starting EXP29.7, type=probe, run 2/3
Job 68225739, task 73
loaded cached data
loaded cached data
loaded cached data
loaded cached data
loaded cached data
loaded cached data
START ATE IS: 0.06769327693477607
PROBE TRIGGERED! Error reduced from inf to 0.128 (ATE went to 0.06752604254725374).
PROBE TRIGGERED! Error reduced from 0.128 to 0.068 (ATE went to 0.008106068744806232).
PROBE TRIGGERED! Error reduced from 0.068 to 0.061 (ATE went to 0.0008365795809141575).
***
FINISHED
ATE before: 0.06769327693477607
ATE now is: -0.0024875375735102195
sequence is: (('bin_equal_frequency_2', 'wt'), ('IQR', 'gestat10'))
***
Execution time: 67.006 sec
distances from ATE (with time):
[(np.float64(0.12769327693477606), 0), (np.float64(0.12752604254725375), 0.04602360725402832), (np.float64(0.12769327693477606), 0.051549434661865234), (np.float64(0.12752604254725375), 0.06744551658630371), (np.float64(0.06810606874480624), 0.8166224956512451), (np.float64(0.12769327693477606), 0.8224897384643555), (np.float64(0.12752604254725375), 0.8378243446350098), (np.float64(0.06810606874480624), 0.8516449928283691), (np.float64(0.0679625237965332), 0.8714344501495361), (np.float64(0.06789850644452504), 23.512747049331665), (np.float64(0.06785741610237046), 24.062211275100708), (np.float64(0.06083657958091415), 33.39877128601074), (np.float64(0.12769327693477606), 33.40468430519104), (np.float64(0.06810606874480624), 33.4270601272583), (np.float64(0.0679625237965332), 33.483694314956665), (np.float64(0.06083657958091415), 33.52255320549011), (np.float64(0.060704030781249835), 33.59237194061279), (np.float64(0.05751246242648978), 67.00516819953918)]
uncertainty:
{'ate': np.float64(-0.0024875373378746924), 'se': np.float64(0.008146481762340688), 'ci': (np.float64(-0.01845739842052817), np.float64(0.013482323744778788)), 'significant': np.False_}
checked:
2554
