Starting EXP30.5, type=probe, run 1/3
Job 68225850, task 135
loaded cached data
loaded cached data
loaded cached data
loaded cached data
loaded cached data
loaded cached data
START ATE IS: 8750.388924455765
PROBE TRIGGERED! Error reduced from inf to 9696.680 (ATE went to 6803.319887038762).
PROBE TRIGGERED! Error reduced from 9696.680 to 8178.186 (ATE went to 8321.813710003067).
PROBE TRIGGERED! Error reduced from 8178.186 to 5096.106 (ATE went to 11403.894432370394).
PROBE TRIGGERED! Error reduced from 5096.106 to 1374.646 (ATE went to 15125.353664642036).
PROBE TRIGGERED! Error reduced from 1374.646 to 917.856 (ATE went to 15582.144273447819).
PROBE TRIGGERED! Error reduced from 917.856 to 474.216 (ATE went to 16025.78390130225).
***
FINISHED
ATE before: 8750.388924455765
ATE now is: 16464.859016765444
sequence is: (('bin_equal_frequency_10', 'Age'), ('isolationForest', 'Age'))
***
Execution time: 256.641 sec
distances from ATE (with time):
[(np.float64(7749.611075544235), 0), (np.float64(7749.611075544235), 0.23298335075378418), (np.float64(7749.611075544235), 0.9290390014648438), (np.float64(5096.1055676296055), 5.8429906368255615), (np.float64(7749.611075544235), 5.8986194133758545), (np.float64(5096.1055676296055), 6.450961112976074), (np.float64(1374.6463353579638), 25.666122674942017), (np.float64(7749.611075544235), 25.68636703491211), (np.float64(5096.1055676296055), 26.06951379776001), (np.float64(1374.6463353579638), 29.83940315246582), (np.float64(917.8557265521813), 37.627821922302246), (np.float64(7749.611075544235), 37.64816689491272), (np.float64(5096.1055676296055), 37.843146085739136), (np.float64(1374.6463353579638), 41.624821186065674), (np.float64(917.8557265521813), 45.77095866203308), (np.float64(474.21609869775057), 64.86644148826599), (np.float64(7749.611075544235), 64.88171577453613), (np.float64(5096.1055676296055), 65.24713373184204), (np.float64(1374.6463353579638), 68.97355341911316), (np.float64(917.8557265521813), 76.50520634651184), (np.float64(474.21609869775057), 80.40659523010254), (np.float64(35.14098323455619), 256.6401379108429)]
uncertainty:
{'ate': np.float64(16464.85901676131), 'se': np.float64(663.39962583404), 'ci': (np.float64(15164.612642750675), np.float64(17765.105390771947)), 'significant': np.True_}
checked:
372
