Starting EXP30.7, type=probe_probs_with_restart, run 2/3
Job 68239840, task 160
loaded cached data
loaded cached data
loaded cached data
loaded cached data
loaded cached data
loaded cached data
START ATE IS: 8717.591231548638
PROBE TRIGGERED! Error reduced from inf to 10056.409 (ATE went to 8717.5912315521).
PROBE TRIGGERED! Error reduced from 10056.409 to 8507.936 (ATE went to 10266.06423713762).
PROBE TRIGGERED! Error reduced from 8507.936 to 3875.882 (ATE went to 14898.117867665615).
PROBE TRIGGERED! Error reduced from 3875.882 to 3376.493 (ATE went to 15397.507399131504).
PROBE TRIGGERED! Error reduced from 3376.493 to 2357.087 (ATE went to 16416.912549386037).
PROBE TRIGGERED! Error reduced from 2357.087 to 2081.425 (ATE went to 16692.575115178068).
***
FINISHED
ATE before: 8717.591231548638
ATE now is: 19032.49403486009
sequence is: (('norm_log', 'education'), ('bin_equal_width_5', 'education'), ('isolationForest', 'Age'))
***
Execution time: 3061.921 sec
distances from ATE (with time):
[(np.float64(10056.408768451362), 0), (np.float64(10056.4087684479), 0.22703146934509277), (np.float64(10056.408768451362), 0.32546401023864746), (np.float64(10056.4087684479), 0.634223461151123), (np.float64(10056.408768445193), 0.9220433235168457), (np.float64(10056.408768436011), 2.0812182426452637), (np.float64(10056.408768433572), 3.663238048553467), (np.float64(9980.23413086979), 5.761487245559692), (np.float64(8507.93576286238), 6.235898017883301), (np.float64(10056.408768451362), 6.309458017349243), (np.float64(10056.4087684479), 6.5591139793396), (np.float64(8507.93576286238), 6.7812652587890625), (np.float64(8507.935762859326), 8.425031900405884), (np.float64(8507.935762857307), 15.423287630081177), (np.float64(8507.935762847988), 16.19915747642517), (np.float64(8479.390930126794), 17.9158878326416), (np.float64(3875.8821323343855), 27.59483051300049), (np.float64(10056.408768451362), 27.619230031967163), (np.float64(10056.4087684479), 27.851760149002075), (np.float64(8507.93576286238), 28.083699703216553), (np.float64(3875.8821323343855), 32.89102578163147), (np.float64(3875.8821323341126), 39.32050395011902), (np.float64(3376.492600868496), 50.72475528717041), (np.float64(10056.408768451362), 50.74842643737793), (np.float64(8507.93576286238), 50.98158001899719), (np.float64(3875.8821323343855), 55.84864950180054), (np.float64(3616.4411828082957), 60.894885540008545), (np.float64(3376.492600868496), 65.70699167251587), (np.float64(3376.4926008658294), 156.47276639938354), (np.float64(3127.276972407597), 336.44969367980957), (np.float64(2357.0874506139626), 680.0742554664612), (np.float64(10056.408768451362), 680.0981097221375), (np.float64(8507.93576286238), 680.3399579524994), (np.float64(3875.8821323343855), 685.1302402019501), (np.float64(3616.4411828082957), 690.3547546863556), (np.float64(3376.492600868496), 695.1477780342102), (np.float64(2357.0874506139626), 700.5408356189728), (np.float64(2081.424884821932), 717.825572013855), (np.float64(10056.408768451362), 717.8508088588715), (np.float64(3875.8821323343855), 722.7189948558807), (np.float64(3616.4411828082957), 728.1248993873596), (np.float64(3376.492600868496), 737.8756802082062), (np.float64(2357.0874506139626), 742.7221443653107), (np.float64(2081.424884821932), 753.3483808040619), (np.float64(1982.5895253548879), 768.0366787910461), (np.float64(1982.5895253537274), 891.7824056148529), (np.float64(1982.5895253501221), 1297.1585590839386), (np.float64(1917.6006734855764), 1391.0304057598114), (np.float64(258.4940348600903), 3061.9201333522797)]
(REAL, NOT adjusted by restarts)probability of this sequence is: 1.8160387806644015e-07
probability of this sequence is: 6.0235524551039014e-05
uncertainty:
{'ate': np.float64(19032.49403486318), 'se': np.float64(480.9912278553722), 'ci': (np.float64(18089.76543740116), np.float64(19975.222632325196)), 'significant': np.True_}
checked:
1200
