Starting EXP31.30, type=probe_probs_with_restart, run 3/3
Job 68240027, task 269
loaded cached data
loaded cached data
loaded cached data
loaded cached data
loaded cached data
loaded cached data
START ATE IS: -0.024663862670658798
***
FINISHED
ATE before: -0.024663862670658798
ATE now is: -0.024663862670658798
sequence is: (('norm_min_max', 'anemia'),)
***
Execution time: 0.008 sec
distances from ATE (with time):
[(np.float64(0.0353361373293412), 0)]
(REAL, NOT adjusted by restarts)probability of this sequence is: 0.019264069264069265
probability of this sequence is: 0.019264069264069265
uncertainty:
{'ate': np.float64(-0.02466386271041003), 'se': np.float64(0.006779594398910938), 'ci': (np.float64(-0.037953297342307346), np.float64(-0.011374428078512713)), 'significant': np.True_}
checked:
1
