Starting EXP30.1, type=probe_probs_no_restart, run 2/3
Job 68238609, task 103
loaded cached data
loaded cached data
loaded cached data
loaded cached data
loaded cached data
loaded cached data
START ATE IS: 8904.724158507594
***
FINISHED
ATE before: 8904.724158507594
ATE now is: 19573.84349573337
sequence is: (('bin_equal_frequency_5', 'education'), ('norm_log', 'education'), ('isolationForest', 'Age'))
***
Execution time: 373.277 sec
distances from ATE (with time):
[(np.float64(9869.275841492406), 0), (np.float64(9869.275841492194), 0.13446950912475586), (np.float64(9801.460802868929), 0.2828695774078369), (np.float64(8311.944391326946), 0.3571434020996094), (np.float64(4379.946128749083), 2.2318522930145264), (np.float64(4379.94612874893), 11.96452021598816), (np.float64(4379.946128748894), 13.02464747428894), (np.float64(4379.946128748888), 14.501652240753174), (np.float64(4333.502735044873), 24.738643169403076), (np.float64(3634.9176742303734), 28.44856333732605), (np.float64(2904.3565699270202), 44.33395004272461), (np.float64(2904.35656992602), 153.05917239189148), (np.float64(2904.3565699232367), 169.70277404785156), (np.float64(2077.560607660911), 206.014812707901), (np.float64(799.8434957333702), 373.2758786678314)]
probability of this sequence is: 4.540096951661003e-07
uncertainty:
{'ate': np.float64(19573.843495732977), 'se': np.float64(1919.7910118053558), 'ci': (np.float64(15810.990536507405), np.float64(23336.69645495855)), 'significant': np.True_}
checked:
1819
