Starting EXP28, type=probe_probs_with_restart, run 3/3
Job 68226994, task 17
loaded cached data
loaded cached data
loaded cached data
loaded cached data
loaded cached data
loaded cached data
START ATE IS: 8774.43320495746
PROBE TRIGGERED! Error reduced from inf to 7725.567 (ATE went to 8774.433204927482).
PROBE TRIGGERED! Error reduced from 7725.567 to 6162.798 (ATE went to 10337.201960692199).
PROBE TRIGGERED! Error reduced from 6162.798 to 2231.761 (ATE went to 14268.239362525703).
PROBE TRIGGERED! Error reduced from 2231.761 to 705.500 (ATE went to 15794.499534066133).
PROBE TRIGGERED! Error reduced from 705.500 to 398.351 (ATE went to 16101.649116705314).
PROBE TRIGGERED! Error reduced from 398.351 to 154.199 (ATE went to 16345.800662162765).
PROBE TRIGGERED! Error reduced from 154.199 to 121.647 (ATE went to 16378.35297674229).
***
FINISHED
ATE before: 8774.43320495746
ATE now is: 16556.460452205247
sequence is: (('norm_log', 'education'), ('bin_equal_frequency_10', 'Age'), ('isolationForest', 'Age'))
***
Execution time: 2415.261 sec
distances from ATE (with time):
[(np.float64(7725.5667950425395), 0), (np.float64(7725.5667950425395), 0.21737313270568848), (np.float64(7725.566795040462), 0.8583886623382568), (np.float64(7725.566794933855), 1.0643072128295898), (np.float64(7661.720210459465), 4.91121244430542), (np.float64(6162.798039307801), 5.330597400665283), (np.float64(7725.5667950425395), 5.389488697052002), (np.float64(6162.798039307801), 5.813220262527466), (np.float64(6162.798039202198), 13.700726985931396), (np.float64(6162.7980391961555), 13.903390407562256), (np.float64(6148.648919625552), 15.584403276443481), (np.float64(2231.7606374742973), 23.876923322677612), (np.float64(7725.5667950425395), 23.893972396850586), (np.float64(6162.798039307801), 24.2371723651886), (np.float64(2231.7606374742973), 28.340564966201782), (np.float64(2231.7606374740953), 33.77947497367859), (np.float64(2231.760637469675), 39.330302476882935), (np.float64(705.5004659338665), 43.44276261329651), (np.float64(7725.5667950425395), 43.45840358734131), (np.float64(6162.798039307801), 43.619872093200684), (np.float64(2231.7606374742973), 47.74468755722046), (np.float64(1983.3035672602018), 52.088287115097046), (np.float64(705.5004659338665), 56.164366483688354), (np.float64(705.5004657798381), 157.39835333824158), (np.float64(398.35088329468635), 285.2880172729492), (np.float64(7725.5667950425395), 285.3038182258606), (np.float64(6162.798039307801), 285.47644877433777), (np.float64(2231.7606374742973), 289.63707756996155), (np.float64(1983.3035672602018), 294.13283228874207), (np.float64(705.5004659338665), 298.2295358181), (np.float64(398.35088329468635), 306.83574962615967), (np.float64(154.19933783723536), 321.08117938041687), (np.float64(7725.5667950425395), 321.0955579280853), (np.float64(2231.7606374742973), 325.217542886734), (np.float64(1983.3035672602018), 329.6236915588379), (np.float64(705.5004659338665), 337.73310828208923), (np.float64(398.35088329468635), 341.8209764957428), (np.float64(154.19933783723536), 350.6058392524719), (np.float64(154.19933782525732), 466.58028411865234), (np.float64(154.19933778978157), 766.3425588607788), (np.float64(121.64702325771032), 914.9716267585754), (np.float64(7725.5667950425395), 914.9878437519073), (np.float64(6162.798039307801), 915.1641204357147), (np.float64(2231.7606374742973), 919.2529773712158), (np.float64(1983.3035672602018), 923.3195614814758), (np.float64(705.5004659338665), 927.5534930229187), (np.float64(398.35088329468635), 936.3842718601227), (np.float64(331.37358661275357), 953.2442042827606), (np.float64(227.60969278873745), 957.2559132575989), (np.float64(220.42491379587955), 1042.0302209854126), (np.float64(154.19933782525732), 1104.571202993393), (np.float64(139.4464508258825), 1979.3960535526276), (np.float64(56.46045220524684), 2415.2601356506348)]
(REAL, NOT adjusted by restarts)probability of this sequence is: 3.632077561328803e-07
probability of this sequence is: 0.0001401457458242565
uncertainty:
{'ate': np.float64(16298.254833849951), 'se': np.float64(673.1588250527329), 'ci': (np.float64(14978.88432270396), np.float64(17617.62534499594)), 'significant': np.True_}
checked:
1234
