Starting EXP36.4, type=probe, run 1/3
Job 68242990, task 468
loaded cached data
loaded cached data
loaded cached data
loaded cached data
loaded cached data
loaded cached data
START ATE IS: 52385.54425057087
PROBE TRIGGERED! Error reduced from inf to 38998.101 (ATE went to 49131.18141063427).
PROBE TRIGGERED! Error reduced from 38998.101 to 33941.013 (ATE went to 44074.09287946355).
PROBE TRIGGERED! Error reduced from 33941.013 to 29471.558 (ATE went to 39604.63778860405).
PROBE TRIGGERED! Error reduced from 29471.558 to 23676.640 (ATE went to 33809.7198448397).
PROBE TRIGGERED! Error reduced from 23676.640 to 17722.976 (ATE went to 27856.05637331248).
PROBE TRIGGERED! Error reduced from 17722.976 to 12245.641 (ATE went to 22378.721351553697).
PROBE TRIGGERED! Error reduced from 12245.641 to 8071.377 (ATE went to 18204.456613500846).
PROBE TRIGGERED! Error reduced from 8071.377 to 5162.071 (ATE went to 15295.150647096443).
***
FINISHED
ATE before: 52385.54425057087
ATE now is: 10084.85245674214
sequence is: (('bin_equal_frequency_10', 'sqft_living'), ('bin_equal_frequency_2', 'bedrooms'), ('bin_equal_frequency_2', 'bathrooms'), ('bin_equal_frequency_2', 'yr_built'), ('bin_equal_frequency_2', 'sqft_lot15'), ('bin_equal_frequency_2', 'sqft_living15'))
***
Execution time: 43.541 sec
distances from ATE (with time):
[(np.float64(42252.46425057087), 0), (np.float64(38998.10141063427), 0.0035049915313720703), (np.float64(42252.46425057087), 0.005396127700805664), (np.float64(38998.10141063427), 0.01016092300415039), (np.float64(33941.012879463546), 0.014649629592895508), (np.float64(42252.46425057087), 0.0163576602935791), (np.float64(38998.10141063427), 0.020772933959960938), (np.float64(33941.012879463546), 0.024954557418823242), (np.float64(32400.777136393997), 0.030912160873413086), (np.float64(31291.580391040603), 0.07243227958679199), (np.float64(30653.752636744255), 0.13684391975402832), (np.float64(29471.55778860405), 0.16750121116638184), (np.float64(42252.46425057087), 0.16918158531188965), (np.float64(38998.10141063427), 0.17322134971618652), (np.float64(33941.012879463546), 0.177093505859375), (np.float64(29471.55778860405), 0.18172883987426758), (np.float64(28563.491540774266), 2.922290086746216), (np.float64(27811.021471146407), 3.162763833999634), (np.float64(23676.6398448397), 3.173297882080078), (np.float64(42252.46425057087), 3.1749744415283203), (np.float64(33941.012879463546), 3.1790640354156494), (np.float64(31291.580391040603), 3.183107852935791), (np.float64(29471.55778860405), 3.187239170074463), (np.float64(23676.6398448397), 3.196603298187256), (np.float64(17722.97637331248), 3.2287724018096924), (np.float64(42252.46425057087), 3.230424404144287), (np.float64(33941.012879463546), 3.234363317489624), (np.float64(31291.580391040603), 3.2383596897125244), (np.float64(29471.55778860405), 3.242483615875244), (np.float64(23676.6398448397), 3.2517945766448975), (np.float64(22453.26383271846), 3.307213068008423), (np.float64(18678.153477706517), 3.374344825744629), (np.float64(16445.96737563933), 11.09704875946045), (np.float64(12245.641351553697), 11.11016297340393), (np.float64(42252.46425057087), 11.111826658248901), (np.float64(33941.012879463546), 11.116211652755737), (np.float64(31291.580391040603), 11.120209217071533), (np.float64(29471.55778860405), 11.12431263923645), (np.float64(23676.6398448397), 11.137614488601685), (np.float64(23460.43195669155), 11.158946752548218), (np.float64(20269.104654854724), 11.164243459701538), (np.float64(19108.333605668835), 11.174917459487915), (np.float64(12245.641351553697), 11.21919846534729), (np.float64(11872.038899479749), 14.002404928207397), (np.float64(8071.376613500846), 18.904492616653442), (np.float64(42252.46425057087), 18.906177043914795), (np.float64(33941.012879463546), 18.910495281219482), (np.float64(31291.580391040603), 18.91463565826416), (np.float64(23676.6398448397), 18.92423367500305), (np.float64(23460.43195669155), 18.96526789665222), (np.float64(20269.104654854724), 18.970776319503784), (np.float64(17722.97637331248), 18.98201847076416), (np.float64(11872.038899479749), 19.087953567504883), (np.float64(9272.59219829085), 19.138182401657104), (np.float64(8071.376613500846), 19.156180143356323), (np.float64(5162.070647096443), 39.970194816589355), (np.float64(42252.46425057087), 39.971901416778564), (np.float64(33941.012879463546), 39.976619720458984), (np.float64(31291.580391040603), 39.98074531555176), (np.float64(23676.6398448397), 39.986215114593506), (np.float64(23460.43195669155), 40.00951886177063), (np.float64(20269.104654854724), 40.02448129653931), (np.float64(17722.97637331248), 40.030089139938354), (np.float64(12245.641351553697), 40.08050799369812), (np.float64(11872.038899479749), 40.245487213134766), (np.float64(11328.826005838315), 40.40978240966797), (np.float64(8071.376613500846), 40.41931462287903), (np.float64(4966.911117177195), 40.44500660896301), (np.float64(48.227543257860816), 43.540040254592896)]
uncertainty:
{'ate': np.float64(10084.852457917339), 'se': np.float64(39548.894048107024), 'ci': (np.float64(-67457.04625138355), np.float64(87626.75116721823)), 'significant': np.False_}
checked:
4231
