Starting EXP31.33, type=probe_probs_with_restart, run 3/3
Job 68226126, task 278
loaded cached data
loaded cached data
loaded cached data
loaded cached data
loaded cached data
loaded cached data
START ATE IS: 0.06253667552342586
PROBE TRIGGERED! Error reduced from inf to 0.123 (ATE went to 0.06253667552323659).
PROBE TRIGGERED! Error reduced from 0.123 to 0.099 (ATE went to 0.03861975688448261).
PROBE TRIGGERED! Error reduced from 0.099 to 0.087 (ATE went to 0.027324479142316727).
PROBE TRIGGERED! Error reduced from 0.087 to 0.063 (ATE went to 0.0031202135748958546).
***
FINISHED
ATE before: 0.06253667552342586
ATE now is: -0.006531075341310479
sequence is: (('IQR', 'gestat10'), ('bin_equal_frequency_2', 'wt'))
***
Execution time: 4711.752 sec
distances from ATE (with time):
[(np.float64(0.12253667552342586), 0), (np.float64(0.12253667552323659), 0.006937742233276367), (np.float64(0.12253667552342586), 0.011293888092041016), (np.float64(0.12253667552323659), 0.02166295051574707), (np.float64(0.12253667552260908), 0.051955223083496094), (np.float64(0.12253667552243368), 0.0619959831237793), (np.float64(0.1225366755206035), 0.07216858863830566), (np.float64(0.1225366755202019), 0.22385501861572266), (np.float64(0.12253667551977852), 0.3144869804382324), (np.float64(0.12234797206517974), 0.3542664051055908), (np.float64(0.11870311827223531), 0.6389689445495605), (np.float64(0.0986197568844826), 9.776287078857422), (np.float64(0.12253667552342586), 9.779552459716797), (np.float64(0.0986197568844826), 9.789584636688232), (np.float64(0.09861975688443066), 10.389652490615845), (np.float64(0.09820542104202679), 11.355883598327637), (np.float64(0.08922288135052915), 11.641706228256226), (np.float64(0.08732447914231672), 21.054644107818604), (np.float64(0.12253667552342586), 21.05810022354126), (np.float64(0.0986197568844826), 21.06813383102417), (np.float64(0.08942326707717332), 21.10818099975586), (np.float64(0.08732447914231672), 21.13137984275818), (np.float64(0.08732447914228994), 21.459402799606323), (np.float64(0.0873244791421573), 32.790817975997925), (np.float64(0.08704517180642217), 42.65056490898132), (np.float64(0.0869348881657554), 53.16671371459961), (np.float64(0.08338348187963791), 72.10505771636963), (np.float64(0.08122755190725404), 72.11881875991821), (np.float64(0.08122755190722206), 296.1863090991974), (np.float64(0.08117815611501544), 514.5862059593201), (np.float64(0.08117815611479574), 1843.017587184906), (np.float64(0.06312021357489585), 4711.598119020462), (np.float64(0.12253667552342586), 4711.601562023163), (np.float64(0.0986197568844826), 4711.690446138382), (np.float64(0.06312021357489585), 4711.700014829636), (np.float64(0.05346892465868952), 4711.7516803741455)]
(REAL, NOT adjusted by restarts)probability of this sequence is: 8.347942232239755e-15
probability of this sequence is: 0.032225674931329475
uncertainty:
{'ate': np.float64(-0.006531075341225545), 'se': np.float64(0.0068713658236074044), 'ci': (np.float64(-0.0200005013407892), np.float64(0.006938350658338111)), 'significant': np.False_}
checked:
212154
