Starting EXP31.24, type=probe_probs_with_restart, run 3/3
Job 68239968, task 251
loaded cached data
loaded cached data
loaded cached data
loaded cached data
loaded cached data
loaded cached data
START ATE IS: 0.06102860468449106
PROBE TRIGGERED! Error reduced from inf to 0.121 (ATE went to 0.061028604684255444).
PROBE TRIGGERED! Error reduced from 0.121 to 0.097 (ATE went to 0.03681225123236297).
PROBE TRIGGERED! Error reduced from 0.097 to 0.085 (ATE went to 0.025405844763412413).
PROBE TRIGGERED! Error reduced from 0.085 to 0.062 (ATE went to 0.0019108361635986938).
***
FINISHED
ATE before: 0.06102860468449106
ATE now is: -0.007658550678880758
sequence is: (('IQR', 'gestat10'), ('bin_equal_frequency_2', 'wt'))
***
Execution time: 3149.579 sec
distances from ATE (with time):
[(np.float64(0.12102860468449106), 0), (np.float64(0.12102860468425544), 0.02303791046142578), (np.float64(0.12102860468449106), 0.026926040649414062), (np.float64(0.12102860468425544), 0.035610198974609375), (np.float64(0.12102860468407385), 0.06122756004333496), (np.float64(0.12102860468345263), 0.07788968086242676), (np.float64(0.1210286046832716), 0.11187314987182617), (np.float64(0.12102860468278144), 0.16358542442321777), (np.float64(0.1210266594568264), 0.25850796699523926), (np.float64(0.11813641998636998), 0.30225539207458496), (np.float64(0.11711006466488191), 0.4068477153778076), (np.float64(0.09681225123236298), 6.210689067840576), (np.float64(0.12102860468449106), 6.213313579559326), (np.float64(0.09681225123236298), 6.221569538116455), (np.float64(0.0968122512323607), 6.9077441692352295), (np.float64(0.09680909720549427), 11.922752141952515), (np.float64(0.09679981764258463), 12.228934049606323), (np.float64(0.09679981269542576), 12.325905084609985), (np.float64(0.09639706725198491), 12.374112367630005), (np.float64(0.08745876917313086), 12.390015363693237), (np.float64(0.08540584476341241), 13.308829069137573), (np.float64(0.12102860468449106), 13.311487913131714), (np.float64(0.09681225123236298), 13.319136381149292), (np.float64(0.08751418548400833), 13.349660396575928), (np.float64(0.08540584476341241), 13.367618322372437), (np.float64(0.08540584476340363), 13.70442008972168), (np.float64(0.08540584476339882), 20.58445644378662), (np.float64(0.08540584476339755), 20.925696849822998), (np.float64(0.08540584476339669), 20.98519015312195), (np.float64(0.08539764577403883), 21.704081535339355), (np.float64(0.0853935237895612), 21.83362102508545), (np.float64(0.08513288221337684), 22.114379167556763), (np.float64(0.08155889269055286), 22.134221076965332), (np.float64(0.07939906405155084), 22.144537687301636), (np.float64(0.07939906405154037), 90.5881724357605), (np.float64(0.07935055974093282), 234.83491706848145), (np.float64(0.0775812787096023), 2532.5182049274445), (np.float64(0.07720125987723928), 2534.369320631027), (np.float64(0.061910836163598694), 3149.4831924438477), (np.float64(0.12102860468449106), 3149.4858362674713), (np.float64(0.09681225123236298), 3149.5312280654907), (np.float64(0.061910836163598694), 3149.5384991168976), (np.float64(0.05234144932111924), 3149.5788769721985)]
(REAL, NOT adjusted by restarts)probability of this sequence is: 1.5782828282828283e-14
probability of this sequence is: 0.032310303030578746
uncertainty:
{'ate': np.float64(-0.007658550678879536), 'se': np.float64(0.0068432384302337815), 'ci': (np.float64(-0.021072838873986637), np.float64(0.0057557375162275645)), 'significant': np.False_}
checked:
109321
