Starting EXP31.24, type=probe, run 2/3
Job 68225960, task 244
loaded cached data
loaded cached data
loaded cached data
loaded cached data
loaded cached data
loaded cached data
START ATE IS: -0.02466386483693552
***
FINISHED
ATE before: -0.02466386483693552
ATE now is: -0.02466386483693552
sequence is: (('bin_equal_frequency_2', 'preterm'),)
***
Execution time: 0.007 sec
distances from ATE (with time):
[(np.float64(0.035336135163064476), 0)]
uncertainty:
{'ate': np.float64(-0.024663864836919014), 'se': np.float64(0.007218269280131838), 'ci': (np.float64(-0.03881319362709895), np.float64(-0.010514536046739072)), 'significant': np.True_}
checked:
1
