Starting EXP29.1, type=probe_probs_no_restart, run 2/3
Job 68225153, task 22
loaded cached data
loaded cached data
loaded cached data
loaded cached data
loaded cached data
loaded cached data
START ATE IS: 0.04787549648284909
***
FINISHED
ATE before: 0.04787549648284909
ATE now is: -0.0028466544610616634
sequence is: (('IQR', 'gestat10'), ('bin_equal_frequency_5', 'wt'), ('isolationForest', 'pldel'))
***
Execution time: 3442.147 sec
distances from ATE (with time):
[(np.float64(0.10787549648284908), 0), (np.float64(0.10787549645277897), 0.004541635513305664), (np.float64(0.10787549633207767), 0.018229246139526367), (np.float64(0.10787549627839574), 0.06416654586791992), (np.float64(0.10787549618777321), 0.0900886058807373), (np.float64(0.10781916812328846), 0.3275580406188965), (np.float64(0.10771785117053853), 0.3337211608886719), (np.float64(0.10765604954338276), 0.3397986888885498), (np.float64(0.1073291975066551), 0.3759891986846924), (np.float64(0.10310412157260468), 0.41296839714050293), (np.float64(0.10274000057152011), 0.944859504699707), (np.float64(0.07786378672852531), 9.258536338806152), (np.float64(0.07786378669844467), 42.8198082447052), (np.float64(0.07786378668312763), 42.84356665611267), (np.float64(0.0778637863166913), 42.85558295249939), (np.float64(0.0777751640293003), 73.52486968040466), (np.float64(0.07759977115911168), 73.53156113624573), (np.float64(0.07744467860206947), 73.57613849639893), (np.float64(0.0690293317576169), 73.6150255203247), (np.float64(0.0690293314770577), 795.1523811817169), (np.float64(0.06902933138684766), 842.7715289592743), (np.float64(0.06644465412994734), 1640.730483531952), (np.float64(0.06465117528691551), 1640.7376787662506), (np.float64(0.06445601844144284), 1640.744835138321), (np.float64(0.0637687545009178), 1640.7519629001617), (np.float64(0.05715334553893833), 3442.146706342697)]
probability of this sequence is: 4.695790470994486e-10
uncertainty:
{'ate': np.float64(-0.0028466582482923955), 'se': np.float64(0.022451484478532586), 'ci': (np.float64(-0.046918109117065954), np.float64(0.04122479262048116)), 'significant': np.False_}
checked:
349222
