Starting EXP31.24, type=probe_probs_no_restart, run 2/3
Job 68239964, task 247
loaded cached data
loaded cached data
loaded cached data
loaded cached data
loaded cached data
loaded cached data
START ATE IS: 0.06329336846987112
***
FINISHED
ATE before: 0.06329336846987112
ATE now is: -0.0038552015756949413
sequence is: (('bin_equal_frequency_2', 'wt'), ('norm_log', 'gestat10'))
***
Execution time: 11038.587 sec
distances from ATE (with time):
[(np.float64(0.12329336846987111), 0), (np.float64(0.1232933684691501), 0.04117417335510254), (np.float64(0.12328778459373908), 0.22731614112854004), (np.float64(0.1232860084156987), 0.3004753589630127), (np.float64(0.12326368241843745), 0.3286731243133545), (np.float64(0.11937955137847035), 0.3480229377746582), (np.float64(0.11915838738915148), 0.4062919616699219), (np.float64(0.10001632887890291), 6.170954942703247), (np.float64(0.10001632887888626), 25.749648571014404), (np.float64(0.10001632887887843), 25.759865760803223), (np.float64(0.10001632887885317), 25.77042293548584), (np.float64(0.10001632887883116), 25.80313992500305), (np.float64(0.10001632887882873), 26.48988938331604), (np.float64(0.10001632887882751), 26.66811513900757), (np.float64(0.10001632887879817), 26.863229990005493), (np.float64(0.10001632887878545), 43.23356747627258), (np.float64(0.10001316948870914), 43.24370741844177), (np.float64(0.10001162642133643), 43.25442433357239), (np.float64(0.10001007597295017), 43.30565643310547), (np.float64(0.10000511014058715), 43.34563755989075), (np.float64(0.08998657929419836), 47.113590717315674), (np.float64(0.08973745634943583), 61.98814606666565), (np.float64(0.08973745634939487), 369.13922238349915), (np.float64(0.08973745634932584), 369.23247504234314), (np.float64(0.08972351804296082), 519.8701593875885), (np.float64(0.08971418900127193), 523.311774969101), (np.float64(0.08353900445696329), 523.7863521575928), (np.float64(0.08353900445691122), 1694.5313646793365), (np.float64(0.06425332853258192), 4133.841942071915), (np.float64(0.06425332853251076), 9220.426653623581), (np.float64(0.06425332853249176), 9220.445314884186), (np.float64(0.06425332853242925), 9220.464502811432), (np.float64(0.06425312546293209), 10387.754522800446), (np.float64(0.06424890519570424), 10387.776847600937), (np.float64(0.0642455329479591), 10387.787712335587), (np.float64(0.06424351458388215), 10387.887585163116), (np.float64(0.05614479842430506), 11038.58626651764)]
probability of this sequence is: 3.945707070707071e-14
uncertainty:
{'ate': np.float64(-0.0038552015755900504), 'se': np.float64(0.00663844095888805), 'ci': (np.float64(-0.01686794467732549), np.float64(0.009157541526145391)), 'significant': np.False_}
checked:
440844
