Starting EXP30.2, type=probe, run 2/3
Job 68238615, task 109
loaded cached data
loaded cached data
loaded cached data
loaded cached data
loaded cached data
loaded cached data
START ATE IS: 8676.387110240254
PROBE TRIGGERED! Error reduced from inf to 12001.785 (ATE went to 6772.214824461149).
PROBE TRIGGERED! Error reduced from 12001.785 to 10591.523 (ATE went to 8182.477288657499).
PROBE TRIGGERED! Error reduced from 10591.523 to 7475.258 (ATE went to 11298.742169869134).
PROBE TRIGGERED! Error reduced from 7475.258 to 2649.255 (ATE went to 16124.744509970127).
***
FINISHED
ATE before: 8676.387110240254
ATE now is: 18890.75067475253
sequence is: (('isolationForest', 'Age'), ('bin_equal_width_2', 'education'))
***
Execution time: 14.103 sec
distances from ATE (with time):
[(np.float64(10097.612889759746), 0), (np.float64(10097.612889759746), 0.09167242050170898), (np.float64(10097.612889759746), 0.32604217529296875), (np.float64(7475.257830130866), 2.216132402420044), (np.float64(10097.612889759746), 2.2374491691589355), (np.float64(7475.257830130866), 2.4447500705718994), (np.float64(2649.255490029873), 9.323874950408936), (np.float64(10097.612889759746), 9.330949783325195), (np.float64(7475.257830130866), 9.460915327072144), (np.float64(2649.255490029873), 10.995330572128296), (np.float64(116.75067475252945), 14.102547645568848)]
uncertainty:
{'ate': np.float64(18890.750674752315), 'se': np.float64(1012.374831383325), 'ci': (np.float64(16906.50755086072), np.float64(20874.99379864391)), 'significant': np.True_}
checked:
125
