Starting EXP31.27, type=probe_probs_with_restart, run 1/3
Job 68225992, task 258
loaded cached data
loaded cached data
loaded cached data
loaded cached data
loaded cached data
loaded cached data
START ATE IS: 0.06101146200540958
PROBE TRIGGERED! Error reduced from inf to 0.121 (ATE went to 0.06101146200543059).
PROBE TRIGGERED! Error reduced from 0.121 to 0.097 (ATE went to 0.036688680283055254).
PROBE TRIGGERED! Error reduced from 0.097 to 0.085 (ATE went to 0.02539223714047422).
PROBE TRIGGERED! Error reduced from 0.085 to 0.062 (ATE went to 0.0016914337160531094).
***
FINISHED
ATE before: 0.06101146200540958
ATE now is: -0.007815362877240465
sequence is: (('IQR', 'gestat10'), ('bin_equal_frequency_2', 'wt'))
***
Execution time: 1772.691 sec
distances from ATE (with time):
[(np.float64(0.12101146200540958), 0), (np.float64(0.12101146200540958), 0.031008243560791016), (np.float64(0.12101146200515978), 0.07979035377502441), (np.float64(0.12101146200507987), 0.13757610321044922), (np.float64(0.12101146200498318), 0.14709091186523438), (np.float64(0.12101146200484916), 0.21551179885864258), (np.float64(0.12081226255313371), 0.32300567626953125), (np.float64(0.11711933788823667), 0.4619133472442627), (np.float64(0.09668868028305524), 8.252183198928833), (np.float64(0.12101146200540958), 8.255398511886597), (np.float64(0.09668868028305524), 8.265189170837402), (np.float64(0.09668868028305459), 8.28298044204712), (np.float64(0.09668868028305369), 9.006051540374756), (np.float64(0.09627813859872196), 14.840729713439941), (np.float64(0.08734347122666378), 14.989736795425415), (np.float64(0.08539223714047423), 16.701003789901733), (np.float64(0.12101146200540958), 16.704220056533813), (np.float64(0.09668868028305524), 16.71367073059082), (np.float64(0.09668868028305459), 16.74138379096985), (np.float64(0.08751627279031175), 16.752177715301514), (np.float64(0.08539223714047423), 16.774024963378906), (np.float64(0.08539223714047157), 26.24663519859314), (np.float64(0.08513971997060922), 27.3072030544281), (np.float64(0.08503384209798004), 46.09769821166992), (np.float64(0.08498471272678082), 46.22842741012573), (np.float64(0.08154484201445819), 48.815712213516235), (np.float64(0.07937178864128382), 50.49176049232483), (np.float64(0.07937178864128291), 108.27643823623657), (np.float64(0.06169143371605311), 1772.5886895656586), (np.float64(0.12101146200540958), 1772.5920686721802), (np.float64(0.09668868028305524), 1772.628881931305), (np.float64(0.06169143371605311), 1772.6383757591248), (np.float64(0.05218463712275953), 1772.6905977725983)]
(REAL, NOT adjusted by restarts)probability of this sequence is: 1.2470382840753214e-14
probability of this sequence is: 0.032275824916069736
uncertainty:
{'ate': np.float64(-0.007815362877243534), 'se': np.float64(0.006843597702949715), 'ci': (np.float64(-0.021230355918342516), np.float64(0.005599630163855448)), 'significant': np.False_}
checked:
70794
