Starting EXP34.3, type=probe_probs_no_restart, run 2/3
Job 68227924, task 67
loaded cached data
loaded cached data
loaded cached data
loaded cached data
loaded cached data
loaded cached data
START ATE IS: 8774.433205324263
***
FINISHED
ATE before: 8774.433205324263
ATE now is: 16489.04937052799
sequence is: (('norm_log', 'Age'), ('bin_equal_frequency_5', 'education'), ('isolationForest', 'Age'))
***
Execution time: 7770.724 sec
distances from ATE (with time):
[(np.float64(7725.566794675737), 0), (np.float64(7725.566794648583), 3.6180050373077393), (np.float64(7661.720210104619), 7.356445074081421), (np.float64(6162.798038889878), 9.13670015335083), (np.float64(910.3008102647982), 48.00043320655823), (np.float64(910.3008102548392), 281.3028657436371), (np.float64(903.0354403487745), 589.6485314369202), (np.float64(782.3556406002099), 678.4513347148895), (np.float64(782.3556405050131), 1859.7033340930939), (np.float64(624.572904374696), 2019.2271337509155), (np.float64(624.572904311075), 2040.9610261917114), (np.float64(578.2484055265159), 2891.023077249527), (np.float64(374.3203781018383), 4468.492165327072), (np.float64(297.848363663039), 7727.913561105728), (np.float64(10.950629472008586), 7770.7228717803955)]
probability of this sequence is: 4.540096951661003e-07
uncertainty:
{'ate': np.float64(16746.519730007), 'se': np.float64(404.6843149450464), 'ci': (np.float64(15953.352052966868), np.float64(17539.68740704713)), 'significant': np.True_}
checked:
1879
