Starting EXP30.9, type=probe, run 2/3
Job 68225887, task 172
loaded cached data
loaded cached data
loaded cached data
loaded cached data
loaded cached data
loaded cached data
START ATE IS: 8720.999180998684
PROBE TRIGGERED! Error reduced from inf to 9711.820 (ATE went to 6788.179892525467).
PROBE TRIGGERED! Error reduced from 9711.820 to 8223.235 (ATE went to 8276.764537389277).
PROBE TRIGGERED! Error reduced from 8223.235 to 5167.807 (ATE went to 11332.193429050381).
PROBE TRIGGERED! Error reduced from 5167.807 to 1509.423 (ATE went to 14990.577366079564).
PROBE TRIGGERED! Error reduced from 1509.423 to 1168.740 (ATE went to 17668.739758650332).
PROBE TRIGGERED! Error reduced from 1168.740 to 801.578 (ATE went to 15698.422427184494).
***
FINISHED
ATE before: 8720.999180998684
ATE now is: 16408.051792444756
sequence is: (('isolationForest', 'Age'), ('bin_equal_width_2', 'education'), ('bin_equal_frequency_2', 'Age'))
***
Execution time: 197.369 sec
distances from ATE (with time):
[(np.float64(7779.000819001316), 0), (np.float64(7779.000819001316), 0.5185079574584961), (np.float64(7779.000819001316), 2.1199119091033936), (np.float64(5167.806570949619), 13.96914529800415), (np.float64(7779.000819001316), 14.103116035461426), (np.float64(5167.806570949619), 15.424097299575806), (np.float64(1509.422633920436), 60.23079180717468), (np.float64(7779.000819001316), 60.27019166946411), (np.float64(5167.806570949619), 61.251877307891846), (np.float64(1509.422633920436), 68.20504808425903), (np.float64(1168.739758650332), 82.4340512752533), (np.float64(7779.000819001316), 82.47066617012024), (np.float64(5167.806570949619), 82.90974569320679), (np.float64(1509.422633920436), 89.64512991905212), (np.float64(1168.739758650332), 97.34616994857788), (np.float64(801.5775728155058), 132.9501028060913), (np.float64(7779.000819001316), 132.9777798652649), (np.float64(5167.806570949619), 133.84748077392578), (np.float64(1509.422633920436), 140.57256364822388), (np.float64(1168.739758650332), 154.40647315979004), (np.float64(801.5775728155058), 161.55320382118225), (np.float64(91.94820755524415), 197.368793964386)]
uncertainty:
{'ate': np.float64(16408.05179244319), 'se': np.float64(471.7939965249102), 'ci': (np.float64(15483.34994916952), np.float64(17332.753635716865)), 'significant': np.True_}
checked:
153
