Starting EXP32.6, type=probe_probs_no_restart, run 1/3
Job 68226557, task 336
loaded cached data
loaded cached data
loaded cached data
loaded cached data
loaded cached data
loaded cached data
START ATE IS: 9708.109356962059
***
FINISHED
ATE before: 9708.109356962059
ATE now is: 16588.758270959628
sequence is: (('norm_log', 'Age'), ('norm_log', 'private health coverage'), ('norm_min_max', 'insurance through employer'), ('isolationForest', 'private health coverage'), ('norm_log', 'education'))
***
Execution time: 4890.254 sec
distances from ATE (with time):
[(np.float64(6791.890643037941), 0), (np.float64(6791.890643036782), 0.5831568241119385), (np.float64(6791.890643036404), 1.2817137241363525), (np.float64(6791.890643029543), 2.3364810943603516), (np.float64(6785.713478465177), 3.3899989128112793), (np.float64(5139.491442263143), 3.740799903869629), (np.float64(448.2670355634473), 19.700671672821045), (np.float64(448.2670355566297), 333.3965902328491), (np.float64(448.2670355533446), 681.3051357269287), (np.float64(165.17329570604852), 694.7461655139923), (np.float64(129.5167645317597), 970.6251313686371), (np.float64(129.5167645308684), 2399.2006220817566), (np.float64(88.75827095962813), 4890.2529733181)]
probability of this sequence is: 3.682541419119527e-08
uncertainty:
{'ate': np.float64(16587.102479176123), 'se': np.float64(373.7329792666439), 'ci': (np.float64(15854.59756846695), np.float64(17319.607389885296)), 'significant': np.True_}
checked:
3247
