Starting EXP30.8, type=probe_probs_with_restart, run 3/3
Job 68239853, task 170
loaded cached data
loaded cached data
loaded cached data
loaded cached data
loaded cached data
loaded cached data
START ATE IS: 8780.82579804072
PROBE TRIGGERED! Error reduced from inf to 9993.174 (ATE went to 8780.825798051032).
PROBE TRIGGERED! Error reduced from 9993.174 to 8427.569 (ATE went to 10346.431349369956).
PROBE TRIGGERED! Error reduced from 8427.569 to 3788.006 (ATE went to 14985.993773269445).
PROBE TRIGGERED! Error reduced from 3788.006 to 3009.818 (ATE went to 15764.182225929726).
PROBE TRIGGERED! Error reduced from 3009.818 to 2050.443 (ATE went to 16723.55650253465).
PROBE TRIGGERED! Error reduced from 2050.443 to 1811.385 (ATE went to 16962.615356084854).
PROBE TRIGGERED! Error reduced from 1811.385 to 1529.700 (ATE went to 17244.299719887753).
PROBE TRIGGERED! Error reduced from 1529.700 to 1069.625 (ATE went to 17704.374512255825).
***
FINISHED
ATE before: 8780.82579804072
ATE now is: 19007.444443480163
sequence is: (('bin_equal_frequency_5', 'education'), ('isolationForest', 'Age'), ('norm_log', 'education'))
***
Execution time: 2932.216 sec
distances from ATE (with time):
[(np.float64(9993.17420195928), 0), (np.float64(9993.174201948968), 0.2574036121368408), (np.float64(9993.17420195928), 0.3694944381713867), (np.float64(9993.174201948968), 0.74465012550354), (np.float64(9993.174201946546), 3.264893054962158), (np.float64(9993.17420194089), 3.6096572875976562), (np.float64(9924.47348672409), 7.182980537414551), (np.float64(8427.568650630044), 7.847747087478638), (np.float64(9993.17420195928), 7.940711736679077), (np.float64(9993.174201948968), 8.299880743026733), (np.float64(8427.568650630044), 8.630175352096558), (np.float64(8427.568650619076), 10.950599431991577), (np.float64(8408.012361309266), 22.51207399368286), (np.float64(3788.0062267305548), 34.24384570121765), (np.float64(9993.17420195928), 34.27390933036804), (np.float64(9993.174201948968), 34.54727292060852), (np.float64(8427.568650630044), 34.82879900932312), (np.float64(3788.0062267305548), 40.23801279067993), (np.float64(3788.006226729767), 73.66087913513184), (np.float64(3788.0062267256235), 79.0939519405365), (np.float64(3488.3302688059175), 119.97667574882507), (np.float64(3009.817774070274), 325.810524225235), (np.float64(9993.17420195928), 325.839332818985), (np.float64(3788.0062267305548), 331.3709225654602), (np.float64(3488.330268804104), 344.87079668045044), (np.float64(3009.817774070274), 366.57601833343506), (np.float64(2050.4434974653486), 715.3804125785828), (np.float64(9993.17420195928), 715.4091746807098), (np.float64(9993.174201948968), 715.6746599674225), (np.float64(8427.568650630044), 715.9520223140717), (np.float64(3788.0062267305548), 721.8484678268433), (np.float64(3009.817774070274), 745.0017549991608), (np.float64(2779.1435391810755), 774.0917270183563), (np.float64(2779.14353918095), 799.6591601371765), (np.float64(2050.4434974653486), 852.2344093322754), (np.float64(1811.3846439151457), 1164.2312848567963), (np.float64(9993.17420195928), 1164.259174823761), (np.float64(3788.0062267305548), 1169.714861869812), (np.float64(3488.330268804104), 1176.229162454605), (np.float64(3009.817774070274), 1192.6277527809143), (np.float64(2050.4434974654505), 1222.605456352234), (np.float64(1811.3846439151457), 1294.627867937088), (np.float64(1529.7002801122471), 1421.5421640872955), (np.float64(9993.17420195928), 1421.5718717575073), (np.float64(3788.0062267305548), 1427.4203975200653), (np.float64(3009.817774070274), 1438.8072798252106), (np.float64(2976.9658792559585), 1473.514660835266), (np.float64(1811.3846439151457), 1485.2933597564697), (np.float64(1811.384643911486), 1963.8730247020721), (np.float64(1811.3846437872817), 1974.8469972610474), (np.float64(1069.6254877441752), 2832.711968898773), (np.float64(9993.17420195928), 2832.7318744659424), (np.float64(3788.0062267305548), 2838.3142669200897), (np.float64(3488.330268804104), 2850.393171787262), (np.float64(3009.817774070274), 2871.9500110149384), (np.float64(1069.6254877441752), 2889.8230373859406), (np.float64(1013.5692198084871), 2920.8139929771423), (np.float64(233.4444434801626), 2932.2147727012634)]
(REAL, NOT adjusted by restarts)probability of this sequence is: 4.540096951661003e-07
probability of this sequence is: 0.047420378019947036
uncertainty:
{'ate': np.float64(19007.444443478576), 'se': np.float64(658.3213016005825), 'ci': (np.float64(17717.152448829267), np.float64(20297.736438127886)), 'significant': np.True_}
checked:
1273
