Starting EXP30.6, type=probe_probs_no_restart, run 1/3
Job 68239517, task 147
loaded cached data
loaded cached data
loaded cached data
loaded cached data
loaded cached data
loaded cached data
START ATE IS: 8858.513171485967
***
FINISHED
ATE before: 8858.513171485967
ATE now is: 18322.73937222769
sequence is: (('IQR', 'education'), ('norm_log', 'education'), ('norm_log', 'Age'), ('isolationForest', 'Age'))
***
Execution time: 3132.887 sec
distances from ATE (with time):
[(np.float64(9915.486828514033), 0), (np.float64(9915.486828513154), 0.20076227188110352), (np.float64(9915.486828512468), 1.0291259288787842), (np.float64(9854.200357937138), 2.127487897872925), (np.float64(8355.89271958654), 2.6405067443847656), (np.float64(3093.230267314322), 11.97434949874878), (np.float64(3093.230267313198), 65.32855653762817), (np.float64(3093.2302673127288), 70.56933236122131), (np.float64(3093.2302673098384), 165.1621606349945), (np.float64(1917.1450415387371), 247.65323948860168), (np.float64(1917.1450415348554), 803.1415483951569), (np.float64(1203.0665090373077), 1072.6461791992188), (np.float64(451.2606277723098), 3132.8865869045258)]
probability of this sequence is: 8.254721730292733e-08
uncertainty:
{'ate': np.float64(18322.739372225), 'se': np.float64(598.4605327693107), 'ci': (np.float64(17149.773197520466), np.float64(19495.705546929537)), 'significant': np.True_}
checked:
2667
