Starting EXP31.6, type=probe_probs_with_restart, run 3/3
Job 68239881, task 197
loaded cached data
loaded cached data
loaded cached data
loaded cached data
loaded cached data
loaded cached data
START ATE IS: 0.06330499358874053
PROBE TRIGGERED! Error reduced from inf to 0.123 (ATE went to 0.06330499358924477).
PROBE TRIGGERED! Error reduced from 0.123 to 0.109 (ATE went to 0.04915488645799044).
PROBE TRIGGERED! Error reduced from 0.109 to 0.097 (ATE went to 0.036789562632963235).
PROBE TRIGGERED! Error reduced from 0.097 to 0.086 (ATE went to 0.025686720073253035).
PROBE TRIGGERED! Error reduced from 0.086 to 0.070 (ATE went to 0.009767477226691587).
PROBE TRIGGERED! Error reduced from 0.070 to 0.062 (ATE went to 0.0018951704364485024).
***
FINISHED
ATE before: 0.06330499358874053
ATE now is: -0.0035096342157494545
sequence is: (('norm_log', 'wt'), ('IQR', 'wt'), ('bin_equal_width_2', 'wt'), ('isolationForest', 'csex'))
***
Execution time: 587.433 sec
distances from ATE (with time):
[(np.float64(0.12330499358874053), 0), (np.float64(0.12330499358874053), 0.008645296096801758), (np.float64(0.11699593086486486), 0.06575322151184082), (np.float64(0.1122823273344028), 0.4389805793762207), (np.float64(0.11197258868542107), 1.7909553050994873), (np.float64(0.11197258868542088), 3.437084913253784), (np.float64(0.11197258868542075), 5.047261953353882), (np.float64(0.10915488645799043), 6.0648369789123535), (np.float64(0.12330499358874053), 6.066226243972778), (np.float64(0.11699593086486486), 6.0719075202941895), (np.float64(0.1122823273344028), 6.270565748214722), (np.float64(0.10915488645799043), 6.6868062019348145), (np.float64(0.10786108204936529), 7.096917390823364), (np.float64(0.1078610820493622), 16.563374519348145), (np.float64(0.10670898660050165), 22.617306232452393), (np.float64(0.10065559475535513), 22.87276840209961), (np.float64(0.09678956263296323), 34.516762495040894), (np.float64(0.12330499358874053), 34.518081188201904), (np.float64(0.11699593086486486), 34.52110052108765), (np.float64(0.1122823273344028), 34.71967625617981), (np.float64(0.10915488645799043), 34.92230033874512), (np.float64(0.10786108204936529), 35.11801242828369), (np.float64(0.09662246880688019), 35.121957540512085), (np.float64(0.09651659175810814), 36.340628147125244), (np.float64(0.08568672007325304), 37.14443111419678), (np.float64(0.12330499358874053), 37.1456024646759), (np.float64(0.11699593086486486), 37.148585081100464), (np.float64(0.11292332177993555), 37.15167498588562), (np.float64(0.1122823273344028), 37.34908986091614), (np.float64(0.09662246880688019), 37.35309362411499), (np.float64(0.08568672007325304), 38.95631241798401), (np.float64(0.08568672007325259), 48.875218868255615), (np.float64(0.08050002479963525), 316.9007589817047), (np.float64(0.08043283705714796), 317.9921364784241), (np.float64(0.06976747722669159), 325.1417169570923), (np.float64(0.12330499358874053), 325.1429145336151), (np.float64(0.11699593086486486), 325.14660573005676), (np.float64(0.11292332177993555), 325.1495997905731), (np.float64(0.1122823273344028), 325.3465495109558), (np.float64(0.08043283705714796), 325.34979796409607), (np.float64(0.06976747722669159), 325.7571716308594), (np.float64(0.06537224846172796), 328.7239627838135), (np.float64(0.06529544036463869), 403.6209897994995), (np.float64(0.06529495208553143), 403.80830693244934), (np.float64(0.06529316200370043), 454.7919249534607), (np.float64(0.06500803323698473), 552.3388466835022), (np.float64(0.0618951704364485), 552.7041952610016), (np.float64(0.12330499358874053), 552.7054090499878), (np.float64(0.11699593086486486), 552.7102546691895), (np.float64(0.1122823273344028), 552.9086539745331), (np.float64(0.08043283705714796), 552.9118511676788), (np.float64(0.06976747722669159), 553.3129563331604), (np.float64(0.06537224846172796), 554.8950808048248), (np.float64(0.05649036578425054), 587.4320132732391)]
(REAL, NOT adjusted by restarts)probability of this sequence is: 6.728872086998809e-17
probability of this sequence is: 0.0005015838877518362
uncertainty:
{'ate': np.float64(-0.003509634215749094), 'se': np.float64(0.004591582170086201), 'ci': (np.float64(-0.012510529800108493), np.float64(0.005491261368610305)), 'significant': np.False_}
checked:
10978
