Starting EXP30.6, type=probe_probs_with_restart, run 2/3
Job 68225866, task 151
loaded cached data
loaded cached data
loaded cached data
loaded cached data
loaded cached data
loaded cached data
START ATE IS: 8773.620406730166
PROBE TRIGGERED! Error reduced from inf to 7726.380 (ATE went to 8773.620406728449).
PROBE TRIGGERED! Error reduced from 7726.380 to 6160.234 (ATE went to 10339.766172611096).
PROBE TRIGGERED! Error reduced from 6160.234 to 3125.584 (ATE went to 13374.41613924787).
PROBE TRIGGERED! Error reduced from 3125.584 to 2072.986 (ATE went to 14427.01374142845).
PROBE TRIGGERED! Error reduced from 2072.986 to 407.536 (ATE went to 16092.463561379927).
PROBE TRIGGERED! Error reduced from 407.536 to 154.467 (ATE went to 16345.533208718974).
***
FINISHED
ATE before: 8773.620406730166
ATE now is: 16586.91084695601
sequence is: (('IQR', 'education'), ('norm_log', 'education'), ('isolationForest', 'Age'))
***
Execution time: 345.795 sec
distances from ATE (with time):
[(np.float64(7726.379593269834), 0), (np.float64(7726.379593269834), 0.23750519752502441), (np.float64(7726.379593266887), 1.1348419189453125), (np.float64(7663.136271327285), 4.547116994857788), (np.float64(6160.233827388904), 4.909917116165161), (np.float64(7726.379593269834), 4.967546224594116), (np.float64(6160.233827388904), 5.356166839599609), (np.float64(6160.233827388833), 6.55439019203186), (np.float64(6160.2338273831465), 11.715203285217285), (np.float64(6147.1934031933815), 13.41514277458191), (np.float64(3125.583860752129), 21.00798797607422), (np.float64(7726.379593269834), 21.028531789779663), (np.float64(6160.233827388904), 21.360825777053833), (np.float64(3125.583860752129), 25.303468704223633), (np.float64(3125.5838607518417), 35.52999472618103), (np.float64(2072.986258571549), 39.4092493057251), (np.float64(7726.379593269834), 39.4306755065918), (np.float64(6160.233827388904), 39.6086323261261), (np.float64(3125.583860752129), 43.55706286430359), (np.float64(2888.430681377664), 47.602405071258545), (np.float64(2072.986258571549), 51.485923528671265), (np.float64(2072.9862585709816), 117.41183257102966), (np.float64(2072.9862585705378), 125.27957892417908), (np.float64(407.53643862007266), 271.32525086402893), (np.float64(7726.379593269834), 271.34446239471436), (np.float64(6160.233827388904), 271.512814283371), (np.float64(3125.583860752129), 275.4380588531494), (np.float64(2888.430681377664), 279.67317032814026), (np.float64(2072.986258571549), 283.565673828125), (np.float64(407.53643862007266), 291.8554148674011), (np.float64(154.4667912810255), 305.4790110588074), (np.float64(7726.379593269834), 305.49876523017883), (np.float64(3125.583860752129), 309.43612694740295), (np.float64(2888.430681377664), 314.0030732154846), (np.float64(2072.986258571549), 321.82117223739624), (np.float64(407.53643862007266), 325.72434997558594), (np.float64(154.4667912810255), 334.05884742736816), (np.float64(86.91084695600875), 345.79419207572937)]
(REAL, NOT adjusted by restarts)probability of this sequence is: 2.542454292930162e-06
probability of this sequence is: 0.09001643259673282
uncertainty:
{'ate': np.float64(16586.91084694943), 'se': np.float64(576.6829707817731), 'ci': (np.float64(15456.62817655966), np.float64(17717.1935173392)), 'significant': np.True_}
checked:
292
