Starting EXP32.3, type=probe_probs_with_restart, run 2/3
Job 68241808, task 331
loaded cached data
loaded cached data
loaded cached data
loaded cached data
loaded cached data
loaded cached data
START ATE IS: 12665.853442780386
PROBE TRIGGERED! Error reduced from inf to 6108.147 (ATE went to 12665.853442776783).
PROBE TRIGGERED! Error reduced from 6108.147 to 3541.540 (ATE went to 15232.459636369274).
PROBE TRIGGERED! Error reduced from 3541.540 to 2079.398 (ATE went to 16694.60228953884).
PROBE TRIGGERED! Error reduced from 2079.398 to 1735.415 (ATE went to 20509.415399323694).
PROBE TRIGGERED! Error reduced from 1735.415 to 1508.496 (ATE went to 17265.503723999613).
PROBE TRIGGERED! Error reduced from 1508.496 to 1073.092 (ATE went to 17700.908066104745).
***
FINISHED
ATE before: 12665.853442780386
ATE now is: 18490.145510946477
sequence is: (('bin_equal_frequency_5', 'education'), ('norm_log', 'Age'), ('isolationForest', 'education'))
***
Execution time: 2087.553 sec
distances from ATE (with time):
[(np.float64(6108.146557219614), 0), (np.float64(6108.146557219614), 0.22156929969787598), (np.float64(6108.1465572176785), 0.613400936126709), (np.float64(3541.5403636307256), 1.798083782196045), (np.float64(6108.146557219614), 1.8625781536102295), (np.float64(3541.5403636307256), 2.2354815006256104), (np.float64(3541.540363624714), 24.101773262023926), (np.float64(2079.3977104611586), 146.84591007232666), (np.float64(6108.146557219614), 146.89891862869263), (np.float64(3541.5403636307256), 147.064861536026), (np.float64(2079.3977104611586), 147.91840362548828), (np.float64(2079.397710459896), 173.65910840034485), (np.float64(2079.3977104583355), 185.45457816123962), (np.float64(1735.4153993236941), 609.3980214595795), (np.float64(6108.146557219614), 609.4203209877014), (np.float64(3541.5403636307256), 609.5833733081818), (np.float64(2079.3977104611586), 616.8789710998535), (np.float64(1735.4153993236941), 642.9826622009277), (np.float64(1735.415399323385), 762.7588953971863), (np.float64(1735.4153993232976), 1128.0317285060883), (np.float64(1508.4962760003873), 1483.7869029045105), (np.float64(6108.146557219614), 1483.8043158054352), (np.float64(3541.5403636307256), 1484.1816346645355), (np.float64(1735.4153993236941), 1504.229395866394), (np.float64(1735.415399323385), 1605.4286391735077), (np.float64(1508.4962760003873), 1630.0362889766693), (np.float64(1073.0919338952554), 1809.9905486106873), (np.float64(6108.146557219614), 1810.0075998306274), (np.float64(3541.5403636307256), 1810.5511002540588), (np.float64(1735.4153993236941), 1830.4903688430786), (np.float64(1504.5644208290214), 1855.6167623996735), (np.float64(1073.0919338952554), 1920.0814611911774), (np.float64(283.85448905352314), 2087.552802324295)]
(REAL, NOT adjusted by restarts)probability of this sequence is: 5.767604645998979e-06
probability of this sequence is: 0.004778990414728572
uncertainty:
{'ate': np.float64(18490.14551092873), 'se': np.float64(260.0161207146196), 'ci': (np.float64(17980.52203771375), np.float64(18999.768984143713)), 'significant': np.True_}
checked:
1274
