Starting EXP29.5, type=probe, run 2/3
Job 68238534, task 55
loaded cached data
loaded cached data
loaded cached data
loaded cached data
loaded cached data
loaded cached data
START ATE IS: 0.06443599243308257
PROBE TRIGGERED! Error reduced from inf to 0.124 (ATE went to 0.06446044039932729).
PROBE TRIGGERED! Error reduced from 0.124 to 0.062 (ATE went to 0.001865532145022648).
***
FINISHED
ATE before: 0.06443599243308257
ATE now is: -0.005143274230364181
sequence is: (('bin_equal_frequency_2', 'wt'), ('norm_log', 'gestat10'))
***
Execution time: 25.445 sec
distances from ATE (with time):
[(np.float64(0.12443599243308257), 0), (np.float64(0.12443599243308257), 0.04534268379211426), (np.float64(0.1243487360247987), 0.10327816009521484), (np.float64(0.12406533228641288), 0.1181340217590332), (np.float64(0.06186553214502265), 0.7586965560913086), (np.float64(0.12443599243308257), 0.7635982036590576), (np.float64(0.06186553214502265), 0.7936868667602539), (np.float64(0.0616926459214101), 19.10588502883911), (np.float64(0.06139348289605491), 19.120269536972046), (np.float64(0.054856725769635815), 25.44435715675354)]
uncertainty:
{'ate': np.float64(-0.005143273697122671), 'se': np.float64(0.009238460038481677), 'ci': (np.float64(-0.023254920296766603), np.float64(0.01296837290252126)), 'significant': np.False_}
checked:
1311
