Starting EXP29.8, type=probe, run 2/3
Job 68238574, task 82
loaded cached data
loaded cached data
loaded cached data
loaded cached data
loaded cached data
loaded cached data
START ATE IS: 0.06281390745022844
PROBE TRIGGERED! Error reduced from inf to 0.123 (ATE went to 0.06286602200330438).
***
FINISHED
ATE before: 0.06281390745022844
ATE now is: -0.0004708597940663274
sequence is: (('bin_equal_frequency_2', 'wt'),)
***
Execution time: 0.796 sec
distances from ATE (with time):
[(np.float64(0.12281390745022844), 0), (np.float64(0.12281390745022844), 0.05173516273498535), (np.float64(0.12278580879943207), 0.17415142059326172), (np.float64(0.12277456944841723), 0.7188935279846191), (np.float64(0.05952914020593367), 0.7956624031066895)]
uncertainty:
{'ate': np.float64(-0.0004708610248364631), 'se': np.float64(0.007506074660753058), 'ci': (np.float64(-0.015184821683935559), np.float64(0.01424309963426263)), 'significant': np.False_}
checked:
54
