Starting EXP31.3, type=probe, run 3/3
Job 68225897, task 182
loaded cached data
loaded cached data
loaded cached data
loaded cached data
loaded cached data
loaded cached data
START ATE IS: -0.024663864836921654
***
FINISHED
ATE before: -0.024663864836921654
ATE now is: -0.024663864836921654
sequence is: (('bin_equal_frequency_2', 'bord'),)
***
Execution time: 0.002 sec
distances from ATE (with time):
[(np.float64(0.03533613516307835), 0)]
uncertainty:
{'ate': np.float64(-0.02466386483692365), 'se': np.float64(0.00740062790478225), 'ci': (np.float64(-0.03917065097775288), np.float64(-0.010157078696094415)), 'significant': np.True_}
checked:
1
