Starting EXP27, type=probe, run 2/3
Job 68226978, task 1
loaded cached data
loaded cached data
loaded cached data
loaded cached data
loaded cached data
loaded cached data
START ATE IS: 0.061323487827131574
PROBE TRIGGERED! Error reduced from inf to 0.121 (ATE went to 0.06133003433445259).
PROBE TRIGGERED! Error reduced from 0.121 to 0.062 (ATE went to 0.0019593815021162683).
***
FINISHED
ATE before: 0.061323487827131574
ATE now is: -0.005384345354062895
sequence is: (('bin_equal_frequency_2', 'wt'), ('norm_log', 'gestat10'))
***
Execution time: 30.009 sec
distances from ATE (with time):
[(np.float64(0.12132348782713157), 0), (np.float64(0.12132348782713157), 0.052668094635009766), (np.float64(0.12131956703434166), 0.22527098655700684), (np.float64(0.12130306779949579), 0.7793197631835938), (np.float64(0.12129993163702574), 0.7973785400390625), (np.float64(0.12129361786829963), 0.8150167465209961), (np.float64(0.12128751566471117), 0.848355770111084), (np.float64(0.12128213185704406), 0.866628885269165), (np.float64(0.061959381502116266), 0.9025321006774902), (np.float64(0.12132348782713157), 0.9090280532836914), (np.float64(0.061959381502116266), 0.9453916549682617), (np.float64(0.061953924508620035), 22.289066791534424), (np.float64(0.061952296050523596), 22.324259042739868), (np.float64(0.06192110575018659), 22.412625789642334), (np.float64(0.061920980318480354), 22.48290753364563), (np.float64(0.06188308460731291), 22.866520881652832), (np.float64(0.0546156546459371), 30.00884509086609)]
uncertainty:
{'ate': np.float64(-0.00538434534380515), 'se': np.float64(0.006569764643922853), 'ci': (np.float64(-0.018262472961803805), np.float64(0.007493782274193504)), 'significant': np.False_}
checked:
1315
