Starting EXP34.4, type=probe_probs_no_restart, run 3/3
Job 68242800, task 419
loaded cached data
loaded cached data
loaded cached data
loaded cached data
loaded cached data
loaded cached data
START ATE IS: 8774.433205474146
***
FINISHED
ATE before: 8774.433205474146
ATE now is: 18752.131421079288
sequence is: (('bin_equal_frequency_5', 'education'), ('norm_log', 'education'), ('isolationForest', 'Age'))
***
Execution time: 18523.411 sec
distances from ATE (with time):
[(np.float64(9999.566794525854), 0), (np.float64(9999.566794316715), 9.058233976364136), (np.float64(9935.72020945627), 19.331698656082153), (np.float64(8436.7980388412), 24.599101305007935), (np.float64(4268.453452468149), 125.40654039382935), (np.float64(4268.453452397331), 687.2603917121887), (np.float64(4247.457703917131), 1444.4137551784515), (np.float64(3722.199190006875), 1589.30566239357), (np.float64(2334.1588949821053), 2662.021269083023), (np.float64(2310.2632039222044), 6794.356823921204), (np.float64(1885.3347910001794), 10788.037711143494), (np.float64(1864.0316439991584), 15581.83480978012), (np.float64(1812.9847565106938), 16931.22414302826), (np.float64(21.868578920712025), 18523.410540103912)]
probability of this sequence is: 4.540096951661003e-07
uncertainty:
{'ate': np.float64(18752.13142114595), 'se': np.float64(277.3866566947257), 'ci': (np.float64(18208.463062200277), np.float64(19295.799780091624)), 'significant': np.True_}
checked:
1819
