Starting EXP31.24, type=probe_probs_with_restart, run 1/3
Job 68239966, task 249
loaded cached data
loaded cached data
loaded cached data
loaded cached data
loaded cached data
loaded cached data
START ATE IS: 0.06106369315833278
PROBE TRIGGERED! Error reduced from inf to 0.121 (ATE went to 0.06106369315788623).
PROBE TRIGGERED! Error reduced from 0.121 to 0.097 (ATE went to 0.03737089174323989).
PROBE TRIGGERED! Error reduced from 0.097 to 0.088 (ATE went to 0.02756828502423062).
PROBE TRIGGERED! Error reduced from 0.088 to 0.062 (ATE went to 0.0024551225286137952).
***
FINISHED
ATE before: 0.06106369315833278
ATE now is: -0.005328837481873094
sequence is: (('norm_log', 'gestat10'), ('bin_equal_frequency_2', 'wt'))
***
Execution time: 2864.628 sec
distances from ATE (with time):
[(np.float64(0.12106369315833278), 0), (np.float64(0.12106369315788623), 0.0345308780670166), (np.float64(0.12106369315833278), 0.03851795196533203), (np.float64(0.12106369315788623), 0.04794764518737793), (np.float64(0.12106295236862002), 0.343372106552124), (np.float64(0.12106057381062844), 0.3526797294616699), (np.float64(0.12105622103922603), 0.38951802253723145), (np.float64(0.11685575687414852), 0.42696380615234375), (np.float64(0.09737089174323989), 6.64349102973938), (np.float64(0.12106369315833278), 6.646971940994263), (np.float64(0.09737089174323989), 6.658556222915649), (np.float64(0.0973593413167043), 12.96134638786316), (np.float64(0.08756828502423061), 13.045593976974487), (np.float64(0.12106369315833278), 13.048838138580322), (np.float64(0.09737089174323989), 13.05844783782959), (np.float64(0.08756828502423061), 13.094363451004028), (np.float64(0.0875682850242275), 21.73288917541504), (np.float64(0.0851447112570216), 22.011025428771973), (np.float64(0.07908286298003583), 40.042295694351196), (np.float64(0.07908286298003266), 72.26360583305359), (np.float64(0.07908286298002533), 147.29004168510437), (np.float64(0.07906520961088914), 377.2632827758789), (np.float64(0.07905488761972959), 458.67142629623413), (np.float64(0.07905488761971079), 1642.8468577861786), (np.float64(0.06245512252861379), 2864.5165617465973), (np.float64(0.12106369315833278), 2864.5198259353638), (np.float64(0.09737089174323989), 2864.5719935894012), (np.float64(0.06245512252861379), 2864.580919981003), (np.float64(0.054671162518126905), 2864.6271340847015)]
(REAL, NOT adjusted by restarts)probability of this sequence is: 3.945707070707071e-14
probability of this sequence is: 0.03277575757603727
uncertainty:
{'ate': np.float64(-0.005328837481865509), 'se': np.float64(0.006585458165080081), 'ci': (np.float64(-0.01823772314344217), np.float64(0.007580048179711151)), 'significant': np.False_}
checked:
105776
