Starting EXP29.7, type=probe_probs_with_restart, run 3/3
Job 68225752, task 80
loaded cached data
loaded cached data
loaded cached data
loaded cached data
loaded cached data
loaded cached data
START ATE IS: 0.06489379126264097
PROBE TRIGGERED! Error reduced from inf to 0.125 (ATE went to 0.06489379145308388).
PROBE TRIGGERED! Error reduced from 0.125 to 0.101 (ATE went to 0.04079005788582535).
PROBE TRIGGERED! Error reduced from 0.101 to 0.090 (ATE went to 0.029904341630310822).
PROBE TRIGGERED! Error reduced from 0.090 to 0.064 (ATE went to 0.00433547053311631).
***
FINISHED
ATE before: 0.06489379126264097
ATE now is: -0.0065709770205221885
sequence is: (('IQR', 'gestat10'), ('bin_equal_frequency_2', 'wt'))
***
Execution time: 13871.895 sec
distances from ATE (with time):
[(np.float64(0.12489379126264097), 0), (np.float64(0.12489379126264097), 0.01924729347229004), (np.float64(0.12489379117663943), 0.09108591079711914), (np.float64(0.124893791104782), 0.12661528587341309), (np.float64(0.12489379043342336), 0.14449858665466309), (np.float64(0.1248800769206612), 0.9842414855957031), (np.float64(0.12482489189020013), 1.0020043849945068), (np.float64(0.12481962002682107), 1.1093955039978027), (np.float64(0.12079489823855696), 1.2167401313781738), (np.float64(0.10079005788582535), 14.835412502288818), (np.float64(0.12489379126264097), 14.83996868133545), (np.float64(0.10079005788582535), 14.856314897537231), (np.float64(0.10079005765319377), 14.88722538948059), (np.float64(0.10079005747294628), 17.115031242370605), (np.float64(0.10079005692681581), 17.13205647468567), (np.float64(0.1007900568606114), 17.232782125473022), (np.float64(0.10079005628351266), 17.316670656204224), (np.float64(0.10077558593824575), 29.01109528541565), (np.float64(0.10071947402593323), 29.027942657470703), (np.float64(0.10071400993930615), 29.12931251525879), (np.float64(0.09108633670940289), 29.23078417778015), (np.float64(0.08990434163031082), 33.711830139160156), (np.float64(0.12489379126264097), 33.71640229225159), (np.float64(0.10079005788582535), 33.7322211265564), (np.float64(0.10079005765319377), 33.77816724777222), (np.float64(0.08990434163031082), 33.79517412185669), (np.float64(0.0881837529501115), 33.82975387573242), (np.float64(0.08818375294404888), 57.00233864784241), (np.float64(0.08818375276284911), 57.36491632461548), (np.float64(0.08818375217320233), 57.40390491485596), (np.float64(0.08791575957290483), 95.22663617134094), (np.float64(0.08338198113742201), 96.44338631629944), (np.float64(0.08162252379607254), 126.58749914169312), (np.float64(0.08162252356782265), 484.0152370929718), (np.float64(0.08161380595951676), 1007.2858881950378), (np.float64(0.08159559380638123), 1007.3520586490631), (np.float64(0.08147181831937271), 1920.5187306404114), (np.float64(0.08147181755059055), 9312.034616231918), (np.float64(0.0643354705331163), 13871.554006576538), (np.float64(0.12489379126264097), 13871.559100151062), (np.float64(0.10079005788582535), 13871.791907548904), (np.float64(0.0643354705331163), 13871.808191537857), (np.float64(0.05342902297947781), 13871.894176244736)]
(REAL, NOT adjusted by restarts)probability of this sequence is: 3.4951592045017656e-15
probability of this sequence is: 0.032146024955565816
uncertainty:
{'ate': np.float64(-0.0065709770497506086), 'se': np.float64(0.00826990110583333), 'ci': (np.float64(-0.022782800000518647), np.float64(0.00964084590101743)), 'significant': np.False_}
checked:
515254
