Starting EXP31.18, type=probe, run 3/3
Job 68239914, task 227
loaded cached data
loaded cached data
loaded cached data
loaded cached data
loaded cached data
loaded cached data
START ATE IS: -0.024891101431238308
***
FINISHED
ATE before: -0.024891101431238308
ATE now is: -0.024891101431238308
sequence is: (('bin_equal_frequency_2', 'phyper'),)
***
Execution time: 0.006 sec
distances from ATE (with time):
[(np.float64(0.03510889856876169), 0)]
uncertainty:
{'ate': np.float64(-0.024891101431240306), 'se': np.float64(0.007220624352837755), 'ci': (np.float64(-0.03904504554911295), np.float64(-0.010737157313367664)), 'significant': np.True_}
checked:
1
