Starting EXP30.9, type=probe, run 3/3
Job 68239856, task 173
loaded cached data
loaded cached data
loaded cached data
loaded cached data
loaded cached data
loaded cached data
START ATE IS: 8786.933037058301
PROBE TRIGGERED! Error reduced from inf to 11912.687 (ATE went to 6861.312531438207).
PROBE TRIGGERED! Error reduced from 11912.687 to 10440.015 (ATE went to 8333.985051088799).
PROBE TRIGGERED! Error reduced from 10440.015 to 7378.751 (ATE went to 11395.24902124299).
PROBE TRIGGERED! Error reduced from 7378.751 to 3639.109 (ATE went to 15134.891230396175).
PROBE TRIGGERED! Error reduced from 3639.109 to 3120.074 (ATE went to 15653.926409158144).
PROBE TRIGGERED! Error reduced from 3120.074 to 2502.219 (ATE went to 21276.218577114058).
PROBE TRIGGERED! Error reduced from 2502.219 to 1068.278 (ATE went to 19842.277795852027).
***
FINISHED
ATE before: 8786.933037058301
ATE now is: 19592.799231457666
sequence is: (('bin_equal_width_2', 'education'), ('isolationForest', 'Age'), ('bin_equal_width_2', 'Age'))
***
Execution time: 788.259 sec
distances from ATE (with time):
[(np.float64(9987.066962941699), 0), (np.float64(9987.066962941699), 0.6529734134674072), (np.float64(9987.066962941699), 2.8321034908294678), (np.float64(7378.750978757011), 18.561601638793945), (np.float64(9987.066962941699), 18.73263669013977), (np.float64(7378.750978757011), 20.590766429901123), (np.float64(3639.108769603825), 72.96595072746277), (np.float64(9987.066962941699), 72.99984908103943), (np.float64(7378.750978757011), 74.29920816421509), (np.float64(3639.108769603825), 81.08976364135742), (np.float64(3120.0735908418555), 95.68484735488892), (np.float64(9987.066962941699), 95.72535705566406), (np.float64(7378.750978757011), 96.49705052375793), (np.float64(3639.108769603825), 103.30349516868591), (np.float64(3120.0735908418555), 111.27077317237854), (np.float64(2502.2185771140576), 117.9772412776947), (np.float64(9987.066962941699), 118.01036596298218), (np.float64(7378.750978757011), 118.5702269077301), (np.float64(3639.108769603825), 125.28435802459717), (np.float64(3120.0735908418555), 133.18626594543457), (np.float64(2502.2185771140576), 139.9848608970642), (np.float64(1068.2777958520273), 183.38025641441345), (np.float64(9987.066962941699), 183.41627264022827), (np.float64(7378.750978757011), 183.95428037643433), (np.float64(3639.108769603825), 190.69106149673462), (np.float64(3120.0735908418555), 197.96468329429626), (np.float64(2502.2185771140576), 204.52988529205322), (np.float64(1068.2777958520273), 232.94188785552979), (np.float64(818.7992314576659), 788.2579925060272)]
uncertainty:
{'ate': np.float64(19458.93925618037), 'se': np.float64(512.4470617445136), 'ci': (np.float64(18454.558825635017), np.float64(20463.31968672572)), 'significant': np.True_}
checked:
401
