Starting EXP28, type=probe, run 3/3
Job 68238211, task 11
loaded cached data
loaded cached data
loaded cached data
loaded cached data
loaded cached data
loaded cached data
START ATE IS: 8774.433204918101
PROBE TRIGGERED! Error reduced from inf to 11932.920 (ATE went to 6841.079964082842).
PROBE TRIGGERED! Error reduced from 11932.920 to 10435.054 (ATE went to 8338.94617900821).
PROBE TRIGGERED! Error reduced from 10435.054 to 7375.414 (ATE went to 11398.586361909853).
PROBE TRIGGERED! Error reduced from 7375.414 to 4505.761 (ATE went to 14268.239362508933).
PROBE TRIGGERED! Error reduced from 4505.761 to 3998.429 (ATE went to 14775.571191617424).
PROBE TRIGGERED! Error reduced from 3998.429 to 2647.473 (ATE went to 16126.527223786954).
PROBE TRIGGERED! Error reduced from 2647.473 to 2182.011 (ATE went to 16591.989263043994).
***
FINISHED
ATE before: 8774.433204918101
ATE now is: 19619.03257284602
sequence is: (('bin_equal_width_2', 'education'), ('isolationForest', 'Age'), ('bin_equal_frequency_2', 'Age'))
***
Execution time: 247.637 sec
distances from ATE (with time):
[(np.float64(9999.566795081899), 0), (np.float64(9999.566795081899), 0.6228487491607666), (np.float64(9999.566795081899), 2.597353458404541), (np.float64(7375.413638090147), 17.264041662216187), (np.float64(9999.566795081899), 17.433144092559814), (np.float64(7375.413638090147), 19.250582456588745), (np.float64(4505.7606374910665), 68.87495923042297), (np.float64(9999.566795081899), 68.91637921333313), (np.float64(7375.413638090147), 69.90284132957458), (np.float64(4505.7606374910665), 77.80995917320251), (np.float64(3998.428808382576), 86.3555314540863), (np.float64(9999.566795081899), 86.40636277198792), (np.float64(4505.7606374910665), 95.06907558441162), (np.float64(3998.428808382576), 104.04756236076355), (np.float64(2647.472776213046), 112.51465368270874), (np.float64(9999.566795081899), 112.54612421989441), (np.float64(4505.7606374910665), 121.35648918151855), (np.float64(3998.428808382576), 129.72492933273315), (np.float64(2647.472776213046), 138.35886454582214), (np.float64(2182.0107369560064), 155.6116816997528), (np.float64(9999.566795081899), 155.6523494720459), (np.float64(4505.7606374910665), 163.44804549217224), (np.float64(3998.428808382576), 172.1532747745514), (np.float64(2182.0107369560064), 179.87546920776367), (np.float64(845.0325728460193), 247.63646125793457)]
uncertainty:
{'ate': np.float64(19620.131468914027), 'se': np.float64(430.12791519499353), 'ci': (np.float64(18777.094278173954), np.float64(20463.1686596541)), 'significant': np.True_}
checked:
158
