Starting EXP29.7, type=probe, run 3/3
Job 68225740, task 74
loaded cached data
loaded cached data
loaded cached data
loaded cached data
loaded cached data
loaded cached data
START ATE IS: 0.058743570776402014
PROBE TRIGGERED! Error reduced from inf to 0.119 (ATE went to 0.05872996773570863).
PROBE TRIGGERED! Error reduced from 0.119 to 0.061 (ATE went to 0.0009577985135073888).
***
FINISHED
ATE before: 0.058743570776402014
ATE now is: -0.007681579484048624
sequence is: (('bin_equal_frequency_2', 'wt'), ('norm_log', 'gestat10'))
***
Execution time: 35.471 sec
distances from ATE (with time):
[(np.float64(0.11874357077640202), 0), (np.float64(0.11872996773570862), 0.04380393028259277), (np.float64(0.11874357077640202), 0.04921698570251465), (np.float64(0.11872996773570862), 0.06496810913085938), (np.float64(0.11865495601722925), 0.11037802696228027), (np.float64(0.11862964396757156), 0.774090051651001), (np.float64(0.1185845885427918), 0.7910950183868408), (np.float64(0.06095779851350739), 0.8708813190460205), (np.float64(0.11874357077640202), 0.8770806789398193), (np.float64(0.11872996773570862), 0.8941636085510254), (np.float64(0.06095779851350739), 0.9098761081695557), (np.float64(0.06095444371964083), 0.9307537078857422), (np.float64(0.06092510443646849), 25.640462636947632), (np.float64(0.06085829430557952), 25.663854837417603), (np.float64(0.060789798574703194), 25.91310977935791), (np.float64(0.052318420515951376), 35.469862937927246)]
uncertainty:
{'ate': np.float64(-0.0076815795334374305), 'se': np.float64(0.007866704497728345), 'ci': (np.float64(-0.023102824551867414), np.float64(0.007739665484992553)), 'significant': np.False_}
checked:
1315
