Starting EXP30.8, type=probe, run 1/3
Job 68239842, task 162
loaded cached data
loaded cached data
loaded cached data
loaded cached data
loaded cached data
loaded cached data
START ATE IS: 8798.789495857316
PROBE TRIGGERED! Error reduced from inf to 11920.510 (ATE went to 6853.490171711329).
PROBE TRIGGERED! Error reduced from 11920.510 to 10398.058 (ATE went to 8375.941994211436).
PROBE TRIGGERED! Error reduced from 10398.058 to 7345.078 (ATE went to 11428.92185477937).
PROBE TRIGGERED! Error reduced from 7345.078 to 4911.709 (ATE went to 13862.291331356872).
PROBE TRIGGERED! Error reduced from 4911.709 to 2476.827 (ATE went to 16297.172986021505).
PROBE TRIGGERED! Error reduced from 2476.827 to 1233.785 (ATE went to 20007.78514194931).
***
FINISHED
ATE before: 8798.789495857316
ATE now is: 18636.12627319775
sequence is: (('bin_equal_width_2', 'education'), ('isolationForest', 'Age'), ('bin_equal_frequency_2', 'Age'))
***
Execution time: 133.059 sec
distances from ATE (with time):
[(np.float64(9975.210504142684), 0), (np.float64(9975.210504142684), 0.3973567485809326), (np.float64(9975.210504142684), 1.8000383377075195), (np.float64(7345.07814522063), 11.050265789031982), (np.float64(9975.210504142684), 11.14118218421936), (np.float64(7345.07814522063), 12.189547777175903), (np.float64(4911.7086686431285), 45.17203950881958), (np.float64(9975.210504142684), 45.202624559402466), (np.float64(7345.07814522063), 45.89971423149109), (np.float64(4911.7086686431285), 51.51197004318237), (np.float64(2476.8270139784945), 62.78732490539551), (np.float64(9975.210504142684), 62.81854486465454), (np.float64(7345.07814522063), 63.17053723335266), (np.float64(4911.7086686431285), 68.66434383392334), (np.float64(2476.8270139784945), 74.76833200454712), (np.float64(1233.785141949309), 80.1895740032196), (np.float64(9975.210504142684), 80.21988773345947), (np.float64(7345.07814522063), 80.57688570022583), (np.float64(4911.7086686431285), 86.3151125907898), (np.float64(2476.8270139784945), 92.58399224281311), (np.float64(1233.785141949309), 98.07795453071594), (np.float64(137.8737268022487), 133.0586280822754)]
uncertainty:
{'ate': np.float64(19115.589900692466), 'se': np.float64(556.0151836578084), 'ci': (np.float64(18025.81694095819), np.float64(20205.362860426743)), 'significant': np.True_}
checked:
146
