Starting EXP29.3, type=probe, run 1/3
Job 68225178, task 36
loaded cached data
loaded cached data
loaded cached data
loaded cached data
loaded cached data
loaded cached data
START ATE IS: 0.06091221053034572
PROBE TRIGGERED! Error reduced from inf to 0.121 (ATE went to 0.06076037801363915).
***
FINISHED
ATE before: 0.06091221053034572
ATE now is: -0.005465753597431819
sequence is: (('bin_equal_frequency_2', 'wt'),)
***
Execution time: 0.575 sec
distances from ATE (with time):
[(np.float64(0.12091221053034572), 0), (np.float64(0.12076037801363915), 0.03055429458618164), (np.float64(0.12091221053034572), 0.03501391410827637), (np.float64(0.12076037801363915), 0.04734468460083008), (np.float64(0.12055629554479702), 0.0909280776977539), (np.float64(0.05453424640256818), 0.5746924877166748)]
uncertainty:
{'ate': np.float64(-0.005465754052834759), 'se': np.float64(0.012513058303689309), 'ci': (np.float64(-0.030001350604941544), np.float64(0.019069842499272023)), 'significant': np.False_}
checked:
54
