Starting EXP31.3, type=probe_probs_no_restart, run 3/3
Job 68225900, task 185
loaded cached data
loaded cached data
loaded cached data
loaded cached data
loaded cached data
loaded cached data
START ATE IS: -0.024891101431238086
***
FINISHED
ATE before: -0.024891101431238086
ATE now is: -0.024891101431238086
sequence is: (('norm_min_max', 'csex'),)
***
Execution time: 0.003 sec
distances from ATE (with time):
[(np.float64(0.03510889856876191), 0)]
probability of this sequence is: 0.19264069264069264
uncertainty:
{'ate': np.float64(-0.02489110143124064), 'se': np.float64(0.007374707699898746), 'ci': (np.float64(-0.03934707852264739), np.float64(-0.010435124339833885)), 'significant': np.True_}
checked:
1
