Starting EXP31.15, type=probe_probs_no_restart, run 1/3
Job 68239903, task 219
loaded cached data
loaded cached data
loaded cached data
loaded cached data
loaded cached data
loaded cached data
START ATE IS: -0.02466386300055455
***
FINISHED
ATE before: -0.02466386300055455
ATE now is: -0.024663862991391203
sequence is: (('norm_min_max', 'drink5'),)
***
Execution time: 0.005 sec
distances from ATE (with time):
[(np.float64(0.03533613699944545), 0)]
probability of this sequence is: 0.03852813852813853
uncertainty:
{'ate': np.float64(-0.024663863012801795), 'se': np.float64(0.007246512310493009), 'ci': (np.float64(-0.038868552421687914), np.float64(-0.010459173603915675)), 'significant': np.True_}
checked:
1
