Starting EXP30.7, type=probe_probs_with_restart, run 3/3
Job 68225876, task 161
loaded cached data
loaded cached data
loaded cached data
loaded cached data
loaded cached data
loaded cached data
START ATE IS: 8708.268537450314
PROBE TRIGGERED! Error reduced from inf to 7791.731 (ATE went to 8708.268537450778).
PROBE TRIGGERED! Error reduced from 7791.731 to 6238.250 (ATE went to 10261.750380771051).
PROBE TRIGGERED! Error reduced from 6238.250 to 339.713 (ATE went to 16160.286804676705).
***
FINISHED
ATE before: 8708.268537450314
ATE now is: 16477.760645681654
sequence is: (('isolationForest', 'Age'), ('norm_min_max', 'Age'), ('norm_log', 'education'))
***
Execution time: 112.122 sec
distances from ATE (with time):
[(np.float64(7791.731462549686), 0), (np.float64(7791.731462549222), 0.23572468757629395), (np.float64(7791.731462549686), 0.3481771945953369), (np.float64(7791.731462549222), 0.7056474685668945), (np.float64(7791.731462546964), 1.7193937301635742), (np.float64(7791.7314625424515), 2.41094708442688), (np.float64(7791.731462540485), 4.461688041687012), (np.float64(7727.093392761761), 6.955971956253052), (np.float64(6238.249619228949), 7.5104475021362305), (np.float64(7791.731462549686), 7.59710168838501), (np.float64(7791.731462549222), 7.884347915649414), (np.float64(6238.249619228949), 8.18329906463623), (np.float64(6238.249619227225), 10.16831636428833), (np.float64(6238.249619226508), 18.492363214492798), (np.float64(6238.2496192206), 19.102423906326294), (np.float64(6223.093625578285), 21.236868858337402), (np.float64(339.7131953232947), 32.11071467399597), (np.float64(7791.731462549686), 32.13943910598755), (np.float64(7791.731462549222), 32.407755613327026), (np.float64(6238.249619228949), 32.685051918029785), (np.float64(339.7131953232947), 37.853132247924805), (np.float64(339.7131953232638), 44.76622796058655), (np.float64(339.7131953211174), 68.84694290161133), (np.float64(339.7131953144326), 73.98716259002686), (np.float64(321.08499123696856), 106.69583821296692), (np.float64(22.23935431834616), 112.12179732322693)]
(REAL, NOT adjusted by restarts)probability of this sequence is: 1.6162745147913176e-05
probability of this sequence is: 0.006107607111326243
uncertainty:
{'ate': np.float64(16477.76064564278), 'se': np.float64(526.1709843539868), 'ci': (np.float64(15446.480748402118), np.float64(17509.04054288344)), 'significant': np.True_}
checked:
150
