Starting EXP30.1, type=probe_probs_no_restart, run 1/3
Job 68225804, task 102
loaded cached data
loaded cached data
loaded cached data
loaded cached data
loaded cached data
loaded cached data
START ATE IS: 9031.396252289938
***
FINISHED
ATE before: 9031.396252289938
ATE now is: 16416.77885637133
sequence is: (('bin_equal_frequency_10', 'Age'), ('norm_min_max', 'Public health coverage'), ('bin_equal_frequency_5', 'education'), ('norm_log', 'Age'), ('isolationForest', 'Age'))
***
Execution time: 3084.290 sec
distances from ATE (with time):
[(np.float64(7468.603747710062), 0), (np.float64(7468.603747709545), 0.025171518325805664), (np.float64(7468.6037477095), 0.06336069107055664), (np.float64(7468.603747709198), 0.1025390625), (np.float64(7468.6037477074315), 0.21894216537475586), (np.float64(7451.114831448116), 0.29717206954956055), (np.float64(5948.624839377055), 0.37610793113708496), (np.float64(2392.2413717966374), 2.3452677726745605), (np.float64(2392.241371796612), 12.549955606460571), (np.float64(2392.2413717963445), 13.620484352111816), (np.float64(2392.241371796121), 28.75802755355835), (np.float64(1284.9781288753602), 29.625059127807617), (np.float64(1201.8989244139648), 46.09397578239441), (np.float64(824.4449343541182), 134.06627798080444), (np.float64(222.8573034253768), 211.28929781913757), (np.float64(108.27511107214013), 2488.3510971069336), (np.float64(108.27511107167084), 2491.938222885132), (np.float64(83.22114362867069), 3084.289710044861)]
probability of this sequence is: 6.95420690238966e-11
uncertainty:
{'ate': np.float64(16416.77885637104), 'se': np.float64(1730.7555279817839), 'ci': (np.float64(13024.432071852225), np.float64(19809.12564088985)), 'significant': np.True_}
checked:
7441
