Starting EXP28, type=probe_probs_with_restart, run 2/3
Job 68238216, task 16
loaded cached data
loaded cached data
loaded cached data
loaded cached data
loaded cached data
loaded cached data
START ATE IS: 8774.433204918101
PROBE TRIGGERED! Error reduced from inf to 9999.567 (ATE went to 8774.433204884812).
PROBE TRIGGERED! Error reduced from 9999.567 to 8436.798 (ATE went to 10337.201960657358).
PROBE TRIGGERED! Error reduced from 8436.798 to 4505.761 (ATE went to 14268.239362508933).
PROBE TRIGGERED! Error reduced from 4505.761 to 2979.500 (ATE went to 15794.49953427471).
PROBE TRIGGERED! Error reduced from 2979.500 to 2672.351 (ATE went to 16101.64911670127).
PROBE TRIGGERED! Error reduced from 2672.351 to 1942.626 (ATE went to 16831.373586532372).
PROBE TRIGGERED! Error reduced from 1942.626 to 1434.757 (ATE went to 17339.24323410045).
***
FINISHED
ATE before: 8774.433204918101
ATE now is: 19514.109404419756
sequence is: (('norm_log', 'education'), ('bin_equal_width_5', 'education'), ('isolationForest', 'Age'))
***
Execution time: 5425.632 sec
distances from ATE (with time):
[(np.float64(9999.566795081899), 0), (np.float64(9999.566795081899), 0.5830302238464355), (np.float64(9999.56679497556), 2.8771018981933594), (np.float64(9935.720210507825), 11.268843412399292), (np.float64(8436.798039342642), 12.20033860206604), (np.float64(9999.566795081899), 12.35046124458313), (np.float64(8436.798039342642), 13.322575807571411), (np.float64(8436.798039237725), 31.329190969467163), (np.float64(8436.798039231635), 31.848926067352295), (np.float64(8422.64891967005), 36.29119300842285), (np.float64(4505.7606374910665), 54.11970925331116), (np.float64(9999.566795081899), 54.161733627319336), (np.float64(8436.798039342642), 54.982574701309204), (np.float64(4505.7606374910665), 62.815433740615845), (np.float64(4505.760637490859), 73.69071054458618), (np.float64(4505.760637487558), 84.69452786445618), (np.float64(2979.5004657252903), 92.37561559677124), (np.float64(9999.566795081899), 92.42070055007935), (np.float64(8436.798039342642), 92.83623456954956), (np.float64(4505.7606374910665), 100.628666639328), (np.float64(4257.303567266485), 108.75614857673645), (np.float64(2979.5004657252903), 116.39793539047241), (np.float64(2979.500465725132), 248.87499451637268), (np.float64(2979.5004657250884), 294.5281596183777), (np.float64(2672.35088329873), 552.2167732715607), (np.float64(9999.566795081899), 552.2562704086304), (np.float64(8436.798039342642), 552.6889660358429), (np.float64(4505.7606374910665), 560.4047102928162), (np.float64(4257.303567266485), 568.8769855499268), (np.float64(2979.5004657252903), 576.4360795021057), (np.float64(2672.35088329873), 592.4755718708038), (np.float64(2428.1993378756324), 619.7541418075562), (np.float64(1942.6264134676276), 629.3943991661072), (np.float64(9999.566795081899), 629.4347100257874), (np.float64(4505.7606374910665), 637.0590224266052), (np.float64(4257.303567266485), 645.5386755466461), (np.float64(2979.5004657252903), 660.7239689826965), (np.float64(2672.35088329873), 668.1881356239319), (np.float64(2428.1993378756324), 684.6661810874939), (np.float64(1942.6264134676276), 707.3729751110077), (np.float64(1942.62641346714), 1568.4284279346466), (np.float64(1942.6264134528246), 1576.0047633647919), (np.float64(1904.8580103411623), 1753.532640695572), (np.float64(1434.7567658995504), 2021.407344341278), (np.float64(9999.566795081899), 2021.447209596634), (np.float64(8436.798039342642), 2021.9185752868652), (np.float64(4505.7606374910665), 2029.5881836414337), (np.float64(4257.303567266485), 2037.1863107681274), (np.float64(2979.5004657252903), 2045.1797630786896), (np.float64(2672.35088329873), 2061.6380314826965), (np.float64(1942.6264134676276), 2093.210376024246), (np.float64(1904.8580103411623), 2254.7645466327667), (np.float64(1904.8580103259228), 3869.5297520160675), (np.float64(1434.7567659055458), 4154.702901124954), (np.float64(1434.756765857881), 4169.696003913879), (np.float64(740.1094044197562), 5425.6315796375275)]
(REAL, NOT adjusted by restarts)probability of this sequence is: 1.8160387806644015e-07
probability of this sequence is: 7.007287291212824e-05
uncertainty:
{'ate': np.float64(19514.109404530696), 'se': np.float64(408.44499571466116), 'ci': (np.float64(18713.570070133796), np.float64(20314.648738927597)), 'significant': np.True_}
checked:
1418
