Starting EXP31.48, type=probe, run 2/3
Job 68226283, task 316
loaded cached data
loaded cached data
loaded cached data
loaded cached data
loaded cached data
loaded cached data
START ATE IS: 0.06123254501336948
PROBE TRIGGERED! Error reduced from inf to 0.121 (ATE went to 0.06123681274886461).
PROBE TRIGGERED! Error reduced from 0.121 to 0.062 (ATE went to 0.0019061999319395244).
***
FINISHED
ATE before: 0.06123254501336948
ATE now is: -0.005437420018770021
sequence is: (('bin_equal_frequency_2', 'wt'), ('norm_log', 'gestat10'))
***
Execution time: 28.001 sec
distances from ATE (with time):
[(np.float64(0.12123254501336947), 0), (np.float64(0.12123254501336947), 0.01986217498779297), (np.float64(0.12120149299184438), 0.09018325805664062), (np.float64(0.12119836631601517), 0.17130327224731445), (np.float64(0.06190619993193952), 0.5264763832092285), (np.float64(0.12123254501336947), 0.5332610607147217), (np.float64(0.06190619993193952), 0.5682415962219238), (np.float64(0.06186742280633113), 20.363859176635742), (np.float64(0.061863947256063576), 20.91837978363037), (np.float64(0.06186052884327505), 20.952678680419922), (np.float64(0.06157926700535481), 27.071954011917114), (np.float64(0.05456257998122998), 28.00010347366333)]
uncertainty:
{'ate': np.float64(-0.005437420328846143), 'se': np.float64(0.006569819848995475), 'ci': (np.float64(-0.018315655651989234), np.float64(0.007440814994296949)), 'significant': np.False_}
checked:
1243
