Starting EXP29.7, type=probe, run 3/3
Job 68238556, task 74
loaded cached data
loaded cached data
loaded cached data
loaded cached data
loaded cached data
loaded cached data
START ATE IS: 0.06155762199465007
PROBE TRIGGERED! Error reduced from inf to 0.122 (ATE went to 0.06153495251409953).
PROBE TRIGGERED! Error reduced from 0.122 to 0.061 (ATE went to 0.0014767495248508818).
***
FINISHED
ATE before: 0.06155762199465007
ATE now is: -0.005568794056039067
sequence is: (('bin_equal_frequency_2', 'wt'), ('norm_log', 'gestat10'))
***
Execution time: 30.305 sec
distances from ATE (with time):
[(np.float64(0.12155762199465006), 0), (np.float64(0.12153495251409953), 0.05092287063598633), (np.float64(0.12155762199465006), 0.056827545166015625), (np.float64(0.12153495251409953), 0.0763864517211914), (np.float64(0.12127255920610844), 0.1507246494293213), (np.float64(0.06147674952485088), 0.9756462574005127), (np.float64(0.12155762199465006), 0.9815778732299805), (np.float64(0.12153495251409953), 1.0039105415344238), (np.float64(0.06147674952485088), 1.0234184265136719), (np.float64(0.06146639678431984), 1.0465483665466309), (np.float64(0.06110290413621781), 22.346783876419067), (np.float64(0.054431205943960934), 30.304603099822998)]
uncertainty:
{'ate': np.float64(-0.005568794123206988), 'se': np.float64(0.007843331533644155), 'ci': (np.float64(-0.020944220691731633), np.float64(0.009806632445317657)), 'significant': np.False_}
checked:
1315
