Starting EXP36.5, type=probe, run 1/3
Job 68243001, task 477
loaded cached data
loaded cached data
loaded cached data
loaded cached data
loaded cached data
loaded cached data
START ATE IS: 60827.00059165911
PROBE TRIGGERED! Error reduced from inf to 48291.280 (ATE went to 58424.359708439566).
PROBE TRIGGERED! Error reduced from 48291.280 to 39588.601 (ATE went to 49721.68139621535).
PROBE TRIGGERED! Error reduced from 39588.601 to 34865.552 (ATE went to 44998.63199364984).
PROBE TRIGGERED! Error reduced from 34865.552 to 27717.564 (ATE went to 37850.643575420836).
PROBE TRIGGERED! Error reduced from 27717.564 to 23201.659 (ATE went to 33334.7387201715).
PROBE TRIGGERED! Error reduced from 23201.659 to 20154.671 (ATE went to 30287.751156013568).
PROBE TRIGGERED! Error reduced from 20154.671 to 11775.762 (ATE went to 21908.841744860256).
PROBE TRIGGERED! Error reduced from 11775.762 to 9761.214 (ATE went to 19894.293928322124).
PROBE TRIGGERED! Error reduced from 9761.214 to 6047.160 (ATE went to 16180.239898403648).
***
FINISHED
ATE before: 60827.00059165911
ATE now is: 11523.446813464729
sequence is: (('bin_equal_frequency_2', 'yr_built'), ('bin_equal_frequency_5', 'sqft_above'), ('bin_equal_frequency_2', 'sqft_lot15'), ('bin_equal_frequency_2', 'bedrooms'))
***
Execution time: 38.841 sec
distances from ATE (with time):
[(np.float64(50693.92059165911), 0), (np.float64(48291.279708439564), 0.0034897327423095703), (np.float64(50693.92059165911), 0.005408763885498047), (np.float64(48291.279708439564), 0.010260581970214844), (np.float64(39588.601396215345), 0.014845848083496094), (np.float64(50693.92059165911), 0.016603469848632812), (np.float64(48291.279708439564), 0.021165132522583008), (np.float64(39588.601396215345), 0.025495290756225586), (np.float64(39564.907631196176), 0.031563758850097656), (np.float64(38604.18591350814), 0.07554054260253906), (np.float64(38267.66226020353), 0.08682012557983398), (np.float64(34865.55199364984), 0.11353778839111328), (np.float64(50693.92059165911), 0.11535811424255371), (np.float64(48291.279708439564), 0.12002754211425781), (np.float64(39588.601396215345), 0.12442517280578613), (np.float64(34865.55199364984), 0.12887263298034668), (np.float64(33654.7498465599), 0.14041662216186523), (np.float64(27717.563575420834), 0.15955829620361328), (np.float64(50693.92059165911), 0.1613156795501709), (np.float64(48291.279708439564), 0.16567158699035645), (np.float64(39588.601396215345), 0.16986584663391113), (np.float64(34865.55199364984), 0.17420172691345215), (np.float64(33654.7498465599), 0.18564867973327637), (np.float64(27717.563575420834), 0.20435786247253418), (np.float64(26300.43947513889), 3.3263916969299316), (np.float64(23201.6587201715), 3.3548643589019775), (np.float64(50693.92059165911), 3.3566062450408936), (np.float64(39588.601396215345), 3.360991954803467), (np.float64(34865.55199364984), 3.3653666973114014), (np.float64(34819.17380674367), 3.3740572929382324), (np.float64(27023.605015758672), 3.3798112869262695), (np.float64(23201.6587201715), 3.414907455444336), (np.float64(20154.671156013566), 3.420752763748169), (np.float64(50693.92059165911), 3.422529458999634), (np.float64(39588.601396215345), 3.426805019378662), (np.float64(34865.55199364984), 3.4311470985412598), (np.float64(34819.17380674367), 3.435502767562866), (np.float64(27023.605015758672), 3.4455316066741943), (np.float64(23201.6587201715), 3.4511914253234863), (np.float64(11775.761744860256), 3.504589080810547), (np.float64(50693.92059165911), 3.5063767433166504), (np.float64(34865.55199364984), 3.510819673538208), (np.float64(34819.17380674367), 3.5194106101989746), (np.float64(27023.605015758672), 3.5294926166534424), (np.float64(20154.671156013566), 3.5409915447235107), (np.float64(11775.761744860256), 3.5889410972595215), (np.float64(9761.213928322124), 14.574525833129883), (np.float64(50693.92059165911), 14.57632064819336), (np.float64(34865.55199364984), 14.581037282943726), (np.float64(34819.17380674367), 14.585406064987183), (np.float64(20154.671156013566), 14.595437288284302), (np.float64(11775.761744860256), 14.640272855758667), (np.float64(6047.159898403648), 14.95228099822998), (np.float64(50693.92059165911), 14.95402979850769), (np.float64(39588.601396215345), 14.95829439163208), (np.float64(34865.55199364984), 14.96265196800232), (np.float64(34819.17380674367), 14.967076301574707), (np.float64(27023.605015758672), 14.977550983428955), (np.float64(23201.6587201715), 14.98320722579956), (np.float64(21481.559294674094), 15.033087968826294), (np.float64(21091.072173535307), 15.112145185470581), (np.float64(15717.510840531942), 15.142409801483154), (np.float64(15490.969260912041), 15.167576789855957), (np.float64(6047.159898403648), 15.214533567428589), (np.float64(1390.3668134647287), 38.84019923210144)]
uncertainty:
{'ate': np.float64(11523.446815719362), 'se': np.float64(35637.05150015276), 'ci': (np.float64(-58343.69029040309), np.float64(81390.58392184181)), 'significant': np.False_}
checked:
3547
