Starting EXP31.9, type=probe, run 1/3
Job 68239882, task 198
loaded cached data
loaded cached data
loaded cached data
loaded cached data
loaded cached data
loaded cached data
START ATE IS: 0.063785897584429
PROBE TRIGGERED! Error reduced from inf to 0.124 (ATE went to 0.06375628059673129).
PROBE TRIGGERED! Error reduced from 0.124 to 0.081 (ATE went to 0.02090420564829306).
PROBE TRIGGERED! Error reduced from 0.081 to 0.072 (ATE went to 0.011771475968792277).
PROBE TRIGGERED! Error reduced from 0.072 to 0.065 (ATE went to 0.004551306146965537).
***
FINISHED
ATE before: 0.063785897584429
ATE now is: -0.00017797461177231273
sequence is: (('bin_equal_width_2', 'wt'), ('bin_equal_frequency_2', 'birmon'), ('bin_equal_frequency_2', 'brstate'), ('bin_equal_frequency_2', 'meduc6'), ('isolationForest', 'brstate'))
***
Execution time: 701.890 sec
distances from ATE (with time):
[(np.float64(0.123785897584429), 0), (np.float64(0.12375628059673129), 0.005083560943603516), (np.float64(0.123785897584429), 0.007138967514038086), (np.float64(0.12375628059673129), 0.01822829246520996), (np.float64(0.08090420564829306), 0.025122880935668945), (np.float64(0.123785897584429), 0.027222156524658203), (np.float64(0.12375628059673129), 0.032851457595825195), (np.float64(0.08090420564829306), 0.03858804702758789), (np.float64(0.08085501559351507), 0.04680299758911133), (np.float64(0.08070033958390947), 0.18116235733032227), (np.float64(0.08066901808612055), 2.9924187660217285), (np.float64(0.08064786893830704), 3.938157320022583), (np.float64(0.08020378310530749), 4.053027153015137), (np.float64(0.08014913073362265), 7.062892436981201), (np.float64(0.07177147596879227), 14.8809232711792), (np.float64(0.123785897584429), 14.882302522659302), (np.float64(0.12375628059673129), 14.887169361114502), (np.float64(0.08090420564829306), 14.89174771308899), (np.float64(0.08070033958390947), 14.895309686660767), (np.float64(0.08066901808612055), 15.102280855178833), (np.float64(0.07177147596879227), 15.897734880447388), (np.float64(0.0717115923373855), 18.190969944000244), (np.float64(0.06965249060508452), 19.37972092628479), (np.float64(0.06895296599084808), 59.43777108192444), (np.float64(0.067505156402482), 126.74115252494812), (np.float64(0.06726837652748172), 127.95568060874939), (np.float64(0.0659820550326085), 256.14929461479187), (np.float64(0.06455130614696554), 256.55177330970764), (np.float64(0.123785897584429), 256.5531196594238), (np.float64(0.08070033958390947), 256.55825686454773), (np.float64(0.07177147596879227), 257.1619145870209), (np.float64(0.07162277664120056), 260.01441717147827), (np.float64(0.06965249060508452), 262.0019369125366), (np.float64(0.067505156402482), 278.0752935409546), (np.float64(0.0659820550326085), 414.2061483860016), (np.float64(0.06547937557954565), 555.1246943473816), (np.float64(0.06520453634094732), 555.5343899726868), (np.float64(0.06178431652702429), 555.9412589073181), (np.float64(0.06110658396996291), 556.3484826087952), (np.float64(0.06053940529816453), 701.6845197677612), (np.float64(0.05982202538822769), 701.8889949321747)]
uncertainty:
{'ate': np.float64(-0.00017797461177368945), 'se': np.float64(0.005916574976311353), 'ci': (np.float64(-0.011776973960219874), np.float64(0.011421024736672494)), 'significant': np.False_}
checked:
9747
