Starting EXP29.6, type=probe, run 2/3
Job 68225725, task 64
loaded cached data
loaded cached data
loaded cached data
loaded cached data
loaded cached data
loaded cached data
START ATE IS: 0.0586974012103874
PROBE TRIGGERED! Error reduced from inf to 0.119 (ATE went to 0.05879206259364012).
***
FINISHED
ATE before: 0.0586974012103874
ATE now is: -0.0014753260149008751
sequence is: (('bin_equal_frequency_2', 'wt'),)
***
Execution time: 0.788 sec
distances from ATE (with time):
[(np.float64(0.1186974012103874), 0), (np.float64(0.1186974012103874), 0.04574751853942871), (np.float64(0.11865329765749201), 0.2721841335296631), (np.float64(0.11857490333482412), 0.6969969272613525), (np.float64(0.05852467398509912), 0.7881016731262207)]
uncertainty:
{'ate': np.float64(-0.001475326209799726), 'se': np.float64(0.008645394472835959), 'ci': (np.float64(-0.018423566773239374), np.float64(0.015472914353639924)), 'significant': np.False_}
checked:
54
