Starting EXP35, type=probe_no_hash, run 1/3 (Task 18)
loaded cached data
loaded cached data
loaded cached data
loaded cached data
loaded cached data
loaded cached data
loaded cached data
START ATE IS: 61567.67406853471
PROBE TRIGGERED! Error reduced from 51434.594 to 43096.097 (ATE went to 53229.17678520351).
PROBE TRIGGERED! Error reduced from 43096.097 to 35288.885 (ATE went to 45421.96490005209).
PROBE TRIGGERED! Error reduced from 35288.885 to 30006.839 (ATE went to 40139.919118558704).
PROBE TRIGGERED! Error reduced from 30006.839 to 24468.672 (ATE went to 34601.752461079814).
PROBE TRIGGERED! Error reduced from 24468.672 to 20836.603 (ATE went to 30969.682833553696).
PROBE TRIGGERED! Error reduced from 20836.603 to 18166.544 (ATE went to 28299.624251835143).
PROBE TRIGGERED! Error reduced from 18166.544 to 15246.437 (ATE went to 25379.51674126614).
PROBE TRIGGERED! Error reduced from 15246.437 to 12057.008 (ATE went to 22190.08834217464).
PROBE TRIGGERED! Error reduced from 12057.008 to 9378.999 (ATE went to 19512.078524980185).
PROBE TRIGGERED! Error reduced from 9378.999 to 7083.252 (ATE went to 17216.332237227256).
PROBE TRIGGERED! Error reduced from 7083.252 to 5230.812 (ATE went to 15363.891532343341).
PROBE TRIGGERED! Error reduced from 5230.812 to 3047.672 (ATE went to 13180.751533425451).
***
FINISHED
ATE before: 61567.67406853471
ATE now is: 10302.917627409211
sequence is: (('bin_equal_width_5', 'sqft_basement'), ('bin_equal_frequency_10', 'sqft_living'), ('bin_equal_frequency_2', 'yr_built'), ('bin_equal_frequency_2', 'sqft_lot15'), ('bin_equal_frequency_2', 'grade'), ('bin_equal_frequency_2', 'bedrooms'))
***
Execution time: 9476.193 sec
distances from ATE (with time):
[(51434.59406853471, 0), (49623.784449405415, 0.022086620330810547), (43096.09678520351, 0.0520017147064209), (51434.59406853471, 0.06832742691040039), (43096.09678520351, 0.07875323295593262), (41449.12359196377, 0.19145703315734863), (40312.114651857955, 0.2810838222503662), (35288.884900052086, 0.3048062324523926), (51434.59406853471, 0.33995914459228516), (43096.09678520351, 0.3886122703552246), (35288.884900052086, 0.4173853397369385), (32006.485708766282, 0.4616060256958008), (31776.863417807428, 10.205190181732178), (30006.839118558702, 10.491662502288818), (51434.59406853471, 10.554463624954224), (43096.09678520351, 10.567933797836304), (35288.884900052086, 10.581031560897827), (32086.26842468897, 10.594518423080444), (32006.485708766282, 10.611398935317993), (30006.839118558702, 10.697055339813232), (24468.672461079812, 32.30397987365723), (51434.59406853471, 32.455424785614014), (43096.09678520351, 32.480425119400024), (35288.884900052086, 32.53599500656128), (32086.26842468897, 32.58960008621216), (32006.485708766282, 32.60668230056763), (30006.839118558702, 32.70706343650818), (24468.672461079812, 32.74295735359192), (20836.602833553698, 32.81245517730713), (51434.59406853471, 32.827813386917114), (43096.09678520351, 32.87571310997009), (41449.12359196377, 32.90857219696045), (35288.884900052086, 32.94056558609009), (32086.26842468897, 32.95320701599121), (32006.485708766282, 32.993011474609375), (30006.839118558702, 33.01284885406494), (24468.672461079812, 33.05333948135376), (20836.602833553698, 33.07540464401245), (18826.99285311583, 33.30520558357239), (18166.54425183514, 266.492573261261), (51434.59406853471, 266.9322609901428), (41449.12359196377, 266.94246196746826), (35288.884900052086, 266.9518930912018), (32086.26842468897, 266.961576461792), (24468.672461079812, 266.9966459274292), (20836.602833553698, 267.01280331611633), (18826.99285311583, 267.3393669128418), (18166.54425183514, 267.4129750728607), (17751.564717707413, 353.0059232711792), (15246.43674126614, 353.25472712516785), (51434.59406853471, 353.47179198265076), (43096.09678520351, 353.5000114440918), (41449.12359196377, 353.51915431022644), (32086.26842468897, 353.5400834083557), (30006.839118558702, 353.63409185409546), (20836.602833553698, 353.6747043132782), (18826.99285311583, 354.0424818992615), (18166.54425183514, 354.3358554840088), (15246.43674126614, 361.01752758026123), (12057.00834217464, 624.4441313743591), (51434.59406853471, 624.8902866840363), (41449.12359196377, 624.9011437892914), (32086.26842468897, 624.9120154380798), (20836.602833553698, 624.9719612598419), (18826.99285311583, 625.5235583782196), (18166.54425183514, 625.5499074459076), (12057.00834217464, 625.6614983081818), (9378.998524980185, 633.9672431945801), (51434.59406853471, 634.0448145866394), (43096.09678520351, 634.0540437698364), (41449.12359196377, 634.0641679763794), (32086.26842468897, 634.0744576454163), (30006.839118558702, 634.1373460292816), (20836.602833553698, 634.212822675705), (18826.99285311583, 634.7491691112518), (18166.54425183514, 635.0111718177795), (12057.00834217464, 635.1455547809601), (9378.998524980185, 641.780083656311), (7083.252237227256, 889.4023902416229), (51434.59406853471, 889.7629506587982), (43096.09678520351, 889.7725961208344), (41449.12359196377, 889.7826561927795), (32086.26842468897, 889.7936928272247), (30006.839118558702, 889.8638792037964), (20836.602833553698, 889.8953533172607), (18826.99285311583, 890.2932164669037), (18166.54425183514, 890.6115717887878), (12057.00834217464, 890.7186079025269), (9378.998524980185, 897.5876150131226), (7083.252237227256, 1153.701682806015), (6620.952269952895, 4981.880088329315), (5230.811532343341, 4994.999263048172), (51434.59406853471, 4996.334019184113), (41449.12359196377, 4996.353089570999), (32086.26842468897, 4996.386595487595), (20836.602833553698, 4996.495671510696), (12057.00834217464, 4997.305145025253), (9378.998524980185, 5008.160716295242), (5230.811532343341, 5013.090440750122), (3047.6715334254513, 5758.131063699722), (51434.59406853471, 5758.878354072571), (43096.09678520351, 5758.89635014534), (41449.12359196377, 5758.916050195694), (32086.26842468897, 5758.944048404694), (30006.839118558702, 5759.057524204254), (20836.602833553698, 5759.12634563446), (18826.99285311583, 5759.992067575455), (12057.00834217464, 5760.154614210129), (9378.998524980185, 5762.792471647263), (5230.811532343341, 5772.79923415184), (3047.6715334254513, 5932.97908616066), (169.83762740921156, 9476.187111854553)]
(REAL, NOT adjusted by restarts) probability of this sequence is: 3.4815425545477645e-14
uncertainty:
{'ate': 10302.917627409211, 'ci': (-40434.5697928211, 61040.40504763952)}
checked:
31117
