Starting EXP28, type=probe_no_hash, run 3/3 (Task 11)
loaded cached data
loaded cached data
loaded cached data
loaded cached data
loaded cached data
loaded cached data
loaded cached data
START ATE IS: 8774.433204759567
PROBE TRIGGERED! Error reduced from 9999.567 to 7375.414 (ATE went to 11398.586361866179).
PROBE TRIGGERED! Error reduced from 7375.414 to 4136.870 (ATE went to 14637.130116163265).
PROBE TRIGGERED! Error reduced from 4136.870 to 2006.788 (ATE went to 16767.211516809042).
PROBE TRIGGERED! Error reduced from 2006.788 to 1185.511 (ATE went to 17588.489272808903).
***
FINISHED
ATE before: 8774.433204759567
ATE now is: 19769.224838365055
sequence is: (('norm_log', 'education'), ('bin_equal_width_2', 'education'), ('isolationForest', 'TABLE'))
***
Execution time: 1040.397 sec
distances from ATE (with time):
[(9999.566795240433, 0), (7375.413638133821, 6.547534942626953), (9999.566795240433, 7.273975849151611), (7375.413638133821, 7.995782375335693), (4136.8698838367345, 41.96431589126587), (9999.566795240433, 42.29622411727905), (7375.413638133821, 42.89844536781311), (4136.8698838367345, 58.92371392250061), (2006.7884831909578, 75.01652836799622), (9999.566795240433, 75.33731889724731), (4136.8698838367345, 88.45997977256775), (2006.7884831909578, 100.35545802116394), (1992.9098164185707, 687.613183259964), (1185.5107271910965, 893.969589471817), (9999.566795240433, 894.6209290027618), (7375.413638133821, 895.0786492824554), (4136.8698838367345, 906.6408376693726), (2006.7884831909578, 918.5763704776764), (1185.5107271910965, 987.3820292949677), (995.2248383650549, 1040.0630049705505)]
(REAL, NOT adjusted by restarts) probability of this sequence is: 3.356718472021751e-05
uncertainty:
{'ate': 19769.224838365055, 'ci': (18950.566726332057, 20587.882950398052)}
checked:
198
