Starting EXP27, type=probe, run 3/3 (Task 8)
loaded cached data
loaded cached data
loaded cached data
loaded cached data
loaded cached data
loaded cached data
loaded cached data
START ATE IS: 1671.1304157874747
PROBE TRIGGERED! Error reduced from 2171.130 to 1952.399 (ATE went to 1452.398892717818).
PROBE TRIGGERED! Error reduced from 1952.399 to 1704.336 (ATE went to 1204.3358095283838).
PROBE TRIGGERED! Error reduced from 1704.336 to 1260.658 (ATE went to 760.6578026156312).
PROBE TRIGGERED! Error reduced from 1260.658 to 1130.340 (ATE went to 630.3396634241071).
PROBE TRIGGERED! Error reduced from 1130.340 to 907.416 (ATE went to 407.4163705372257).
***
FINISHED
ATE before: 1671.1304157874747
ATE now is: -816.1695426578963
sequence is: (('bin_equal_frequency_2', 'age'), ('drop_duplicates', 'TABLE'), ('bin_equal_frequency_2', 'education'), ('isolationForest', 'TABLE'))
***
Execution time: 129.685 sec
distances from ATE (with time):
[(2171.1304157874747, 0), (2165.900024316259, 0.0032117366790771484), (2124.071995869401, 0.0073337554931640625), (2059.8355204717245, 0.09338831901550293), (2059.4193400186887, 0.3782625198364258), (2055.8676743701617, 0.6470956802368164), (2034.4495608349753, 0.8288390636444092), (2031.4567196748285, 6.65641450881958), (2015.0794801903148, 6.861631393432617), (1952.398892717818, 6.867521047592163), (2171.1304157874747, 6.871700286865234), (2059.8355204717245, 6.875306129455566), (1952.398892717818, 6.9732506275177), (1704.3358095283838, 8.057698726654053), (2171.1304157874747, 8.061826944351196), (2077.7909315152556, 8.064738273620605), (2059.8355204717245, 8.073423147201538), (1952.398892717818, 8.343321084976196), (1704.3358095283838, 8.348398208618164), (1687.594482191711, 8.661291599273682), (1578.2728088099648, 10.057703018188477), (1539.8111754510537, 20.820507526397705), (1260.6578026156312, 21.601310968399048), (2171.1304157874747, 21.605549573898315), (2165.900024316259, 21.608487606048584), (2077.7909315152556, 21.612547636032104), (2059.8355204717245, 21.617286920547485), (1704.3358095283838, 21.886735439300537), (1687.594482191711, 23.245718479156494), (1578.2728088099648, 27.83884620666504), (1260.6578026156312, 31.908419609069824), (1130.3396634241071, 55.46883487701416), (2171.1304157874747, 55.47316026687622), (2165.900024316259, 55.47605609893799), (2077.7909315152556, 55.65507674217224), (2059.8355204717245, 55.66384959220886), (1721.6994579451148, 56.02254295349121), (1704.3358095283838, 56.204275608062744), (1686.3363949345385, 57.76731061935425), (1260.6578026156312, 57.943872928619385), (1130.3396634241071, 64.61239171028137), (907.4163705372257, 92.1529757976532), (2171.1304157874747, 92.15728688240051), (2165.900024316259, 92.16025638580322), (2077.7909315152556, 92.3399555683136), (2059.8355204717245, 92.34882020950317), (1721.6994579451148, 92.7063057422638), (1704.3358095283838, 92.88826656341553), (1686.3363949345385, 94.44333696365356), (1260.6578026156312, 94.61962985992432), (1130.3396634241071, 100.20482468605042), (907.4163705372257, 127.39979076385498), (316.1695426578963, 129.68306016921997)]
(REAL, NOT adjusted by restarts) probability of this sequence is: 1.082812410329597e-06
uncertainty:
{'ate': -816.1695426578963, 'ci': (-2571.60857794829, 939.2694926324975)}
checked:
3145
