Starting EXP28, type=probe_brute, run 3/3 (Task 35)
loaded cached data
loaded cached data
loaded cached data
loaded cached data
loaded cached data
loaded cached data
loaded cached data
START ATE IS: 8774.433204759567
***
FINISHED
ATE before: 8774.433204759567
ATE now is: 18347.48521611017
sequence is: (('bin_equal_frequency_5', 'education'), ('norm_log', 'education'), ('isolationForest', 'TABLE'))
***
Execution time: 8337.906 sec
distances from ATE (with time):
[(9999.566795240433, 0), (3723.43918322649, 0.5009803771972656), (3723.4391832145047, 3.611672878265381), (2592.8944329332426, 4.481894254684448), (2086.071306508289, 39.76694703102112), (1992.9098164185707, 282.4238109588623), (1733.6203181320016, 335.7625870704651), (1720.9634639995784, 444.90719056129456), (1410.2984298839547, 447.8205990791321), (1068.0397304178805, 3584.0427927970886), (426.51478388983014, 8337.592027902603)]
probability of this sequence is: 4.179958004583426e-07
uncertainty:
{'ate': 18347.48521611017, 'ci': (17208.932648144964, 19486.037784075375)}
checked:
5565
