Starting EXP27, type=probe_probs_no_restart, run 3/3 (Task 11)
loaded cached data
loaded cached data
loaded cached data
loaded cached data
loaded cached data
loaded cached data
loaded cached data
START ATE IS: 1671.1304157874747
***
FINISHED
ATE before: 1671.1304157874747
ATE now is: -816.1695426578963
sequence is: (('bin_equal_frequency_2', 'age'), ('drop_duplicates', 'TABLE'), ('bin_equal_frequency_2', 'education'), ('isolationForest', 'TABLE'))
***
Execution time: 9953.881 sec
distances from ATE (with time):
[(2171.1304157874747, 0), (2077.7909315152556, 0.0033431053161621094), (2059.8355204717245, 0.03110194206237793), (1952.398892717818, 0.33131980895996094), (1687.594482191711, 0.9734551906585693), (1687.594482191691, 11.523980855941772), (1602.262546232856, 13.127205848693848), (1539.8111754510537, 20.261730432510376), (1100.9955696939005, 43.16076183319092), (1002.4460890135979, 45.76426720619202), (1002.4460890135933, 297.1341290473938), (994.9296242161308, 303.31853437423706), (911.2385506185092, 374.34059286117554), (903.7668842384082, 376.6335279941559), (892.1087200824186, 1080.7744739055634), (777.0074455048498, 1384.8723833560944), (682.5996042048637, 1469.5030658245087), (682.5996042048591, 6339.472923994064), (662.3329330417155, 6446.153440713882), (316.1695426578963, 9953.878325462341)]
probability of this sequence is: 1.1264717503661189e-10
uncertainty:
{'ate': -816.1695426578963, 'ci': (-2571.60857794829, 939.2694926324975)}
checked:
142147
