Starting EXP28, type=probe_probs_no_restart, run 3/3 (Task 41)
loaded cached data
loaded cached data
loaded cached data
loaded cached data
loaded cached data
loaded cached data
loaded cached data
START ATE IS: 8774.433204759567
***
FINISHED
ATE before: 8774.433204759567
ATE now is: 18347.48521611017
sequence is: (('bin_equal_frequency_5', 'education'), ('norm_log', 'education'), ('isolationForest', 'TABLE'))
***
Execution time: 4742.762 sec
distances from ATE (with time):
[(9999.566795240433, 0), (3723.43918322649, 0.452451229095459), (3723.4391832145047, 4.781150817871094), (2592.8944329332426, 5.932375431060791), (2086.071306508289, 51.058907985687256), (1992.9098164185707, 278.0212481021881), (1733.6203181320016, 322.9741840362549), (1720.9634639995784, 434.62024903297424), (1410.2984298839547, 438.2274634838104), (1068.0397304178805, 2349.089638710022), (426.51478388983014, 4742.445961713791)]
probability of this sequence is: 4.179958004583426e-07
uncertainty:
{'ate': 18347.48521611017, 'ci': (17208.932648144964, 19486.037784075375)}
checked:
2286
