Starting EXP27_lal_zero, type=probe, run 1/3 (Task 21)
loaded cached data
loaded cached data
loaded cached data
loaded cached data
loaded cached data
loaded cached data
loaded cached data
START ATE IS: 1671.1304157874747
PROBE TRIGGERED! Error reduced from 1671.130 to 1452.399 (ATE went to 1452.398892717818).
PROBE TRIGGERED! Error reduced from 1452.399 to 1204.336 (ATE went to 1204.3358095283838).
PROBE TRIGGERED! Error reduced from 1204.336 to 1078.273 (ATE went to 1078.2728088099648).
PROBE TRIGGERED! Error reduced from 1078.273 to 760.658 (ATE went to 760.6578026156312).
PROBE TRIGGERED! Error reduced from 760.658 to 630.340 (ATE went to 630.3396634241071).
PROBE TRIGGERED! Error reduced from 630.340 to 407.416 (ATE went to 407.4163705372257).
PROBE TRIGGERED! Error reduced from 407.416 to 304.898 (ATE went to 304.8979401311635).
PROBE TRIGGERED! Error reduced from 304.898 to 174.286 (ATE went to 174.28560108944657).
PROBE TRIGGERED! Error reduced from 174.286 to 65.645 (ATE went to -65.6453931180713).
***
FINISHED
ATE before: 1671.1304157874747
ATE now is: 13.390554058323687
sequence is: (('zscore_clip_3', 'age'), ('bin_equal_frequency_10', 'age'), ('drop_duplicates', 'TABLE'), ('bin_equal_frequency_2', 'education'), ('isolationForest', 'TABLE'))
***
Execution time: 4742.375 sec
distances from ATE (with time):
[(1671.1304157874747, 0), (1665.900024316259, 0.003092527389526367), (1624.0719958694008, 0.0072116851806640625), (1559.8355204717245, 0.09355807304382324), (1559.4193400186887, 0.3787517547607422), (1555.8676743701617, 0.6519544124603271), (1534.4495608349753, 0.839885950088501), (1531.4567196748285, 6.753535270690918), (1515.0794801903148, 6.961809396743774), (1452.398892717818, 6.967778921127319), (1671.1304157874747, 6.971982002258301), (1559.8355204717245, 6.975611686706543), (1452.398892717818, 7.075124025344849), (1204.3358095283838, 8.172671556472778), (1671.1304157874747, 8.176823854446411), (1577.7909315152556, 8.17975378036499), (1559.8355204717245, 8.188585996627808), (1452.398892717818, 8.462543964385986), (1204.3358095283838, 8.46770715713501), (1187.594482191711, 8.784637689590454), (1078.2728088099648, 10.201005458831787), (1671.1304157874747, 10.205179691314697), (1665.900024316259, 10.208077430725098), (1559.8355204717245, 10.212856531143188), (1559.4193400186887, 10.222751379013062), (1452.398892717818, 10.32469630241394), (1204.3358095283838, 10.507822275161743), (1078.2728088099648, 11.406919002532959), (1039.8111754510537, 20.438031673431396), (760.6578026156312, 25.176607608795166), (1671.1304157874747, 25.180899143218994), (1665.900024316259, 25.183871746063232), (1577.7909315152556, 25.18801474571228), (1559.8355204717245, 25.192791223526), (1204.3358095283838, 25.38109040260315), (1078.2728088099648, 27.21494770050049), (760.6578026156312, 27.57433795928955), (630.3396634241071, 60.99142599105835), (1671.1304157874747, 60.99585318565369), (1665.900024316259, 60.998801469802856), (1577.7909315152556, 61.1809983253479), (1559.8355204717245, 61.18985724449158), (1221.6994579451148, 61.55278515815735), (1204.3358095283838, 61.73735070228577), (1186.3363949345385, 63.31535220146179), (760.6578026156312, 63.495251178741455), (630.3396634241071, 70.26126956939697), (407.4163705372257, 98.15978598594666), (1671.1304157874747, 98.16411542892456), (1665.900024316259, 98.1670868396759), (1577.7909315152556, 98.34916353225708), (1559.8355204717245, 98.35811352729797), (1221.6994579451148, 98.71991181373596), (1204.3358095283838, 98.90533113479614), (1186.3363949345385, 100.48380613327026), (760.6578026156312, 100.66244053840637), (630.3396634241071, 107.42745614051819), (407.4163705372257, 135.34505319595337), (304.8979401311635, 142.35060906410217), (1671.1304157874747, 142.35500764846802), (1665.900024316259, 142.35801935195923), (1624.0719958694008, 142.36206889152527), (1577.7909315152556, 142.5440616607666), (1559.8355204717245, 142.54888701438904), (1534.4495608349753, 142.9271204471588), (1221.6994579451148, 143.10474061965942), (1220.1799597644754, 143.28494572639465), (1204.3358095283838, 143.4689064025879), (1160.6850440385037, 144.49785709381104), (1144.1061344452992, 145.41795563697815), (630.3396634241071, 145.7737889289856), (407.4163705372257, 160.04541730880737), (304.8979401311635, 160.57551908493042), (279.19658685239847, 317.6365818977356), (276.6337215212425, 323.9321823120117), (174.28560108944657, 324.110426902771), (1671.1304157874747, 324.11501717567444), (1665.900024316259, 324.1180362701416), (1624.0719958694008, 324.1220397949219), (1577.7909315152556, 324.3039426803589), (1559.8355204717245, 324.3087658882141), (1534.4495608349753, 324.68687748908997), (1221.6994579451148, 324.86493825912476), (1220.1799597644754, 325.04744029045105), (1204.3358095283838, 325.23201632499695), (1160.6850440385037, 326.2622950077057), (1144.1061344452992, 327.17986607551575), (630.3396634241071, 327.53554105758667), (407.4163705372257, 342.0477659702301), (304.8979401311635, 342.5767755508423), (279.19658685239847, 424.7335686683655), (276.6337215212425, 425.09069323539734), (174.28560108944657, 425.26841402053833), (65.6453931180713, 1071.1527721881866), (1671.1304157874747, 1071.1579399108887), (1665.900024316259, 1071.1610007286072), (1624.0719958694008, 1071.1650693416595), (1577.7909315152556, 1071.3478376865387), (1559.8355204717245, 1071.352661371231), (1534.4495608349753, 1071.736924648285), (1221.6994579451148, 1071.9144921302795), (1220.1799597644754, 1072.0946538448334), (1204.3358095283838, 1072.2790701389313), (1102.262546232856, 1073.3145077228546), (630.3396634241071, 1074.9738261699677), (600.9955696939005, 1084.6766908168793), (502.4460890135979, 1088.7313511371613), (407.4163705372257, 1091.900545835495), (304.8979401311635, 1092.7930161952972), (256.3842879989338, 1135.9413783550262), (174.28560108944657, 1191.59658741951), (65.6453931180713, 1390.74542593956), (60.21608665657459, 3562.191675186157), (13.390554058323687, 4742.372615814209)]
(REAL, NOT adjusted by restarts) probability of this sequence is: 3.492943259127732e-08
uncertainty:
{'ate': 13.390554058323687, 'ci': (-1621.9081364892959, 1648.6892446059433)}
checked:
46577
