Starting EXP27, type=probe_probs_no_restart, run 2/3 (Task 10)
loaded cached data
loaded cached data
loaded cached data
loaded cached data
loaded cached data
loaded cached data
loaded cached data
START ATE IS: 1671.1304157874747
***
FINISHED
ATE before: 1671.1304157874747
ATE now is: -816.1695426578963
sequence is: (('bin_equal_frequency_2', 'age'), ('drop_duplicates', 'TABLE'), ('bin_equal_frequency_2', 'education'), ('isolationForest', 'TABLE'))
***
Execution time: 9576.428 sec
distances from ATE (with time):
[(2171.1304157874747, 0), (2077.7909315152556, 0.003571748733520508), (2059.8355204717245, 0.03147006034851074), (1952.398892717818, 0.324948787689209), (1687.594482191711, 0.9306826591491699), (1687.594482191691, 10.951891660690308), (1602.262546232856, 12.46882939338684), (1539.8111754510537, 19.26179051399231), (1100.9955696939005, 41.029547929763794), (1002.4460890135979, 43.505151987075806), (1002.4460890135933, 282.7735688686371), (994.9296242161308, 288.66645884513855), (911.2385506185092, 356.3625500202179), (903.7668842384082, 358.56115198135376), (892.1087200824186, 1029.63547873497), (777.0074455048498, 1319.7455971240997), (682.5996042048637, 1400.5786509513855), (682.5996042048591, 6066.856243848801), (662.3329330417155, 6173.957741260529), (316.1695426578963, 9576.426074028015)]
probability of this sequence is: 1.1264717503661189e-10
uncertainty:
{'ate': -816.1695426578963, 'ci': (-2571.60857794829, 939.2694926324975)}
checked:
142147
