Starting EXP27_lal_zero, type=probe_probs_with_restart, run 3/3 (Task 29)
loaded cached data
loaded cached data
loaded cached data
loaded cached data
loaded cached data
loaded cached data
loaded cached data
START ATE IS: 1671.1304157874747
PROBE TRIGGERED! Error reduced from 1671.130 to 1452.399 (ATE went to 1452.398892717818).
PROBE TRIGGERED! Error reduced from 1452.399 to 1187.594 (ATE went to 1187.594482191711).
PROBE TRIGGERED! Error reduced from 1187.594 to 1039.811 (ATE went to 1039.8111754510537).
PROBE TRIGGERED! Error reduced from 1039.811 to 600.996 (ATE went to 600.9955696939005).
PROBE TRIGGERED! Error reduced from 600.996 to 502.446 (ATE went to 502.4460890135979).
PROBE TRIGGERED! Error reduced from 502.446 to 411.239 (ATE went to 411.2385506185092).
PROBE TRIGGERED! Error reduced from 411.239 to 277.007 (ATE went to 277.0074455048498).
PROBE TRIGGERED! Error reduced from 277.007 to 182.600 (ATE went to 182.59960420486368).
PROBE TRIGGERED! Error reduced from 182.600 to 122.269 (ATE went to 122.2685063640447).
PROBE TRIGGERED! Error reduced from 122.269 to 65.645 (ATE went to -65.6453931180713).
***
FINISHED
ATE before: 1671.1304157874747
ATE now is: 26.30240278895144
sequence is: (('IQR', 'education'), ('zscore_filter_3', 'age'), ('bin_equal_frequency_5', 'age'), ('drop_duplicates', 'TABLE'), ('bin_equal_frequency_2', 'education'), ('isolationForest', 'TABLE'))
***
Execution time: 6363.327 sec
distances from ATE (with time):
[(1671.1304157874747, 0), (1577.7909315152556, 0.002992868423461914), (1559.8355204717245, 0.02727675437927246), (1452.398892717818, 0.30231761932373047), (1671.1304157874747, 0.30649423599243164), (1577.7909315152556, 0.30945920944213867), (1559.8355204717245, 0.31420087814331055), (1452.398892717818, 0.3386974334716797), (1452.3988927177707, 1.0877017974853516), (1452.398892168465, 1.133023977279663), (1452.1890091794194, 1.9466824531555176), (1187.594482191711, 2.384674549102783), (1671.1304157874747, 2.388871669769287), (1577.7909315152556, 2.3918192386627197), (1559.8355204717245, 2.4006428718566895), (1452.398892717818, 2.425518274307251), (1187.594482191711, 2.430644989013672), (1039.8111754510537, 2.806169271469116), (1671.1304157874747, 2.8103630542755127), (1577.7909315152556, 2.8133087158203125), (1559.8355204717245, 2.82200026512146), (1452.398892717818, 2.8330368995666504), (1187.594482191711, 2.838179588317871), (1039.8111754510537, 2.9138741493225098), (1039.8111754509664, 5.608098983764648), (1038.6311009895617, 5.688260316848755), (600.9955696939005, 6.476413249969482), (1671.1304157874747, 6.480670213699341), (1577.7909315152556, 6.483629941940308), (1559.8355204717245, 6.492522478103638), (1187.594482191711, 6.6774444580078125), (1102.262546232856, 7.4198596477508545), (1039.8111754510537, 8.200035333633423), (600.9955696939005, 8.377756595611572), (502.4460890135979, 8.933858871459961), (1671.1304157874747, 8.938067197799683), (1577.7909315152556, 8.941000699996948), (1559.8355204717245, 8.949793100357056), (1187.594482191711, 9.134817838668823), (1102.262546232856, 9.878068923950195), (1039.8111754510537, 10.819045543670654), (600.9955696939005, 10.997509241104126), (502.4460890135979, 11.557975053787231), (502.44608901359334, 35.368120193481445), (494.92962421613083, 45.930246114730835), (411.2385506185092, 59.39915990829468), (1671.1304157874747, 59.40365695953369), (1577.7909315152556, 59.40670204162598), (1559.8355204717245, 59.594078063964844), (1187.594482191711, 59.78770065307617), (1102.262546232856, 60.3328640460968), (600.9955696939005, 61.46824932098389), (502.4460890135979, 62.18925619125366), (411.2385506185092, 84.83710050582886), (403.76688423840824, 113.63324689865112), (392.1087200824186, 207.65337705612183), (277.0074455048498, 254.6883521080017), (1671.1304157874747, 254.6930377483368), (1577.7909315152556, 254.69616270065308), (1559.8355204717245, 254.97045159339905), (1187.594482191711, 255.15462040901184), (1102.262546232856, 255.81287384033203), (600.9955696939005, 257.14651703834534), (502.4460890135979, 258.3486511707306), (277.0074455048498, 278.79744935035706), (182.59960420486368, 282.08041620254517), (1671.1304157874747, 282.08481097221375), (1577.7909315152556, 282.08783435821533), (1559.8355204717245, 282.2871425151825), (1187.594482191711, 282.4714267253876), (1102.262546232856, 283.01478242874146), (600.9955696939005, 284.7011926174164), (502.4460890135979, 285.74493956565857), (277.0074455048498, 298.0720376968384), (182.59960420486368, 299.7207143306732), (122.2685063640447, 391.9037706851959), (1671.1304157874747, 391.90831685066223), (1577.7909315152556, 391.91145491600037), (1559.8355204717245, 392.10188364982605), (1187.594482191711, 392.3449764251709), (1102.262546232856, 392.94596910476685), (600.9955696939005, 394.427969455719), (502.4460890135979, 395.0661766529083), (277.0074455048498, 407.94208312034607), (182.59960420486368, 409.831426858902), (122.2685063640447, 461.2871868610382), (118.2950575664463, 1008.0705382823944), (114.78259819808682, 1131.7821125984192), (65.6453931180713, 2282.8468627929688), (1671.1304157874747, 2282.853173494339), (1577.7909315152556, 2283.040967464447), (1559.8355204717245, 2283.0502071380615), (1102.262546232856, 2283.4277482032776), (600.9955696939005, 2285.7298426628113), (502.4460890135979, 2286.5251750946045), (277.0074455048498, 2303.114326953888), (182.59960420486368, 2305.403817653656), (122.2685063640447, 2375.4065296649933), (65.6453931180713, 2414.270251274109), (26.30240278895144, 6363.323227405548)]
(REAL, NOT adjusted by restarts) probability of this sequence is: 4.8750764185050854e-14
uncertainty:
{'ate': 26.30240278895144, 'ci': (-1936.7307915752926, 1989.3355971531955)}
checked:
46832
