Starting EXP27, type=probe_probs_no_restart, run 1/3 (Task 9)
loaded cached data
loaded cached data
loaded cached data
loaded cached data
loaded cached data
loaded cached data
loaded cached data
START ATE IS: 1671.1304157874747
***
FINISHED
ATE before: 1671.1304157874747
ATE now is: -816.1695426578963
sequence is: (('bin_equal_frequency_2', 'age'), ('drop_duplicates', 'TABLE'), ('bin_equal_frequency_2', 'education'), ('isolationForest', 'TABLE'))
***
Execution time: 9356.830 sec
distances from ATE (with time):
[(2171.1304157874747, 0), (2077.7909315152556, 0.0030472278594970703), (2059.8355204717245, 0.027914047241210938), (1952.398892717818, 0.3118929862976074), (1687.594482191711, 0.9095330238342285), (1687.594482191691, 10.814323902130127), (1602.262546232856, 12.30649995803833), (1539.8111754510537, 19.031625032424927), (1100.9955696939005, 40.515809297561646), (1002.4460890135979, 42.965784311294556), (1002.4460890135933, 279.4321105480194), (994.9296242161308, 285.247545003891), (911.2385506185092, 352.16486978530884), (903.7668842384082, 354.3331472873688), (892.1087200824186, 1017.8219394683838), (777.0074455048498, 1305.412807226181), (682.5996042048637, 1385.5857157707214), (682.5996042048591, 5921.656712293625), (662.3329330417155, 6031.9394636154175), (316.1695426578963, 9356.828337907791)]
probability of this sequence is: 1.1264717503661189e-10
uncertainty:
{'ate': -816.1695426578963, 'ci': (-2571.60857794829, 939.2694926324975)}
checked:
142147
