Starting EXP28, type=probe_probs_no_restart, run 1/3 (Task 39)
loaded cached data
loaded cached data
loaded cached data
loaded cached data
loaded cached data
loaded cached data
loaded cached data
START ATE IS: 8774.433204759567
***
FINISHED
ATE before: 8774.433204759567
ATE now is: 18347.48521611017
sequence is: (('bin_equal_frequency_5', 'education'), ('norm_log', 'education'), ('isolationForest', 'TABLE'))
***
Execution time: 4699.858 sec
distances from ATE (with time):
[(9999.566795240433, 0), (3723.43918322649, 0.37356114387512207), (3723.4391832145047, 5.036423444747925), (2592.8944329332426, 6.038471698760986), (2086.071306508289, 52.68797063827515), (1992.9098164185707, 276.085497379303), (1733.6203181320016, 321.3558807373047), (1720.9634639995784, 433.36817049980164), (1410.2984298839547, 437.0845217704773), (1068.0397304178805, 2382.4977371692657), (426.51478388983014, 4699.443869113922)]
probability of this sequence is: 4.179958004583426e-07
uncertainty:
{'ate': 18347.48521611017, 'ci': (17208.932648144964, 19486.037784075375)}
checked:
2286
