Starting EXP27, type=probe_probs_with_restart, run 3/3 (Task 14)
loaded cached data
loaded cached data
loaded cached data
loaded cached data
loaded cached data
loaded cached data
loaded cached data
START ATE IS: 1671.1304157874747
PROBE TRIGGERED! Error reduced from 2171.130 to 1952.399 (ATE went to 1452.398892717818).
PROBE TRIGGERED! Error reduced from 1952.399 to 1687.594 (ATE went to 1187.594482191711).
PROBE TRIGGERED! Error reduced from 1687.594 to 1100.996 (ATE went to 600.9955696939005).
PROBE TRIGGERED! Error reduced from 1100.996 to 911.239 (ATE went to 411.2385506185092).
PROBE TRIGGERED! Error reduced from 911.239 to 777.007 (ATE went to 277.0074455048498).
PROBE TRIGGERED! Error reduced from 777.007 to 682.600 (ATE went to 182.59960420486368).
***
FINISHED
ATE before: 1671.1304157874747
ATE now is: -65.6453931180713
sequence is: (('IQR', 'education'), ('bin_equal_frequency_5', 'age'), ('drop_duplicates', 'TABLE'), ('bin_equal_frequency_2', 'education'), ('isolationForest', 'TABLE'))
***
Execution time: 2907.027 sec
distances from ATE (with time):
[(2171.1304157874747, 0), (2077.7909315152556, 0.0031495094299316406), (2059.8355204717245, 0.028245210647583008), (1952.398892717818, 0.312777042388916), (2171.1304157874747, 0.31693053245544434), (2077.7909315152556, 0.31985950469970703), (2059.8355204717245, 0.3246455192565918), (1952.398892717818, 0.3494889736175537), (1952.3988927177707, 1.1076421737670898), (1952.398892168465, 1.153327226638794), (1952.1890091794194, 1.9764809608459473), (1687.594482191711, 2.421166181564331), (2171.1304157874747, 2.425353765487671), (2077.7909315152556, 2.4283032417297363), (2059.8355204717245, 2.437145709991455), (1952.398892717818, 2.462315797805786), (1687.594482191711, 2.4675064086914062), (1539.8111754510537, 2.8449413776397705), (1100.9955696939005, 6.919774293899536), (2171.1304157874747, 6.924140930175781), (2077.7909315152556, 6.927190780639648), (2059.8355204717245, 6.936293363571167), (1687.594482191711, 7.124611139297485), (1602.262546232856, 7.88289737701416), (1539.8111754510537, 8.720924377441406), (1100.9955696939005, 8.902657747268677), (1002.4460890135979, 9.463969230651855), (1002.4460890135933, 39.34226417541504), (994.9296242161308, 40.500953674316406), (911.2385506185092, 50.083534479141235), (2171.1304157874747, 50.08793258666992), (2077.7909315152556, 50.090965032577515), (2059.8355204717245, 50.28653120994568), (1687.594482191711, 50.291757583618164), (1602.262546232856, 51.043434858322144), (1100.9955696939005, 52.21235942840576), (1002.4460890135979, 52.94722867012024), (911.2385506185092, 67.09997868537903), (903.7668842384082, 104.95396184921265), (892.1087200824186, 211.27012538909912), (777.0074455048498, 262.2614884376526), (2171.1304157874747, 262.2662401199341), (2077.7909315152556, 262.2692813873291), (2059.8355204717245, 262.46819949150085), (1687.594482191711, 262.6521940231323), (1602.262546232856, 263.1941432952881), (1100.9955696939005, 264.35120964050293), (1002.4460890135979, 265.43663454055786), (777.0074455048498, 287.4761974811554), (682.5996042048637, 291.6913015842438), (2171.1304157874747, 291.69564294815063), (2077.7909315152556, 291.69863867759705), (2059.8355204717245, 291.89929699897766), (1687.594482191711, 292.0827548503876), (1602.262546232856, 292.6253123283386), (1100.9955696939005, 293.96054553985596), (1002.4460890135979, 294.85904145240784), (777.0074455048498, 306.7276029586792), (682.5996042048637, 308.5845675468445), (622.2685063640447, 407.93022775650024), (618.2950575664463, 921.7327072620392), (614.7825981980868, 1312.4080655574799), (434.3546068819287, 2907.0253579616547)]
(REAL, NOT adjusted by restarts) probability of this sequence is: 1.0975788246451236e-11
uncertainty:
{'ate': -65.6453931180713, 'ci': (-2014.2803140797548, 1882.9895278436122)}
checked:
27193
