Starting EXP27, type=probe_no_hash, run 3/3
SLURM job id: 68228887, array task id: 2
loaded cached data
loaded cached data
loaded cached data
loaded cached data
loaded cached data
loaded cached data
START ATE IS: 0.06132348755156025
PROBE TRIGGERED! Error reduced from inf to 0.121 (ATE went to 0.06133003423190358).
PROBE TRIGGERED! Error reduced from 0.121 to 0.062 (ATE went to 0.001959381938119494).
***
FINISHED
ATE before: 0.06132348755156025
ATE now is: -0.005384345768194132
sequence is: (('bin_equal_frequency_2', 'wt'), ('norm_log', 'gestat10'))
***
Execution time: 82.150 sec
distances from ATE (with time):
[(np.float64(0.12132348755156025), 0), (np.float64(0.12132348755156025), 0.026798248291015625), (np.float64(0.1213195670340868), 0.13555431365966797), (np.float64(0.12130306780013136), 0.6003031730651855), (np.float64(0.12129993220558469), 0.6213526725769043), (np.float64(0.12129361762316368), 0.6419093608856201), (np.float64(0.12128751561850484), 0.6845653057098389), (np.float64(0.12128213301563953), 0.7169744968414307), (np.float64(0.06195938193811949), 0.7793142795562744), (np.float64(0.12132348755156025), 0.7969150543212891), (np.float64(0.06195938193811949), 0.8254590034484863), (np.float64(0.061953923917645544), 33.4074285030365), (np.float64(0.06195229627304518), 33.78459811210632), (np.float64(0.06192110511839316), 35.27958083152771), (np.float64(0.06192098009467578), 36.1285982131958), (np.float64(0.061883084338833785), 41.62700176239014), (np.float64(0.054615654231805866), 82.149489402771)]
uncertainty:
{'ate': np.float64(-0.005384345343238228), 'se': np.float64(0.0065697646440008054), 'ci': (np.float64(-0.018262472961389685), np.float64(0.0074937822749132285)), 'significant': np.False_}
checked:
1315
