Starting EXP27, type=probe_no_hash, run 2/3
SLURM job id: 68228886, array task id: 1
loaded cached data
loaded cached data
loaded cached data
loaded cached data
loaded cached data
loaded cached data
START ATE IS: 0.06132348755156025
PROBE TRIGGERED! Error reduced from inf to 0.121 (ATE went to 0.06133003423190358).
PROBE TRIGGERED! Error reduced from 0.121 to 0.062 (ATE went to 0.001959381938119494).
***
FINISHED
ATE before: 0.06132348755156025
ATE now is: -0.005384345768194132
sequence is: (('bin_equal_frequency_2', 'wt'), ('norm_log', 'gestat10'))
***
Execution time: 81.398 sec
distances from ATE (with time):
[(np.float64(0.12132348755156025), 0), (np.float64(0.12132348755156025), 0.04774832725524902), (np.float64(0.1213195670340868), 0.17723584175109863), (np.float64(0.12130306780013136), 0.696671724319458), (np.float64(0.12129993220558469), 0.7219085693359375), (np.float64(0.12129361762316368), 0.7456636428833008), (np.float64(0.12128751561850484), 0.782012939453125), (np.float64(0.12128213301563953), 0.8068368434906006), (np.float64(0.06195938193811949), 0.8646433353424072), (np.float64(0.12132348755156025), 0.8785467147827148), (np.float64(0.06195938193811949), 0.9204556941986084), (np.float64(0.061953923917645544), 33.5531063079834), (np.float64(0.06195229627304518), 33.909982442855835), (np.float64(0.06192110511839316), 35.39820051193237), (np.float64(0.06192098009467578), 36.24672317504883), (np.float64(0.061883084338833785), 41.454381227493286), (np.float64(0.054615654231805866), 81.39700150489807)]
uncertainty:
{'ate': np.float64(-0.005384345343238228), 'se': np.float64(0.0065697646440008054), 'ci': (np.float64(-0.018262472961389685), np.float64(0.0074937822749132285)), 'significant': np.False_}
checked:
1315
