Starting EXP28, type=probe_probs_no_restart_no_hash, run 2/3
SLURM job id: 68228880, array task id: 4
loaded cached data
loaded cached data
loaded cached data
loaded cached data
loaded cached data
loaded cached data
START ATE IS: 8774.43320476426
***
FINISHED
ATE before: 8774.43320476426
ATE now is: 16556.46045228411
sequence is: (('bin_equal_frequency_10', 'Age'), ('norm_log', 'education'), ('isolationForest', 'Age'))
***
Execution time: 6126.556 sec
distances from ATE (with time):
[(np.float64(7725.56679523574), 0), (np.float64(7725.566795234679), 0.34636402130126953), (np.float64(7661.720210881365), 3.0345702171325684), (np.float64(6162.798039486679), 3.8926072120666504), (np.float64(2231.760637435067), 21.666590690612793), (np.float64(2201.107084748888), 283.19587993621826), (np.float64(1260.2798475693999), 313.3851773738861), (np.float64(705.5004659614369), 326.56080651283264), (np.float64(398.3508832120024), 584.4483292102814), (np.float64(139.44645082010902), 1106.2331697940826), (np.float64(139.4464508200872), 4099.477220058441), (np.float64(139.4464508200399), 4490.978276729584), (np.float64(56.46045228411094), 6126.555627822876)]
probability of this sequence is: 3.632077561328803e-07
uncertainty:
{'ate': np.float64(16556.460452338262), 'se': np.float64(480.88032350494734), 'ci': (np.float64(15613.949867010246), np.float64(17498.971037666277)), 'significant': np.True_}
checked:
2061
