Starting EXP28, type=probe_probs_no_restart_no_hash, run 3/3
SLURM job id: 68228881, array task id: 5
loaded cached data
loaded cached data
loaded cached data
loaded cached data
loaded cached data
loaded cached data
START ATE IS: 8774.43320476426
***
FINISHED
ATE before: 8774.43320476426
ATE now is: 16556.46045228411
sequence is: (('bin_equal_frequency_10', 'Age'), ('norm_log', 'education'), ('isolationForest', 'Age'))
***
Execution time: 6134.238 sec
distances from ATE (with time):
[(np.float64(7725.56679523574), 0), (np.float64(7725.566795234679), 0.34617042541503906), (np.float64(7661.720210881365), 3.1044485569000244), (np.float64(6162.798039486679), 3.97202467918396), (np.float64(2231.760637435067), 21.786343336105347), (np.float64(2201.107084748888), 284.3674683570862), (np.float64(1260.2798475693999), 314.50191926956177), (np.float64(705.5004659614369), 327.6457591056824), (np.float64(398.3508832120024), 585.7260360717773), (np.float64(139.44645082010902), 1107.6699950695038), (np.float64(139.4464508200872), 4111.400323867798), (np.float64(139.4464508200399), 4505.055173635483), (np.float64(56.46045228411094), 6134.23753118515)]
probability of this sequence is: 3.632077561328803e-07
uncertainty:
{'ate': np.float64(16556.460452338262), 'se': np.float64(480.88032350494734), 'ci': (np.float64(15613.949867010246), np.float64(17498.971037666277)), 'significant': np.True_}
checked:
2061
