Starting EXP28, type=probe_probs_with_restart_no_hash, run 1/3
SLURM job id: 68228882, array task id: 6
Starting EXP28, type=probe_probs_with_restart_no_hash, run 1/3
SLURM job id: 68228882, array task id: 6
loaded cached data
loaded cached data
loaded cached data
loaded cached data
loaded cached data
loaded cached data
START ATE IS: 8774.43320476426
PROBE TRIGGERED! Error reduced from inf to 7725.567 (ATE went to 8774.43320476532).
PROBE TRIGGERED! Error reduced from 7725.567 to 6162.798 (ATE went to 10337.201960513321).
PROBE TRIGGERED! Error reduced from 6162.798 to 2231.761 (ATE went to 14268.239362564933).
PROBE TRIGGERED! Error reduced from 2231.761 to 705.500 (ATE went to 15794.499534038563).
PROBE TRIGGERED! Error reduced from 705.500 to 398.351 (ATE went to 16101.649116787998).
PROBE TRIGGERED! Error reduced from 398.351 to 154.199 (ATE went to 16345.800662691641).
PROBE TRIGGERED! Error reduced from 154.199 to 121.647 (ATE went to 16378.352977287492).
***
FINISHED
ATE before: 8774.43320476426
ATE now is: 16556.46045228411
sequence is: (('norm_log', 'education'), ('bin_equal_frequency_10', 'Age'), ('isolationForest', 'Age'))
***
Execution time: 4836.637 sec
distances from ATE (with time):
[(np.float64(7725.56679523574), 0), (np.float64(7725.566795234679), 0.30982112884521484), (np.float64(7725.56679523574), 0.32942724227905273), (np.float64(7725.566795234679), 0.6618468761444092), (np.float64(7725.566795233668), 3.163363456726074), (np.float64(7725.566795233206), 5.121289968490601), (np.float64(7661.720210881365), 7.988497018814087), (np.float64(6162.798039486679), 8.875179529190063), (np.float64(7725.56679523574), 9.016111612319946), (np.float64(7725.566795234679), 9.223783493041992), (np.float64(6162.798039486679), 9.420884132385254), (np.float64(6148.648920063477), 26.311577558517456), (np.float64(2231.760637435067), 41.06228280067444), (np.float64(7725.56679523574), 41.06271743774414), (np.float64(7725.566795234679), 41.2928032875061), (np.float64(6162.798039486679), 41.49690008163452), (np.float64(2231.760637435067), 48.32580876350403), (np.float64(705.5004659614369), 73.19460964202881), (np.float64(7725.56679523574), 73.19494986534119), (np.float64(6162.798039486679), 73.42268824577332), (np.float64(2231.760637435067), 80.24893832206726), (np.float64(1983.3035672084734), 87.31284427642822), (np.float64(705.5004659614369), 94.13021922111511), (np.float64(705.5004659610968), 123.5942919254303), (np.float64(705.5004659491733), 210.03543043136597), (np.float64(398.3508832120024), 488.825421333313), (np.float64(7725.56679523574), 488.8263144493103), (np.float64(6162.798039486679), 489.0563781261444), (np.float64(2231.760637435067), 495.8031041622162), (np.float64(1983.3035672084734), 503.0285151004791), (np.float64(705.5004659614369), 509.7685627937317), (np.float64(398.3508832120024), 523.4763643741608), (np.float64(154.19933730835874), 545.9191493988037), (np.float64(7725.56679523574), 545.9287118911743), (np.float64(2231.760637435067), 552.4419941902161), (np.float64(1983.3035672084734), 559.3414649963379), (np.float64(705.5004659614369), 572.3110718727112), (np.float64(398.3508832120024), 578.7701275348663), (np.float64(154.19933730835874), 592.4640953540802), (np.float64(154.19933730835328), 783.1941704750061), (np.float64(154.19933730109187), 1306.6712620258331), (np.float64(121.64702271250826), 1543.425066947937), (np.float64(7725.56679523574), 1543.5169794559479), (np.float64(6162.798039486679), 1543.7503237724304), (np.float64(2231.760637435067), 1550.2699341773987), (np.float64(1983.3035672084734), 1556.8113856315613), (np.float64(705.5004659614369), 1563.5539672374725), (np.float64(398.3508832120024), 1577.263287782669), (np.float64(331.37358650679016), 1604.126230955124), (np.float64(227.60969310956352), 1610.547374010086), (np.float64(220.4249140830325), 1750.651015996933), (np.float64(154.19933730835328), 1852.630081653595), (np.float64(139.44645082010902), 3801.1203575134277), (np.float64(56.46045228411094), 4836.636752605438)]
(REAL, NOT adjusted by restarts)probability of this sequence is: 3.632077561328803e-07
probability of this sequence is: 0.0001401457458242565
uncertainty:
{'ate': np.float64(16556.460452338262), 'se': np.float64(480.88032350494734), 'ci': (np.float64(15613.949867010246), np.float64(17498.971037666277)), 'significant': np.True_}
checked:
1234
