Starting EXP28, type=probe_no_hash, run 3/3
SLURM job id: 68228878, array task id: 2
loaded cached data
loaded cached data
loaded cached data
loaded cached data
loaded cached data
loaded cached data
START ATE IS: 8774.43320476426
PROBE TRIGGERED! Error reduced from inf to 9658.920 (ATE went to 6841.07996404867).
PROBE TRIGGERED! Error reduced from 9658.920 to 8161.054 (ATE went to 8338.946179013716).
PROBE TRIGGERED! Error reduced from 8161.054 to 5101.414 (ATE went to 11398.586361871885).
PROBE TRIGGERED! Error reduced from 5101.414 to 2231.761 (ATE went to 14268.239362564933).
PROBE TRIGGERED! Error reduced from 2231.761 to 1724.429 (ATE went to 14775.571191617708).
PROBE TRIGGERED! Error reduced from 1724.429 to 373.473 (ATE went to 16126.52722374805).
***
FINISHED
ATE before: 8774.43320476426
ATE now is: 16591.989263037274
sequence is: (('isolationForest', 'Age'), ('bin_equal_width_2', 'education'))
***
Execution time: 126.272 sec
distances from ATE (with time):
[(np.float64(7725.56679523574), 0), (np.float64(7725.56679523574), 0.4290342330932617), (np.float64(7725.56679523574), 1.6816840171813965), (np.float64(5101.413638128115), 12.076429605484009), (np.float64(7725.56679523574), 12.225910186767578), (np.float64(5101.413638128115), 13.24984359741211), (np.float64(2231.760637435067), 52.523571491241455), (np.float64(7725.56679523574), 52.523950815200806), (np.float64(5101.413638128115), 53.044466733932495), (np.float64(2231.760637435067), 59.72156238555908), (np.float64(1724.4288083822921), 66.72349762916565), (np.float64(7725.56679523574), 66.73266816139221), (np.float64(2231.760637435067), 73.97023320198059), (np.float64(1724.4288083822921), 81.47488021850586), (np.float64(373.47277625195056), 88.82633590698242), (np.float64(7725.56679523574), 88.82663345336914), (np.float64(2231.760637435067), 96.5366051197052), (np.float64(1724.4288083822921), 103.78748869895935), (np.float64(373.47277625195056), 111.40970206260681), (np.float64(91.98926303727421), 126.27143573760986)]
uncertainty:
{'ate': np.float64(16591.989263044423), 'se': np.float64(404.7751020145532), 'ci': (np.float64(15798.642717428827), np.float64(17385.33580866002)), 'significant': np.True_}
checked:
140
