Starting EXP28, type=probe_probs_with_restart_no_hash, run 2/3
SLURM job id: 68238199, array task id: 7
loaded cached data
loaded cached data
loaded cached data
loaded cached data
loaded cached data
loaded cached data
START ATE IS: 8774.43320476426
PROBE TRIGGERED! Error reduced from inf to 9999.567 (ATE went to 8774.43320476532).
PROBE TRIGGERED! Error reduced from 9999.567 to 8436.798 (ATE went to 10337.201960513321).
PROBE TRIGGERED! Error reduced from 8436.798 to 4505.761 (ATE went to 14268.239362564933).
PROBE TRIGGERED! Error reduced from 4505.761 to 2979.500 (ATE went to 15794.499534038563).
PROBE TRIGGERED! Error reduced from 2979.500 to 2672.351 (ATE went to 16101.649116787998).
PROBE TRIGGERED! Error reduced from 2672.351 to 1942.626 (ATE went to 16831.37358650679).
PROBE TRIGGERED! Error reduced from 1942.626 to 1434.757 (ATE went to 17339.243233855537).
***
FINISHED
ATE before: 8774.43320476426
ATE now is: 19514.10940451836
sequence is: (('norm_log', 'education'), ('bin_equal_width_5', 'education'), ('isolationForest', 'Age'))
***
Execution time: 8220.472 sec
distances from ATE (with time):
[(np.float64(9999.56679523574), 0), (np.float64(9999.56679523468), 0.39197397232055664), (np.float64(9999.56679523574), 0.4162290096282959), (np.float64(9999.56679523468), 0.8251004219055176), (np.float64(9999.566795233668), 3.9241943359375), (np.float64(9999.566795233206), 6.548788785934448), (np.float64(9935.720210881365), 10.369887828826904), (np.float64(8436.798039486679), 11.557273387908936), (np.float64(9999.56679523574), 11.76288890838623), (np.float64(9999.56679523468), 12.051046133041382), (np.float64(8436.798039486679), 12.344971656799316), (np.float64(8422.648920063477), 33.6931529045105), (np.float64(4505.760637435067), 51.61070919036865), (np.float64(9999.56679523574), 51.61118125915527), (np.float64(9999.56679523468), 51.86498761177063), (np.float64(8436.798039486679), 52.095508098602295), (np.float64(4505.760637435067), 59.7267906665802), (np.float64(2979.500465961437), 87.73660612106323), (np.float64(9999.56679523574), 87.73697185516357), (np.float64(8436.798039486679), 87.99153590202332), (np.float64(4505.760637435067), 95.91190528869629), (np.float64(4257.303567208473), 104.04921913146973), (np.float64(2979.500465961437), 111.9079840183258), (np.float64(2979.500465961097), 145.5579149723053), (np.float64(2979.5004659491733), 245.50641417503357), (np.float64(2672.3508832120024), 561.6004228591919), (np.float64(9999.56679523574), 561.6015365123749), (np.float64(8436.798039486679), 561.8587915897369), (np.float64(4505.760637435067), 569.6662075519562), (np.float64(4257.303567208473), 577.9389109611511), (np.float64(2979.500465961437), 585.6464946269989), (np.float64(2672.3508832120024), 601.7533309459686), (np.float64(2428.1993373083587), 628.5100111961365), (np.float64(1942.6264134932098), 638.0366950035095), (np.float64(9999.56679523574), 638.0371453762054), (np.float64(4505.760637435067), 645.6089172363281), (np.float64(4257.303567208473), 653.6051778793335), (np.float64(2979.500465961437), 668.5489957332611), (np.float64(2672.3508832120024), 675.9439988136292), (np.float64(2428.1993373083587), 691.6768536567688), (np.float64(1942.6264134932098), 714.8397362232208), (np.float64(1942.6264134930025), 916.1744565963745), (np.float64(1942.6264134927515), 1081.5424003601074), (np.float64(1904.8580104351058), 1777.3626117706299), (np.float64(1434.7567661444627), 2053.413544654846), (np.float64(9999.56679523574), 2053.415759563446), (np.float64(8436.798039486679), 2053.686359643936), (np.float64(4505.760637435067), 2061.5005564689636), (np.float64(4257.303567208473), 2069.2873754501343), (np.float64(2979.500465961437), 2077.345052242279), (np.float64(2672.3508832120024), 2093.6638572216034), (np.float64(1942.6264134932098), 2125.324146747589), (np.float64(1904.8580104351058), 2281.719962835312), (np.float64(1904.858010435055), 6040.984499931335), (np.float64(1904.858010434753), 6056.682690382004), (np.float64(1434.756766145194), 6392.679701328278), (np.float64(1434.7567661418834), 6432.993874549866), (np.float64(1434.7567661386602), 6448.192397594452), (np.float64(1434.7567661386565), 6478.519095897675), (np.float64(740.10940451836), 8220.471188306808)]
(REAL, NOT adjusted by restarts)probability of this sequence is: 1.8160387806644015e-07
probability of this sequence is: 7.007287291212824e-05
uncertainty:
{'ate': np.float64(19514.109404514893), 'se': np.float64(408.44499571465263), 'ci': (np.float64(18713.570070118007), np.float64(20314.64873891178)), 'significant': np.True_}
checked:
1418
