Starting EXP28, type=probe_no_hash, run 1/3
SLURM job id: 68238192, array task id: 0
loaded cached data
loaded cached data
loaded cached data
loaded cached data
loaded cached data
loaded cached data
START ATE IS: 8774.43320476426
PROBE TRIGGERED! Error reduced from inf to 11932.920 (ATE went to 6841.07996404867).
PROBE TRIGGERED! Error reduced from 11932.920 to 10435.054 (ATE went to 8338.946179013716).
PROBE TRIGGERED! Error reduced from 10435.054 to 7375.414 (ATE went to 11398.586361871885).
PROBE TRIGGERED! Error reduced from 7375.414 to 4505.761 (ATE went to 14268.239362564933).
PROBE TRIGGERED! Error reduced from 4505.761 to 3998.429 (ATE went to 14775.571191617708).
PROBE TRIGGERED! Error reduced from 3998.429 to 2647.473 (ATE went to 16126.52722374805).
PROBE TRIGGERED! Error reduced from 2647.473 to 2182.011 (ATE went to 16591.989263037274).
***
FINISHED
ATE before: 8774.43320476426
ATE now is: 19619.032572789012
sequence is: (('bin_equal_width_2', 'education'), ('isolationForest', 'Age'), ('bin_equal_frequency_2', 'Age'))
***
Execution time: 231.407 sec
distances from ATE (with time):
[(np.float64(9999.56679523574), 0), (np.float64(9999.56679523574), 0.4711487293243408), (np.float64(9999.56679523574), 1.8356866836547852), (np.float64(7375.413638128115), 13.416527509689331), (np.float64(9999.56679523574), 13.589168310165405), (np.float64(7375.413638128115), 14.786817789077759), (np.float64(4505.760637435067), 59.56263279914856), (np.float64(9999.56679523574), 59.56307244300842), (np.float64(7375.413638128115), 60.17230296134949), (np.float64(4505.760637435067), 67.9335401058197), (np.float64(3998.428808382292), 75.96317958831787), (np.float64(9999.56679523574), 75.97427177429199), (np.float64(4505.760637435067), 84.19421601295471), (np.float64(3998.428808382292), 92.68260765075684), (np.float64(2647.4727762519506), 101.07891464233398), (np.float64(9999.56679523574), 101.07916855812073), (np.float64(4505.760637435067), 109.2787389755249), (np.float64(3998.428808382292), 117.49843335151672), (np.float64(2647.4727762519506), 126.19113969802856), (np.float64(2182.010736962726), 142.52889704704285), (np.float64(9999.56679523574), 142.5617756843567), (np.float64(4505.760637435067), 150.26157236099243), (np.float64(3998.428808382292), 158.64394426345825), (np.float64(2182.010736962726), 166.46431350708008), (np.float64(845.0325727890122), 231.40614128112793)]
uncertainty:
{'ate': np.float64(19492.62934833993), 'se': np.float64(571.8531579813906), 'ci': (np.float64(18371.815137520993), np.float64(20613.44355915887)), 'significant': np.True_}
checked:
158
