Starting EXP30.9, type=probe_probs_no_restart, run 1/3 (Task 156)
loaded cached data
loaded cached data
loaded cached data
loaded cached data
loaded cached data
loaded cached data
loaded cached data
START ATE IS: 8808.13042282239
***
FINISHED
ATE before: 8808.13042282239
ATE now is: 17930.08157919822
sequence is: (('drop_duplicates', 'TABLE'), ('norm_log', 'Age'), ('isolationForest', 'TABLE'))
***
Execution time: 467.250 sec
distances from ATE (with time):
[(9965.86957717761, 0), (3406.0959301567764, 0.48426032066345215), (2239.015851260552, 6.015042304992676), (1511.2994910786838, 52.249775409698486), (1121.3566098396223, 350.67390632629395), (843.9184208017796, 466.9506299495697)]
probability of this sequence is: 2.71100133440125e-05
uncertainty:
{'ate': 17930.08157919822, 'ci': (16570.88469998279, 19289.27845841365)}
checked:
330
