Starting EXP37.3, type=probe_probs_no_restart, run 1/3 (Task 498)
loaded cached data
loaded cached data
loaded cached data
loaded cached data
loaded cached data
loaded cached data
loaded cached data
START ATE IS: -16418.17400605395
***
FINISHED
ATE before: -16418.17400605395
ATE now is: 11915.750354593889
sequence is: (('bin_equal_frequency_2', 'bedrooms'),)
***
Execution time: 2.238 sec
distances from ATE (with time):
[(26551.254006053947, 0), (26551.254006050374, 0.016386747360229492), (20228.954719466477, 0.040812015533447266), (10545.566675258928, 0.061441659927368164), (1782.670354593889, 2.2336795330047607)]
probability of this sequence is: 0.0003753518923991243
uncertainty:
{'ate': 11915.750354593889, 'ci': (-64264.93128863903, 88096.43199782682)}
checked:
64
