Starting EXP29.9, type=probe_probs_with_restart, run 2/3 (Task 79)
loaded cached data
loaded cached data
loaded cached data
loaded cached data
loaded cached data
loaded cached data
loaded cached data
START ATE IS: 1763.8928736434427
PROBE TRIGGERED! Error reduced from 1763.893 to 1559.432 (ATE went to 1559.4321236019368).
PROBE TRIGGERED! Error reduced from 1559.432 to 1233.757 (ATE went to 1233.7571921782237).
PROBE TRIGGERED! Error reduced from 1233.757 to 1091.757 (ATE went to 1091.7568002051594).
PROBE TRIGGERED! Error reduced from 1091.757 to 971.768 (ATE went to 971.7675699000047).
PROBE TRIGGERED! Error reduced from 971.768 to 424.840 (ATE went to 424.84022273775827).
PROBE TRIGGERED! Error reduced from 424.840 to 221.425 (ATE went to -221.4253076504865).
PROBE TRIGGERED! Error reduced from 221.425 to 66.197 (ATE went to -66.19670772872814).
PROBE TRIGGERED! Error reduced from 66.197 to 59.001 (ATE went to -59.00105118644569).


*** TIMED OUT!! ***

distances from ATE (with time):
[(1763.8928736434427, 0), (1684.6938464222148, 0.0033295154571533203), (1655.5612933157026, 0.03024005889892578), (1559.4321236019368, 0.38008761405944824), (1763.8928736434427, 0.384568452835083), (1684.6938464222148, 0.38773107528686523), (1655.5612933157026, 0.3927948474884033), (1559.4321236019368, 0.4193272590637207), (1559.4321235015213, 1.371497392654419), (1559.432123048975, 1.4341011047363281), (1559.397994944693, 2.3951950073242188), (1233.7571921782237, 2.943849563598633), (1763.8928736434427, 2.9482553005218506), (1684.6938464222148, 2.951411247253418), (1655.5612933157026, 2.9610021114349365), (1559.4321236019368, 2.9878547191619873), (1233.7571921782237, 2.993483066558838), (1091.7568002051594, 3.385934829711914), (1763.8928736434427, 3.3935492038726807), (1684.6938464222148, 3.399686574935913), (1655.5612933157026, 3.4177427291870117), (1559.4321236019368, 3.4411778450012207), (1233.7571921782237, 3.452286958694458), (1091.7568002051594, 3.5902366638183594), (971.7675699000047, 8.607229709625244), (1763.8928736434427, 8.61169719696045), (1684.6938464222148, 8.614775657653809), (1655.5612933157026, 8.623989820480347), (1233.7571921782237, 8.874316692352295), (1202.2236479416515, 9.798200845718384), (1091.7568002051594, 10.780487775802612), (971.7675699000047, 11.26507019996643), (424.84022273775827, 11.715966701507568), (1763.8928736434427, 11.720234155654907), (1684.6938464222148, 11.723206996917725), (1655.5612933157026, 11.732240915298462), (1233.7571921782237, 11.948190450668335), (1202.2236479416515, 12.952364683151245), (1091.7568002051594, 14.203610181808472), (971.7675699000047, 14.63088846206665), (424.84022273775827, 15.145164251327515), (221.4253076504865, 307.2954592704773), (1763.8928736434427, 307.30024909973145), (1684.6938464222148, 307.3033723831177), (1655.5612933157026, 307.5480897426605), (1233.7571921782237, 307.8034727573395), (1202.2236479416515, 308.44464445114136), (971.7675699000047, 310.45478653907776), (424.84022273775827, 311.01832342147827), (221.4253076504865, 339.81637239456177), (66.19670772872814, 342.1805679798126), (1763.8928736434427, 342.18751096725464), (1684.6938464222148, 342.1923317909241), (1655.5612933157026, 342.54700326919556), (1233.7571921782237, 342.8791365623474), (1202.2236479416515, 343.86067748069763), (971.7675699000047, 346.5538218021393), (424.84022273775827, 347.2058310508728), (221.4253076504865, 363.8876302242279), (66.19670772872814, 365.21965193748474), (59.00105118644569, 652.5514614582062), (1763.8928736434427, 652.5595009326935), (1684.6938464222148, 652.5647659301758), (1655.5612933157026, 652.9260323047638), (1233.7571921782237, 653.2651953697205), (1202.2236479416515, 654.2475771903992), (971.7675699000047, 657.6366534233093), (424.84022273775827, 658.2944741249084), (221.4253076504865, 678.6782948970795), (66.19670772872814, 680.3140439987183), (59.00105118644569, 802.5957419872284)]
