Starting EXP30.3, type=probe, run 1/3 (Task 99)
loaded cached data
loaded cached data
loaded cached data
loaded cached data
loaded cached data
loaded cached data
loaded cached data
START ATE IS: 9027.177510514317
PROBE TRIGGERED! Error reduced from 9746.822 to 7118.752 (ATE went to 11655.247843835983).
PROBE TRIGGERED! Error reduced from 7118.752 to 3330.899 (ATE went to 15443.101330353256).
***
FINISHED
ATE before: 9027.177510514317
ATE now is: 17889.08245113454
sequence is: (('isolationForest', 'TABLE'), ('bin_equal_width_2', 'education'))
***
Execution time: 18.902 sec
distances from ATE (with time):
[(9746.822489485683, 0), (7118.752156164017, 1.731919527053833), (9746.822489485683, 1.9521892070770264), (7118.752156164017, 2.130627393722534), (3330.8986696467437, 11.021331787109375), (9746.822489485683, 11.230346441268921), (7118.752156164017, 11.398979187011719), (3330.8986696467437, 14.633046865463257), (884.9175488654582, 18.744033813476562)]
(REAL, NOT adjusted by restarts) probability of this sequence is: 0.0010405827263267429
uncertainty:
{'ate': 17889.08245113454, 'ci': (16333.179749974703, 19444.98515229438)}
checked:
41
