Starting EXP37.6, type=probe_probs_with_restart, run 3/3 (Task 512)
loaded cached data
loaded cached data
loaded cached data
loaded cached data
loaded cached data
loaded cached data
loaded cached data
START ATE IS: 67509.0625140965
PROBE TRIGGERED! Error reduced from 57375.983 to 37959.691 (ATE went to 48092.77116717398).
PROBE TRIGGERED! Error reduced from 37959.691 to 33870.853 (ATE went to 44003.93343286961).
PROBE TRIGGERED! Error reduced from 33870.853 to 29540.032 (ATE went to 39673.112002502196).
PROBE TRIGGERED! Error reduced from 29540.032 to 26062.252 (ATE went to 36195.33171823807).
PROBE TRIGGERED! Error reduced from 26062.252 to 22473.253 (ATE went to 32606.332738338504).
PROBE TRIGGERED! Error reduced from 22473.253 to 19486.655 (ATE went to 29619.735460706288).
PROBE TRIGGERED! Error reduced from 19486.655 to 15754.875 (ATE went to 25887.955117076635).
PROBE TRIGGERED! Error reduced from 15754.875 to 12430.320 (ATE went to 22563.399952101056).
PROBE TRIGGERED! Error reduced from 12430.320 to 8142.807 (ATE went to 18275.886921193916).
PROBE TRIGGERED! Error reduced from 8142.807 to 4054.806 (ATE went to 14187.885905740666).
***
FINISHED
ATE before: 67509.0625140965
ATE now is: 11227.039113136474
sequence is: (('IQR', 'grade'), ('norm_log', 'sqft_lot15'), ('IQR', 'sqft_lot15'), ('norm_log', 'sqft_living15'), ('bin_equal_frequency_2', 'yr_built'))
***
Execution time: 201.794 sec
distances from ATE (with time):
[(57375.9825140965, 0), (57334.74275972888, 0.005120754241943359), (56535.514126166774, 0.05995297431945801), (56383.15152188584, 0.0783700942993164), (55996.29900488451, 0.0877218246459961), (53523.34211738974, 0.09724688529968262), (37959.69116717398, 0.10912370681762695), (57375.9825140965, 0.1205742359161377), (37959.69116717398, 0.12984395027160645), (37910.664277225806, 0.2900393009185791), (36263.415354983954, 1.0580077171325684), (34868.54303622998, 1.0819766521453857), (33870.85343286961, 1.322202444076538), (57375.9825140965, 1.3338043689727783), (37959.69116717398, 1.3421461582183838), (33870.85343286961, 1.3907299041748047), (33821.60658327125, 2.513749122619629), (32425.66276517145, 4.453626394271851), (32342.68873699948, 4.607960224151611), (29540.032002502194, 4.9458653926849365), (57375.9825140965, 4.957198619842529), (37959.69116717398, 4.965121269226074), (29540.032002502194, 5.009287118911743), (26062.25171823807, 5.035710334777832), (57375.9825140965, 5.046818017959595), (37959.69116717398, 5.055951833724976), (29540.032002502194, 5.09003210067749), (26062.25171823807, 5.103327512741089), (22473.252738338502, 5.3324878215789795), (57375.9825140965, 5.345012664794922), (37959.69116717398, 5.355380296707153), (29540.032002502194, 5.391708612442017), (26062.25171823807, 5.406426906585693), (22473.252738338502, 5.65483832359314), (19486.655460706286, 5.716050624847412), (57375.9825140965, 5.7278618812561035), (37959.69116717398, 5.736351013183594), (29540.032002502194, 5.771038770675659), (26062.25171823807, 5.799265623092651), (22473.252738338502, 5.915219068527222), (19486.655460706286, 6.038111686706543), (19439.895211012874, 11.015789985656738), (18677.885935709885, 28.246175527572632), (17671.876930323502, 29.933806896209717), (15754.875117076635, 30.436912059783936), (57375.9825140965, 30.45111632347107), (37959.69116717398, 30.46103262901306), (29540.032002502194, 30.500866889953613), (26062.25171823807, 30.54434585571289), (22473.252738338502, 30.688557147979736), (19486.655460706286, 30.849371433258057), (18677.885935709885, 34.042521715164185), (15754.875117076635, 35.85292363166809), (15718.096080003847, 97.51577687263489), (12430.319952101056, 105.26628518104553), (57375.9825140965, 105.27788996696472), (37959.69116717398, 105.28586530685425), (29540.032002502194, 105.32770299911499), (26062.25171823807, 105.36284613609314), (22473.252738338502, 105.59588146209717), (19486.655460706286, 105.64520978927612), (12430.319952101056, 105.70211696624756), (8142.806921193916, 109.48922491073608), (57375.9825140965, 109.49731659889221), (37959.69116717398, 109.50478053092957), (29540.032002502194, 109.5555191040039), (26062.25171823807, 109.58198690414429), (22473.252738338502, 109.8696014881134), (19486.655460706286, 109.97406768798828), (12430.319952101056, 110.10203099250793), (8142.806921193916, 112.0654091835022), (8065.492361710947, 155.617751121521), (4054.8059057406663, 179.63790941238403), (57375.9825140965, 179.64929223060608), (37959.69116717398, 179.66880702972412), (26773.67241064606, 179.71860599517822), (26062.25171823807, 179.83982110023499), (12430.319952101056, 179.98451828956604), (8142.806921193916, 182.04027676582336), (4054.8059057406663, 182.88863444328308), (1093.9591131364741, 201.78997230529785)]
(REAL, NOT adjusted by restarts) probability of this sequence is: 1.2328467646550118e-12
uncertainty:
{'ate': 11227.039113136474, 'ci': (-27276.407666960564, 49730.48589323351)}
checked:
6085
