Starting EXP37.6, type=probe_probs_with_restart, run 2/3 (Task 511)
loaded cached data
loaded cached data
loaded cached data
loaded cached data
loaded cached data
loaded cached data
loaded cached data
START ATE IS: 61499.457376580685
PROBE TRIGGERED! Error reduced from 51366.377 to 43034.239 (ATE went to 53167.318505516276).
PROBE TRIGGERED! Error reduced from 43034.239 to 36524.252 (ATE went to 46657.33179850876).
PROBE TRIGGERED! Error reduced from 36524.252 to 31705.298 (ATE went to 41838.377712326124).
PROBE TRIGGERED! Error reduced from 31705.298 to 24488.738 (ATE went to 34621.81831969693).
PROBE TRIGGERED! Error reduced from 24488.738 to 21232.202 (ATE went to 31365.281684745103).
PROBE TRIGGERED! Error reduced from 21232.202 to 18532.227 (ATE went to 28665.30746099353).
PROBE TRIGGERED! Error reduced from 18532.227 to 15335.500 (ATE went to 25468.58033883013).
PROBE TRIGGERED! Error reduced from 15335.500 to 12896.398 (ATE went to 23029.478234171867).
PROBE TRIGGERED! Error reduced from 12896.398 to 10350.331 (ATE went to 20483.410687495023).
PROBE TRIGGERED! Error reduced from 10350.331 to 7573.838 (ATE went to 17706.917972318828).
PROBE TRIGGERED! Error reduced from 7573.838 to 6740.838 (ATE went to 16873.918314427137).
PROBE TRIGGERED! Error reduced from 6740.838 to 3518.449 (ATE went to 13651.529095148668).
***
FINISHED
ATE before: 61499.457376580685
ATE now is: 10325.31473647803
sequence is: (('bin_equal_width_5', 'sqft_living'), ('isolationForest', 'TABLE'), ('IQR', 'sqft_lot15'), ('bin_equal_frequency_5', 'sqft_lot15'))
***
Execution time: 931.361 sec
distances from ATE (with time):
[(51366.37737658068, 0), (51329.302889710365, 0.008249998092651367), (51043.00747745678, 0.0692300796508789), (50387.21661406763, 0.07838106155395508), (43034.238505516274, 0.10719919204711914), (51366.37737658068, 0.11945176124572754), (43034.238505516274, 0.13399124145507812), (43013.69750805765, 0.28356075286865234), (36524.25179850876, 0.30410170555114746), (51366.37737658068, 0.31424927711486816), (43034.238505516274, 0.3213484287261963), (36524.25179850876, 0.3314330577850342), (31705.297712326123, 0.35575437545776367), (51366.37737658068, 0.3656883239746094), (36524.25179850876, 0.3726491928100586), (31705.297712326123, 0.40699028968811035), (31677.47319237895, 0.6586933135986328), (24488.73831969693, 1.2186074256896973), (51366.37737658068, 1.2288002967834473), (43034.238505516274, 1.2362446784973145), (36524.25179850876, 1.2466850280761719), (24488.73831969693, 1.6391313076019287), (22548.380112746803, 2.136390209197998), (22051.400424363164, 23.33245277404785), (21232.2016847451, 54.354233264923096), (51366.37737658068, 54.38126564025879), (43034.238505516274, 54.400261878967285), (36524.25179850876, 54.422884941101074), (24488.73831969693, 55.01024794578552), (22548.380112746803, 55.614516258239746), (21232.2016847451, 64.19935345649719), (20966.14673494741, 117.98004603385925), (18532.227460993527, 131.62766361236572), (51366.37737658068, 131.63777112960815), (43034.238505516274, 131.64499354362488), (36524.25179850876, 131.65514206886292), (24488.73831969693, 132.06192684173584), (22548.380112746803, 132.5103497505188), (22424.152020832596, 139.32302570343018), (18532.227460993527, 141.84622621536255), (17217.63613928303, 176.0882706642151), (17069.057259911744, 179.27005243301392), (15335.500338830128, 295.05464911460876), (51366.37737658068, 295.0654191970825), (24488.73831969693, 295.4732463359833), (22548.380112746803, 296.0459930896759), (15335.500338830128, 297.84050583839417), (15025.852343451306, 305.7373466491699), (14450.917577674687, 307.8196110725403), (12896.398234171867, 399.1007480621338), (51366.37737658068, 399.1109690666199), (24488.73831969693, 399.5078761577606), (15335.500338830128, 399.9475326538086), (15025.852343451306, 404.18703269958496), (14450.917577674687, 405.823570728302), (12896.398234171867, 457.28000140190125), (12265.541444601566, 464.52763652801514), (10350.330687495023, 492.11194014549255), (51366.37737658068, 492.12861466407776), (24488.73831969693, 492.6716947555542), (15335.500338830128, 493.2649405002594), (15025.852343451306, 498.3555872440338), (14450.917577674687, 500.22582960128784), (12896.398234171867, 546.4105186462402), (10350.330687495023, 551.3095638751984), (7573.837972318828, 590.0678222179413), (51366.37737658068, 590.0780045986176), (24488.73831969693, 590.4784121513367), (15335.500338830128, 590.9185950756073), (15025.852343451306, 597.6826069355011), (14450.917577674687, 600.7881512641907), (10350.330687495023, 625.0048241615295), (7573.837972318828, 640.8707530498505), (7292.417500825673, 839.2929112911224), (6740.838314427137, 888.8937475681305), (51366.37737658068, 888.9040384292603), (40824.39100394964, 888.910005569458), (36524.25179850876, 888.9200143814087), (24488.73831969693, 889.3171665668488), (22051.400424363164, 889.3256578445435), (15335.500338830128, 889.7659182548523), (6740.838314427137, 891.0483577251434), (6068.37695637539, 896.6705412864685), (3518.4490951486678, 897.9420433044434), (51366.37737658068, 897.9571659564972), (40824.39100394964, 897.9633553028107), (22051.400424363164, 897.9718682765961), (6740.838314427137, 898.4076442718506), (6068.37695637539, 902.6705658435822), (3518.4490951486678, 903.0487375259399), (192.23473647803075, 931.35653424263)]
(REAL, NOT adjusted by restarts) probability of this sequence is: 2.8854879902182935e-11
uncertainty:
{'ate': 10325.31473647803, 'ci': (-32990.50312096847, 53641.13259392453)}
checked:
3943
