Starting EXP30.4, type=probe, run 1/3 (Task 108)
loaded cached data
loaded cached data
loaded cached data
loaded cached data
loaded cached data
loaded cached data
loaded cached data
START ATE IS: 8710.67450097099
PROBE TRIGGERED! Error reduced from 10063.325 to 7481.726 (ATE went to 11292.274175434524).
PROBE TRIGGERED! Error reduced from 7481.726 to 3761.482 (ATE went to 15012.517585269556).
PROBE TRIGGERED! Error reduced from 3761.482 to 1052.795 (ATE went to 17721.205190718185).
***
FINISHED
ATE before: 8710.67450097099
ATE now is: 17999.37726712973
sequence is: (('drop_duplicates', 'TABLE'), ('isolationForest', 'TABLE'))
***
Execution time: 237.159 sec
distances from ATE (with time):
[(10063.32549902901, 0), (7481.725824565476, 1.8910696506500244), (10063.32549902901, 2.164327621459961), (7481.725824565476, 2.334155321121216), (3761.4824147304444, 13.797796964645386), (10063.32549902901, 14.058698892593384), (7481.725824565476, 14.269461154937744), (3761.4824147304444, 19.1386559009552), (1052.794809281815, 24.558091402053833), (10063.32549902901, 24.838340759277344), (3761.4824147304444, 29.615772008895874), (1052.794809281815, 34.71237277984619), (774.6227328702698, 236.94757914543152)]
(REAL, NOT adjusted by restarts) probability of this sequence is: 0.0010405827263267429
uncertainty:
{'ate': 17999.37726712973, 'ci': (16216.12981202845, 19782.62472223101)}
checked:
111
