Starting EXP36.4, type=probe_probs_with_restart, run 3/3 (Task 449)
loaded cached data
loaded cached data
loaded cached data
loaded cached data
loaded cached data
loaded cached data
loaded cached data
START ATE IS: 71999.08644474694
PROBE TRIGGERED! Error reduced from 61866.006 to 44731.240 (ATE went to 54864.32009942938).
PROBE TRIGGERED! Error reduced from 44731.240 to 38654.439 (ATE went to 48787.518529027824).
PROBE TRIGGERED! Error reduced from 38654.439 to 32120.543 (ATE went to 42253.62267442087).
PROBE TRIGGERED! Error reduced from 32120.543 to 28400.937 (ATE went to 38534.017480579365).
PROBE TRIGGERED! Error reduced from 28400.937 to 23735.112 (ATE went to 33868.1923362947).
PROBE TRIGGERED! Error reduced from 23735.112 to 20293.639 (ATE went to 30426.718551229493).
PROBE TRIGGERED! Error reduced from 20293.639 to 15823.427 (ATE went to 25956.50664242004).
PROBE TRIGGERED! Error reduced from 15823.427 to 9795.930 (ATE went to 19929.01013324912).
PROBE TRIGGERED! Error reduced from 9795.930 to 5474.517 (ATE went to 15607.59741350208).
PROBE TRIGGERED! Error reduced from 5474.517 to 4858.620 (ATE went to 14991.699531994582).
PROBE TRIGGERED! Error reduced from 4858.620 to 4082.166 (ATE went to 14215.246134716794).
PROBE TRIGGERED! Error reduced from 4082.166 to 3317.499 (ATE went to 13450.57949236181).
PROBE TRIGGERED! Error reduced from 3317.499 to 2572.062 (ATE went to 12705.141837167112).
***
FINISHED
ATE before: 71999.08644474694
ATE now is: 12586.364123208512
sequence is: (('norm_log', 'bathrooms'), ('isolationForest', 'TABLE'), ('IQR', 'bedrooms'), ('norm_log', 'sqft_living'), ('bin_equal_width_5', 'grade'))
***
Execution time: 1780.757 sec
distances from ATE (with time):
[(61866.006444746934, 0), (61865.969258008496, 0.02348494529724121), (61865.95486210614, 0.05958962440490723), (57931.96654073395, 0.13595843315124512), (44731.24009942938, 0.17079830169677734), (61866.006444746934, 0.17939519882202148), (44731.24009942938, 0.183701753616333), (38654.43852902782, 0.9409515857696533), (61866.006444746934, 0.9581284523010254), (44731.24009942938, 0.9663503170013428), (38654.43852902782, 1.3198301792144775), (32120.542674420867, 1.7217283248901367), (61866.006444746934, 1.739333152770996), (38654.43852902782, 2.063937187194824), (32120.542674420867, 2.523977041244507), (31382.12327976164, 2.9434680938720703), (29731.070998620417, 12.450785636901855), (29431.17120400235, 50.92343330383301), (28400.937480579363, 94.63235211372375), (61866.006444746934, 94.64795970916748), (44731.24009942938, 94.65603113174438), (38654.43852902782, 95.14573574066162), (32120.542674420867, 95.64900159835815), (31382.12327976164, 96.06129240989685), (30722.79708297568, 98.0700888633728), (28400.937480579363, 99.20639228820801), (28353.090800609396, 178.58022713661194), (23735.112336294696, 186.45274567604065), (61866.006444746934, 186.46543073654175), (44731.24009942938, 186.47083473205566), (38654.43852902782, 186.89209175109863), (32120.542674420867, 187.23656225204468), (31382.12327976164, 187.59258604049683), (30356.917458248718, 187.98840141296387), (23735.112336294696, 189.7874436378479), (23398.359159627114, 191.18056058883667), (23156.130570134177, 230.01099705696106), (22809.575167805015, 230.70980954170227), (22394.74142555984, 365.9297504425049), (20293.638551229495, 373.6697928905487), (61866.006444746934, 373.6837069988251), (38654.43852902782, 374.0416479110718), (32120.542674420867, 374.43256521224976), (31382.12327976164, 374.8844494819641), (20293.638551229495, 375.2025580406189), (15823.426642420041, 377.6660985946655), (61866.006444746934, 377.6774344444275), (38654.43852902782, 378.01329946517944), (20293.638551229495, 378.38326144218445), (15823.426642420041, 381.25662541389465), (14834.694341541637, 381.7183082103729), (9795.930133249121, 384.02155685424805), (61866.006444746934, 384.03766894340515), (38654.43852902782, 384.49732756614685), (20293.638551229495, 384.9574820995331), (15823.426642420041, 387.1663098335266), (14834.694341541637, 387.45661091804504), (9795.930133249121, 390.2935321331024), (5474.517413502081, 399.78134202957153), (61866.006444746934, 399.79562735557556), (38654.43852902782, 400.1606514453888), (20293.638551229495, 400.5677058696747), (15823.426642420041, 402.824777841568), (9795.930133249121, 403.22707867622375), (5474.517413502081, 410.5459144115448), (4858.619531994582, 411.2539372444153), (61866.006444746934, 411.2703688144684), (38654.43852902782, 411.656845331192), (20293.638551229495, 412.09610748291016), (15823.426642420041, 414.58225083351135), (9795.930133249121, 414.95227789878845), (5474.517413502081, 422.47173595428467), (4858.619531994582, 423.15732288360596), (4740.606168454095, 656.7417497634888), (4082.1661347167937, 657.4922451972961), (61866.006444746934, 657.5045039653778), (38654.43852902782, 657.8384664058685), (20293.638551229495, 658.2061545848846), (15823.426642420041, 661.236405134201), (9795.930133249121, 661.5717706680298), (5474.517413502081, 672.3596241474152), (4858.619531994582, 673.0261015892029), (4740.606168454095, 736.63227891922), (4082.1661347167937, 737.3769769668579), (4069.839856502398, 738.8240973949432), (3317.4994923618106, 1303.8639225959778), (61866.006444746934, 1303.879576921463), (38654.43852902782, 1304.3532319068909), (20293.638551229495, 1304.7293965816498), (15823.426642420041, 1309.0066888332367), (9795.930133249121, 1309.3533396720886), (5474.517413502081, 1327.979467868805), (4858.619531994582, 1328.9005353450775), (3317.4994923618106, 1340.9651038646698), (2572.0618371671117, 1634.9487447738647), (61866.006444746934, 1634.9662187099457), (38654.43852902782, 1635.351071357727), (36180.05938448935, 1635.4138748645782), (20293.638551229495, 1635.8492076396942), (15823.426642420041, 1639.8255941867828), (9795.930133249121, 1640.169144153595), (5474.517413502081, 1658.9704551696777), (4858.619531994582, 1659.882750749588), (3317.4994923618106, 1667.3426427841187), (2572.0618371671117, 1777.6216485500336), (2453.284123208512, 1780.7525842189789)]
(REAL, NOT adjusted by restarts) probability of this sequence is: 9.859730063619155e-14
uncertainty:
{'ate': 12586.364123208512, 'ci': (-52049.95355011185, 77222.68179652888)}
checked:
8320
