Starting EXP33.5, type=probe_probs_no_restart, run 2/3 (Task 364)
loaded cached data
loaded cached data
loaded cached data
loaded cached data
loaded cached data
loaded cached data
loaded cached data
START ATE IS: 1671.1304157875093
***
FINISHED
ATE before: 1671.1304157875093
ATE now is: 34.12133325462037
sequence is: (('bin_equal_frequency_5', 'education'), ('bin_equal_frequency_5', 'age'), ('drop_duplicates', 'TABLE'), ('isolationForest', 'TABLE'))
***
Execution time: 1523.169 sec
distances from ATE (with time):
[(1671.1304157875093, 0), (1577.790931515443, 0.003695249557495117), (1559.835520471799, 0.03093576431274414), (1446.5934255203251, 0.28813862800598145), (1426.1637200015948, 0.7317509651184082), (1291.0413905160913, 1.0101947784423828), (1187.594482191731, 1.0646255016326904), (1178.7297685405947, 8.319955110549927), (1058.9325206244757, 10.815878629684448), (973.5089905355862, 13.909937620162964), (940.1557952913054, 34.659138441085815), (694.5915120149912, 43.95145010948181), (502.446089013627, 44.92003798484802), (392.11442345991236, 77.68734788894653), (386.1470197126009, 466.7524719238281), (275.52443707163366, 552.6474943161011), (104.86454854891508, 1108.7169773578644), (70.38815672243982, 1109.3031091690063), (34.12133325462037, 1523.1667909622192)]
probability of this sequence is: 3.833133039440265e-09
uncertainty:
{'ate': 34.12133325462037, 'ci': (-843.6940973690631, 911.9367638783039)}
checked:
28982
