Starting EXP29.9, type=probe_probs_with_restart, run 1/3 (Task 78)
loaded cached data
loaded cached data
loaded cached data
loaded cached data
loaded cached data
loaded cached data
loaded cached data
START ATE IS: 1370.4331043587154
PROBE TRIGGERED! Error reduced from 1370.433 to 1077.247 (ATE went to 1077.2467538031906).
PROBE TRIGGERED! Error reduced from 1077.247 to 920.340 (ATE went to 920.3395309849057).
PROBE TRIGGERED! Error reduced from 920.340 to 809.309 (ATE went to 809.3086292263934).
PROBE TRIGGERED! Error reduced from 809.309 to 624.797 (ATE went to 624.7972693453603).
PROBE TRIGGERED! Error reduced from 624.797 to 557.792 (ATE went to 557.7920993026246).
PROBE TRIGGERED! Error reduced from 557.792 to 387.166 (ATE went to 387.1660053967662).
PROBE TRIGGERED! Error reduced from 387.166 to 124.329 (ATE went to 124.32921407448066).
***
FINISHED
ATE before: 1370.4331043587154
ATE now is: -6.712665710305373
sequence is: (('bin_equal_frequency_10', 'age'), ('bin_equal_frequency_5', 'education'), ('isolationForest', 'TABLE'), ('drop_duplicates', 'TABLE'))
***
Execution time: 242.189 sec
distances from ATE (with time):
[(1370.4331043587154, 0), (1333.4005777241437, 0.007095813751220703), (1301.3872339518693, 0.06334376335144043), (1077.2467538031906, 0.5731701850891113), (1370.4331043587154, 0.5779800415039062), (1077.2467538031906, 0.763843297958374), (920.3395309849057, 1.0934045314788818), (1370.4331043587154, 1.1010220050811768), (1077.2467538031906, 1.438631534576416), (920.3395309849057, 1.6787705421447754), (913.7836276840517, 3.8179852962493896), (905.5622206335747, 4.704008340835571), (872.1370367411791, 5.212944030761719), (870.641548198575, 10.171191930770874), (809.3086292263934, 12.546714544296265), (1370.4331043587154, 12.551541566848755), (1077.2467538031906, 12.89750337600708), (920.3395309849057, 13.096272230148315), (913.7836276840517, 13.987964868545532), (905.5622206335747, 17.326157808303833), (872.1370367411791, 18.375205516815186), (809.3086292263934, 19.054535627365112), (793.4113186307768, 31.391860723495483), (624.7972693453603, 32.695486307144165), (1370.4331043587154, 32.702842712402344), (1077.2467538031906, 33.02219223976135), (920.3395309849057, 33.36530780792236), (624.7972693453603, 34.68225026130676), (567.5171298567993, 38.33394193649292), (557.7920993026246, 59.37531495094299), (1370.4331043587154, 59.38243770599365), (1077.2467538031906, 59.703328132629395), (624.7972693453603, 60.378456830978394), (567.5171298567993, 63.40698552131653), (557.7920993026246, 78.39195251464844), (387.1660053967662, 80.9547712802887), (1370.4331043587154, 80.9592719078064), (1077.2467538031906, 81.19950795173645), (1067.1673079392635, 81.81473016738892), (624.7972693453603, 82.04719948768616), (624.6063292768367, 84.1887001991272), (567.5171298567993, 85.15478348731995), (557.7920993026246, 90.0664918422699), (387.1660053967662, 90.84459710121155), (355.67419726917706, 177.79894256591797), (124.32921407448066, 205.91845798492432), (1370.4331043587154, 205.92583107948303), (1077.2467538031906, 206.2441611289978), (920.3395309849057, 206.59240651130676), (624.7972693453603, 208.2077751159668), (547.9129891592283, 208.52893924713135), (124.32921407448066, 215.13314938545227), (114.5332049221879, 234.03385663032532), (6.712665710305373, 242.18578600883484)]
(REAL, NOT adjusted by restarts) probability of this sequence is: 2.4093979105053093e-09
uncertainty:
{'ate': -6.712665710305373, 'ci': (-2107.710247458022, 2094.284916037411)}
checked:
1538
