Starting EXP36.5, type=probe_probs_with_restart, run 2/3 (Task 457)
loaded cached data
loaded cached data
loaded cached data
loaded cached data
loaded cached data
loaded cached data
loaded cached data
START ATE IS: 54227.98497553534
PROBE TRIGGERED! Error reduced from 44094.905 to 33984.491 (ATE went to 44117.57057864612).
PROBE TRIGGERED! Error reduced from 33984.491 to 30259.194 (ATE went to 40392.27449555714).
PROBE TRIGGERED! Error reduced from 30259.194 to 26720.589 (ATE went to 36853.66903286883).
PROBE TRIGGERED! Error reduced from 26720.589 to 23887.167 (ATE went to 34020.24717944523).
PROBE TRIGGERED! Error reduced from 23887.167 to 19982.944 (ATE went to 30116.024298184937).
PROBE TRIGGERED! Error reduced from 19982.944 to 15444.703 (ATE went to 25577.783001026506).
PROBE TRIGGERED! Error reduced from 15444.703 to 13545.511 (ATE went to 23678.590916727444).
PROBE TRIGGERED! Error reduced from 13545.511 to 12154.763 (ATE went to 22287.84286187362).
PROBE TRIGGERED! Error reduced from 12154.763 to 10399.679 (ATE went to 20532.758880932062).
PROBE TRIGGERED! Error reduced from 10399.679 to 8583.280 (ATE went to 18716.360223541586).
PROBE TRIGGERED! Error reduced from 8583.280 to 4329.750 (ATE went to 14462.829570301617).
PROBE TRIGGERED! Error reduced from 4329.750 to 3724.304 (ATE went to 13857.384024152485).
***
FINISHED
ATE before: 54227.98497553534
ATE now is: 8604.451537113642
sequence is: (('IQR', 'bedrooms'), ('isolationForest', 'TABLE'), ('IQR', 'sqft_lot'), ('bin_equal_width_5', 'grade'))
***
Execution time: 2408.014 sec
distances from ATE (with time):
[(44094.90497553534, 0), (44094.87517953107, 0.013588666915893555), (43454.8015405759, 0.1729419231414795), (42318.63639343531, 0.2066028118133545), (42277.782387876345, 0.26051831245422363), (33984.49057864612, 0.7687904834747314), (44094.90497553534, 0.7843010425567627), (33984.49057864612, 1.1465234756469727), (32539.197496407105, 2.3443315029144287), (31973.799371537432, 18.954437971115112), (31927.753887196406, 21.27621626853943), (30702.685264693217, 24.41396164894104), (30259.194495557138, 27.863908767700195), (44094.90497553534, 27.87705945968628), (33984.49057864612, 28.248633861541748), (30259.194495557138, 28.659298181533813), (26720.589032868826, 29.060114860534668), (44094.90497553534, 29.076071977615356), (33984.49057864612, 29.448952436447144), (30259.194495557138, 29.86703896522522), (26720.589032868826, 30.25051212310791), (24594.87072599813, 58.813236951828), (23887.167179445227, 63.829421043395996), (44094.90497553534, 63.846397399902344), (33984.49057864612, 64.31409025192261), (32539.197496407105, 64.35154151916504), (30259.194495557138, 64.8229169845581), (26720.589032868826, 65.29167866706848), (24594.87072599813, 65.84837245941162), (23887.167179445227, 66.33019876480103), (19982.944298184935, 67.72510623931885), (44094.90497553534, 67.7420289516449), (33984.49057864612, 68.1954116821289), (32539.197496407105, 68.2247884273529), (30259.194495557138, 68.68703937530518), (24594.87072599813, 69.16134548187256), (23887.167179445227, 70.09656071662903), (19982.944298184935, 71.24126696586609), (19026.20519191143, 71.70651030540466), (15444.703001026506, 72.64205527305603), (44094.90497553534, 72.65839219093323), (33984.49057864612, 73.1118643283844), (32539.197496407105, 73.15184187889099), (30259.194495557138, 73.6186637878418), (24594.87072599813, 74.08192491531372), (23887.167179445227, 75.07595300674438), (19982.944298184935, 76.09445428848267), (19026.20519191143, 76.56822943687439), (15444.703001026506, 77.51721525192261), (15073.44528506882, 314.2324962615967), (14846.980435783744, 403.94677662849426), (13545.510916727444, 412.9868628978729), (44094.90497553534, 413.0230736732483), (33984.49057864612, 413.3849084377289), (32539.197496407105, 413.42377972602844), (30259.194495557138, 413.86983942985535), (24594.87072599813, 414.22976779937744), (23887.167179445227, 414.9455101490021), (19982.944298184935, 416.10835456848145), (19026.20519191143, 416.4698669910431), (15444.703001026506, 417.2681083679199), (13545.510916727444, 447.50294041633606), (12154.762861873622, 977.0132384300232), (44094.90497553534, 977.0297560691833), (33984.49057864612, 977.3759732246399), (32539.197496407105, 977.4253470897675), (30259.194495557138, 977.8053393363953), (24594.87072599813, 978.1784992218018), (23887.167179445227, 979.075432062149), (19982.944298184935, 981.5406680107117), (19026.20519191143, 982.1795845031738), (15444.703001026506, 982.9963245391846), (13545.510916727444, 1014.9335486888885), (12154.762861873622, 1027.547812461853), (11456.031842653874, 1028.9504976272583), (10399.678880932062, 1407.9200494289398), (44094.90497553534, 1407.9363441467285), (33984.49057864612, 1408.449280500412), (32539.197496407105, 1408.4781339168549), (30259.194495557138, 1408.9174432754517), (24594.87072599813, 1409.3501045703888), (23887.167179445227, 1410.2023248672485), (19982.944298184935, 1412.3450005054474), (19026.20519191143, 1412.740343093872), (15444.703001026506, 1413.4740629196167), (13545.510916727444, 1429.725634098053), (12154.762861873622, 1438.6658818721771), (11456.031842653874, 1440.364027261734), (10399.678880932062, 1541.5128450393677), (9717.301198690891, 1542.1923825740814), (8583.280223541586, 2323.3478860855103), (44094.90497553534, 2323.3728580474854), (33984.49057864612, 2323.7297172546387), (32539.197496407105, 2323.76784324646), (30259.194495557138, 2324.256419658661), (24594.87072599813, 2324.6269748210907), (23887.167179445227, 2325.3808171749115), (19982.944298184935, 2328.2416434288025), (19026.20519191143, 2328.6165523529053), (15444.703001026506, 2329.360681295395), (10212.943495136917, 2331.257777452469), (8583.280223541586, 2332.067013502121), (4329.7495703016175, 2354.3759276866913), (44094.90497553534, 2354.3899114131927), (33984.49057864612, 2354.8635663986206), (32539.197496407105, 2354.9077661037445), (30259.194495557138, 2355.384368658066), (24594.87072599813, 2355.806275844574), (23887.167179445227, 2356.8050696849823), (19982.944298184935, 2359.578628540039), (19026.20519191143, 2359.932820558548), (15444.703001026506, 2360.7722601890564), (10212.943495136917, 2362.282563686371), (8583.280223541586, 2363.137768507004), (4329.7495703016175, 2381.6300179958344), (3724.304024152485, 2382.117539167404), (44094.90497553534, 2382.1336233615875), (33984.49057864612, 2382.567304134369), (32539.197496407105, 2382.6157200336456), (24524.124960455687, 2383.0875058174133), (23887.167179445227, 2385.5794076919556), (19743.03374350213, 2388.341425895691), (10212.943495136917, 2388.8429980278015), (8583.280223541586, 2389.6675872802734), (4329.7495703016175, 2407.2411959171295), (3724.304024152485, 2407.6135392189026), (1528.6284628863577, 2408.009080886841)]
(REAL, NOT adjusted by restarts) probability of this sequence is: 1.0027401257136125e-11
uncertainty:
{'ate': 8604.451537113642, 'ci': (-45723.08443353944, 62931.98750776673)}
checked:
10669
