Starting EXP30.9, type=probe_probs_with_restart, run 1/3 (Task 159)
loaded cached data
loaded cached data
loaded cached data
loaded cached data
loaded cached data
loaded cached data
loaded cached data
START ATE IS: 8798.674361038724
PROBE TRIGGERED! Error reduced from 9975.326 to 3554.111 (ATE went to 15219.889269279154).
PROBE TRIGGERED! Error reduced from 3554.111 to 2372.925 (ATE went to 16401.07488749364).
PROBE TRIGGERED! Error reduced from 2372.925 to 1673.114 (ATE went to 17100.88576836931).
PROBE TRIGGERED! Error reduced from 1673.114 to 1261.253 (ATE went to 17512.747393732698).
***
FINISHED
ATE before: 8798.674361038724
ATE now is: 17980.80366233168
sequence is: (('drop_duplicates', 'TABLE'), ('norm_log', 'Age'), ('isolationForest', 'TABLE'), ('norm_log', 'education'))
***
Execution time: 1020.663 sec
distances from ATE (with time):
[(9975.325638961276, 0), (3554.110730720846, 0.3559882640838623), (9975.325638961276, 0.8953466415405273), (3554.110730720846, 1.3014593124389648), (2372.92511250636, 7.312859296798706), (9975.325638961276, 8.010513067245483), (3554.110730720846, 8.38791275024414), (2372.92511250636, 10.867928504943848), (1673.1142316306905, 49.16624331474304), (9975.325638961276, 49.874669551849365), (3554.110730720846, 50.31460928916931), (2372.92511250636, 61.23037576675415), (1673.1142316306905, 65.36124420166016), (1261.2526062673023, 133.99932861328125), (9975.325638961276, 134.543879032135), (3554.110730720846, 135.0533745288849), (2372.92511250636, 146.35046362876892), (1673.1142316306905, 149.1063311100006), (1261.2526062673023, 186.92202496528625), (1152.0878998039152, 482.9625253677368), (793.1963376683198, 1020.3313446044922)]
(REAL, NOT adjusted by restarts) probability of this sequence is: 9.192134646515342e-07
uncertainty:
{'ate': 17980.80366233168, 'ci': (16605.679138676063, 19355.928185987297)}
checked:
309
