Starting EXP30.3, type=probe_probs_with_restart, run 1/3 (Task 105)
loaded cached data
loaded cached data
loaded cached data
loaded cached data
loaded cached data
loaded cached data
loaded cached data
START ATE IS: 8812.09149195706
PROBE TRIGGERED! Error reduced from 9961.909 to 2054.881 (ATE went to 16719.11870168924).
***
FINISHED
ATE before: 8812.09149195706
ATE now is: 18248.1269200284
sequence is: (('drop_duplicates', 'TABLE'), ('norm_log', 'education'))
***
Execution time: 3.166 sec
distances from ATE (with time):
[(9961.90850804294, 0), (2054.88129831076, 0.13686847686767578), (9961.90850804294, 0.34153270721435547), (2054.88129831076, 0.5638327598571777), (2054.8812983084645, 1.6815476417541504), (2054.8812983057105, 1.8960554599761963), (525.8730799715995, 3.0054311752319336)]
(REAL, NOT adjusted by restarts) probability of this sequence is: 0.004815039592267109
uncertainty:
{'ate': 18248.1269200284, 'ci': (17290.84563525756, 19205.40820479924)}
checked:
13
