Starting EXP33.5, type=probe_probs_with_restart, run 2/3 (Task 367)
loaded cached data
loaded cached data
loaded cached data
loaded cached data
loaded cached data
loaded cached data
loaded cached data
START ATE IS: 1671.1304157875093
PROBE TRIGGERED! Error reduced from 1671.130 to 1446.593 (ATE went to 1446.5934255203251).
PROBE TRIGGERED! Error reduced from 1446.593 to 1291.041 (ATE went to 1291.0413905160913).
PROBE TRIGGERED! Error reduced from 1291.041 to 1058.933 (ATE went to 1058.9325206244757).
PROBE TRIGGERED! Error reduced from 1058.933 to 940.156 (ATE went to 940.1557952913054).
PROBE TRIGGERED! Error reduced from 940.156 to 694.592 (ATE went to 694.5915120149912).
PROBE TRIGGERED! Error reduced from 694.592 to 502.446 (ATE went to 502.446089013627).
PROBE TRIGGERED! Error reduced from 502.446 to 427.283 (ATE went to 427.28341352315783).
PROBE TRIGGERED! Error reduced from 427.283 to 70.388 (ATE went to 70.38815672243982).
***
FINISHED
ATE before: 1671.1304157875093
ATE now is: 34.12133325462037
sequence is: (('bin_equal_frequency_5', 'education'), ('bin_equal_frequency_5', 'age'), ('drop_duplicates', 'TABLE'), ('isolationForest', 'TABLE'))
***
Execution time: 392.441 sec
distances from ATE (with time):
[(1671.1304157875093, 0), (1577.790931515443, 0.003570556640625), (1559.835520471799, 0.03022146224975586), (1446.5934255203251, 0.28072619438171387), (1671.1304157875093, 0.2854344844818115), (1446.5934255203251, 0.47236013412475586), (1426.1637200015948, 0.6911535263061523), (1291.0413905160913, 0.8799941539764404), (1671.1304157875093, 0.8846480846405029), (1446.5934255203251, 1.0717689990997314), (1426.1637200015948, 1.3240559101104736), (1291.0413905160913, 1.6169624328613281), (1244.9854332423592, 3.219362735748291), (1230.0781636508636, 4.350520610809326), (1178.7297685405947, 7.85973334312439), (1058.9325206244757, 10.66881775856018), (1671.1304157875093, 10.673518419265747), (1446.5934255203251, 10.863552570343018), (1426.1637200015948, 11.063008069992065), (1291.0413905160913, 11.255173444747925), (1244.9854332423592, 11.650143146514893), (1178.7297685405947, 14.156063795089722), (1058.9325206244757, 14.940732717514038), (973.5089905355862, 24.34731411933899), (940.1557952913054, 35.17443823814392), (1671.1304157875093, 35.17919707298279), (1446.5934255203251, 35.36562252044678), (1426.1637200015948, 35.56675338745117), (1291.0413905160913, 35.755932569503784), (1244.9854332423592, 36.32940077781677), (1178.7297685405947, 38.53108024597168), (940.1557952913054, 38.913146018981934), (938.8440353726382, 51.09290790557861), (938.1741332701686, 85.80309677124023), (694.5915120149912, 92.09158158302307), (1671.1304157875093, 92.09657287597656), (1446.5934255203251, 92.28677153587341), (1426.1637200015948, 92.48763346672058), (1291.0413905160913, 92.67909407615662), (1102.2625462328506, 93.09132599830627), (694.5915120149912, 94.86977553367615), (502.446089013627, 95.44481325149536), (1671.1304157875093, 95.44969964027405), (1446.5934255203251, 95.63877511024475), (1426.1637200015948, 95.83947229385376), (1291.0413905160913, 96.03187656402588), (1102.2625462328506, 96.42929673194885), (694.5915120149912, 97.82448482513428), (502.446089013627, 98.01605772972107), (494.9296242161454, 116.55928325653076), (427.28341352315783, 119.90121459960938), (1671.1304157875093, 119.90609216690063), (1446.5934255203251, 120.09584283828735), (1426.1637200015948, 120.30052423477173), (1291.0413905160913, 120.4920539855957), (1102.2625462328506, 120.88750696182251), (694.5915120149912, 122.08176469802856), (502.446089013627, 122.59618258476257), (494.9296242161454, 131.28890585899353), (427.28341352315783, 133.22812581062317), (403.7668842384319, 135.16445064544678), (70.38815672243982, 140.0657603740692), (1671.1304157875093, 140.07049345970154), (1446.5934255203251, 140.25731945037842), (1426.1637200015948, 140.4630641937256), (1291.0413905160913, 140.65232968330383), (1102.2625462328506, 141.03657817840576), (694.5915120149912, 142.41942644119263), (502.446089013627, 142.60831689834595), (494.9296242161454, 152.53511142730713), (427.28341352315783, 155.65914297103882), (70.38815672243982, 156.6484682559967), (66.46781926627773, 198.84008884429932), (34.12133325462037, 392.4391396045685)]
(REAL, NOT adjusted by restarts) probability of this sequence is: 3.833133039440265e-09
uncertainty:
{'ate': 34.12133325462037, 'ci': (-843.6940973690631, 911.9367638783039)}
checked:
3234
