Starting EXP29.5, type=probe_probs_with_restart, run 1/3 (Task 42)
loaded cached data
loaded cached data
loaded cached data
loaded cached data
loaded cached data
loaded cached data
loaded cached data
START ATE IS: 1974.7695812393722
PROBE TRIGGERED! Error reduced from 1974.770 to 1599.215 (ATE went to 1599.215451206299).
PROBE TRIGGERED! Error reduced from 1599.215 to 1436.903 (ATE went to 1436.9028150814484).
PROBE TRIGGERED! Error reduced from 1436.903 to 1243.736 (ATE went to 1243.7363819024995).
PROBE TRIGGERED! Error reduced from 1243.736 to 1115.617 (ATE went to 1115.6168895564424).
PROBE TRIGGERED! Error reduced from 1115.617 to 712.464 (ATE went to 712.4643175525307).
PROBE TRIGGERED! Error reduced from 712.464 to 548.269 (ATE went to 548.2688026098276).
PROBE TRIGGERED! Error reduced from 548.269 to 432.934 (ATE went to 432.9343699507517).
PROBE TRIGGERED! Error reduced from 432.934 to 365.389 (ATE went to 365.38857636322973).
PROBE TRIGGERED! Error reduced from 365.389 to 311.032 (ATE went to 311.031673624444).
PROBE TRIGGERED! Error reduced from 311.032 to 240.918 (ATE went to 240.91844674037202).
***
FINISHED
ATE before: 1974.7695812393722
ATE now is: 13.857834420230574
sequence is: (('IQR', 'age'), ('bin_equal_frequency_5', 'age'), ('drop_duplicates', 'TABLE'), ('bin_equal_frequency_5', 'education'), ('isolationForest', 'TABLE'))
***
Execution time: 8801.003 sec
distances from ATE (with time):
[(1974.7695812393722, 0), (1974.7695802470862, 0.006679534912109375), (1973.1570042642707, 0.017429590225219727), (1944.9987108667829, 0.027034282684326172), (1944.9987107033994, 0.3710196018218994), (1944.2534579328458, 0.392153263092041), (1599.215451206299, 0.9502599239349365), (1974.7695812393722, 0.9544165134429932), (1974.7695802470862, 0.9648244380950928), (1973.1570042642707, 0.9752836227416992), (1944.9987108667829, 0.9899137020111084), (1599.215451206299, 0.9950134754180908), (1531.9775327754014, 2.225992202758789), (1436.9028150814484, 3.1308693885803223), (1974.7695812393722, 3.1350631713867188), (1974.6796247044022, 3.145925521850586), (1973.1570042642707, 3.170130491256714), (1599.215451206299, 3.175300121307373), (1436.9028150814484, 3.180396556854248), (1432.7910768808542, 4.127711534500122), (1413.6062720413665, 4.872020721435547), (1243.7363819024995, 8.21225357055664), (1974.7695812393722, 8.21649980545044), (1974.6796247044022, 8.227565050125122), (1599.215451206299, 8.411528587341309), (1436.9028150814484, 8.610987901687622), (1243.7363819024995, 10.120293617248535), (1129.3577919835407, 10.644577503204346), (1129.3577919835134, 34.67736268043518), (1129.357786214333, 35.62383222579956), (1115.6168895564424, 36.56862783432007), (1974.7695812393722, 36.573099851608276), (1974.6796247044022, 36.584248065948486), (1599.215451206299, 36.77555012702942), (1436.9028150814484, 36.97440814971924), (1243.7363819024995, 38.84950613975525), (1129.3577919835407, 39.21666240692139), (1115.6168895564424, 49.39432644844055), (1078.9033932806797, 51.480918645858765), (1076.8615406385597, 88.54698324203491), (712.4643175525307, 109.2024302482605), (1974.7695812393722, 109.20699548721313), (1974.6796247044022, 109.39965057373047), (1944.9987108667829, 109.40820407867432), (1599.215451206299, 109.59059262275696), (1531.9775327754014, 110.1294596195221), (1436.9028150814484, 110.15437316894531), (1243.7363819024995, 111.8008918762207), (1129.3577919835407, 112.16831183433533), (1115.6168895564424, 125.99564361572266), (712.4643175525307, 133.49008440971375), (548.2688026098276, 167.88186287879944), (1974.7695812393722, 167.89059162139893), (1974.6796247044022, 168.3385875225067), (1944.9987108667829, 168.34809517860413), (1599.215451206299, 168.9035518169403), (1531.9775327754014, 170.46567487716675), (1436.9028150814484, 170.47533059120178), (1243.7363819024995, 175.86705565452576), (1129.3577919835407, 176.92197227478027), (712.4643175525307, 211.8534619808197), (548.2688026098276, 235.3002896308899), (548.2688026098185, 753.9749953746796), (548.2688026098003, 765.1045043468475), (530.9980593362243, 856.2520611286163), (432.9343699507517, 1951.1879262924194), (1974.7695812393722, 1951.1972715854645), (1974.6796247044022, 1951.5684566497803), (1944.9987108667829, 1951.5764074325562), (1599.215451206299, 1952.2758440971375), (1436.9028150814484, 1952.2844920158386), (1243.7363819024995, 1959.5725643634796), (1129.3577919835407, 1961.3219916820526), (548.2688026098276, 1997.4975202083588), (432.9343699507517, 2297.3324139118195), (365.38857636322973, 2297.716438293457), (1974.7695812393722, 2297.724739551544), (1974.6796247044022, 2297.7303314208984), (1944.9987108667829, 2297.739297389984), (1944.3750078493558, 2298.5017614364624), (1436.9028150814484, 2299.882369995117), (1413.6062720413665, 2304.3991191387177), (1340.487806524552, 2306.47319149971), (1297.8468021467888, 2314.476372718811), (1243.7363819024995, 2319.2081050872803), (1129.3577919835407, 2320.491396665573), (548.2688026098276, 2333.223559856415), (432.9343699507517, 2504.50821185112), (365.38857636322973, 2504.852037668228), (360.9098225252783, 3624.496821641922), (311.031673624444, 5042.714802742004), (1974.7695812393722, 5042.724551439285), (1974.6796247044022, 5042.72958445549), (1944.9987108667829, 5042.737618684769), (1944.3750078493558, 5043.444308519363), (1436.9028150814484, 5044.961074829102), (1308.9674141171927, 5046.90558218956), (1297.8468021467888, 5054.609234333038), (1243.7363819024995, 5056.040301084518), (1129.3577919835407, 5056.729315280914), (780.3771620177904, 5064.234532117844), (548.2688026098276, 5081.288288831711), (530.9980593362243, 5126.717750072479), (384.54816406213195, 5313.192699432373), (311.031673624444, 5313.527006626129), (240.91844674037202, 5862.845831632614), (1974.7695812393722, 5862.853727817535), (1974.6796247044022, 5862.8580486774445), (1953.9360510467277, 5863.167804479599), (1944.9987108667829, 5863.17481303215), (1436.9028150814484, 5864.110606431961), (1308.9674141171927, 5865.775933742523), (780.3771620177904, 5882.302695035934), (530.9980593362243, 5911.161452054977), (384.54816406213195, 6110.816734075546), (311.031673624444, 6111.144400596619), (240.91844674037202, 6209.5005486011505), (13.857834420230574, 8801.000995635986)]
(REAL, NOT adjusted by restarts) probability of this sequence is: 6.402543143763222e-11
uncertainty:
{'ate': 13.857834420230574, 'ci': (-2497.937344832807, 2525.653013673268)}
checked:
44149
