Starting EXP33.3, type=probe, run 2/3 (Task 343)
loaded cached data
loaded cached data
loaded cached data
loaded cached data
loaded cached data
loaded cached data
loaded cached data
START ATE IS: 1671.1304157874947
PROBE TRIGGERED! Error reduced from 1671.130 to 1476.588 (ATE went to 1476.5879307188197).
PROBE TRIGGERED! Error reduced from 1476.588 to 1320.571 (ATE went to 1320.570743422113).
PROBE TRIGGERED! Error reduced from 1320.571 to 1117.201 (ATE went to 1117.2008501822784).
PROBE TRIGGERED! Error reduced from 1117.201 to 949.228 (ATE went to 949.2278155453969).
PROBE TRIGGERED! Error reduced from 949.228 to 637.833 (ATE went to 637.8325943001946).
PROBE TRIGGERED! Error reduced from 637.833 to 480.219 (ATE went to 480.21945048881025).
PROBE TRIGGERED! Error reduced from 480.219 to 380.834 (ATE went to 380.83398556941756).
PROBE TRIGGERED! Error reduced from 380.834 to 182.600 (ATE went to 182.59960420486368).
PROBE TRIGGERED! Error reduced from 182.600 to 162.333 (ATE went to 162.33293304171548).
PROBE TRIGGERED! Error reduced from 162.333 to 84.298 (ATE went to 84.29841806373497).
***
FINISHED
ATE before: 1671.1304157874947
ATE now is: 28.572676145055084
sequence is: (('IQR', 'education'), ('bin_equal_frequency_5', 'age'), ('drop_duplicates', 'TABLE'), ('bin_equal_frequency_2', 'education'), ('isolationForest', 'TABLE'))
***
Execution time: 4459.523 sec
distances from ATE (with time):
[(1671.1304157874947, 0), (1665.9000243162936, 0.0034275054931640625), (1624.0719958695172, 0.007932424545288086), (1559.8355204716518, 0.1008749008178711), (1476.5879307188197, 0.30841827392578125), (1671.1304157874947, 0.312957763671875), (1476.5879307188197, 0.49542903900146484), (1439.3654106601389, 0.7846999168395996), (1320.570743422113, 4.236303806304932), (1671.1304157874947, 4.243747234344482), (1476.5879307188197, 4.464407444000244), (1320.570743422113, 4.728511095046997), (1216.5748367839387, 4.934349536895752), (1195.6024827203537, 9.737576961517334), (1117.2008501822784, 9.922706127166748), (1671.1304157874947, 9.927247524261475), (1476.5879307188197, 10.109723806381226), (1459.0489652287615, 10.311853408813477), (1320.570743422113, 10.558441877365112), (1117.2008501822784, 10.766400575637817), (949.2278155453969, 15.665779113769531), (1671.1304157874947, 15.670358657836914), (1476.5879307188197, 15.852681398391724), (1459.0489652287615, 16.05111789703369), (1320.570743422113, 16.419589519500732), (1117.2008501822784, 16.60462260246277), (949.2278155453969, 16.790632009506226), (932.3894174910538, 25.50896143913269), (637.8325943001946, 27.187727451324463), (1671.1304157874947, 27.19232988357544), (1476.5879307188197, 27.42406964302063), (1459.0489652287615, 27.68655228614807), (1117.2008501822784, 28.129314184188843), (949.2278155453969, 28.36601448059082), (932.3894174910538, 29.188053607940674), (637.8325943001946, 29.911003828048706), (603.5142103147828, 62.86080861091614), (480.21945048881025, 66.59347796440125), (1671.1304157874947, 66.6056911945343), (1476.5879307188197, 66.84331679344177), (1459.0489652287615, 67.04142498970032), (1117.2008501822784, 67.4148018360138), (949.2278155453969, 67.60118365287781), (932.3894174910538, 68.65423440933228), (637.8325943001946, 69.22739291191101), (603.5142103147828, 74.49311184883118), (480.21945048881025, 78.18483209609985), (380.83398556941756, 110.60619020462036), (1671.1304157874947, 110.61140131950378), (1476.5879307188197, 110.80331540107727), (1459.0489652287615, 111.01262474060059), (1117.2008501822784, 111.4061279296875), (949.2278155453969, 111.60210299491882), (932.3894174910538, 112.629070520401), (637.8325943001946, 113.31822395324707), (603.5142103147828, 114.35990190505981), (480.21945048881025, 114.7522976398468), (380.83398556941756, 129.31575846672058), (182.59960420486368, 130.10591959953308), (1671.1304157874947, 130.11093139648438), (1476.5879307188197, 130.3031497001648), (1459.0489652287615, 130.51155614852905), (1117.2008501822784, 130.9056088924408), (949.2278155453969, 131.1068811416626), (932.3894174910538, 132.1354100704193), (637.8325943001946, 133.61243891716003), (603.5142103147828, 133.80806827545166), (480.21945048881025, 134.20143628120422), (380.83398556941756, 148.80294799804688), (182.59960420486368, 149.53189420700073), (182.5996042048546, 626.3418092727661), (162.33293304171548, 628.6945557594299), (1671.1304157874947, 628.7001104354858), (1476.5879307188197, 628.8866965770721), (1459.0489652287615, 629.0898032188416), (1117.2008501822784, 629.466799736023), (949.2278155453969, 629.6547458171844), (932.3894174910538, 630.6392712593079), (637.8325943001946, 632.236692905426), (603.5142103147828, 632.4239680767059), (480.21945048881025, 632.9853665828705), (380.83398556941756, 648.9981484413147), (182.59960420486368, 650.0769221782684), (162.33293304171548, 782.8279280662537), (84.29841806373497, 846.11101603508), (1671.1304157874947, 846.1163196563721), (1476.5879307188197, 846.3600718975067), (1459.0489652287615, 846.5632774829865), (1117.2008501822784, 846.9970631599426), (949.2278155453969, 847.2053377628326), (932.3894174910538, 848.2436435222626), (637.8325943001946, 849.733295917511), (603.5142103147828, 849.9199342727661), (480.21945048881025, 850.4774148464203), (380.83398556941756, 862.6631011962891), (182.59960420486368, 866.9335305690765), (162.33293304171548, 943.6040723323822), (84.29841806373497, 956.7552525997162), (82.42108463855675, 1747.219319343567), (28.572676145055084, 4459.520946025848)]
(REAL, NOT adjusted by restarts) probability of this sequence is: 3.492943259127732e-08
uncertainty:
{'ate': 28.572676145055084, 'ci': (-1101.2398461706605, 1158.3851984607707)}
checked:
35085
