Starting EXP33.5, type=probe_probs_no_restart, run 1/3 (Task 363)
loaded cached data
loaded cached data
loaded cached data
loaded cached data
loaded cached data
loaded cached data
loaded cached data
START ATE IS: 1671.1304157875093
***
FINISHED
ATE before: 1671.1304157875093
ATE now is: 34.12133325462037
sequence is: (('bin_equal_frequency_5', 'education'), ('bin_equal_frequency_5', 'age'), ('drop_duplicates', 'TABLE'), ('isolationForest', 'TABLE'))
***
Execution time: 1506.030 sec
distances from ATE (with time):
[(1671.1304157875093, 0), (1577.790931515443, 0.0034792423248291016), (1559.835520471799, 0.029074430465698242), (1446.5934255203251, 0.27564573287963867), (1426.1637200015948, 0.7015633583068848), (1291.0413905160913, 0.9130749702453613), (1187.594482191731, 0.9652502536773682), (1178.7297685405947, 7.819335460662842), (1058.9325206244757, 10.239816665649414), (973.5089905355862, 13.236906051635742), (940.1557952913054, 33.116117000579834), (694.5915120149912, 42.115025997161865), (502.446089013627, 43.06077742576599), (392.11442345991236, 74.38719010353088), (386.1470197126009, 455.5613362789154), (275.52443707163366, 532.1313939094543), (104.86454854891508, 1085.6850020885468), (70.38815672243982, 1086.3446617126465), (34.12133325462037, 1506.0278222560883)]
probability of this sequence is: 3.833133039440265e-09
uncertainty:
{'ate': 34.12133325462037, 'ci': (-843.6940973690631, 911.9367638783039)}
checked:
28982
