Starting EXP29.7, type=probe, run 1/3 (Task 54)
loaded cached data
loaded cached data
loaded cached data
loaded cached data
loaded cached data
loaded cached data
loaded cached data
START ATE IS: 1648.1845729272627
PROBE TRIGGERED! Error reduced from 1648.185 to 922.150 (ATE went to 922.1496152883101).
PROBE TRIGGERED! Error reduced from 922.150 to 693.287 (ATE went to 693.2874953367118).
PROBE TRIGGERED! Error reduced from 693.287 to 196.436 (ATE went to -196.43579086551108).
***
FINISHED
ATE before: 1648.1845729272627
ATE now is: 5.264345277469147
sequence is: (('drop_duplicates', 'TABLE'), ('bin_equal_frequency_2', 'education'), ('bin_equal_frequency_2', 'age'), ('isolationForest', 'TABLE'))
***
Execution time: 589.718 sec
distances from ATE (with time):
[(1648.1845729272627, 0), (1600.848445919124, 0.0064661502838134766), (1556.9569267915977, 0.01473546028137207), (1506.9376014567679, 0.6416840553283691), (1489.6016756923327, 1.6897900104522705), (922.1496152883101, 14.113195419311523), (1648.1845729272627, 14.120652437210083), (1600.848445919124, 14.125933647155762), (1556.9569267915977, 14.947657585144043), (922.1496152883101, 15.467728853225708), (847.9102791492087, 46.80880045890808), (693.2874953367118, 63.23541855812073), (1648.1845729272627, 63.2451388835907), (1600.848445919124, 63.252285957336426), (1556.9569267915977, 63.700690269470215), (922.1496152883101, 64.71591973304749), (847.9102791492087, 81.26821208000183), (693.2874953367118, 81.94707489013672), (196.43579086551108, 144.05055284500122), (1648.1845729272627, 144.05807948112488), (1600.848445919124, 144.063054561615), (1556.9569267915977, 144.0696883201599), (1506.9376014567679, 144.42982482910156), (922.1496152883101, 145.59762978553772), (847.9102791492087, 148.56570839881897), (693.2874953367118, 156.4692370891571), (196.43579086551108, 166.38580632209778), (5.264345277469147, 589.7138361930847)]
(REAL, NOT adjusted by restarts) probability of this sequence is: 1.082812410329597e-06
uncertainty:
{'ate': 5.264345277469147, 'ci': (-1713.4545935265376, 1723.9832840814759)}
checked:
4557
