Starting EXP36.2, type=probe_probs_with_restart, run 3/3 (Task 431)
loaded cached data
loaded cached data
loaded cached data
loaded cached data
loaded cached data
loaded cached data
loaded cached data
START ATE IS: 73620.54741741592
PROBE TRIGGERED! Error reduced from 63487.467 to 32523.089 (ATE went to 42656.16859106748).
PROBE TRIGGERED! Error reduced from 32523.089 to 15024.702 (ATE went to 25157.782470551745).
PROBE TRIGGERED! Error reduced from 15024.702 to 12083.862 (ATE went to 22216.94248163502).
PROBE TRIGGERED! Error reduced from 12083.862 to 7907.749 (ATE went to 2225.330629716245).
PROBE TRIGGERED! Error reduced from 7907.749 to 5024.790 (ATE went to 15157.86960869057).
***
FINISHED
ATE before: 73620.54741741592
ATE now is: 12657.35335272457
sequence is: (('norm_log', 'sqft_living15'), ('norm_log', 'sqft_living'), ('bin_equal_frequency_5', 'sqft_lot15'))
***
Execution time: 17.130 sec
distances from ATE (with time):
[(63487.467417415915, 0), (63487.45305942076, 0.022240638732910156), (63487.40770599189, 0.05639386177062988), (63487.403167149765, 0.10196518898010254), (63487.31923210477, 0.11329364776611328), (60969.573179540166, 0.1879880428314209), (32523.088591067477, 0.23296451568603516), (63487.467417415915, 0.27104902267456055), (32523.088591067477, 0.276777982711792), (15024.702470551745, 0.8331811428070068), (63487.467417415915, 0.8474867343902588), (32523.088591067477, 0.854649543762207), (15024.702470551745, 0.8662395477294922), (15024.645314809151, 1.723109483718872), (15024.637352446682, 1.8135099411010742), (14706.993260220077, 2.1981866359710693), (12083.862481635018, 2.6916801929473877), (63487.467417415915, 2.6989095211029053), (15024.702470551745, 2.7023775577545166), (12083.862481635018, 2.7399089336395264), (7907.749370283755, 9.122906923294067), (63487.467417415915, 9.130930662155151), (15024.702470551745, 9.134755849838257), (12083.862481635018, 9.213717699050903), (7907.749370283755, 9.228195905685425), (5024.789608690569, 16.766871452331543), (63487.467417415915, 16.774760484695435), (15024.702470551745, 16.77831244468689), (5024.789608690569, 16.81509780883789), (2524.273352724571, 17.12682604789734)]
(REAL, NOT adjusted by restarts) probability of this sequence is: 7.338960928034384e-09
uncertainty:
{'ate': 12657.35335272457, 'ci': (-122892.22799237847, 148206.93469782762)}
checked:
1226
