Starting EXP36.1, type=probe_probs_with_restart, run 2/3 (Task 421)
loaded cached data
loaded cached data
loaded cached data
loaded cached data
loaded cached data
loaded cached data
loaded cached data
START ATE IS: 114722.25963211633
PROBE TRIGGERED! Error reduced from 104589.180 to 93685.161 (ATE went to 103818.24142742716).
PROBE TRIGGERED! Error reduced from 93685.161 to 79669.975 (ATE went to 89803.05502430093).
PROBE TRIGGERED! Error reduced from 79669.975 to 38254.688 (ATE went to 48387.76846834249).
PROBE TRIGGERED! Error reduced from 38254.688 to 34070.442 (ATE went to 44203.5223918957).
PROBE TRIGGERED! Error reduced from 34070.442 to 30081.769 (ATE went to 40214.84852849094).
PROBE TRIGGERED! Error reduced from 30081.769 to 25263.015 (ATE went to 35396.09527479507).
PROBE TRIGGERED! Error reduced from 25263.015 to 19575.047 (ATE went to 29708.12709218371).
PROBE TRIGGERED! Error reduced from 19575.047 to 16054.515 (ATE went to 26187.594891994657).
PROBE TRIGGERED! Error reduced from 16054.515 to 13004.397 (ATE went to 23137.477279730236).
PROBE TRIGGERED! Error reduced from 13004.397 to 11462.766 (ATE went to 21595.84627585038).
PROBE TRIGGERED! Error reduced from 11462.766 to 6960.046 (ATE went to 17093.125945007454).
PROBE TRIGGERED! Error reduced from 6960.046 to 5301.087 (ATE went to 15434.167277812554).
PROBE TRIGGERED! Error reduced from 5301.087 to 3350.780 (ATE went to 13483.86016646667).
***
FINISHED
ATE before: 114722.25963211633
ATE now is: 11832.803399098275
sequence is: (('bin_equal_frequency_5', 'sqft_lot15'), ('IQR', 'bathrooms'), ('zscore_clip_3', 'grade'), ('norm_log', 'sqft_above'), ('norm_log', 'grade'), ('bin_equal_width_5', 'sqft_living15'))
***
Execution time: 510.679 sec
distances from ATE (with time):
[(104589.17963211633, 0), (104589.01048426193, 0.016016244888305664), (103428.93796985496, 0.10327482223510742), (99125.69446148422, 0.10962772369384766), (93685.16142742716, 0.16952204704284668), (104589.17963211633, 0.19890546798706055), (93685.16142742716, 0.21395182609558105), (79669.97502430093, 0.6306571960449219), (104589.17963211633, 0.638599157333374), (93685.16142742716, 0.6424174308776855), (79669.97502430093, 0.6495733261108398), (76617.04860391685, 0.665679931640625), (76103.48800751797, 3.9348413944244385), (74667.30036530943, 4.045746326446533), (73136.69373265318, 4.316234111785889), (38254.68846834249, 6.467975378036499), (104589.17963211633, 6.484252452850342), (79669.97502430093, 6.495018720626831), (76617.04860391685, 6.543905258178711), (38254.68846834249, 6.5610198974609375), (35366.902091527496, 6.948137283325195), (34070.442391895696, 16.882128715515137), (104589.17963211633, 16.889919996261597), (79669.97502430093, 16.89503788948059), (38254.68846834249, 16.92075538635254), (34070.442391895696, 17.32154607772827), (30081.76852849094, 21.14819097518921), (104589.17963211633, 21.15527653694153), (79669.97502430093, 21.16004705429077), (76617.04860391685, 21.185669422149658), (38254.68846834249, 21.19398784637451), (35366.902091527496, 21.341002702713013), (34070.442391895696, 21.476737022399902), (30081.76852849094, 22.60428476333618), (28904.21303923685, 41.42898964881897), (27560.927011566673, 68.20210719108582), (25263.01527479507, 69.19811701774597), (104589.17963211633, 69.20648050308228), (79669.97502430093, 69.21212959289551), (38254.68846834249, 69.24830842018127), (25263.01527479507, 69.41095161437988), (19575.04709218371, 71.2333014011383), (104589.17963211633, 71.24050641059875), (79669.97502430093, 71.24529337882996), (38254.68846834249, 71.27807354927063), (25263.01527479507, 71.47074174880981), (19575.04709218371, 73.61565160751343), (16054.514891994657, 95.42385053634644), (104589.17963211633, 95.43199253082275), (79669.97502430093, 95.4373722076416), (38254.68846834249, 95.4790108203888), (34070.442391895696, 95.711021900177), (25263.01527479507, 95.80519104003906), (19575.04709218371, 96.90377044677734), (16054.514891994657, 105.23486948013306), (13004.397279730236, 386.0927104949951), (104589.17963211633, 386.11256742477417), (79669.97502430093, 386.12237071990967), (70182.7476953778, 386.245890378952), (38254.68846834249, 386.2766270637512), (25263.01527479507, 386.59734773635864), (19575.04709218371, 388.3075430393219), (13004.397279730236, 388.72926926612854), (11462.766275850381, 388.87420892715454), (104589.17963211633, 388.8820037841797), (79669.97502430093, 388.887412071228), (70182.7476953778, 388.9261167049408), (38254.68846834249, 388.93461990356445), (25263.01527479507, 389.1317505836487), (13004.397279730236, 390.30590558052063), (11462.766275850381, 390.4522249698639), (6960.045945007454, 399.72409677505493), (104589.17963211633, 399.7373163700104), (97713.22083546214, 399.7553150653839), (79669.97502430093, 399.7675516605377), (70182.7476953778, 399.82539916038513), (38254.68846834249, 399.8538718223572), (25263.01527479507, 400.26984310150146), (13004.397279730236, 402.17634177207947), (11462.766275850381, 402.3459484577179), (6960.045945007454, 412.4776122570038), (5301.087277812554, 413.11714792251587), (104589.17963211633, 413.1241943836212), (87477.39020611292, 413.1280710697174), (79669.97502430093, 413.15230917930603), (79001.75727858883, 413.1786918640137), (65633.15302755602, 413.18622398376465), (59123.21403082744, 413.340106010437), (38254.68846834249, 413.35399317741394), (27560.927011566673, 413.6258056163788), (25263.01527479507, 413.70607113838196), (13004.397279730236, 414.5042381286621), (11462.766275850381, 414.6917417049408), (6960.045945007454, 416.56324076652527), (5301.087277812554, 417.36394810676575), (3350.7801664666695, 463.1085534095764), (104589.17963211633, 463.1228232383728), (87477.39020611292, 463.1301746368408), (79669.97502430093, 463.17742824554443), (79001.75727858883, 463.2258093357086), (65633.15302755602, 463.240398645401), (59123.21403082744, 463.39386439323425), (38254.68846834249, 463.4102072715759), (27560.927011566673, 463.7267007827759), (25263.01527479507, 463.9356360435486), (13004.397279730236, 465.03574085235596), (11462.766275850381, 465.3051800727844), (6960.045945007454, 467.8726234436035), (5301.087277812554, 468.6919529438019), (3350.7801664666695, 507.60563826560974), (1699.723399098275, 510.6730580329895)]
(REAL, NOT adjusted by restarts) probability of this sequence is: 3.475683227415383e-18
uncertainty:
{'ate': 11832.803399098275, 'ci': (-121587.10898535125, 145252.7157835478)}
checked:
28398
