Starting EXP33.2, type=probe_probs_with_restart, run 1/3 (Task 339)
loaded cached data
loaded cached data
loaded cached data
loaded cached data
loaded cached data
loaded cached data
loaded cached data
START ATE IS: 1671.1304157874747
PROBE TRIGGERED! Error reduced from 1671.130 to 1428.098 (ATE went to 1428.0980002064048).
PROBE TRIGGERED! Error reduced from 1428.098 to 1262.148 (ATE went to 1262.1483788288679).
PROBE TRIGGERED! Error reduced from 1262.148 to 1102.263 (ATE went to 1102.262546232856).
PROBE TRIGGERED! Error reduced from 1102.263 to 741.953 (ATE went to 741.953218722485).
PROBE TRIGGERED! Error reduced from 741.953 to 332.871 (ATE went to 332.87084237104773).
PROBE TRIGGERED! Error reduced from 332.871 to 279.972 (ATE went to 279.97242586227003).
PROBE TRIGGERED! Error reduced from 279.972 to 65.417 (ATE went to 65.4166099238355).
PROBE TRIGGERED! Error reduced from 65.417 to 55.867 (ATE went to 55.86667603791648).
***
FINISHED
ATE before: 1671.1304157874747
ATE now is: 10.006850340641904
sequence is: (('zscore_clip_3', 'age'), ('bin_equal_width_10', 'education'), ('bin_equal_frequency_5', 'age'), ('isolationForest', 'TABLE'), ('drop_duplicates', 'TABLE'))
***
Execution time: 3018.605 sec
distances from ATE (with time):
[(1671.1304157874747, 0), (1577.7909315152556, 0.003412008285522461), (1559.8355204717245, 0.02982473373413086), (1428.0980002064048, 0.3537290096282959), (1671.1304157874747, 0.35838794708251953), (1428.0980002064048, 0.5413691997528076), (1262.1483788288679, 0.9445056915283203), (1671.1304157874747, 0.9490630626678467), (1428.0980002064048, 1.1322474479675293), (1262.1483788288679, 1.507122278213501), (1247.0708639105987, 3.8357620239257812), (1183.1595790114488, 7.284010648727417), (1173.782107716058, 7.656316757202148), (1102.262546232856, 11.325432062149048), (1671.1304157874747, 11.329881191253662), (1428.0980002064048, 11.514777421951294), (1262.1483788288679, 11.89941120147705), (1102.262546232856, 12.288203001022339), (741.953218722485, 14.767358303070068), (1671.1304157874747, 14.771787166595459), (1428.0980002064048, 14.955397367477417), (1420.1732526649039, 15.150610446929932), (1102.262546232856, 15.337274074554443), (741.953218722485, 16.68071746826172), (332.87084237104773, 17.239057540893555), (1671.1304157874747, 17.243465423583984), (1428.0980002064048, 17.427106380462646), (1420.1732526649039, 17.621771335601807), (1102.262546232856, 17.807740211486816), (741.953218722485, 19.291154384613037), (332.87084237104773, 19.937801122665405), (332.8708423710077, 40.97880434989929), (330.8039693663077, 52.15319466590881), (279.97242586227003, 130.1626319885254), (1671.1304157874747, 130.16724562644958), (1428.0980002064048, 130.34967255592346), (1420.1732526649039, 130.5427680015564), (1102.262546232856, 130.73690724372864), (741.953218722485, 132.08826994895935), (332.87084237104773, 132.27949833869934), (279.97242586227003, 152.5383176803589), (277.6391814121398, 253.32674956321716), (65.4166099238355, 288.50812244415283), (1671.1304157874747, 288.5127115249634), (1428.0980002064048, 288.69526505470276), (1420.1732526649039, 288.8888330459595), (1102.262546232856, 289.0818507671356), (904.9358950645064, 290.0254089832306), (741.953218722485, 290.8083584308624), (332.87084237104773, 290.9951627254486), (65.4166099238355, 309.410950422287), (63.24568848677791, 573.6141543388367), (55.86667603791648, 1048.1784250736237), (1671.1304157874747, 1048.1839599609375), (1428.0980002064048, 1048.4242136478424), (1420.1732526649039, 1048.622299671173), (1102.262546232856, 1048.8137929439545), (904.9358950645064, 1049.5521166324615), (741.953218722485, 1050.9098913669586), (332.87084237104773, 1051.093627691269), (65.4166099238355, 1066.21848320961), (55.86667603791648, 1175.3123006820679), (55.86667603791375, 1980.06223320961), (55.866676037901016, 2000.2071857452393), (52.562633132411065, 2322.496972799301), (52.47209663828835, 2459.281129360199), (10.006850340641904, 3018.6025252342224)]
(REAL, NOT adjusted by restarts) probability of this sequence is: 8.26952335422387e-12
uncertainty:
{'ate': 10.006850340641904, 'ci': (-1339.981115928822, 1359.9948166101058)}
checked:
23648
