Starting EXP29.5, type=probe_probs_no_restart, run 3/3 (Task 41)
loaded cached data
loaded cached data
loaded cached data
loaded cached data
loaded cached data
loaded cached data
loaded cached data
START ATE IS: 1499.0803386383413
***
FINISHED
ATE before: 1499.0803386383413
ATE now is: 49.03823999634369
sequence is: (('IQR', 'education'), ('isolationForest', 'TABLE'), ('drop_duplicates', 'TABLE'))
***
Execution time: 13.737 sec
distances from ATE (with time):
[(1499.0803386383413, 0), (1425.5784160682524, 0.0029828548431396484), (1425.57841283808, 0.03172612190246582), (1417.1258718132576, 0.04082369804382324), (834.9145928607031, 0.2541944980621338), (716.0932605052676, 0.842376708984375), (502.3509659401043, 3.02783465385437), (473.25110954410684, 3.2522647380828857), (105.279694312012, 3.4294612407684326), (70.64532955650975, 12.398333311080933), (54.99015163843251, 12.573418378829956), (49.03823999634369, 13.735355854034424)]
probability of this sequence is: 1.3354932772788448e-05
uncertainty:
{'ate': 49.03823999634369, 'ci': (-2260.726189409783, 2358.80266940247)}
checked:
622
