Starting EXP36.1, type=probe_probs_with_restart, run 3/3 (Task 422)
loaded cached data
loaded cached data
loaded cached data
loaded cached data
loaded cached data
loaded cached data
loaded cached data
START ATE IS: 145962.13479665903
PROBE TRIGGERED! Error reduced from 135829.055 to 109200.192 (ATE went to 119333.27237662888).
PROBE TRIGGERED! Error reduced from 109200.192 to 79574.302 (ATE went to 89707.38165340903).
PROBE TRIGGERED! Error reduced from 79574.302 to 71304.785 (ATE went to 81437.865062031).
PROBE TRIGGERED! Error reduced from 71304.785 to 17021.855 (ATE went to 27154.934626997805).
PROBE TRIGGERED! Error reduced from 17021.855 to 9152.056 (ATE went to 981.0242500367137).
PROBE TRIGGERED! Error reduced from 9152.056 to 7098.148 (ATE went to 17231.22778704823).
PROBE TRIGGERED! Error reduced from 7098.148 to 5864.851 (ATE went to 15997.930874769434).
PROBE TRIGGERED! Error reduced from 5864.851 to 3479.411 (ATE went to 6653.669351112622).
***
FINISHED
ATE before: 145962.13479665903
ATE now is: 9340.787517811174
sequence is: (('IQR', 'sqft_lot'), ('IQR', 'sqft_living'))
***
Execution time: 37.515 sec
distances from ATE (with time):
[(135829.05479665904, 0), (135829.02544388702, 0.01638484001159668), (135829.00636854983, 0.03226637840270996), (135828.9922489534, 0.04865384101867676), (135828.97338879557, 0.05414009094238281), (135828.97058318384, 0.07046246528625488), (129685.63065839019, 0.08662033081054688), (109200.19237662888, 0.11328959465026855), (135829.05479665904, 0.12025022506713867), (109200.19237662888, 0.12369728088378906), (79574.30165340903, 0.41779613494873047), (135829.05479665904, 0.42466282844543457), (109200.19237662888, 0.4281485080718994), (79574.30165340903, 0.6114792823791504), (71304.785062031, 0.803123950958252), (135829.05479665904, 0.8099510669708252), (79574.30165340903, 1.1058740615844727), (71304.785062031, 1.326545238494873), (69839.17596931595, 1.7546453475952148), (17021.854626997803, 3.0954501628875732), (135829.05479665904, 3.1092875003814697), (109200.19237662888, 3.116514205932617), (17021.854626997803, 3.130460023880005), (9152.055749963287, 3.4689600467681885), (135829.05479665904, 3.4762096405029297), (17021.854626997803, 3.481180191040039), (9152.055749963287, 3.7880430221557617), (7098.147787048229, 4.096463918685913), (135829.05479665904, 4.10310435295105), (17021.854626997803, 4.107606649398804), (9152.055749963287, 4.404507160186768), (7098.147787048229, 4.660958766937256), (5864.850874769434, 4.897195100784302), (135829.05479665904, 4.9117162227630615), (17021.854626997803, 4.920677661895752), (7098.147787048229, 5.417423248291016), (5864.850874769434, 5.676682233810425), (3479.4106488873776, 6.70002007484436), (135829.05479665904, 6.707094669342041), (17021.854626997803, 6.71182918548584), (7098.147787048229, 7.149136781692505), (5864.850874769434, 7.397631645202637), (3479.4106488873776, 8.417704582214355), (792.2924821888264, 37.509886264801025)]
(REAL, NOT adjusted by restarts) probability of this sequence is: 5.693786278641572e-06
uncertainty:
{'ate': 9340.787517811174, 'ci': (-148347.30202910045, 167028.8770647228)}
checked:
417
