Starting EXP29.5, type=probe_probs_no_restart, run 2/3 (Task 40)
loaded cached data
loaded cached data
loaded cached data
loaded cached data
loaded cached data
loaded cached data
loaded cached data
START ATE IS: 1413.2592976264914
***
FINISHED
ATE before: 1413.2592976264914
ATE now is: 31.03015246213181
sequence is: (('bin_equal_width_10', 'education'), ('drop_duplicates', 'TABLE'), ('IQR', 'education'), ('isolationForest', 'TABLE'))
***
Execution time: 1060.846 sec
distances from ATE (with time):
[(1413.2592976264914, 0), (1413.2592975715106, 0.006577730178833008), (1395.839466829937, 0.02664923667907715), (1392.2339383045564, 0.05313539505004883), (1383.3296904772778, 0.05707955360412598), (1214.0876078568144, 0.25265002250671387), (1203.6579200772549, 1.5397264957427979), (1012.2929200851372, 2.3294780254364014), (832.7120958588039, 3.081458330154419), (492.17363360630407, 3.4797556400299072), (492.17363236017263, 19.711676836013794), (484.8170574415926, 21.086432456970215), (451.64909259653587, 93.66939687728882), (418.3855078214301, 94.19071650505066), (190.769526523477, 128.88335156440735), (62.46711504616542, 222.77341747283936), (62.400959617350054, 628.7380142211914), (31.03015246213181, 1060.8442180156708)]
probability of this sequence is: 1.4202931319199475e-08
uncertainty:
{'ate': 31.03015246213181, 'ci': (-1879.957676146685, 1942.0179810709485)}
checked:
14110
