Starting EXP29.8, type=probe_probs_with_restart, run 3/3 (Task 71)
loaded cached data
loaded cached data
loaded cached data
loaded cached data
loaded cached data
loaded cached data
loaded cached data
START ATE IS: 1376.1402138952144
PROBE TRIGGERED! Error reduced from 1376.140 to 1074.932 (ATE went to 1074.932052421973).
PROBE TRIGGERED! Error reduced from 1074.932 to 871.744 (ATE went to 871.7440000533352).
PROBE TRIGGERED! Error reduced from 871.744 to 687.472 (ATE went to 687.4716510886083).
PROBE TRIGGERED! Error reduced from 687.472 to 589.782 (ATE went to 589.7817453711386).
PROBE TRIGGERED! Error reduced from 589.782 to 478.099 (ATE went to 478.0991359227628).
PROBE TRIGGERED! Error reduced from 478.099 to 419.760 (ATE went to 419.759916544544).
PROBE TRIGGERED! Error reduced from 419.760 to 331.338 (ATE went to 331.337740576736).
PROBE TRIGGERED! Error reduced from 331.338 to 284.701 (ATE went to 284.7007641005148).
PROBE TRIGGERED! Error reduced from 284.701 to 251.809 (ATE went to 251.80886205462502).
PROBE TRIGGERED! Error reduced from 251.809 to 153.767 (ATE went to 153.7667229758663).
PROBE TRIGGERED! Error reduced from 153.767 to 135.101 (ATE went to 135.1010409880446).


*** TIMED OUT!! ***

distances from ATE (with time):
[(1376.1402138952144, 0), (1363.7706492159796, 0.005930900573730469), (1337.3976543825374, 0.05138993263244629), (1319.7932160544042, 0.5826206207275391), (1074.932052421973, 1.8299694061279297), (1376.1402138952144, 1.8384926319122314), (1363.7706492159796, 1.8444159030914307), (1337.3976543825374, 1.9110398292541504), (1074.932052421973, 1.921367883682251), (871.7440000533352, 4.264195442199707), (1376.1402138952144, 4.2732579708099365), (1363.7706492159796, 4.286808490753174), (1074.932052421973, 4.680558443069458), (871.7440000533352, 5.309557914733887), (687.4716510886083, 10.717815637588501), (1376.1402138952144, 10.7254056930542), (1374.9879607954754, 11.073141813278198), (1363.7706492159796, 11.08017373085022), (871.7440000533352, 11.916501998901367), (687.4716510886083, 17.537238836288452), (589.7817453711386, 18.759621620178223), (1376.1402138952144, 18.766676902770996), (1374.9879607954754, 19.21519947052002), (1363.7706492159796, 19.224925994873047), (871.7440000533352, 20.039596796035767), (687.4716510886083, 24.017343282699585), (589.7817453711386, 24.78486156463623), (589.7817453711277, 63.70259070396423), (573.8531488340595, 84.5201404094696), (478.0991359227628, 329.6821138858795), (1376.1402138952144, 329.6900064945221), (1374.9879607954754, 330.03360414505005), (1363.7706492159796, 330.0412549972534), (1357.2765764861597, 330.04849553108215), (871.7440000533352, 330.75049901008606), (687.4716510886083, 334.9429135322571), (589.7817453711386, 335.6513614654541), (478.0991359227628, 378.26680612564087), (478.09913592276007, 653.8161628246307), (456.6514126824186, 819.9494216442108), (419.759916544544, 1333.7466428279877), (1376.1402138952144, 1333.755441904068), (1374.9879607954754, 1334.1176497936249), (1363.7706492159796, 1334.1248030662537), (1357.2765764861597, 1334.1316165924072), (871.7440000533352, 1334.841983795166), (687.4716510886083, 1338.3507933616638), (589.7817453711386, 1339.0307261943817), (478.0991359227628, 1373.1061916351318), (419.759916544544, 1406.6769349575043), (419.7599165445381, 2030.0650572776794), (419.75991654453765, 2038.4351184368134), (409.5492440068333, 2046.3364024162292), (331.337740576736, 2106.4518909454346), (1376.1402138952144, 2106.461529970169), (1374.9879607954754, 2106.8345272541046), (1363.7706492159796, 2106.842985391617), (1357.2765764861597, 2106.862805366516), (871.7440000533352, 2107.8920035362244), (687.4716510886083, 2112.3463690280914), (589.7817453711386, 2112.9606187343597), (478.0991359227628, 2142.223806142807), (419.759916544544, 2160.8718457221985), (409.5492440068333, 2370.4217569828033), (331.337740576736, 2414.517965078354), (331.33774057673054, 4040.253451347351), (284.7007641005148, 4255.8123614788055), (1376.1402138952144, 4255.821298837662), (1374.9879607954754, 4256.148651361465), (1363.7706492159796, 4256.167829275131), (1357.2765764861597, 4256.181788444519), (1346.8051612466406, 4256.866685390472), (871.7440000533352, 4258.237830877304), (659.0816661615818, 4264.165262937546), (589.7817453711386, 4266.856108188629), (419.759916544544, 4307.187608957291), (385.98234196704925, 4342.315822839737), (284.7007641005148, 4343.9664080142975), (284.70076410051206, 4985.948130607605), (284.70076410051024, 5299.8678913116455), (251.80886205462502, 5712.261399269104), (1376.1402138952144, 5712.269854307175), (1374.9879607954754, 5712.594557523727), (1363.7706492159796, 5712.6018006801605), (1357.2765764861597, 5712.61571931839), (1337.3976543825374, 5712.630850553513), (1000.5329218152456, 5713.292660236359), (871.7440000533352, 5715.2936408519745), (659.0816661615818, 5718.095162391663), (639.2807510600651, 5719.404011011124), (589.7817453711386, 5727.336902856827), (419.759916544544, 5752.096175909042), (385.98234196704925, 5752.306727409363), (284.7007641005148, 5753.287186861038), (251.80886205462502, 5990.689180612564), (239.2885089243009, 7378.086273193359), (153.7667229758663, 7550.899451255798), (1376.1402138952144, 7550.915307998657), (1374.9879607954754, 7551.2898280620575), (1363.7706492159796, 7551.296762466431), (1361.4084510608864, 7551.310090065002), (1357.2765764861597, 7551.316687822342), (1337.3976543825374, 7551.331431627274), (1000.5329218152456, 7552.1136174201965), (871.7440000533352, 7553.776458024979), (659.0816661615818, 7557.952575206757), (639.2807510600651, 7559.289652109146), (589.7817453711386, 7564.015774488449), (385.98234196704925, 7589.830143690109), (284.7007641005148, 7590.500769615173), (251.80886205462502, 7815.274208545685), (153.7667229758663, 7819.649141073227), (135.1010409880446, 9170.528967380524), (1376.1402138952144, 9170.540122270584), (1374.9879607954754, 9170.825455665588), (1363.7706492159796, 9170.829766988754), (1361.4084510608864, 9170.838325023651), (1357.2765764861597, 9170.846801042557), (1337.3976543825374, 9171.10522699356), (1000.5329218152456, 9171.371434211731), (871.7440000533352, 9173.353309631348), (659.0816661615818, 9175.83349442482), (639.2807510600651, 9176.575847625732), (589.7817453711386, 9182.08030796051), (385.98234196704925, 9214.69380402565), (284.7007641005148, 9215.829983711243), (153.7667229758663, 9402.94888496399), (135.1010409880446, 10335.657859802246)]
