Starting EXP29.3, type=probe, run 1/3 (Task 18)
loaded cached data
loaded cached data
loaded cached data
loaded cached data
loaded cached data
loaded cached data
loaded cached data
START ATE IS: 872.9016415877313
PROBE TRIGGERED! Error reduced from 872.902 to 675.990 (ATE went to 675.990189781438).
PROBE TRIGGERED! Error reduced from 675.990 to 541.096 (ATE went to 541.0962586272053).
PROBE TRIGGERED! Error reduced from 541.096 to 340.090 (ATE went to 340.09001634181095).
PROBE TRIGGERED! Error reduced from 340.090 to 116.682 (ATE went to -116.68240798952866).
PROBE TRIGGERED! Error reduced from 116.682 to 96.779 (ATE went to 96.77925969951684).
***
FINISHED
ATE before: 872.9016415877313
ATE now is: 47.82851969726471
sequence is: (('winsorize', 'education'), ('isolationForest', 'TABLE'))
***
Execution time: 20.817 sec
distances from ATE (with time):
[(872.9016415877313, 0), (859.7796853673062, 0.0031692981719970703), (847.7184294044655, 0.011421918869018555), (831.9722708472282, 0.03848385810852051), (809.6725372252104, 0.06796431541442871), (675.990189781438, 0.07186317443847656), (872.9016415877313, 0.07594466209411621), (675.990189781438, 0.07873892784118652), (541.0962586272053, 0.35787320137023926), (872.9016415877313, 0.3620028495788574), (675.990189781438, 0.3648390769958496), (541.0962586272053, 0.5351355075836182), (340.09001634181095, 0.9648432731628418), (872.9016415877313, 0.9689552783966064), (541.0962586272053, 1.136911153793335), (340.09001634181095, 1.5607540607452393), (116.68240798952866, 5.902470588684082), (872.9016415877313, 5.9066479206085205), (541.0962586272053, 6.076236963272095), (340.09001634181095, 6.427154541015625), (116.68240798952866, 6.834598779678345), (96.77925969951684, 11.914302110671997), (872.9016415877313, 11.91874361038208), (541.0962586272053, 12.091243505477905), (116.68240798952866, 12.624222040176392), (96.77925969951684, 13.774700403213501), (47.82851969726471, 20.815378427505493)]
(REAL, NOT adjusted by restarts) probability of this sequence is: 0.0010405827263267429
uncertainty:
{'ate': 47.82851969726471, 'ci': (-3043.5488512438224, 3139.205890638352)}
checked:
259
