Starting EXP29.3, type=probe_probs_with_restart, run 1/3 (Task 24)
loaded cached data
loaded cached data
loaded cached data
loaded cached data
loaded cached data
loaded cached data
loaded cached data
START ATE IS: 2826.6288531589926
PROBE TRIGGERED! Error reduced from 2826.629 to 2536.963 (ATE went to 2536.9634502385306).
PROBE TRIGGERED! Error reduced from 2536.963 to 2176.007 (ATE went to 2176.0068413820018).
PROBE TRIGGERED! Error reduced from 2176.007 to 1729.519 (ATE went to 1729.5186790240186).
PROBE TRIGGERED! Error reduced from 1729.519 to 1155.540 (ATE went to 1155.540402234159).
PROBE TRIGGERED! Error reduced from 1155.540 to 554.617 (ATE went to 554.6172714456397).
PROBE TRIGGERED! Error reduced from 554.617 to 273.245 (ATE went to 273.2446622369898).
PROBE TRIGGERED! Error reduced from 273.245 to 64.313 (ATE went to 64.31293207715953).
***
FINISHED
ATE before: 2826.6288531589926
ATE now is: 5.546834469681016
sequence is: (('zscore_clip_3', 'age'), ('bin_equal_frequency_5', 'age'), ('drop_duplicates', 'TABLE'), ('bin_equal_frequency_2', 'education'), ('isolationForest', 'TABLE'))
***
Execution time: 3209.097 sec
distances from ATE (with time):
[(2826.6288531589926, 0), (2826.628851686981, 0.007208585739135742), (2816.06402182847, 0.014960050582885742), (2723.9564748223165, 0.028850793838500977), (2536.9634502385306, 0.3131446838378906), (2826.6288531589926, 0.31753015518188477), (2536.9634502385306, 0.48798418045043945), (2369.7034965606363, 0.6865508556365967), (2369.7034900498584, 3.3481290340423584), (2369.7034824430884, 4.871102571487427), (2340.640177297966, 8.136868476867676), (2176.0068413820018, 14.606900215148926), (2826.6288531589926, 14.611107110977173), (2536.9634502385306, 14.782015562057495), (2369.7034965606363, 14.976525783538818), (2176.0068413820018, 17.66007971763611), (2098.795756434076, 37.13544797897339), (1729.5186790240186, 51.01386475563049), (2826.6288531589926, 51.01816511154175), (2536.9634502385306, 51.18679141998291), (2369.7034965606363, 51.36835074424744), (1729.5186790240186, 51.8883261680603), (1671.580902729766, 54.32206678390503), (1155.540402234159, 54.72234845161438), (2826.6288531589926, 54.72649908065796), (2536.9634502385306, 54.89312934875488), (2487.4755674275348, 55.069894790649414), (1729.5186790240186, 55.24234104156494), (1671.580902729766, 56.84933853149414), (1155.540402234159, 57.355817794799805), (1141.749582538112, 92.11979579925537), (1134.2249833942356, 215.88500928878784), (1129.5209931813697, 1346.6048483848572), (1111.315981744824, 1854.5689108371735), (554.6172714456397, 2095.2620673179626), (2826.6288531589926, 2095.2711272239685), (2536.9634502385306, 2095.5922951698303), (2369.7034965606363, 2095.950614929199), (1729.5186790240186, 2097.6120252609253), (1671.580902729766, 2103.6194038391113), (1155.540402234159, 2105.4330093860626), (554.6172714456397, 2112.615485429764), (501.9595181026243, 2164.145127058029), (273.2446622369898, 2173.707092523575), (2826.6288531589926, 2173.715423822403), (2536.9634502385306, 2174.1134917736053), (2369.7034965606363, 2174.5089921951294), (1729.5186790240186, 2176.344982624054), (1671.580902729766, 2181.5250294208527), (1155.540402234159, 2184.401706457138), (554.6172714456397, 2192.096334218979), (501.9595181026243, 2240.1936824321747), (273.2446622369898, 2248.938522338867), (273.24466223698437, 2838.679678916931), (64.31293207715953, 2943.9398345947266), (2826.6288531589926, 2943.9457535743713), (2536.9634502385306, 2944.1703295707703), (2410.1117812633383, 2944.890682220459), (2407.575825448126, 2945.5600035190582), (2369.7034965606363, 2945.904226541519), (1729.5186790240186, 2947.221367120743), (554.6172714456397, 2951.446434736252), (501.9595181026243, 2979.639211177826), (273.2446622369898, 2984.8311688899994), (64.31293207715953, 3034.7640223503113), (5.546834469681016, 3209.0938613414764)]
(REAL, NOT adjusted by restarts) probability of this sequence is: 2.9186553014907787e-12
uncertainty:
{'ate': 5.546834469681016, 'ci': (-2259.2475455562526, 2270.3412144956146)}
checked:
15921
