Starting EXP29.4, type=probe_probs_no_restart, run 1/3 (Task 30)
loaded cached data
loaded cached data
loaded cached data
loaded cached data
loaded cached data
loaded cached data
loaded cached data
START ATE IS: 1675.177388707144
***
FINISHED
ATE before: 1675.177388707144
ATE now is: -22.957697978448778
sequence is: (('IQR', 'age'), ('bin_equal_width_5', 'age'), ('isolationForest', 'TABLE'), ('drop_duplicates', 'TABLE'))
***
Execution time: 369.986 sec
distances from ATE (with time):
[(1675.177388707144, 0), (1460.5441985392536, 0.003138303756713867), (1460.5441968135256, 0.03355765342712402), (1449.0241957453063, 0.048079729080200195), (1298.337605370063, 0.3258383274078369), (1246.015551693683, 0.9230217933654785), (1116.1305552896083, 4.069136619567871), (970.4053712287368, 11.00466251373291), (956.1392511803178, 35.5311963558197), (498.77849769728164, 36.61043834686279), (263.9305188068347, 38.094645738601685), (263.93051880683015, 212.77054619789124), (246.18046163505096, 272.509179353714), (105.33300599543327, 273.2024073600769), (22.957697978448778, 369.984258890152)]
probability of this sequence is: 2.9241329186587166e-08
uncertainty:
{'ate': -22.957697978448778, 'ci': (-2411.384638968038, 2365.4692430111404)}
checked:
9237
