Starting EXP32.6, type=probe_probs_no_restart, run 1/3 (Task 318)
loaded cached data
loaded cached data
loaded cached data
loaded cached data
loaded cached data
loaded cached data
loaded cached data
START ATE IS: 9131.95306289033
***
FINISHED
ATE before: 9131.95306289033
ATE now is: 19139.866059998283
sequence is: (('isolationForest', 'TABLE'), ('bin_equal_width_2', 'education'))
***
Execution time: 2044.285 sec
distances from ATE (with time):
[(9642.04693710967, 0), (4262.772452395642, 0.5023667812347412), (4262.772452382487, 5.556930303573608), (3259.848000216298, 7.2517571449279785), (2356.8397490712814, 22.297505855560303), (2356.839749063831, 98.16535711288452), (2275.6436325968243, 127.73216438293457), (2066.4227586849593, 141.7362105846405), (2002.2544765487546, 474.1264953613281), (1990.091907479975, 477.55080223083496), (1984.427400004468, 970.305495262146), (1766.892939266283, 1569.4227142333984), (1669.0809539135662, 1893.0752203464508), (365.86605999828316, 2044.034634590149)]
probability of this sequence is: 7.044452156380187e-07
uncertainty:
{'ate': 19139.866059998283, 'ci': (18331.830205813745, 19947.90191418282)}
checked:
1289
