Starting EXP29.9, type=probe_probs_no_restart, run 2/3 (Task 76)
loaded cached data
loaded cached data
loaded cached data
loaded cached data
loaded cached data
loaded cached data
loaded cached data
START ATE IS: 1555.7004664358228
***
FINISHED
ATE before: 1555.7004664358228
ATE now is: -48.37931032939923
sequence is: (('bin_equal_frequency_5', 'age'), ('drop_duplicates', 'TABLE'), ('IQR', 'education'), ('isolationForest', 'TABLE'))
***
Execution time: 817.500 sec
distances from ATE (with time):
[(1555.7004664358228, 0), (1418.3563670616822, 0.0048694610595703125), (1418.356365540265, 0.05129718780517578), (1415.4374798732006, 0.0664825439453125), (1268.3893532295315, 0.5272696018218994), (940.8045009867255, 1.5740735530853271), (929.1574397941768, 7.113215684890747), (884.0815194912957, 14.74502420425415), (772.7269991549401, 32.00549793243408), (756.0668542242311, 34.349443674087524), (398.77415531127735, 69.34281611442566), (154.97225709652594, 73.74201107025146), (152.28256565581069, 510.42999958992004), (48.37931032939923, 817.4975924491882)]
probability of this sequence is: 2.9241329186587163e-08
uncertainty:
{'ate': -48.37931032939923, 'ci': (-2171.701371758071, 2074.9427510992728)}
checked:
12499
