Starting EXP29.8, type=probe, run 3/3 (Task 65)
loaded cached data
loaded cached data
loaded cached data
loaded cached data
loaded cached data
loaded cached data
loaded cached data
START ATE IS: 1887.305405871426
PROBE TRIGGERED! Error reduced from 1887.305 to 1445.119 (ATE went to 1445.1190634099366).
PROBE TRIGGERED! Error reduced from 1445.119 to 1280.569 (ATE went to 1280.5688015378146).
PROBE TRIGGERED! Error reduced from 1280.569 to 407.458 (ATE went to 407.45817962099954).
PROBE TRIGGERED! Error reduced from 407.458 to 65.543 (ATE went to 65.54251903397835).
***
FINISHED
ATE before: 1887.305405871426
ATE now is: 34.28428341779454
sequence is: (('zscore_filter_3', 'education'), ('IQR', 'age'), ('bin_equal_frequency_2', 'education'), ('bin_equal_frequency_2', 'age'), ('drop_duplicates', 'TABLE'), ('isolationForest', 'TABLE'))
***
Execution time: 9889.316 sec
distances from ATE (with time):
[(1887.305405871426, 0), (1886.164617176917, 0.018380165100097656), (1877.7554064178166, 0.03500175476074219), (1784.2084794565872, 0.194260835647583), (1782.7287802044866, 1.786543846130371), (1781.611980290836, 5.829650640487671), (1780.2988204141093, 8.568134784698486), (1763.4918920080836, 10.270167589187622), (1761.8209968929496, 12.452955722808838), (1709.3275553104577, 12.946245908737183), (1445.1190634099366, 20.4763081073761), (1887.305405871426, 20.48379373550415), (1886.164617176917, 20.48856496810913), (1828.0849049931458, 20.495314359664917), (1784.2084794565872, 20.733574151992798), (1445.1190634099366, 20.928175687789917), (1408.3805535224783, 23.98354148864746), (1406.9956520283577, 32.861265659332275), (1319.8393837892745, 36.170209646224976), (1280.5688015378146, 413.14359641075134), (1887.305405871426, 413.1519658565521), (1886.164617176917, 413.157101392746), (1828.0849049931458, 413.1642322540283), (1784.2084794565872, 413.32908606529236), (1445.1190634099366, 413.6700026988983), (1433.051638294417, 417.2154633998871), (1408.3805535224783, 419.45818042755127), (1406.9956520283577, 426.71332359313965), (1319.8393837892745, 429.2485361099243), (1280.5688015378146, 449.7989010810852), (1261.1729029622384, 899.7847547531128), (407.45817962099954, 913.8854610919952), (1887.305405871426, 913.8910706043243), (1886.164617176917, 913.8943424224854), (1828.0849049931458, 913.898640871048), (1784.2084794565872, 914.2294940948486), (1445.1190634099366, 914.2349472045898), (1408.3805535224783, 918.4960713386536), (1406.9956520283577, 942.256623506546), (1319.8393837892745, 944.6417486667633), (407.45817962099954, 1036.21035861969), (407.45817962099864, 3382.59281373024), (65.54251903397835, 3669.251804590225), (1887.305405871426, 3669.2625875473022), (1886.164617176917, 3669.267922639847), (1828.0849049931458, 3669.2748878002167), (1445.1190634099366, 3669.6498153209686), (1408.3805535224783, 3674.7276599407196), (1406.9956520283577, 3706.763248682022), (1319.8393837892745, 3708.2188198566437), (407.45817962099954, 3753.506340742111), (65.54251903397835, 4708.383348464966), (65.5425190339738, 9220.998261928558), (34.28428341779454, 9889.31398820877)]
(REAL, NOT adjusted by restarts) probability of this sequence is: 1.1267558900412038e-09
uncertainty:
{'ate': 34.28428341779454, 'ci': (-1732.6978346193137, 1801.2664014549027)}
checked:
81784
