Starting EXP29.8, type=probe, run 2/3 (Task 64)
loaded cached data
loaded cached data
loaded cached data
loaded cached data
loaded cached data
loaded cached data
loaded cached data
START ATE IS: 1705.1904014870506
PROBE TRIGGERED! Error reduced from 1705.190 to 1527.694 (ATE went to 1527.6937515092704).
PROBE TRIGGERED! Error reduced from 1527.694 to 1331.094 (ATE went to 1331.0943351078258).
PROBE TRIGGERED! Error reduced from 1331.094 to 1190.347 (ATE went to 1190.3467157346422).
PROBE TRIGGERED! Error reduced from 1190.347 to 999.534 (ATE went to 999.534006476561).
PROBE TRIGGERED! Error reduced from 999.534 to 762.997 (ATE went to 762.9966574760219).
PROBE TRIGGERED! Error reduced from 762.997 to 484.217 (ATE went to 484.21657627166496).
PROBE TRIGGERED! Error reduced from 484.217 to 141.293 (ATE went to -141.29263484602416).
PROBE TRIGGERED! Error reduced from 141.293 to 104.906 (ATE went to -104.90586017834084).


*** TIMED OUT!! ***

distances from ATE (with time):
[(1705.1904014870506, 0), (1698.1999530685298, 0.016346216201782227), (1618.1073670618225, 0.033514976501464844), (1606.8516698420372, 0.6051602363586426), (1595.6288841546138, 1.150242805480957), (1574.5038603687535, 1.2678112983703613), (1527.6937515092704, 1.6327192783355713), (1705.1904014870506, 1.640491008758545), (1618.1073670618225, 1.6457700729370117), (1606.8516698420372, 1.653494119644165), (1527.6937515092704, 1.6707003116607666), (1331.0943351078258, 3.7899417877197266), (1705.1904014870506, 3.797044277191162), (1606.8516698420372, 3.802057981491089), (1527.6937515092704, 4.35075044631958), (1331.0943351078258, 4.359958171844482), (1305.0126420276683, 4.961113452911377), (1208.633431951319, 7.519129753112793), (1190.3467157346422, 27.125445127487183), (1705.1904014870506, 27.134371757507324), (1618.1073670618225, 27.140746355056763), (1606.8516698420372, 27.14951205253601), (1527.6937515092704, 27.177359342575073), (1331.0943351078258, 27.519133806228638), (1305.0126420276683, 27.524789571762085), (1208.633431951319, 29.86147141456604), (1190.3467157346422, 29.873521327972412), (999.534006476561, 59.16613054275513), (1705.1904014870506, 59.17259240150452), (1698.1999530685298, 59.17710328102112), (1618.1073670618225, 59.183282136917114), (1606.8516698420372, 59.19053506851196), (1527.6937515092704, 59.56309390068054), (1331.0943351078258, 59.57209014892578), (1305.0126420276683, 61.54012107849121), (1208.633431951319, 62.79139947891235), (1190.3467157346422, 65.78594899177551), (999.534006476561, 66.8394467830658), (762.9966574760219, 94.66448664665222), (1705.1904014870506, 94.67165803909302), (1698.1999530685298, 94.67653155326843), (1618.1073670618225, 94.68316864967346), (1606.8516698420372, 94.68995475769043), (1527.6937515092704, 95.07928085327148), (1331.0943351078258, 95.08795857429504), (1305.0126420276683, 97.24285984039307), (1208.633431951319, 97.28353691101074), (999.534006476561, 101.52536058425903), (762.9966574760219, 128.94409322738647), (484.21657627166496, 129.64427137374878), (1705.1904014870506, 129.65151619911194), (1698.1999530685298, 129.65615034103394), (1618.1073670618225, 129.66248750686646), (1606.8516698420372, 130.06911325454712), (1527.6937515092704, 130.79692101478577), (1331.0943351078258, 131.79851269721985), (1305.0126420276683, 133.00008296966553), (1208.633431951319, 135.448096036911), (999.534006476561, 136.15385246276855), (762.9966574760219, 162.58094358444214), (484.21657627166496, 163.22081899642944), (484.21657627166223, 995.0591881275177), (444.485408585424, 1060.045330286026), (141.29263484602416, 1064.8961544036865), (1705.1904014870506, 1064.9051423072815), (1698.1999530685298, 1064.9106764793396), (1618.1073670618225, 1064.9178128242493), (1606.8516698420372, 1065.2745988368988), (1527.6937515092704, 1066.1143453121185), (1331.0943351078258, 1067.2126786708832), (1305.0126420276683, 1069.2296237945557), (1208.633431951319, 1071.5538046360016), (999.534006476561, 1072.2315790653229), (762.9966574760219, 1104.2658421993256), (484.21657627166496, 1104.9532732963562), (141.29263484602416, 1466.1281933784485), (141.29263484602325, 6759.860943317413), (104.90586017834084, 7673.272751569748), (1705.1904014870506, 7673.284574508667), (1698.1999530685298, 7673.290088176727), (1618.1073670618225, 7673.29666018486), (1606.8516698420372, 7673.632688999176), (1527.6937515092704, 7674.335720300674), (1331.0943351078258, 7675.3417110443115), (1208.633431951319, 7679.5168426036835), (999.534006476561, 7680.545249938965), (762.9966574760219, 7703.100001573563), (484.21657627166496, 7704.201451301575), (141.29263484602416, 7906.608912229538), (104.90586017834084, 9385.186834335327)]
