Starting EXP38.3, type=probe, run 3/3 (Task 578)
loaded cached data
loaded cached data
loaded cached data
loaded cached data
loaded cached data
loaded cached data
loaded cached data
START ATE IS: 61567.60744887025
PROBE TRIGGERED! Error reduced from 51434.527 to 43096.109 (ATE went to 53229.189192269805).
PROBE TRIGGERED! Error reduced from 43096.109 to 35288.873 (ATE went to 45421.95293168603).
PROBE TRIGGERED! Error reduced from 35288.873 to 30006.868 (ATE went to 40139.94836680094).
PROBE TRIGGERED! Error reduced from 30006.868 to 24468.672 (ATE went to 34601.7519417929).
PROBE TRIGGERED! Error reduced from 24468.672 to 20836.603 (ATE went to 30969.682778437353).
PROBE TRIGGERED! Error reduced from 20836.603 to 18166.545 (ATE went to 28299.624808543427).
PROBE TRIGGERED! Error reduced from 18166.545 to 15246.436 (ATE went to 25379.515639381436).
PROBE TRIGGERED! Error reduced from 15246.436 to 12057.008 (ATE went to 22190.0884061275).
PROBE TRIGGERED! Error reduced from 12057.008 to 9378.999 (ATE went to 19512.07851037128).
PROBE TRIGGERED! Error reduced from 9378.999 to 7083.252 (ATE went to 17216.33212336858).
PROBE TRIGGERED! Error reduced from 7083.252 to 5230.812 (ATE went to 15363.891757849922).
PROBE TRIGGERED! Error reduced from 5230.812 to 3047.671 (ATE went to 13180.751351488809).
***
FINISHED
ATE before: 61567.60744887025
ATE now is: 10302.91760956703
sequence is: (('bin_equal_width_5', 'sqft_basement'), ('bin_equal_frequency_10', 'sqft_living'), ('bin_equal_frequency_2', 'yr_built'), ('bin_equal_frequency_2', 'sqft_lot15'), ('bin_equal_frequency_2', 'grade'), ('bin_equal_frequency_2', 'bedrooms'))
***
Execution time: 1594.969 sec
distances from ATE (with time):
[(51434.52744887025, 0), (49623.75025583702, 0.020498037338256836), (43096.1091922698, 0.05996227264404297), (51434.52744887025, 0.10126948356628418), (43096.1091922698, 0.12209844589233398), (41449.123201728675, 0.4718935489654541), (40317.58837348493, 0.7372963428497314), (35288.872931686026, 0.8012454509735107), (51434.52744887025, 0.8417596817016602), (43096.1091922698, 0.8719122409820557), (35288.872931686026, 0.9119033813476562), (32006.45768898884, 0.9518928527832031), (31776.804943066265, 8.36884331703186), (30006.86836680094, 8.509267330169678), (51434.52744887025, 8.581409215927124), (43096.1091922698, 8.613049030303955), (35288.872931686026, 8.665562629699707), (32086.327986282362, 8.7006254196167), (32006.45768898884, 8.739208936691284), (30006.86836680094, 8.81707763671875), (24468.671941792898, 24.303179264068604), (51434.52744887025, 24.371928691864014), (43096.1091922698, 24.391895532608032), (35288.872931686026, 24.420164823532104), (32086.327986282362, 24.491915702819824), (32006.45768898884, 24.554614305496216), (30006.86836680094, 24.7239351272583), (24468.671941792898, 24.85168981552124), (20836.60277843735, 24.985100269317627), (51434.52744887025, 25.025583267211914), (43096.1091922698, 25.045312643051147), (41449.123201728675, 25.091996431350708), (35288.872931686026, 25.125991582870483), (32086.327986282362, 25.17197060585022), (32006.45768898884, 25.25595736503601), (30006.86836680094, 25.29440450668335), (24468.671941792898, 25.375977993011475), (20836.60277843735, 25.415520191192627), (18826.9928347256, 25.65190815925598), (18166.544808543425, 119.26259112358093), (51434.52744887025, 119.3283462524414), (41449.123201728675, 119.35996007919312), (35288.872931686026, 119.39988255500793), (32086.327986282362, 119.44810175895691), (24468.671941792898, 119.66502380371094), (20836.60277843735, 119.76304340362549), (18826.9928347256, 120.67609572410583), (18166.544808543425, 120.88787603378296), (17751.562466651165, 165.07537031173706), (15246.435639381436, 165.11235094070435), (51434.52744887025, 165.14326405525208), (43096.1091922698, 165.16291093826294), (41449.123201728675, 165.1885645389557), (32086.327986282362, 165.22393798828125), (30006.86836680094, 165.34889030456543), (20836.60277843735, 165.4092984199524), (18826.9928347256, 165.92782282829285), (18166.544808543425, 166.2700319290161), (15246.435639381436, 171.41984724998474), (12057.0084061275, 261.11823654174805), (51434.52744887025, 261.15081429481506), (41449.123201728675, 261.1665189266205), (32086.327986282362, 261.19393706321716), (20836.60277843735, 261.3288941383362), (18826.9928347256, 262.1847357749939), (18166.544808543425, 262.21864318847656), (12057.0084061275, 262.3302974700928), (9378.99851037128, 268.94256353378296), (51434.52744887025, 269.00129199028015), (43096.1091922698, 269.01916790008545), (41449.123201728675, 269.0555076599121), (32086.327986282362, 269.09016609191895), (30006.86836680094, 269.28396129608154), (20836.60277843735, 269.35547518730164), (18826.9928347256, 270.1791021823883), (18166.544808543425, 270.5278356075287), (12057.0084061275, 270.70791029930115), (9378.99851037128, 277.8341796398163), (7083.252123368578, 364.97283148765564), (51434.52744887025, 365.00787019729614), (43096.1091922698, 365.02522826194763), (41449.123201728675, 365.0598711967468), (32086.327986282362, 365.0999507904053), (30006.86836680094, 365.2615292072296), (20836.60277843735, 365.3461389541626), (18826.9928347256, 366.0493903160095), (18166.544808543425, 366.73988008499146), (12057.0084061275, 366.9626348018646), (9378.99851037128, 375.4119851589203), (7083.252123368578, 453.51382756233215), (6620.952587675927, 920.5258677005768), (5230.811757849922, 920.9621071815491), (51434.52744887025, 921.0072860717773), (41449.123201728675, 921.0287764072418), (32086.327986282362, 921.1078329086304), (20836.60277843735, 921.3237648010254), (12057.0084061275, 922.7159116268158), (9378.99851037128, 932.3903908729553), (5230.811757849922, 934.8470180034637), (3047.671351488809, 1105.9080941677094), (51434.52744887025, 1105.9526193141937), (43096.1091922698, 1105.9729228019714), (41449.123201728675, 1106.0079336166382), (32086.327986282362, 1106.08398103714), (30006.86836680094, 1106.3405275344849), (20836.60277843735, 1106.454109430313), (18826.9928347256, 1107.5596766471863), (12057.0084061275, 1107.7161276340485), (9378.99851037128, 1110.4544851779938), (5230.811757849922, 1118.6827187538147), (3047.671351488809, 1171.2023770809174), (169.83760956703009, 1594.956079006195)]
(REAL, NOT adjusted by restarts) probability of this sequence is: 3.4815425545477645e-14
uncertainty:
{'ate': 10302.91760956703, 'ci': (-18968.250126675124, 39574.08534580919)}
checked:
31117
