Starting EXP30.2, type=probe_probs_with_restart, run 1/3 (Task 96)
loaded cached data
loaded cached data
loaded cached data
loaded cached data
loaded cached data
loaded cached data
loaded cached data
START ATE IS: 8768.182573784805
PROBE TRIGGERED! Error reduced from 10005.817 to 1978.512 (ATE went to 16795.48792056832).
***
FINISHED
ATE before: 8768.182573784805
ATE now is: 18465.260566923014
sequence is: (('drop_duplicates', 'TABLE'), ('norm_log', 'education'))
***
Execution time: 2.590 sec
distances from ATE (with time):
[(10005.817426215195, 0), (1978.512079431679, 0.17359542846679688), (10005.817426215195, 0.39405274391174316), (1978.512079431679, 0.5208613872528076), (1978.512079431508, 1.5891609191894531), (308.73943307698573, 2.499185562133789)]
(REAL, NOT adjusted by restarts) probability of this sequence is: 0.004815039592267109
uncertainty:
{'ate': 18465.260566923014, 'ci': (17346.687020257963, 19583.834113588066)}
checked:
13
