Starting EXP34.3, type=probe_probs_with_restart, run 2/3 (Task 394)
loaded cached data
loaded cached data
loaded cached data
loaded cached data
loaded cached data
loaded cached data
loaded cached data
START ATE IS: 8774.433204744164
PROBE TRIGGERED! Error reduced from 9999.567 to 3723.439 (ATE went to 15050.56081677364).
PROBE TRIGGERED! Error reduced from 3723.439 to 2592.894 (ATE went to 16181.10556706241).
PROBE TRIGGERED! Error reduced from 2592.894 to 2042.414 (ATE went to 16731.58627638945).
PROBE TRIGGERED! Error reduced from 2042.414 to 1618.769 (ATE went to 17155.231283680056).
PROBE TRIGGERED! Error reduced from 1618.769 to 1114.898 (ATE went to 17659.101790575834).
***
FINISHED
ATE before: 8774.433204744164
ATE now is: 18108.30788026684
sequence is: (('drop_duplicates', 'TABLE'), ('norm_log', 'Age'), ('isolationForest', 'TABLE'), ('norm_log', 'education'))
***
Execution time: 3349.645 sec
distances from ATE (with time):
[(9999.566795255836, 0), (3723.439183226359, 1.4547345638275146), (9999.566795255836, 3.436537027359009), (3723.439183226359, 4.8411314487457275), (3723.4391832185083, 14.84765625), (3723.4391832140936, 16.557926416397095), (2592.89443293759, 25.301087617874146), (9999.566795255836, 27.157446146011353), (3723.439183226359, 28.33022117614746), (2592.89443293759, 36.06775760650635), (2042.413723610549, 154.47940158843994), (9999.566795255836, 156.41094589233398), (3723.439183226359, 157.69380474090576), (2592.89443293759, 196.69692182540894), (2042.413723610549, 208.85046339035034), (1618.7687163199444, 417.74405312538147), (9999.566795255836, 419.50187945365906), (3723.439183226359, 420.58663845062256), (2592.89443293759, 454.20994663238525), (2042.413723610549, 463.29057812690735), (1618.7687163199444, 572.6598024368286), (1114.8982094241655, 614.9191551208496), (9999.566795255836, 616.4837064743042), (3723.439183226359, 617.5271060466766), (2592.89443293759, 650.8122956752777), (2042.413723610549, 659.3635425567627), (1618.7687163199444, 775.0549492835999), (1114.8982094241655, 818.9976541996002), (1110.4723073282148, 1665.0921506881714), (665.6921197331612, 3348.8609416484833)]
(REAL, NOT adjusted by restarts) probability of this sequence is: 9.192134646515342e-07
uncertainty:
{'ate': 18108.30788026684, 'ci': (17340.931614719717, 18875.68414581396)}
checked:
327
