Starting EXP32.6, type=probe_probs_with_restart, run 3/3 (Task 323)
loaded cached data
loaded cached data
loaded cached data
loaded cached data
loaded cached data
loaded cached data
loaded cached data
START ATE IS: 11876.247838136856
PROBE TRIGGERED! Error reduced from 6897.752 to 6165.453 (ATE went to 12608.547454049112).
PROBE TRIGGERED! Error reduced from 6165.453 to 4883.408 (ATE went to 23657.40792933153).
PROBE TRIGGERED! Error reduced from 4883.408 to 4271.294 (ATE went to 14502.706458623172).
PROBE TRIGGERED! Error reduced from 4271.294 to 2941.771 (ATE went to 15832.229437561124).
PROBE TRIGGERED! Error reduced from 2941.771 to 2489.422 (ATE went to 16284.57780823391).
***
FINISHED
ATE before: 11876.247838136856
ATE now is: 18144.360075784847
sequence is: (('bin_equal_frequency_2', 'Age'), ('isolationForest', 'TABLE'))
***
Execution time: 1257.999 sec
distances from ATE (with time):
[(6897.752161863144, 0), (6165.452545950888, 0.3323523998260498), (6897.752161863144, 0.9714710712432861), (6165.452545950888, 1.3863756656646729), (6074.663933738484, 5.0283026695251465), (4883.40792933153, 19.242785453796387), (6897.752161863144, 19.88741159439087), (6165.452545950888, 20.26980233192444), (4883.40792933153, 31.48348569869995), (4271.293541376828, 34.34345579147339), (6897.752161863144, 34.968590259552), (4883.40792933153, 46.51663613319397), (4271.293541376828, 49.01740908622742), (4115.763623633888, 61.56047534942627), (4115.763623632956, 137.76376080513), (4072.076939726481, 151.12916779518127), (2941.7705624388764, 455.73726987838745), (6897.752161863144, 456.17158484458923), (4883.40792933153, 466.1628394126892), (4271.293541376828, 469.38416719436646), (4115.763623633888, 479.70436453819275), (2941.7705624388764, 576.8622925281525), (2489.4221917660907, 586.8223807811737), (6897.752161863144, 587.3082268238068), (4883.40792933153, 599.2142004966736), (4271.293541376828, 602.6900653839111), (4115.763623633888, 611.6682639122009), (2941.7705624388764, 700.5373919010162), (2489.4221917660907, 710.4420945644379), (629.6399242151529, 1257.7064616680145)]
(REAL, NOT adjusted by restarts) probability of this sequence is: 4.226671293828112e-06
uncertainty:
{'ate': 18144.360075784847, 'ci': (16956.023602247824, 19332.69654932187)}
checked:
266
