Starting EXP32.3, type=probe, run 3/3 (Task 308)
loaded cached data
loaded cached data
loaded cached data
loaded cached data
loaded cached data
loaded cached data
loaded cached data
START ATE IS: 7437.313072225275
PROBE TRIGGERED! Error reduced from 11336.687 to 8595.794 (ATE went to 10178.20614891487).
PROBE TRIGGERED! Error reduced from 8595.794 to 7665.833 (ATE went to 11108.16688047425).
PROBE TRIGGERED! Error reduced from 7665.833 to 1334.899 (ATE went to 17439.10149243546).
***
FINISHED
ATE before: 7437.313072225275
ATE now is: 18507.99221227584
sequence is: (('norm_log', 'education'), ('bin_equal_width_2', 'education'), ('drop_duplicates', 'TABLE'))
***
Execution time: 122.815 sec
distances from ATE (with time):
[(11336.686927774725, 0), (8595.79385108513, 2.2413828372955322), (11336.686927774725, 2.7630650997161865), (8595.79385108513, 2.9805235862731934), (8033.010098194811, 17.008725881576538), (7828.671324975987, 17.33071255683899), (7665.833119525751, 30.823877811431885), (11336.686927774725, 31.250434637069702), (8595.79385108513, 31.60108208656311), (7828.671324975987, 31.959616899490356), (7665.833119525751, 33.66333770751953), (1334.8985075645396, 46.40092062950134), (11336.686927774725, 46.69874668121338), (8595.79385108513, 46.98753213882446), (7828.671324975987, 47.32552886009216), (7665.833119525751, 47.686607837677), (1334.8985075645396, 48.04440402984619), (266.00778772416015, 122.65369391441345)]
(REAL, NOT adjusted by restarts) probability of this sequence is: 0.00014579384749963543
uncertainty:
{'ate': 18507.99221227584, 'ci': (14747.670473583716, 22268.313950967964)}
checked:
115
