Starting EXP37.3, type=probe_probs_with_restart, run 3/3 (Task 503)
loaded cached data
loaded cached data
loaded cached data
loaded cached data
loaded cached data
loaded cached data
loaded cached data
START ATE IS: 59201.506221888856
PROBE TRIGGERED! Error reduced from 49068.426 to 44048.957 (ATE went to 54182.03736470272).
PROBE TRIGGERED! Error reduced from 44048.957 to 35250.843 (ATE went to 45383.92251395187).
PROBE TRIGGERED! Error reduced from 35250.843 to 30643.845 (ATE went to 40776.925304089404).
PROBE TRIGGERED! Error reduced from 30643.845 to 26984.025 (ATE went to 37117.104746321806).
PROBE TRIGGERED! Error reduced from 26984.025 to 17987.760 (ATE went to 28120.84040618474).
PROBE TRIGGERED! Error reduced from 17987.760 to 15612.238 (ATE went to 25745.31842718304).
PROBE TRIGGERED! Error reduced from 15612.238 to 6594.904 (ATE went to 16727.98382898935).
***
FINISHED
ATE before: 59201.506221888856
ATE now is: 11257.139721036388
sequence is: (('bin_equal_width_5', 'sqft_living15'), ('bin_equal_frequency_5', 'yr_built'), ('drop_duplicates', 'TABLE'), ('norm_log', 'grade'))
***
Execution time: 91.138 sec
distances from ATE (with time):
[(49068.426221888854, 0), (48962.998185311706, 0.005847930908203125), (47548.29985585246, 0.03366231918334961), (44910.9111943701, 0.04090619087219238), (44808.412339696544, 0.5709323883056641), (44198.60665320407, 0.5900485515594482), (44048.95736470272, 0.598599910736084), (49068.426221888854, 0.6068174839019775), (44048.95736470272, 0.6129045486450195), (43939.64665303314, 0.6733453273773193), (43939.62203947858, 0.7109980583190918), (41018.10109380915, 1.1474707126617432), (40623.34131111142, 1.263805627822876), (35250.842513951866, 1.2689568996429443), (49068.426221888854, 1.274334192276001), (35250.842513951866, 1.2778840065002441), (30643.845304089402, 1.2960340976715088), (49068.426221888854, 1.3015291690826416), (35250.842513951866, 1.305201768875122), (30643.845304089402, 1.3233375549316406), (30511.711845139616, 1.573615312576294), (30511.68895614775, 1.5905413627624512), (29931.529063846763, 1.724290132522583), (29930.265958760072, 2.255268096923828), (28406.438050538774, 3.639514684677124), (27879.448518961326, 3.6518986225128174), (26984.024746321804, 5.005503177642822), (49068.426221888854, 5.013852596282959), (35250.842513951866, 5.0193030834198), (30643.845304089402, 5.050983428955078), (26984.024746321804, 5.081547737121582), (26200.664729435674, 5.236119508743286), (17987.760406184738, 7.1853907108306885), (49068.426221888854, 7.19319748878479), (35250.842513951866, 7.198502063751221), (26984.024746321804, 7.232861518859863), (26200.664729435674, 7.382193326950073), (17987.760406184738, 7.654982328414917), (15612.23842718304, 10.506717205047607), (49068.426221888854, 10.515410661697388), (35250.842513951866, 10.521946907043457), (26984.024746321804, 10.615814685821533), (26200.664729435674, 10.849470138549805), (17987.760406184738, 11.054959535598755), (15612.23842718304, 12.779932975769043), (14517.981516682446, 35.23123550415039), (6594.903828989349, 50.964094400405884), (49068.426221888854, 50.97206902503967), (35250.842513951866, 50.977545738220215), (26984.024746321804, 51.01971220970154), (21697.1887513954, 51.111722230911255), (17987.760406184738, 51.404316663742065), (6594.903828989349, 51.62045669555664), (6384.966884817195, 53.66553449630737), (6373.301935563692, 54.21889781951904), (1124.0597210363885, 91.13348436355591)]
(REAL, NOT adjusted by restarts) probability of this sequence is: 6.839697472844851e-09
uncertainty:
{'ate': 11257.139721036388, 'ci': (-59565.63331474174, 82079.91275681452)}
checked:
2674
