Starting EXP30.6, type=probe_probs_with_restart, run 1/3 (Task 132)
loaded cached data
loaded cached data
loaded cached data
loaded cached data
loaded cached data
loaded cached data
loaded cached data
START ATE IS: 8744.613076116184
PROBE TRIGGERED! Error reduced from 10029.387 to 2968.881 (ATE went to 15805.11880659192).
PROBE TRIGGERED! Error reduced from 2968.881 to 1672.574 (ATE went to 17101.426365558906).
PROBE TRIGGERED! Error reduced from 1672.574 to 1094.305 (ATE went to 17679.695432722267).
***
FINISHED
ATE before: 8744.613076116184
ATE now is: 18121.15773921518
sequence is: (('drop_duplicates', 'TABLE'), ('isolationForest', 'TABLE'), ('norm_log', 'education'))
***
Execution time: 86.601 sec
distances from ATE (with time):
[(10029.386923883816, 0), (2968.8811934080804, 0.2812211513519287), (10029.386923883816, 0.7151000499725342), (2968.8811934080804, 1.0311048030853271), (2968.881193396948, 3.134593963623047), (1672.5736344410943, 5.307552814483643), (10029.386923883816, 5.6509881019592285), (2968.8811934080804, 5.890398263931274), (1672.5736344410943, 7.253891944885254), (1094.3045672777334, 31.16267681121826), (10029.386923883816, 31.52419090270996), (2968.8811934080804, 31.780057191848755), (1672.5736344410943, 39.87717914581299), (1094.3045672777334, 43.18963146209717), (652.8422607848188, 86.2960193157196)]
(REAL, NOT adjusted by restarts) probability of this sequence is: 2.7110013344012503e-05
uncertainty:
{'ate': 18121.15773921518, 'ci': (16562.53141015693, 19679.78406827343)}
checked:
95
