Starting EXP30.7, type=probe, run 1/3 (Task 135)
loaded cached data
loaded cached data
loaded cached data
loaded cached data
loaded cached data
loaded cached data
loaded cached data
START ATE IS: 8925.352473491534
PROBE TRIGGERED! Error reduced from 9848.648 to 7229.598 (ATE went to 11544.401824048895).
PROBE TRIGGERED! Error reduced from 7229.598 to 3392.213 (ATE went to 15381.78661712442).
***
FINISHED
ATE before: 8925.352473491534
ATE now is: 17992.914278617212
sequence is: (('isolationForest', 'TABLE'), ('bin_equal_width_2', 'education'))
***
Execution time: 46.993 sec
distances from ATE (with time):
[(9848.647526508466, 0), (7229.598175951105, 4.0451154708862305), (9848.647526508466, 4.6248838901519775), (7229.598175951105, 4.984257459640503), (3392.2133828755796, 25.948938131332397), (9848.647526508466, 26.41018509864807), (7229.598175951105, 26.74450373649597), (3392.2133828755796, 35.049657583236694), (781.0857213827876, 46.65946578979492)]
(REAL, NOT adjusted by restarts) probability of this sequence is: 0.0010405827263267429
uncertainty:
{'ate': 17992.914278617212, 'ci': (16969.036039886258, 19016.792517348167)}
checked:
41
