Starting EXP29.5, type=probe, run 3/3 (Task 38)
loaded cached data
loaded cached data
loaded cached data
loaded cached data
loaded cached data
loaded cached data
loaded cached data
START ATE IS: 1000.618752662147
PROBE TRIGGERED! Error reduced from 1000.619 to 899.846 (ATE went to 899.8460615090353).
PROBE TRIGGERED! Error reduced from 899.846 to 805.674 (ATE went to 805.6744915996933).
PROBE TRIGGERED! Error reduced from 805.674 to 408.048 (ATE went to 408.0478504230614).
PROBE TRIGGERED! Error reduced from 408.048 to 357.074 (ATE went to 357.0738791224603).
PROBE TRIGGERED! Error reduced from 357.074 to 158.488 (ATE went to 158.48778319351823).
PROBE TRIGGERED! Error reduced from 158.488 to 133.237 (ATE went to 133.23717587086503).
PROBE TRIGGERED! Error reduced from 133.237 to 68.188 (ATE went to 68.18810422569095).
***
FINISHED
ATE before: 1000.618752662147
ATE now is: 14.786138337373814
sequence is: (('drop_duplicates', 'TABLE'), ('bin_equal_frequency_2', 'education'), ('bin_equal_frequency_2', 'age'), ('isolationForest', 'TABLE'))
***
Execution time: 267.535 sec
distances from ATE (with time):
[(1000.618752662147, 0), (992.161342006737, 0.007630348205566406), (987.4577993312723, 0.03653407096862793), (970.8737788764083, 0.04495549201965332), (964.076180951346, 0.08158278465270996), (899.8460615090353, 0.3030247688293457), (1000.618752662147, 0.3074665069580078), (899.8460615090353, 0.3105628490447998), (899.4555921723077, 0.6798889636993408), (897.3383333204747, 0.6957888603210449), (892.7025439766785, 0.7011997699737549), (873.6053998620082, 0.712040901184082), (860.9315399351817, 0.7815172672271729), (805.6744915996933, 1.0135810375213623), (1000.618752662147, 1.0181005001068115), (899.8460615090353, 1.021225929260254), (873.6053998620082, 1.0757322311401367), (805.6744915996933, 1.3183598518371582), (766.4227145917484, 4.684530019760132), (761.8845231146879, 9.34896969795227), (408.0478504230614, 9.894146203994751), (1000.618752662147, 9.89880657196045), (899.8460615090353, 9.901949644088745), (873.6053998620082, 10.192846059799194), (805.6744915996933, 10.386378288269043), (408.0478504230614, 11.113670587539673), (357.0738791224603, 21.109679698944092), (1000.618752662147, 21.114137172698975), (899.8460615090353, 21.30348825454712), (408.0478504230614, 21.677879810333252), (357.0738791224603, 23.430968761444092), (348.00235335383604, 32.928081035614014), (158.48778319351823, 48.32457447052002), (1000.618752662147, 48.329193115234375), (899.8460615090353, 48.5167396068573), (408.0478504230614, 48.900190353393555), (357.0738791224603, 51.046775102615356), (348.00235335383604, 51.61111879348755), (158.48778319351823, 56.448091983795166), (133.23717587086503, 79.60903120040894), (1000.618752662147, 79.6136314868927), (899.8460615090353, 79.80150771141052), (408.0478504230614, 80.18553853034973), (357.0738791224603, 82.33235692977905), (348.00235335383604, 82.89556121826172), (158.48778319351823, 87.73623061180115), (133.23717587086503, 110.90185356140137), (68.18810422569095, 121.99722409248352), (1000.618752662147, 122.00203156471252), (992.161342006737, 122.00538420677185), (899.8460615090353, 122.19522595405579), (775.1929212021246, 122.76809549331665), (408.0478504230614, 122.9504406452179), (348.00235335383604, 124.17278051376343), (158.48778319351823, 125.11174869537354), (133.23717587086503, 138.2999973297119), (68.18810422569095, 139.40380764007568), (14.786138337373814, 267.53311014175415)]
(REAL, NOT adjusted by restarts) probability of this sequence is: 1.082812410329597e-06
uncertainty:
{'ate': 14.786138337373814, 'ci': (-2367.0295985899515, 2396.601875264699)}
checked:
3711
