Starting EXP29.7, type=probe_probs_with_restart, run 1/3 (Task 60)
loaded cached data
loaded cached data
loaded cached data
loaded cached data
loaded cached data
loaded cached data
loaded cached data
START ATE IS: 1761.2176358175075
PROBE TRIGGERED! Error reduced from 1761.218 to 1230.973 (ATE went to 1230.973098234561).
PROBE TRIGGERED! Error reduced from 1230.973 to 1016.048 (ATE went to 1016.0483054596334).
PROBE TRIGGERED! Error reduced from 1016.048 to 845.041 (ATE went to 845.0410034314536).
PROBE TRIGGERED! Error reduced from 845.041 to 708.890 (ATE went to 708.8901332263522).
PROBE TRIGGERED! Error reduced from 708.890 to 579.823 (ATE went to 579.8231612901118).
PROBE TRIGGERED! Error reduced from 579.823 to 328.012 (ATE went to 328.0119717586913).
PROBE TRIGGERED! Error reduced from 328.012 to 219.642 (ATE went to 219.64245060730173).
PROBE TRIGGERED! Error reduced from 219.642 to 125.568 (ATE went to -125.56771088182359).
PROBE TRIGGERED! Error reduced from 125.568 to 109.793 (ATE went to -109.79294097447837).
PROBE TRIGGERED! Error reduced from 109.793 to 97.667 (ATE went to 97.66735399301797).
PROBE TRIGGERED! Error reduced from 97.667 to 68.730 (ATE went to 68.73016220917452).
***
FINISHED
ATE before: 1761.2176358175075
ATE now is: -2.9594613377757923
sequence is: (('bin_equal_frequency_5', 'education'), ('bin_equal_frequency_5', 'age'), ('isolationForest', 'TABLE'), ('drop_duplicates', 'TABLE'))
***
Execution time: 1413.448 sec
distances from ATE (with time):
[(1761.2176358175075, 0), (1706.8140703259396, 0.005027055740356445), (1657.5050744161908, 0.04201102256774902), (1586.3602646888066, 0.474071741104126), (1230.973098234561, 1.7039861679077148), (1761.2176358175075, 1.7122046947479248), (1706.8140703259396, 1.7181055545806885), (1657.5050744161908, 1.765836477279663), (1230.973098234561, 1.7747375965118408), (1230.9730982345573, 3.7201244831085205), (1230.9730952719274, 3.7575674057006836), (1134.4416237756723, 4.250947713851929), (1016.0483054596334, 6.105249643325806), (1761.2176358175075, 6.11355447769165), (1706.8140703259396, 6.119086027145386), (1691.451470960028, 6.1520116329193115), (1230.973098234561, 6.187419414520264), (1016.0483054596334, 6.197062253952026), (1016.048304247337, 7.945709466934204), (1015.823776907655, 8.002599716186523), (845.0410034314536, 9.5500009059906), (1761.2176358175075, 9.557079553604126), (1706.8140703259396, 9.56187915802002), (1657.5050744161908, 9.58343768119812), (1016.0483054596334, 9.60101866722107), (845.0410034314536, 9.952438831329346), (708.8901332263522, 17.475889205932617), (1761.2176358175075, 17.482871294021606), (1706.8140703259396, 17.487628936767578), (1694.0471943583343, 17.854667901992798), (1691.451470960028, 17.871605396270752), (1657.5050744161908, 17.880088567733765), (1016.0483054596334, 17.888604402542114), (708.8901332263522, 22.610193729400635), (579.8231612901118, 23.37525463104248), (1761.2176358175075, 23.382057189941406), (1706.8140703259396, 23.387402534484863), (1694.0471943583343, 23.754117965698242), (1691.451470960028, 23.76962900161743), (1657.5050744161908, 23.77765130996704), (1016.0483054596334, 23.786317348480225), (708.8901332263522, 29.166531562805176), (579.8231612901118, 29.917235851287842), (328.0119717586913, 35.906911849975586), (1761.2176358175075, 35.91436791419983), (1706.8140703259396, 35.91942310333252), (1694.0471943583343, 36.333123445510864), (1691.451470960028, 36.349464893341064), (1657.5050744161908, 36.35755372047424), (1016.0483054596334, 36.735129594802856), (708.8901332263522, 41.0782527923584), (579.8231612901118, 41.88579320907593), (328.0119717586913, 43.57171893119812), (219.64245060730173, 73.00530648231506), (1761.2176358175075, 73.00965356826782), (1706.8140703259396, 73.01271200180054), (1694.0471943583343, 73.42388153076172), (1657.5050744161908, 73.43840074539185), (1016.0483054596334, 73.80024337768555), (708.8901332263522, 78.47743892669678), (579.8231612901118, 79.20933365821838), (328.0119717586913, 81.9529664516449), (219.64245060730173, 94.46130204200745), (125.56771088182359, 110.14808750152588), (1761.2176358175075, 110.15510320663452), (1706.8140703259396, 110.16003513336182), (1694.0471943583343, 110.48752927780151), (1657.5050744161908, 110.50200963020325), (1016.0483054596334, 110.8428807258606), (708.8901332263522, 114.53540921211243), (579.8231612901118, 115.19414162635803), (328.0119717586913, 117.60998940467834), (219.64245060730173, 130.9341721534729), (125.56771088182359, 148.50259566307068), (109.79294097447837, 148.88768196105957), (1761.2176358175075, 148.89519262313843), (1706.8140703259396, 148.9004364013672), (1657.5050744161908, 148.91611981391907), (1586.3602646888066, 149.351909160614), (1230.973098234561, 149.69130730628967), (1134.4416237756723, 151.3888804912567), (1016.0483054596334, 151.83590936660767), (328.0119717586913, 155.62851405143738), (125.56771088182359, 173.85941863059998), (109.79294097447837, 174.32502675056458), (108.2527638954598, 463.07201385498047), (97.66735399301797, 686.1882495880127), (1761.2176358175075, 686.1957519054413), (1706.8140703259396, 686.2008631229401), (1657.5050744161908, 686.2154881954193), (1586.3602646888066, 686.5703089237213), (1016.0483054596334, 686.9020712375641), (845.0410034314536, 690.6866569519043), (708.8901332263522, 692.5476064682007), (579.8231612901118, 693.4764494895935), (328.0119717586913, 696.9469003677368), (219.64245060730173, 708.2601988315582), (125.56771088182359, 720.1018972396851), (109.79294097447837, 720.4457271099091), (97.66735399301797, 822.9077558517456), (97.32401759579443, 1190.4834568500519), (68.73016220917452, 1334.6333079338074), (1761.2176358175075, 1334.6416034698486), (1706.8140703259396, 1334.6467597484589), (1694.0471943583343, 1334.9895718097687), (1657.5050744161908, 1335.0059537887573), (1016.0483054596334, 1335.3737287521362), (708.8901332263522, 1340.5782632827759), (579.8231612901118, 1341.2397079467773), (328.0119717586913, 1343.8854637145996), (219.64245060730173, 1364.874719619751), (68.73016220917452, 1386.0343289375305), (2.9594613377757923, 1413.4444816112518)]
(REAL, NOT adjusted by restarts) probability of this sequence is: 3.833133039440265e-09
uncertainty:
{'ate': -2.9594613377757923, 'ci': (-2139.424572110978, 2133.505649435426)}
checked:
6958
