Starting EXP33.2, type=probe, run 1/3 (Task 333)
loaded cached data
loaded cached data
loaded cached data
loaded cached data
loaded cached data
loaded cached data
loaded cached data
START ATE IS: 1671.1304157874747
PROBE TRIGGERED! Error reduced from 1671.130 to 1428.098 (ATE went to 1428.0980002064048).
PROBE TRIGGERED! Error reduced from 1428.098 to 1221.699 (ATE went to 1221.6994579451148).
PROBE TRIGGERED! Error reduced from 1221.699 to 904.936 (ATE went to 904.9358950645064).
PROBE TRIGGERED! Error reduced from 904.936 to 662.841 (ATE went to 662.841192461291).
PROBE TRIGGERED! Error reduced from 662.841 to 545.913 (ATE went to 545.912521926487).
PROBE TRIGGERED! Error reduced from 545.913 to 345.168 (ATE went to 345.1683761896502).
PROBE TRIGGERED! Error reduced from 345.168 to 302.069 (ATE went to 302.0691202325952).
PROBE TRIGGERED! Error reduced from 302.069 to 65.417 (ATE went to 65.4166099238355).
PROBE TRIGGERED! Error reduced from 65.417 to 55.867 (ATE went to 55.86667603791648).
***
FINISHED
ATE before: 1671.1304157874747
ATE now is: 10.006850340641904
sequence is: (('zscore_clip_3', 'age'), ('bin_equal_width_10', 'education'), ('bin_equal_frequency_5', 'age'), ('isolationForest', 'TABLE'), ('drop_duplicates', 'TABLE'))
***
Execution time: 4029.206 sec
distances from ATE (with time):
[(1671.1304157874747, 0), (1665.900024316259, 0.003782987594604492), (1624.0719958694008, 0.008677244186401367), (1559.8355204717245, 0.10900688171386719), (1428.0980002064048, 0.32034802436828613), (1671.1304157874747, 0.32529711723327637), (1428.0980002064048, 0.6225414276123047), (1404.8733850419549, 0.9668197631835938), (1317.7704182811303, 6.542484521865845), (1221.6994579451148, 6.951613426208496), (1671.1304157874747, 6.956254959106445), (1428.0980002064048, 7.200485706329346), (1404.8733850419549, 7.446147441864014), (1221.6994579451148, 7.728220224380493), (1201.0425905960883, 14.099180936813354), (1102.262546232856, 14.428528785705566), (904.9358950645064, 14.758845090866089), (1671.1304157874747, 14.766146421432495), (1428.0980002064048, 15.092490911483765), (1404.8733850419549, 15.434489250183105), (1221.6994579451148, 16.278778553009033), (904.9358950645064, 16.611467361450195), (869.7448477643093, 28.548882722854614), (662.841192461291, 29.679798126220703), (1671.1304157874747, 29.684338808059692), (1428.0980002064048, 30.045461416244507), (1404.8733850419549, 30.24061369895935), (1221.6994579451148, 30.75471782684326), (904.9358950645064, 31.013598203659058), (869.7448477643093, 31.464254140853882), (662.841192461291, 32.27281093597412), (630.3396634241071, 75.28273296356201), (545.912521926487, 106.31511616706848), (1671.1304157874747, 106.31979322433472), (1428.0980002064048, 106.60261225700378), (1404.8733850419549, 106.8582353591919), (1221.6994579451148, 107.40214490890503), (904.9358950645064, 107.72780680656433), (869.7448477643093, 108.56547474861145), (662.841192461291, 109.28266835212708), (630.3396634241071, 152.31795597076416), (545.912521926487, 161.32041573524475), (345.1683761896502, 208.70847344398499), (1671.1304157874747, 208.71341633796692), (1428.0980002064048, 208.9641683101654), (1404.8733850419549, 209.2326889038086), (1221.6994579451148, 209.67375493049622), (904.9358950645064, 209.9246392250061), (869.7448477643093, 211.4321732521057), (662.841192461291, 212.0858016014099), (630.3396634241071, 261.84372544288635), (545.912521926487, 271.5259666442871), (345.1683761896502, 272.20394468307495), (302.0691202325952, 272.39655113220215), (1671.1304157874747, 272.40153431892395), (1428.0980002064048, 272.5869131088257), (1404.8733850419549, 272.7882785797119), (1221.6994579451148, 273.2288761138916), (904.9358950645064, 273.4174780845642), (869.7448477643093, 274.4673969745636), (662.841192461291, 275.2012310028076), (619.8264342008288, 290.54224371910095), (345.1683761896502, 291.1618003845215), (302.0691202325952, 291.4731957912445), (65.4166099238355, 464.9836528301239), (1671.1304157874747, 464.98839592933655), (1428.0980002064048, 465.1718239784241), (1404.8733850419549, 465.4153702259064), (1221.6994579451148, 465.80215430259705), (904.9358950645064, 465.9905731678009), (869.7448477643093, 467.30745458602905), (662.841192461291, 469.3331172466278), (637.8325943001973, 476.5534460544586), (332.87084237104773, 480.8825695514679), (302.0691202325952, 489.2548038959503), (65.4166099238355, 532.8867151737213), (63.24568848677791, 1525.742306470871), (55.86667603791648, 1840.7710185050964), (1671.1304157874747, 1840.7767894268036), (1428.0980002064048, 1840.9592969417572), (1404.8733850419549, 1841.2199666500092), (1221.6994579451148, 1841.6498017311096), (904.9358950645064, 1841.8360803127289), (869.7448477643093, 1843.4067816734314), (662.841192461291, 1845.3169581890106), (637.8325943001973, 1848.2248969078064), (332.87084237104773, 1848.6050589084625), (302.0691202325952, 1870.8479380607605), (65.4166099238355, 1875.8984928131104), (55.86667603791648, 2171.226790189743), (10.006850340641904, 4029.204311609268)]
(REAL, NOT adjusted by restarts) probability of this sequence is: 3.492943259127732e-08
uncertainty:
{'ate': 10.006850340641904, 'ci': (-1339.981115928822, 1359.9948166101058)}
checked:
31281
