Starting EXP29.9, type=probe, run 2/3 (Task 73)
loaded cached data
loaded cached data
loaded cached data
loaded cached data
loaded cached data
loaded cached data
loaded cached data
START ATE IS: 1650.6967000330424
PROBE TRIGGERED! Error reduced from 1650.697 to 1366.211 (ATE went to 1366.211106714777).
PROBE TRIGGERED! Error reduced from 1366.211 to 1198.678 (ATE went to 1198.6777280501465).
PROBE TRIGGERED! Error reduced from 1198.678 to 976.208 (ATE went to 976.2084392069883).
PROBE TRIGGERED! Error reduced from 976.208 to 709.101 (ATE went to 709.101185550915).
PROBE TRIGGERED! Error reduced from 709.101 to 516.149 (ATE went to 516.1487141144735).
PROBE TRIGGERED! Error reduced from 516.149 to 424.399 (ATE went to 424.39929269504955).
PROBE TRIGGERED! Error reduced from 424.399 to 365.448 (ATE went to 365.4482284838132).
PROBE TRIGGERED! Error reduced from 365.448 to 228.005 (ATE went to -228.00475743287097).
PROBE TRIGGERED! Error reduced from 228.005 to 147.893 (ATE went to 147.89334418459111).
PROBE TRIGGERED! Error reduced from 147.893 to 70.904 (ATE went to 70.90400301535101).
***
FINISHED
ATE before: 1650.6967000330424
ATE now is: 45.325182778807175
sequence is: (('drop_duplicates', 'TABLE'), ('zscore_filter_3', 'education'), ('bin_equal_frequency_5', 'age'), ('bin_equal_frequency_2', 'education'), ('isolationForest', 'TABLE'))
***
Execution time: 2922.560 sec
distances from ATE (with time):
[(1650.6967000330424, 0), (1596.8844700705758, 0.012638568878173828), (1518.817452322366, 0.15670442581176758), (1366.211106714777, 0.504131555557251), (1650.6967000330424, 0.511106014251709), (1366.211106714777, 0.835338830947876), (1353.5817766401997, 1.3341517448425293), (1317.9012364784562, 8.619651794433594), (1250.5844387427205, 9.60892367362976), (1198.6777280501465, 17.17131280899048), (1650.6967000330424, 17.178314924240112), (1366.211106714777, 17.50104260444641), (1198.6777280501465, 18.338814973831177), (1167.5148312566998, 34.75791692733765), (1154.855274372932, 53.73365902900696), (976.2084392069883, 55.13581442832947), (1650.6967000330424, 55.143247842788696), (1366.211106714777, 55.59217309951782), (1198.6777280501465, 56.40348744392395), (1167.5148312566998, 57.13886785507202), (976.2084392069883, 73.7804274559021), (709.101185550915, 74.07792472839355), (1650.6967000330424, 74.0874571800232), (1366.211106714777, 74.4327597618103), (1353.5817766401997, 74.80979228019714), (1198.6777280501465, 75.94480037689209), (1167.5148312566998, 75.96299362182617), (976.2084392069883, 77.13663649559021), (709.101185550915, 77.47155427932739), (684.9589218181027, 78.13625192642212), (516.1487141144735, 143.4574830532074), (1650.6967000330424, 143.46507835388184), (1366.211106714777, 143.79930591583252), (1198.6777280501465, 144.4870126247406), (1167.5148312566998, 145.99875950813293), (976.2084392069883, 154.95011353492737), (709.101185550915, 162.56738090515137), (516.1487141144735, 162.8980255126953), (424.39929269504955, 189.04162669181824), (1650.6967000330424, 189.0487883090973), (1366.211106714777, 189.37236833572388), (1198.6777280501465, 190.05687046051025), (1167.5148312566998, 192.18368887901306), (976.2084392069883, 200.80792903900146), (709.101185550915, 208.3678333759308), (424.39929269504955, 208.71470999717712), (415.89450818748264, 376.86854100227356), (365.4482284838132, 675.5206155776978), (1650.6967000330424, 675.5289328098297), (1366.211106714777, 675.8663048744202), (1198.6777280501465, 676.5668435096741), (1167.5148312566998, 679.273467540741), (976.2084392069883, 680.4970440864563), (709.101185550915, 680.8314006328583), (684.9589218181027, 681.5174381732941), (516.1487141144735, 698.3474280834198), (424.39929269504955, 699.0062675476074), (365.4482284838132, 770.8665664196014), (228.00475743287097, 1295.9249053001404), (1650.6967000330424, 1295.9322748184204), (1366.211106714777, 1296.2501742839813), (1198.6777280501465, 1296.93443441391), (1167.5148312566998, 1300.8604607582092), (976.2084392069883, 1303.3093326091766), (911.0238907020839, 1303.9383029937744), (709.101185550915, 1304.27246427536), (684.9589218181027, 1306.1303758621216), (228.00475743287097, 1317.8909463882446), (147.89334418459111, 1360.553338766098), (1650.6967000330424, 1360.5606112480164), (1366.211106714777, 1360.8804647922516), (1198.6777280501465, 1361.5850076675415), (1167.5148312566998, 1365.53817486763), (976.2084392069883, 1368.1658432483673), (911.0238907020839, 1368.8250374794006), (709.101185550915, 1369.150396823883), (684.9589218181027, 1371.1201074123383), (228.00475743287097, 1382.9655599594116), (147.89334418459111, 1426.3656146526337), (70.90400301535101, 2233.7317440509796), (1650.6967000330424, 2233.74023270607), (1366.211106714777, 2234.065812587738), (1360.4355938771973, 2234.421476840973), (1358.9701526211456, 2234.75164103508), (1250.5844387427205, 2235.086958885193), (1198.6777280501465, 2236.075530529022), (228.00475743287097, 2241.4470477104187), (147.89334418459111, 2269.576680421829), (70.90400301535101, 2299.3420662879944), (67.84595832057857, 2480.004399061203), (45.325182778807175, 2922.556543827057)]
(REAL, NOT adjusted by restarts) probability of this sequence is: 3.492943259127732e-08
uncertainty:
{'ate': 45.325182778807175, 'ci': (-1697.2161302771958, 1787.8664958348102)}
checked:
14715
