Starting EXP31.3, type=probe, run 3/3 (Task 164)
loaded cached data
loaded cached data
loaded cached data
loaded cached data
loaded cached data
loaded cached data
loaded cached data
START ATE IS: 1655.2547410461175
PROBE TRIGGERED! Error reduced from 1655.255 to 1289.344 (ATE went to 1289.3443610622387).
PROBE TRIGGERED! Error reduced from 1289.344 to 736.027 (ATE went to 736.0268393106313).
PROBE TRIGGERED! Error reduced from 736.027 to 384.810 (ATE went to 384.8100488964452).
PROBE TRIGGERED! Error reduced from 384.810 to 275.347 (ATE went to 275.34733126404166).
PROBE TRIGGERED! Error reduced from 275.347 to 169.701 (ATE went to 169.700602053782).
PROBE TRIGGERED! Error reduced from 169.701 to 116.611 (ATE went to 116.61135262213647).
***
FINISHED
ATE before: 1655.2547410461175
ATE now is: 39.92662868346447
sequence is: (('drop_duplicates', 'TABLE'), ('bin_equal_frequency_10', 'age'), ('bin_equal_frequency_5', 'education'), ('isolationForest', 'TABLE'))
***
Execution time: 289.216 sec
distances from ATE (with time):
[(1655.2547410461175, 0), (1648.5740918658826, 0.007349729537963867), (1628.9384007753195, 0.011473894119262695), (1615.769269899655, 0.06510210037231445), (1537.0910320737878, 0.08971643447875977), (1289.3443610622387, 0.3605353832244873), (1655.2547410461175, 0.36824655532836914), (1289.3443610622387, 0.5856478214263916), (1246.5743781440299, 1.0484604835510254), (1172.1043124690138, 6.008873701095581), (736.0268393106313, 6.651065826416016), (1655.2547410461175, 6.658174276351929), (1289.3443610622387, 6.973605632781982), (736.0268393106313, 7.606189012527466), (727.0276795322292, 28.969940185546875), (709.8040100217381, 30.225760221481323), (384.8100488964452, 40.266462326049805), (1655.2547410461175, 40.27264475822449), (1289.3443610622387, 40.58997416496277), (736.0268393106313, 41.256328105926514), (384.8100488964452, 56.620819091796875), (275.34733126404166, 77.05081343650818), (1655.2547410461175, 77.05685710906982), (1289.3443610622387, 77.37237071990967), (736.0268393106313, 78.03352570533752), (384.8100488964452, 87.856130361557), (275.34733126404166, 88.1826159954071), (169.700602053782, 94.51246356964111), (1655.2547410461175, 94.51671123504639), (1289.3443610622387, 94.69477415084839), (736.0268393106313, 95.12758493423462), (275.34733126404166, 97.24752712249756), (169.700602053782, 97.46670985221863), (161.53850515594024, 152.64439845085144), (116.61135262213647, 161.74377298355103), (1655.2547410461175, 161.74778819084167), (1289.3443610622387, 161.94566559791565), (736.0268393106313, 162.47356843948364), (275.34733126404166, 164.3086667060852), (169.700602053782, 164.64407753944397), (116.61135262213647, 219.68272280693054), (39.92662868346447, 289.21406078338623)]
(REAL, NOT adjusted by restarts) probability of this sequence is: 1.082812410329597e-06
uncertainty:
{'ate': 39.92662868346447, 'ci': (-1995.8912666546591, 2075.744524021588)}
checked:
2740
