Starting EXP36.3, type=probe, run 1/3 (Task 432)
loaded cached data
loaded cached data
loaded cached data
loaded cached data
loaded cached data
loaded cached data
loaded cached data
START ATE IS: 76423.59294977493
PROBE TRIGGERED! Error reduced from 66290.513 to 52124.115 (ATE went to 62257.19472798027).
PROBE TRIGGERED! Error reduced from 52124.115 to 39203.196 (ATE went to 49336.2761955895).
PROBE TRIGGERED! Error reduced from 39203.196 to 33866.257 (ATE went to 43999.33732772752).
PROBE TRIGGERED! Error reduced from 33866.257 to 29532.050 (ATE went to 39665.130428717486).
PROBE TRIGGERED! Error reduced from 29532.050 to 21949.400 (ATE went to 32082.479854822865).
PROBE TRIGGERED! Error reduced from 21949.400 to 16287.319 (ATE went to 26420.399484817313).
PROBE TRIGGERED! Error reduced from 16287.319 to 13888.731 (ATE went to 24021.81085465163).
PROBE TRIGGERED! Error reduced from 13888.731 to 5693.985 (ATE went to 15827.064918957329).
***
FINISHED
ATE before: 76423.59294977493
ATE now is: 8743.021157565214
sequence is: (('bin_equal_width_5', 'sqft_above'), ('bin_equal_frequency_5', 'yr_built'), ('bin_equal_frequency_5', 'sqft_living'), ('bin_equal_frequency_2', 'grade'))
***
Execution time: 80.919 sec
distances from ATE (with time):
[(66290.51294977493, 0), (52124.11472798027, 0.011194944381713867), (66290.51294977493, 0.03515291213989258), (52124.11472798027, 0.04235959053039551), (48558.26310276268, 0.19219565391540527), (39203.196195589495, 0.20464563369750977), (66290.51294977493, 0.21260333061218262), (52124.11472798027, 0.21696853637695312), (39203.196195589495, 0.22358155250549316), (33866.257327727515, 0.23068451881408691), (66290.51294977493, 0.2379457950592041), (39203.196195589495, 0.24183869361877441), (33866.257327727515, 0.25493669509887695), (29532.050428717484, 1.6096556186676025), (66290.51294977493, 1.617105484008789), (39203.196195589495, 1.6210312843322754), (33866.257327727515, 1.6527869701385498), (29532.050428717484, 1.6813135147094727), (21949.399854822863, 1.756495714187622), (66290.51294977493, 1.7719495296478271), (39203.196195589495, 1.7802951335906982), (33866.257327727515, 1.8214247226715088), (29532.050428717484, 1.8291852474212646), (21949.399854822863, 1.86887788772583), (16287.319484817313, 14.654812574386597), (66290.51294977493, 14.670126676559448), (39203.196195589495, 14.678380727767944), (33866.257327727515, 14.733245372772217), (29532.050428717484, 14.764254093170166), (22565.618544534234, 14.794920444488525), (21949.399854822863, 14.923158884048462), (16287.319484817313, 14.93986177444458), (13888.73085465163, 15.052204132080078), (66290.51294977493, 15.059785842895508), (39203.196195589495, 15.063701391220093), (33866.257327727515, 15.090142965316772), (29532.050428717484, 15.097925186157227), (22565.618544534234, 15.13564419746399), (21949.399854822863, 15.18378734588623), (16287.319484817313, 15.235361337661743), (13888.73085465163, 15.254682779312134), (5693.984918957329, 17.346538305282593), (66290.51294977493, 17.38273572921753), (39203.196195589495, 17.400912761688232), (33866.257327727515, 17.46113657951355), (29532.050428717484, 17.474901914596558), (22565.618544534234, 17.501055479049683), (21949.399854822863, 17.567535161972046), (16287.319484817313, 17.576607704162598), (13888.73085465163, 17.595566511154175), (5693.984918957329, 17.679349422454834), (1390.0588424347861, 80.91585445404053)]
(REAL, NOT adjusted by restarts) probability of this sequence is: 1.0662224073302616e-09
uncertainty:
{'ate': 8743.021157565214, 'ci': (-89774.246776871, 107260.28909200145)}
checked:
5907
