Starting EXP29.4, type=probe_probs_with_restart, run 1/3 (Task 33)
loaded cached data
loaded cached data
loaded cached data
loaded cached data
loaded cached data
loaded cached data
loaded cached data
START ATE IS: 309.0841571455785
PROBE TRIGGERED! Error reduced from 309.084 to 221.747 (ATE went to 221.7471457618467).
PROBE TRIGGERED! Error reduced from 221.747 to 93.438 (ATE went to 93.43823978766659).
PROBE TRIGGERED! Error reduced from 93.438 to 60.273 (ATE went to -60.27318176067547).
***
FINISHED
ATE before: 309.0841571455785
ATE now is: -24.70339405745699
sequence is: (('norm_log', 'age'), ('isolationForest', 'TABLE'))
***
Execution time: 2.644 sec
distances from ATE (with time):
[(309.0841571455785, 0), (221.7471457618467, 0.003138303756713867), (309.0841571455785, 0.007506608963012695), (221.7471457618467, 0.010521888732910156), (221.74714530437632, 0.030360937118530273), (218.91281074804374, 0.05957961082458496), (93.43823978766659, 0.26596736907958984), (309.0841571455785, 0.2705526351928711), (221.7471457618467, 0.2762739658355713), (93.43823978766659, 0.5303897857666016), (60.27318176067547, 0.7032642364501953), (309.0841571455785, 0.7074134349822998), (93.43823978766659, 0.8777997493743896), (60.27318176067547, 1.0683271884918213), (24.70339405745699, 2.641913414001465)]
(REAL, NOT adjusted by restarts) probability of this sequence is: 0.000190904653437903
uncertainty:
{'ate': -24.70339405745699, 'ci': (-2398.2864173578982, 2348.8796292429843)}
checked:
39
