Starting EXP29.9, type=probe, run 1/3 (Task 72)
loaded cached data
loaded cached data
loaded cached data
loaded cached data
loaded cached data
loaded cached data
loaded cached data
START ATE IS: 1761.0322979466691
PROBE TRIGGERED! Error reduced from 1761.032 to 1264.764 (ATE went to 1264.7636729675614).
PROBE TRIGGERED! Error reduced from 1264.764 to 1009.008 (ATE went to 1009.0075482780849).
PROBE TRIGGERED! Error reduced from 1009.008 to 710.744 (ATE went to 710.7437070795531).
PROBE TRIGGERED! Error reduced from 710.744 to 554.112 (ATE went to 554.1116120855168).
PROBE TRIGGERED! Error reduced from 554.112 to 437.995 (ATE went to 437.9951205810921).
PROBE TRIGGERED! Error reduced from 437.995 to 108.168 (ATE went to 108.16759477666528).
***
FINISHED
ATE before: 1761.0322979466691
ATE now is: 32.326270778667094
sequence is: (('bin_equal_frequency_5', 'age'), ('isolationForest', 'TABLE'), ('drop_duplicates', 'TABLE'), ('bin_equal_frequency_2', 'education'))
***
Execution time: 309.254 sec
distances from ATE (with time):
[(1761.0322979466691, 0), (1753.945704803682, 0.005202054977416992), (1716.7422951330436, 0.012739419937133789), (1664.9524758266707, 0.16961336135864258), (1264.7636729675614, 0.6603066921234131), (1761.0322979466691, 0.6719624996185303), (1264.7636729675614, 0.9930646419525146), (1230.3909502072638, 1.5012481212615967), (1156.7011996900555, 8.85409140586853), (1009.0075482780849, 9.52023720741272), (1761.0322979466691, 9.528181552886963), (1264.7636729675614, 9.855123281478882), (1230.3909502072638, 10.192150115966797), (1009.0075482780849, 10.684915781021118), (710.7437070795531, 18.92650866508484), (1761.0322979466691, 18.934470415115356), (1264.7636729675614, 19.26249933242798), (1230.3909502072638, 19.604379415512085), (1009.0075482780849, 20.65348529815674), (710.7437070795531, 20.99717617034912), (665.1497959496674, 48.58324146270752), (554.1116120855168, 86.28707098960876), (1761.0322979466691, 86.29637575149536), (1264.7636729675614, 86.6935167312622), (1230.3909502072638, 86.99522733688354), (1009.0075482780849, 87.3203239440918), (710.7437070795531, 88.65022826194763), (554.1116120855168, 98.60034775733948), (547.5919621430094, 185.13016963005066), (437.9951205810921, 187.77474689483643), (1761.0322979466691, 187.78202962875366), (1264.7636729675614, 188.10456037521362), (1251.5674589619753, 188.46032762527466), (710.7437070795531, 188.7835817337036), (665.1497959496674, 191.66581201553345), (547.5919621430094, 200.53973984718323), (437.9951205810921, 207.56733512878418), (108.16759477666528, 208.23668503761292), (1761.0322979466691, 208.24421000480652), (1264.7636729675614, 208.56861400604248), (1251.5674589619753, 208.92925691604614), (710.7437070795531, 209.26261234283447), (547.5919621430094, 212.44747138023376), (437.9951205810921, 212.79515504837036), (108.16759477666528, 213.3505027294159), (32.326270778667094, 309.25087809562683)]
(REAL, NOT adjusted by restarts) probability of this sequence is: 1.082812410329597e-06
uncertainty:
{'ate': 32.326270778667094, 'ci': (-2018.9229299198773, 2083.5754714772115)}
checked:
1836
