Starting EXP31.3, type=probe, run 1/3 (Task 162)
loaded cached data
loaded cached data
loaded cached data
loaded cached data
loaded cached data
loaded cached data
loaded cached data
START ATE IS: 1634.767848672408
PROBE TRIGGERED! Error reduced from 1634.768 to 842.517 (ATE went to 842.516584605064).
PROBE TRIGGERED! Error reduced from 842.517 to 137.840 (ATE went to 137.84039852372825).
PROBE TRIGGERED! Error reduced from 137.840 to 64.814 (ATE went to -64.81369301829682).
***
FINISHED
ATE before: 1634.767848672408
ATE now is: -9.633478119255415
sequence is: (('drop_duplicates', 'TABLE'), ('bin_equal_frequency_2', 'education'), ('isolationForest', 'TABLE'))
***
Execution time: 32.515 sec
distances from ATE (with time):
[(1634.767848672408, 0), (1600.9060886486338, 0.0049779415130615234), (1538.8463534637856, 0.0719602108001709), (842.516584605064, 0.47985267639160156), (1634.767848672408, 0.4855470657348633), (842.516584605064, 0.7972707748413086), (826.7095672899432, 1.179682731628418), (137.84039852372825, 4.98455548286438), (1634.767848672408, 4.991007328033447), (842.516584605064, 5.231067657470703), (826.7095672899432, 5.504950284957886), (137.84039852372825, 5.896088361740112), (64.81369301829682, 19.042432069778442), (1634.767848672408, 19.047086715698242), (842.516584605064, 19.32174015045166), (826.7095672899432, 19.707560539245605), (137.84039852372825, 20.087538719177246), (64.81369301829682, 27.487992763519287), (9.633478119255415, 32.51188087463379)]
(REAL, NOT adjusted by restarts) probability of this sequence is: 0.00014579384749963543
uncertainty:
{'ate': -9.633478119255415, 'ci': (-1868.3012035138624, 1849.0342472753516)}
checked:
297
