Starting EXP36.7, type=probe, run 2/3 (Task 469)
loaded cached data
loaded cached data
loaded cached data
loaded cached data
loaded cached data
loaded cached data
loaded cached data
START ATE IS: 54228.378930207495
PROBE TRIGGERED! Error reduced from 44095.299 to 37121.161 (ATE went to 47254.24065189328).
PROBE TRIGGERED! Error reduced from 37121.161 to 26552.202 (ATE went to 36685.28225646101).
PROBE TRIGGERED! Error reduced from 26552.202 to 23422.732 (ATE went to 33555.81161864232).
PROBE TRIGGERED! Error reduced from 23422.732 to 16802.301 (ATE went to 26935.3806097028).
PROBE TRIGGERED! Error reduced from 16802.301 to 13809.042 (ATE went to 23942.12214725863).
PROBE TRIGGERED! Error reduced from 13809.042 to 7149.137 (ATE went to 17282.21681189573).
PROBE TRIGGERED! Error reduced from 7149.137 to 3652.417 (ATE went to 13785.497367955246).
***
FINISHED
ATE before: 54228.378930207495
ATE now is: 11864.444122228702
sequence is: (('bin_equal_width_2', 'sqft_basement'), ('bin_equal_frequency_5', 'sqft_living'), ('bin_equal_frequency_2', 'yr_built'), ('bin_equal_frequency_2', 'bedrooms'))
***
Execution time: 126.111 sec
distances from ATE (with time):
[(44095.29893020749, 0), (43647.022544263644, 0.00714564323425293), (37121.160651893275, 0.01816844940185547), (44095.29893020749, 0.031196117401123047), (37121.160651893275, 0.0375669002532959), (34885.74018544505, 0.17882919311523438), (26552.20225646101, 0.29811644554138184), (44095.29893020749, 0.31089258193969727), (37121.160651893275, 0.31702303886413574), (26552.20225646101, 0.32738399505615234), (23422.73161864232, 0.3397212028503418), (44095.29893020749, 0.352644681930542), (26552.20225646101, 0.3591315746307373), (23422.73161864232, 0.3817911148071289), (22851.661785715216, 2.659135580062866), (16802.300609702797, 2.6833207607269287), (44095.29893020749, 2.6965651512145996), (26552.20225646101, 2.7030441761016846), (23422.73161864232, 2.7453107833862305), (16802.300609702797, 2.7701303958892822), (13809.04214725863, 2.836740493774414), (44095.29893020749, 2.84950852394104), (26552.20225646101, 2.855905294418335), (23422.73161864232, 2.8963053226470947), (16802.300609702797, 2.911830425262451), (13809.04214725863, 2.994532346725464), (13373.519370495325, 19.909191846847534), (12439.253449446182, 23.544990062713623), (7149.136811895731, 23.734381198883057), (44095.29893020749, 23.752082109451294), (26552.20225646101, 23.760898113250732), (23422.73161864232, 23.82003927230835), (16802.300609702797, 23.83672547340393), (13809.04214725863, 24.060280084609985), (13373.519370495325, 24.149210214614868), (7149.136811895731, 24.1685733795166), (3652.417367955246, 26.665987014770508), (44095.29893020749, 26.682356357574463), (26552.20225646101, 26.687395811080933), (23422.73161864232, 26.721476554870605), (16802.300609702797, 26.73073124885559), (13809.04214725863, 26.84956407546997), (13373.519370495325, 26.87863063812256), (7149.136811895731, 26.888299226760864), (3652.417367955246, 30.43308401107788), (3362.836320699822, 77.22270727157593), (1731.3641222287024, 126.10500621795654)]
(REAL, NOT adjusted by restarts) probability of this sequence is: 1.0662224073302616e-09
uncertainty:
{'ate': 11864.444122228702, 'ci': (-50827.998755476525, 74556.88699993394)}
checked:
6118
