Starting EXP29.4, type=probe, run 2/3 (Task 28)
loaded cached data
loaded cached data
loaded cached data
loaded cached data
loaded cached data
loaded cached data
loaded cached data
START ATE IS: 1591.9649330862085
PROBE TRIGGERED! Error reduced from 1591.965 to 1285.544 (ATE went to 1285.5437649349933).
PROBE TRIGGERED! Error reduced from 1285.544 to 859.523 (ATE went to 859.5228164708151).
PROBE TRIGGERED! Error reduced from 859.523 to 144.561 (ATE went to -144.56075572630834).
***
FINISHED
ATE before: 1591.9649330862085
ATE now is: 35.84636108239101
sequence is: (('bin_equal_width_2', 'education'), ('bin_equal_frequency_2', 'age'), ('isolationForest', 'TABLE'))
***
Execution time: 49.796 sec
distances from ATE (with time):
[(1591.9649330862085, 0), (1576.9058062769254, 0.010443687438964844), (1539.4057341965745, 0.015514850616455078), (1457.9578548128793, 0.10294699668884277), (1285.5437649349933, 0.294980525970459), (1591.9649330862085, 0.2990992069244385), (1285.5437649349933, 0.469897985458374), (1235.110841397306, 0.740363597869873), (859.5228164708151, 4.9534101486206055), (1591.9649330862085, 4.95766544342041), (1285.5437649349933, 5.130862474441528), (1235.110841397306, 5.310577154159546), (859.5228164708151, 5.576217412948608), (840.8257809036259, 20.26084280014038), (144.56075572630834, 28.385863304138184), (1591.9649330862085, 28.39009690284729), (1285.5437649349933, 28.56128740310669), (1235.110841397306, 28.742375135421753), (859.5228164708151, 28.914960861206055), (840.8257809036259, 37.77229928970337), (144.56075572630834, 38.02541542053223), (35.84636108239101, 49.794352293014526)]
(REAL, NOT adjusted by restarts) probability of this sequence is: 3.356718472021751e-05
uncertainty:
{'ate': 35.84636108239101, 'ci': (-2472.449133450377, 2544.141855615159)}
checked:
909
