Starting EXP29.3, type=probe_probs_with_restart, run 2/3 (Task 25)
loaded cached data
loaded cached data
loaded cached data
loaded cached data
loaded cached data
loaded cached data
loaded cached data
START ATE IS: 782.9319323139644
PROBE TRIGGERED! Error reduced from 782.932 to 675.651 (ATE went to 675.6514404918835).
PROBE TRIGGERED! Error reduced from 675.651 to 359.929 (ATE went to 359.9288944889304).
PROBE TRIGGERED! Error reduced from 359.929 to 265.006 (ATE went to 265.0062811179123).
PROBE TRIGGERED! Error reduced from 265.006 to 168.449 (ATE went to -168.44895587666724).
PROBE TRIGGERED! Error reduced from 168.449 to 81.566 (ATE went to 81.5659699349817).
***
FINISHED
ATE before: 782.9319323139644
ATE now is: 26.86151228644303
sequence is: (('drop_duplicates', 'TABLE'), ('IQR', 'education'), ('isolationForest', 'TABLE'), ('IQR', 'age'))
***
Execution time: 21.278 sec
distances from ATE (with time):
[(782.9319323139644, 0), (737.2819282538549, 0.0029599666595458984), (675.6514404918835, 0.026904821395874023), (782.9319323139644, 0.03097701072692871), (675.6514404918835, 0.0345759391784668), (636.5459961183642, 0.06302571296691895), (359.9288944889304, 0.38405370712280273), (782.9319323139644, 0.3882410526275635), (675.6514404918835, 0.3919827938079834), (359.9288944889304, 0.5627779960632324), (265.0062811179123, 1.1114795207977295), (782.9319323139644, 1.1156623363494873), (359.9288944889304, 1.2847511768341064), (265.0062811179123, 1.922760248184204), (168.44895587666724, 4.2582385540008545), (782.9319323139644, 4.26256251335144), (359.9288944889304, 4.434399366378784), (265.0062811179123, 4.623081684112549), (168.44895587666724, 4.978749990463257), (81.5659699349817, 9.210346460342407), (782.9319323139644, 9.214579820632935), (359.9288944889304, 9.386310338973999), (168.44895587666724, 9.57516360282898), (81.5659699349817, 12.05317497253418), (26.86151228644303, 21.27567148208618)]
(REAL, NOT adjusted by restarts) probability of this sequence is: 2.230695683662506e-07
uncertainty:
{'ate': 26.86151228644303, 'ci': (-2097.816193971925, 2151.539218544811)}
checked:
258
