Starting EXP29.6, type=probe, run 3/3 (Task 47)
loaded cached data
loaded cached data
loaded cached data
loaded cached data
loaded cached data
loaded cached data
loaded cached data
START ATE IS: 2491.638406659962
PROBE TRIGGERED! Error reduced from 2491.638 to 2067.526 (ATE went to 2067.526304865649).
PROBE TRIGGERED! Error reduced from 2067.526 to 1615.244 (ATE went to 1615.2435643891495).
PROBE TRIGGERED! Error reduced from 1615.244 to 1406.986 (ATE went to 1406.9859853684484).
PROBE TRIGGERED! Error reduced from 1406.986 to 1137.165 (ATE went to 1137.1648313340547).
PROBE TRIGGERED! Error reduced from 1137.165 to 944.944 (ATE went to 944.9437984093747).
PROBE TRIGGERED! Error reduced from 944.944 to 818.152 (ATE went to 818.1519067810941).
PROBE TRIGGERED! Error reduced from 818.152 to 734.624 (ATE went to 734.6236108837948).
***
FINISHED
ATE before: 2491.638406659962
ATE now is: -11.561764079083332
sequence is: (('zscore_filter_3', 'education'), ('bin_equal_frequency_10', 'age'), ('bin_equal_frequency_2', 'education'), ('drop_duplicates', 'TABLE'), ('isolationForest', 'TABLE'))
***
Execution time: 8878.191 sec
distances from ATE (with time):
[(2491.638406659962, 0), (2422.427189651351, 0.002986907958984375), (2396.693500522295, 0.00701594352722168), (2364.6791550161215, 0.06769943237304688), (2311.1413643787364, 0.0753786563873291), (2067.526304865649, 0.285320520401001), (2491.638406659962, 0.289386510848999), (2067.526304865649, 0.4617488384246826), (1997.9706468841014, 0.7330644130706787), (1904.4312132362102, 4.615153074264526), (1615.2435643891495, 5.6805644035339355), (2491.638406659962, 5.684839725494385), (2067.526304865649, 5.859461784362793), (2028.654300083449, 6.057349920272827), (1615.2435643891495, 6.306658506393433), (1560.5419589671624, 15.354380369186401), (1406.9859853684484, 28.795810222625732), (2491.638406659962, 28.80005383491516), (2067.526304865649, 28.972280502319336), (2028.654300083449, 29.154901027679443), (1615.2435643891495, 29.33069944381714), (1406.9859853684484, 38.509516954422), (1342.5138415164893, 53.61649560928345), (1137.1648313340547, 318.2190115451813), (2491.638406659962, 318.22876024246216), (2067.526304865649, 318.4462859630585), (2028.654300083449, 318.72012090682983), (1615.2435643891495, 318.93487071990967), (1406.9859853684484, 328.9789204597473), (1137.1648313340547, 339.73080611228943), (1062.6173127826723, 783.2079825401306), (944.9437984093747, 869.583744764328), (2491.638406659962, 869.5916574001312), (2067.526304865649, 869.9255602359772), (2028.654300083449, 870.2903952598572), (1615.2435643891495, 870.6271464824677), (1406.9859853684484, 884.4267497062683), (1137.1648313340547, 895.3794529438019), (944.9437984093747, 1049.3519129753113), (884.147565695509, 1066.7085676193237), (818.1519067810941, 1071.1315243244171), (2491.638406659962, 1071.1403405666351), (2067.526304865649, 1071.5334467887878), (1997.9706468841014, 1071.9381399154663), (1615.2435643891495, 1074.0718426704407), (1601.9873023322343, 1091.6998076438904), (1504.4950844107238, 1099.3038544654846), (1137.1648313340547, 1099.6372396945953), (884.147565695509, 1271.6756753921509), (818.1519067810941, 1280.1985890865326), (818.1519067810932, 4695.322278261185), (818.1519067810923, 5003.52411532402), (734.6236108837948, 5013.339799642563), (2491.638406659962, 5013.351930618286), (2067.526304865649, 5013.735372066498), (2028.654300083449, 5014.143099308014), (1615.2435643891495, 5014.515982627869), (1406.9859853684484, 5022.349962234497), (1342.5138415164893, 5024.241275072098), (1137.1648313340547, 5037.361531019211), (944.9437984093747, 5092.9749982357025), (884.147565695509, 5181.655735492706), (818.1519067810941, 5223.3817183971405), (734.6236108837948, 6102.415238142014), (717.7770004687768, 8641.964028596878), (11.561764079083332, 8878.188035726547)]
(REAL, NOT adjusted by restarts) probability of this sequence is: 3.492943259127732e-08
uncertainty:
{'ate': -11.561764079083332, 'ci': (-1832.79425978757, 1809.6707316294032)}
checked:
38846
