Starting EXP29.3, type=probe, run 2/3 (Task 19)
loaded cached data
loaded cached data
loaded cached data
loaded cached data
loaded cached data
loaded cached data
loaded cached data
START ATE IS: 1831.1590162621414
PROBE TRIGGERED! Error reduced from 1831.159 to 1598.548 (ATE went to 1598.5480020530704).
PROBE TRIGGERED! Error reduced from 1598.548 to 1171.243 (ATE went to 1171.2431161431741).
PROBE TRIGGERED! Error reduced from 1171.243 to 939.063 (ATE went to 939.0633906992298).
PROBE TRIGGERED! Error reduced from 939.063 to 806.015 (ATE went to 806.0148738334435).
PROBE TRIGGERED! Error reduced from 806.015 to 546.777 (ATE went to 546.7774554537414).
PROBE TRIGGERED! Error reduced from 546.777 to 204.799 (ATE went to 204.799324299815).
PROBE TRIGGERED! Error reduced from 204.799 to 144.499 (ATE went to -144.4989256730355).
PROBE TRIGGERED! Error reduced from 144.499 to 92.441 (ATE went to 92.441179060178).
***
FINISHED
ATE before: 1831.1590162621414
ATE now is: -16.09464454922181
sequence is: (('isolationForest', 'TABLE'), ('IQR', 'age'), ('bin_equal_frequency_2', 'age'), ('drop_duplicates', 'TABLE'))
***
Execution time: 445.579 sec
distances from ATE (with time):
[(1831.1590162621414, 0), (1775.700497285291, 0.003476858139038086), (1774.5837636611113, 0.028349876403808594), (1756.8317279996427, 0.045049428939819336), (1598.5480020530704, 0.06888937950134277), (1831.1590162621414, 0.07302069664001465), (1598.5480020530704, 0.07616877555847168), (1582.0621432645958, 0.421419620513916), (1564.2232697684767, 0.42662644386291504), (1496.1026036910903, 0.7340035438537598), (1171.2431161431741, 0.758699893951416), (1831.1590162621414, 0.7626974582672119), (1598.5480020530704, 0.7656376361846924), (1171.2431161431741, 0.8597579002380371), (1078.368898007504, 1.6802594661712646), (939.0633906992298, 2.274533748626709), (1831.1590162621414, 2.278574228286743), (1598.5480020530704, 2.281621217727661), (1171.2431161431741, 2.5484182834625244), (1144.7299390222433, 3.032799482345581), (1078.368898007504, 3.205834150314331), (939.0633906992298, 3.376598596572876), (894.6720698467375, 19.65947985649109), (861.741998717268, 31.15408682823181), (806.0148738334435, 39.216503858566284), (1831.1590162621414, 39.22084593772888), (1598.5480020530704, 39.22394680976868), (1171.2431161431741, 39.590179443359375), (1144.7299390222433, 39.76473307609558), (1078.368898007504, 39.937010765075684), (939.0633906992298, 40.10802245140076), (806.0148738334435, 47.14203667640686), (546.7774554537414, 74.54419136047363), (1831.1590162621414, 74.54843187332153), (1598.5480020530704, 74.55153584480286), (1171.2431161431741, 74.91501355171204), (1144.7299390222433, 75.08765149116516), (1078.368898007504, 75.26126718521118), (939.0633906992298, 75.43216037750244), (806.0148738334435, 82.4933249950409), (546.7774554537414, 110.63135647773743), (529.6701242617055, 112.0349063873291), (204.799324299815, 133.5332155227661), (1831.1590162621414, 133.53752446174622), (1598.5480020530704, 133.5446047782898), (1171.2431161431741, 134.10197591781616), (1144.7299390222433, 134.27459049224854), (990.1132714305631, 134.44730496406555), (939.0633906992298, 134.7902250289917), (806.0148738334435, 137.35058307647705), (204.799324299815, 143.6265389919281), (144.4989256730355, 183.4583876132965), (1831.1590162621414, 183.4626636505127), (1674.0622472778828, 183.4703540802002), (1598.5480020530704, 183.65291619300842), (1144.7299390222433, 184.00984621047974), (990.1132714305631, 184.18207168579102), (939.0633906992298, 184.3517849445343), (806.0148738334435, 186.03451776504517), (204.799324299815, 188.6638572216034), (144.4989256730355, 200.59593534469604), (132.06889068761984, 375.33737206459045), (92.441179060178, 376.07060289382935), (1831.1590162621414, 376.0750162601471), (1775.700497285291, 376.07790088653564), (1674.0622472778828, 376.08634424209595), (1598.5480020530704, 376.2585337162018), (1144.7299390222433, 376.8047471046448), (990.1132714305631, 377.14712381362915), (939.0633906992298, 377.31715178489685), (204.799324299815, 380.4182245731354), (144.4989256730355, 394.7962465286255), (92.441179060178, 434.3206603527069), (16.09464454922181, 445.57681488990784)]
(REAL, NOT adjusted by restarts) probability of this sequence is: 1.082812410329597e-06
uncertainty:
{'ate': -16.09464454922181, 'ci': (-2763.0562367295847, 2730.866947631141)}
checked:
5967
