Starting EXP37.6, type=probe_probs_with_restart, run 1/3 (Task 510)
loaded cached data
loaded cached data
loaded cached data
loaded cached data
loaded cached data
loaded cached data
loaded cached data
START ATE IS: 55749.558875929564
PROBE TRIGGERED! Error reduced from 45616.479 to 32910.220 (ATE went to 43043.29986449005).
PROBE TRIGGERED! Error reduced from 32910.220 to 26959.375 (ATE went to 37092.45546938712).
PROBE TRIGGERED! Error reduced from 26959.375 to 23515.834 (ATE went to 33648.913806742756).
PROBE TRIGGERED! Error reduced from 23515.834 to 18259.047 (ATE went to 28392.12727335212).
PROBE TRIGGERED! Error reduced from 18259.047 to 13364.211 (ATE went to 23497.291147587355).
PROBE TRIGGERED! Error reduced from 13364.211 to 8813.091 (ATE went to 18946.170875213575).
PROBE TRIGGERED! Error reduced from 8813.091 to 5107.853 (ATE went to 15240.932983643841).
PROBE TRIGGERED! Error reduced from 5107.853 to 3179.060 (ATE went to 13312.13986910577).
***
FINISHED
ATE before: 55749.558875929564
ATE now is: 12150.635743899387
sequence is: (('bin_equal_width_5', 'sqft_living15'), ('IQR', 'sqft_lot'), ('zscore_clip_3', 'grade'), ('norm_log', 'grade'), ('bin_equal_frequency_5', 'yr_built'))
***
Execution time: 422.768 sec
distances from ATE (with time):
[(45616.47887592956, 0), (45575.338236277064, 0.009109973907470703), (44909.29313345051, 0.07269406318664551), (41897.09170111602, 0.11456298828125), (32910.21986449005, 0.13520383834838867), (45616.47887592956, 0.14554262161254883), (32910.21986449005, 0.15285921096801758), (32878.1190180501, 0.2762167453765869), (32480.307605787253, 0.8762936592102051), (29647.528524843583, 0.9411242008209229), (26959.375469387116, 3.9056944847106934), (45616.47887592956, 3.917233943939209), (32910.21986449005, 3.9257564544677734), (26959.375469387116, 3.9654321670532227), (26808.275280994203, 3.9798991680145264), (26782.999480093204, 5.405378103256226), (26782.49551759132, 5.4276652336120605), (23515.833806742754, 11.302082538604736), (45616.47887592956, 11.312695026397705), (32910.21986449005, 11.320137739181519), (23515.833806742754, 11.363898038864136), (18259.047273352116, 12.633288860321045), (45616.47887592956, 12.661930561065674), (32910.21986449005, 12.682531833648682), (23515.833806742754, 12.718138694763184), (18259.047273352116, 12.893446445465088), (18097.771716830626, 12.928815603256226), (18060.644506957222, 18.64226984977722), (18060.107908970516, 18.662433624267578), (16780.836931586455, 34.2647066116333), (16621.506340415755, 34.304195165634155), (13364.211147587355, 34.592769145965576), (45616.47887592956, 34.60497331619263), (32910.21986449005, 34.613933801651), (23515.833806742754, 34.649474143981934), (18259.047273352116, 34.860271692276), (18097.771716830626, 34.88643980026245), (13364.211147587355, 39.1941773891449), (13201.007903414387, 39.21641731262207), (13153.032047573086, 77.41770243644714), (13152.489010980893, 77.43912839889526), (8813.090875213575, 109.85622930526733), (45616.47887592956, 109.86345863342285), (33390.136371215645, 109.86765098571777), (32910.21986449005, 109.88763189315796), (30288.92933428877, 109.9308774471283), (23515.833806742754, 109.94641995429993), (20233.674741010138, 110.01219582557678), (19956.022806751615, 110.02859807014465), (18259.047273352116, 110.33964514732361), (18097.771716830626, 110.3642852306366), (8813.090875213575, 110.52909350395203), (5107.852983643841, 113.08394503593445), (45616.47887592956, 113.09500932693481), (33390.136371215645, 113.1016263961792), (32910.21986449005, 113.12299633026123), (30288.92933428877, 113.15314364433289), (23515.833806742754, 113.16642999649048), (20233.674741010138, 113.24232149124146), (19956.022806751615, 113.26557564735413), (18259.047273352116, 113.3874785900116), (18097.771716830626, 113.40339183807373), (8813.090875213575, 113.66953229904175), (5107.852983643841, 116.1536636352539), (4984.752350766519, 116.18326902389526), (3179.0598691057694, 158.01779222488403), (45616.47887592956, 158.03227853775024), (33390.136371215645, 158.04084968566895), (32910.21986449005, 158.06759691238403), (30288.92933428877, 158.1072096824646), (23515.833806742754, 158.1242253780365), (20233.674741010138, 158.22014236450195), (19956.022806751615, 158.2636592388153), (18259.047273352116, 158.43317365646362), (18097.771716830626, 158.45291805267334), (8813.090875213575, 158.71436214447021), (5107.852983643841, 161.1054196357727), (4984.752350766519, 161.152414560318), (3179.0598691057694, 175.28418922424316), (3055.374226152506, 175.30430674552917), (2017.5557438993874, 422.7641077041626)]
(REAL, NOT adjusted by restarts) probability of this sequence is: 4.9628998196853375e-14
uncertainty:
{'ate': 12150.635743899387, 'ci': (-44291.96054533806, 68593.23203313682)}
checked:
12561
