Starting EXP34.2, type=probe, run 3/3 (Task 380)
loaded cached data
loaded cached data
loaded cached data
loaded cached data
loaded cached data
loaded cached data
loaded cached data
START ATE IS: 8774.433204759567
PROBE TRIGGERED! Error reduced from 9999.567 to 7375.414 (ATE went to 11398.586361866179).
PROBE TRIGGERED! Error reduced from 7375.414 to 4549.778 (ATE went to 14224.222112313082).
PROBE TRIGGERED! Error reduced from 4549.778 to 2137.414 (ATE went to 16636.585609678234).
PROBE TRIGGERED! Error reduced from 2137.414 to 1739.681 (ATE went to 17034.319263201025).
PROBE TRIGGERED! Error reduced from 1739.681 to 1275.213 (ATE went to 17498.786745834375).
***
FINISHED
ATE before: 8774.433204759567
ATE now is: 18343.296097556045
sequence is: (('norm_log', 'education'), ('isolationForest', 'TABLE'), ('bin_equal_width_2', 'education'))
***
Execution time: 2254.449 sec
distances from ATE (with time):
[(9999.566795240433, 0), (7375.413638133821, 9.13915467262268), (9999.566795240433, 10.639601469039917), (7375.413638133821, 11.489054203033447), (4549.777887686918, 63.31820726394653), (9999.566795240433, 64.50255179405212), (7375.413638133821, 65.26911044120789), (4549.777887686918, 85.16032218933105), (2137.4143903217664, 113.19044947624207), (9999.566795240433, 114.34755754470825), (4549.777887686918, 134.30115938186646), (2137.4143903217664, 156.20530939102173), (1739.680736798975, 683.6807758808136), (9999.566795240433, 684.9056253433228), (4549.777887686918, 702.0663506984711), (2137.4143903217664, 724.1498272418976), (1739.680736798975, 783.0481815338135), (1699.664432206424, 1566.330591917038), (1275.2132541656247, 1963.1034457683563), (9999.566795240433, 1964.4192624092102), (4549.777887686918, 1981.0646917819977), (2137.4143903217664, 2002.681247472763), (1739.680736798975, 2074.2419488430023), (1275.2132541656247, 2236.6365978717804), (430.7039024439546, 2253.8933098316193)]
(REAL, NOT adjusted by restarts) probability of this sequence is: 3.356718472021751e-05
uncertainty:
{'ate': 18343.296097556045, 'ci': (17756.387779612698, 18930.204415499393)}
checked:
292
