Starting EXP30.7, type=probe_probs_with_restart, run 1/3 (Task 141)
loaded cached data
loaded cached data
loaded cached data
loaded cached data
loaded cached data
loaded cached data
loaded cached data
START ATE IS: 8770.496284465165
PROBE TRIGGERED! Error reduced from 10003.504 to 3055.324 (ATE went to 15718.675857351429).
PROBE TRIGGERED! Error reduced from 3055.324 to 1764.767 (ATE went to 17009.23338024256).
PROBE TRIGGERED! Error reduced from 1764.767 to 1421.260 (ATE went to 17352.74047956166).
***
FINISHED
ATE before: 8770.496284465165
ATE now is: 17820.79820707422
sequence is: (('drop_duplicates', 'TABLE'), ('isolationForest', 'TABLE'), ('norm_log', 'education'))
***
Execution time: 113.386 sec
distances from ATE (with time):
[(10003.503715534835, 0), (3055.324142648571, 0.4503159523010254), (10003.503715534835, 1.0055253505706787), (3055.324142648571, 1.4923858642578125), (3055.32414263958, 4.276790618896484), (1764.76661975744, 7.436309576034546), (10003.503715534835, 7.976654767990112), (3055.324142648571, 8.373285293579102), (1764.76661975744, 10.502462387084961), (1421.2595204383397, 41.837565660476685), (10003.503715534835, 42.33965039253235), (3055.324142648571, 42.668943881988525), (1764.76661975744, 53.62391519546509), (1421.2595204383397, 58.02058935165405), (953.2017929257818, 113.13887929916382)]
(REAL, NOT adjusted by restarts) probability of this sequence is: 2.7110013344012503e-05
uncertainty:
{'ate': 17820.79820707422, 'ci': (16397.5240603274, 19244.072353821037)}
checked:
95
