Starting EXP29.6, type=probe_probs_with_restart, run 2/3 (Task 52)
loaded cached data
loaded cached data
loaded cached data
loaded cached data
loaded cached data
loaded cached data
loaded cached data
START ATE IS: 1572.549731704159
PROBE TRIGGERED! Error reduced from 1572.550 to 1298.134 (ATE went to 1298.1340219562753).
PROBE TRIGGERED! Error reduced from 1298.134 to 857.258 (ATE went to 857.2578934541434).
PROBE TRIGGERED! Error reduced from 857.258 to 696.011 (ATE went to 696.0109055149023).
PROBE TRIGGERED! Error reduced from 696.011 to 465.791 (ATE went to 465.7907096646268).
PROBE TRIGGERED! Error reduced from 465.791 to 341.290 (ATE went to 341.2896640381641).
PROBE TRIGGERED! Error reduced from 341.290 to 208.100 (ATE went to 208.10011869565096).
PROBE TRIGGERED! Error reduced from 208.100 to 139.551 (ATE went to 139.55106998202518).
PROBE TRIGGERED! Error reduced from 139.551 to 74.340 (ATE went to 74.33972274090047).
PROBE TRIGGERED! Error reduced from 74.340 to 62.444 (ATE went to 62.44357532232243).
***
FINISHED
ATE before: 1572.549731704159
ATE now is: -6.821395897988623
sequence is: (('bin_equal_width_10', 'education'), ('bin_equal_width_5', 'age'), ('drop_duplicates', 'TABLE'), ('IQR', 'education'))
***
Execution time: 2398.775 sec
distances from ATE (with time):
[(1572.549731704159, 0), (1446.0850243753412, 0.005491733551025391), (1434.5663760271127, 0.04708504676818848), (1298.1340219562753, 0.5844376087188721), (1572.549731704159, 0.5916171073913574), (1446.0850243753412, 0.596644401550293), (1434.5663760271127, 0.604860782623291), (1298.1340219562753, 0.6465139389038086), (1298.1340219561826, 2.067181348800659), (1292.0917835966284, 3.6316821575164795), (1274.2737250296414, 3.710846185684204), (857.2578934541434, 4.4047276973724365), (1572.549731704159, 4.411608457565308), (1446.0850243753412, 4.416433095932007), (1434.5663760271127, 4.431184530258179), (1298.1340219562753, 4.475057601928711), (857.2578934541434, 4.484343528747559), (696.0109055149023, 5.1472413539886475), (1572.549731704159, 5.15450644493103), (1446.0850243753412, 5.159696102142334), (1434.5663760271127, 5.174144983291626), (1298.1340219562753, 5.192831516265869), (857.2578934541434, 5.201974153518677), (696.0109055149023, 5.332911252975464), (666.8425128183153, 9.137657642364502), (660.0577598065938, 11.143948078155518), (465.7907096646268, 18.84898042678833), (1572.549731704159, 18.857630491256714), (1446.0850243753412, 18.861958503723145), (1434.5663760271127, 18.868937253952026), (1298.1340219562753, 18.88981294631958), (857.2578934541434, 18.932710647583008), (666.8425128183153, 18.94063639640808), (465.7907096646268, 19.143179416656494), (465.79070966462496, 26.951778173446655), (465.79070966462314, 27.325106382369995), (341.2896640381641, 30.18883466720581), (1572.549731704159, 30.205628395080566), (1446.0850243753412, 30.210265398025513), (1434.5663760271127, 30.215515613555908), (1298.1340219562753, 30.589235067367554), (857.2578934541434, 30.98832893371582), (666.8425128183153, 30.99409008026123), (465.7907096646268, 33.96263337135315), (341.2896640381641, 39.615158796310425), (208.10011869565096, 64.18796682357788), (1572.549731704159, 64.19536972045898), (1446.0850243753412, 64.20030784606934), (1434.5663760271127, 64.21602177619934), (1298.1340219562753, 64.56247639656067), (666.8425128183153, 64.57067847251892), (465.7907096646268, 67.20567607879639), (341.2896640381641, 70.20606112480164), (208.10011869565096, 87.07980751991272), (208.10011869561004, 371.8763372898102), (205.77141111545643, 386.03466272354126), (139.55106998202518, 443.5040946006775), (1572.549731704159, 443.5119082927704), (1446.0850243753412, 443.51689887046814), (1434.5663760271127, 443.5329682826996), (1298.1340219562753, 443.89534640312195), (666.8425128183153, 444.23322010040283), (465.7907096646268, 447.89008259773254), (341.2896640381641, 449.90789675712585), (208.10011869565096, 468.10004138946533), (139.55106998202518, 494.4998981952667), (74.33972274090047, 1123.6326789855957), (1572.549731704159, 1123.640765428543), (1446.0850243753412, 1123.6461293697357), (1434.5663760271127, 1123.6644728183746), (1298.1340219562753, 1124.075653553009), (666.8425128183153, 1124.4153096675873), (465.7907096646268, 1128.7876675128937), (341.2896640381641, 1131.23193526268), (208.10011869565096, 1156.749259710312), (139.55106998202518, 1198.4282026290894), (74.33972274090047, 1368.6412098407745), (62.44357532232243, 2358.355068922043), (1572.549731704159, 2358.363381624222), (1446.0850243753412, 2358.3688168525696), (1434.5663760271127, 2358.3840951919556), (1298.1340219562753, 2358.820634365082), (666.8425128183153, 2358.8396804332733), (465.7907096646268, 2361.343894004822), (341.2896640381641, 2366.8013944625854), (208.10011869565096, 2396.5150849819183), (62.44357532232243, 2398.6334760189056), (6.821395897988623, 2398.772406101227)]
(REAL, NOT adjusted by restarts) probability of this sequence is: 5.523362179688687e-09
uncertainty:
{'ate': -6.821395897988623, 'ci': (-1760.6023414942044, 1746.9595496982272)}
checked:
11976
