Starting EXP36.2, type=probe, run 3/3 (Task 425)
loaded cached data
loaded cached data
loaded cached data
loaded cached data
loaded cached data
loaded cached data
loaded cached data
START ATE IS: 61561.54352251287
PROBE TRIGGERED! Error reduced from 51428.464 to 45184.527 (ATE went to 55317.60747025067).
PROBE TRIGGERED! Error reduced from 45184.527 to 37542.716 (ATE went to 47675.79555656153).
PROBE TRIGGERED! Error reduced from 37542.716 to 33566.008 (ATE went to 43699.088426412054).
PROBE TRIGGERED! Error reduced from 33566.008 to 24892.855 (ATE went to 35025.934651662516).
PROBE TRIGGERED! Error reduced from 24892.855 to 21192.637 (ATE went to 31325.716640471725).
PROBE TRIGGERED! Error reduced from 21192.637 to 17772.882 (ATE went to 27905.96150960624).
PROBE TRIGGERED! Error reduced from 17772.882 to 12187.438 (ATE went to 22320.51803173604).
PROBE TRIGGERED! Error reduced from 12187.438 to 8400.562 (ATE went to 18533.641632524785).
PROBE TRIGGERED! Error reduced from 8400.562 to 4604.959 (ATE went to 14738.039092336981).
***
FINISHED
ATE before: 61561.54352251287
ATE now is: 10477.504767178465
sequence is: (('bin_equal_frequency_5', 'yr_built'), ('bin_equal_frequency_2', 'sqft_lot15'), ('bin_equal_frequency_2', 'sqft_living'), ('bin_equal_frequency_2', 'grade'), ('bin_equal_frequency_2', 'bedrooms'))
***
Execution time: 100.193 sec
distances from ATE (with time):
[(51428.463522512866, 0), (48541.105986891744, 0.006260871887207031), (45184.527470250665, 0.016427993774414062), (51428.463522512866, 0.028956890106201172), (45184.527470250665, 0.03543567657470703), (44775.66020646539, 0.07351541519165039), (43859.646048843904, 0.0838770866394043), (37542.715556561525, 0.10419797897338867), (51428.463522512866, 0.11742663383483887), (45184.527470250665, 0.12425851821899414), (37542.715556561525, 0.13340401649475098), (33566.00842641205, 0.1458451747894287), (51428.463522512866, 0.15962767601013184), (37542.715556561525, 0.16697311401367188), (33566.00842641205, 0.19153165817260742), (30875.582657849613, 2.3310532569885254), (24892.854651662514, 2.43570876121521), (51428.463522512866, 2.446338415145874), (37542.715556561525, 2.452625036239624), (33566.00842641205, 2.4868016242980957), (24892.854651662514, 2.5107386112213135), (21192.636640471726, 2.5711781978607178), (51428.463522512866, 2.5832738876342773), (37542.715556561525, 2.5904228687286377), (33566.00842641205, 2.62646746635437), (24892.854651662514, 2.651054620742798), (21192.636640471726, 2.7051737308502197), (17772.88150960624, 12.640220880508423), (51428.463522512866, 12.65631914138794), (37542.715556561525, 12.66547679901123), (35388.17752639162, 12.70819878578186), (33566.00842641205, 12.726364135742188), (24892.854651662514, 12.758357286453247), (21751.6096995205, 12.772531986236572), (21192.636640471726, 12.908431768417358), (17772.88150960624, 12.924123287200928), (12187.43803173604, 13.078352689743042), (51428.463522512866, 13.094455480575562), (37542.715556561525, 13.103214263916016), (35388.17752639162, 13.14178466796875), (33566.00842641205, 13.156842708587646), (24892.854651662514, 13.187950372695923), (21751.6096995205, 13.23153018951416), (21192.636640471726, 13.340888977050781), (17772.88150960624, 13.391408205032349), (12187.43803173604, 13.42478084564209), (8400.561632524785, 15.9336678981781), (51428.463522512866, 15.948796272277832), (37542.715556561525, 15.956770896911621), (35388.17752639162, 15.997802257537842), (33566.00842641205, 16.013421773910522), (24892.854651662514, 16.04569697380066), (21751.6096995205, 16.06339931488037), (21192.636640471726, 16.203128576278687), (17772.88150960624, 16.237361192703247), (12187.43803173604, 16.287872314453125), (8400.561632524785, 16.381047010421753), (4604.9590923369815, 84.29794311523438), (51428.463522512866, 84.31313347816467), (37542.715556561525, 84.32116842269897), (35388.17752639162, 84.35866594314575), (33566.00842641205, 84.37354803085327), (24892.854651662514, 84.41848874092102), (21751.6096995205, 84.43367147445679), (21192.636640471726, 84.60886359214783), (17772.88150960624, 84.62543892860413), (12187.43803173604, 84.7166543006897), (8400.561632524785, 85.07463145256042), (4604.9590923369815, 87.6296124458313), (344.4247671784651, 100.19004964828491)]
(REAL, NOT adjusted by restarts) probability of this sequence is: 6.092699470458613e-12
uncertainty:
{'ate': 10477.504767178465, 'ci': (-97778.83242165699, 118733.84195601393)}
checked:
7094
