Starting EXP29.6, type=probe, run 2/3 (Task 46)
loaded cached data
loaded cached data
loaded cached data
loaded cached data
loaded cached data
loaded cached data
loaded cached data
START ATE IS: 1256.565594653548
PROBE TRIGGERED! Error reduced from 1256.566 to 1129.518 (ATE went to 1129.517632735804).
PROBE TRIGGERED! Error reduced from 1129.518 to 390.796 (ATE went to 390.79597517358616).
PROBE TRIGGERED! Error reduced from 390.796 to 348.333 (ATE went to 348.33281670440374).
PROBE TRIGGERED! Error reduced from 348.333 to 235.174 (ATE went to 235.17402624939677).
PROBE TRIGGERED! Error reduced from 235.174 to 155.220 (ATE went to 155.21988763853597).
***
FINISHED
ATE before: 1256.565594653548
ATE now is: 7.792390754826556
sequence is: (('bin_equal_frequency_5', 'age'), ('bin_equal_frequency_2', 'education'), ('drop_duplicates', 'TABLE'), ('isolationForest', 'TABLE'))
***
Execution time: 2549.398 sec
distances from ATE (with time):
[(1256.565594653548, 0), (1219.8406378497857, 0.007134675979614258), (1219.5536048573322, 0.5795135498046875), (1219.4565483907209, 0.5978527069091797), (1218.9114863829218, 0.6075294017791748), (1213.5336909536236, 0.617499828338623), (1194.824038995026, 0.6428709030151367), (1194.3987182783312, 6.749129056930542), (1179.3646447759602, 6.795202732086182), (1129.517632735804, 7.1874353885650635), (1256.565594653548, 7.191883563995361), (1219.8406378497857, 7.556515455245972), (1129.517632735804, 7.822014808654785), (1104.4613024208084, 12.603788375854492), (1054.4646075600294, 13.675777435302734), (1020.963071742226, 16.567572832107544), (390.79597517358616, 30.776642084121704), (1256.565594653548, 30.780946731567383), (1219.8406378497857, 30.965108394622803), (1129.517632735804, 31.406932592391968), (1104.4613024208084, 36.03501558303833), (1054.4646075600294, 36.92876386642456), (1020.963071742226, 39.795737743377686), (390.79597517358616, 41.04533290863037), (387.92539972594386, 461.9085648059845), (348.33281670440374, 463.37093567848206), (1256.565594653548, 463.37992453575134), (1219.8406378497857, 463.74403715133667), (1129.517632735804, 464.619225025177), (1104.4613024208084, 476.80840611457825), (1054.4646075600294, 479.0936417579651), (1020.963071742226, 486.4824345111847), (390.79597517358616, 491.82009625434875), (348.33281670440374, 592.9059951305389), (235.17402624939677, 1523.0755767822266), (1256.565594653548, 1523.084412574768), (1219.8406378497857, 1523.5119667053223), (1129.517632735804, 1524.259307384491), (1020.963071742226, 1526.3160209655762), (390.79597517358616, 1538.4251952171326), (235.17402624939677, 1687.5686476230621), (155.21988763853597, 2310.4712405204773), (1256.565594653548, 2310.478926897049), (1219.8406378497857, 2310.4905540943146), (1129.517632735804, 2311.868589401245), (1020.963071742226, 2312.7309942245483), (390.79597517358616, 2317.0919852256775), (348.33281670440374, 2433.3478524684906), (155.21988763853597, 2526.701860666275), (7.792390754826556, 2549.395091533661)]
(REAL, NOT adjusted by restarts) probability of this sequence is: 1.082812410329597e-06
uncertainty:
{'ate': 7.792390754826556, 'ci': (-2411.700313294012, 2427.2850948036653)}
checked:
18900
