Starting EXP31.3, type=probe_probs_with_restart, run 1/3 (Task 168)
loaded cached data
loaded cached data
loaded cached data
loaded cached data
loaded cached data
loaded cached data
loaded cached data
START ATE IS: 1635.709646622252
PROBE TRIGGERED! Error reduced from 1635.710 to 1395.057 (ATE went to 1395.0565786038767).
PROBE TRIGGERED! Error reduced from 1395.057 to 1061.564 (ATE went to 1061.5637858164248).
PROBE TRIGGERED! Error reduced from 1061.564 to 925.467 (ATE went to 925.467445402469).
PROBE TRIGGERED! Error reduced from 925.467 to 807.413 (ATE went to 807.4129068270468).
PROBE TRIGGERED! Error reduced from 807.413 to 591.445 (ATE went to 591.4454875045744).
PROBE TRIGGERED! Error reduced from 591.445 to 517.710 (ATE went to 517.7097165307496).
PROBE TRIGGERED! Error reduced from 517.710 to 442.577 (ATE went to 442.5772209828629).
PROBE TRIGGERED! Error reduced from 442.577 to 390.884 (ATE went to 390.8838914148449).
PROBE TRIGGERED! Error reduced from 390.884 to 315.667 (ATE went to 315.66705799720893).
PROBE TRIGGERED! Error reduced from 315.667 to 189.503 (ATE went to 189.5028484713239).
PROBE TRIGGERED! Error reduced from 189.503 to 164.470 (ATE went to -164.4700646512165).
***
FINISHED
ATE before: 1635.709646622252
ATE now is: 44.43566684203404
sequence is: (('zscore_filter_3', 'age'), ('winsorize', 'age'), ('norm_min_max', 'age'), ('IQR', 'age'), ('bin_equal_frequency_10', 'age'), ('drop_duplicates', 'TABLE'), ('isolationForest', 'TABLE'))
***
Execution time: 3769.545 sec
distances from ATE (with time):
[(1635.709646622252, 0), (1395.0565786038767, 0.005198955535888672), (1635.709646622252, 0.013164520263671875), (1395.0565786038767, 0.01917719841003418), (1395.0565778047126, 0.04406309127807617), (1386.3731639096648, 0.07010149955749512), (1353.914767593062, 0.5199337005615234), (1061.5637858164248, 0.9618771076202393), (1635.709646622252, 0.9678165912628174), (1395.0565786038767, 0.9721379280090332), (1353.914767593062, 1.2923033237457275), (1061.5637858164248, 1.4863307476043701), (925.467445402469, 1.668976068496704), (1635.709646622252, 1.672879934310913), (1395.0565786038767, 1.675788402557373), (1353.914767593062, 1.9793729782104492), (1061.5637858164248, 2.200359344482422), (925.467445402469, 2.3804516792297363), (925.4674454024364, 3.994774341583252), (807.4129068270468, 4.798733234405518), (1635.709646622252, 4.814624309539795), (1395.0565786038767, 4.819272756576538), (1353.914767593062, 5.028010129928589), (1061.5637858164248, 5.2181174755096436), (925.467445402469, 5.399461030960083), (807.4129068270468, 6.829379558563232), (591.4454875045744, 7.258064031600952), (1635.709646622252, 7.261848211288452), (1395.0565786038767, 7.2645556926727295), (1353.914767593062, 7.45106840133667), (1061.5637858164248, 7.637971878051758), (925.467445402469, 7.823362112045288), (807.4129068270468, 9.216740846633911), (591.4454875045744, 9.575931549072266), (579.3312127300655, 48.40589785575867), (573.2733748468603, 51.309791803359985), (517.7097165307496, 53.13815712928772), (1635.709646622252, 53.14218306541443), (1353.914767593062, 53.32187032699585), (1061.5637858164248, 53.515143632888794), (925.467445402469, 53.69668793678284), (579.3312127300655, 55.650633573532104), (517.7097165307496, 56.228463888168335), (512.3803909558981, 65.54153895378113), (442.5772209828629, 128.25896406173706), (1635.709646622252, 128.26522636413574), (1353.914767593062, 128.5862057209015), (1061.5637858164248, 128.9251744747162), (925.467445402469, 129.24794220924377), (807.4129068270468, 131.31530809402466), (591.4454875045744, 131.80700874328613), (579.3312127300655, 133.226069688797), (517.7097165307496, 133.63418412208557), (442.5772209828629, 144.11873126029968), (390.8838914148449, 145.48917603492737), (1635.709646622252, 145.4934446811676), (1353.914767593062, 145.79622721672058), (1061.5637858164248, 146.1971983909607), (925.467445402469, 146.45805644989014), (807.4129068270468, 148.18543934822083), (591.4454875045744, 148.55535626411438), (579.3312127300655, 151.4230341911316), (517.7097165307496, 151.77330875396729), (442.5772209828629, 157.5413703918457), (390.8838914148449, 157.7250373363495), (315.66705799720893, 240.1461672782898), (1635.709646622252, 240.15266847610474), (1353.914767593062, 240.46872472763062), (1061.5637858164248, 240.81320190429688), (925.467445402469, 241.17511463165283), (807.4129068270468, 244.44896912574768), (591.4454875045744, 245.4357762336731), (579.3312127300655, 250.702627658844), (517.7097165307496, 251.96208786964417), (442.5772209828629, 262.31364941596985), (390.8838914148449, 262.50299072265625), (315.66705799720893, 276.56267070770264), (314.4031303892104, 313.2042419910431), (189.5028484713239, 358.4476261138916), (1635.709646622252, 358.4517948627472), (1353.914767593062, 358.70276951789856), (1061.5637858164248, 359.2213978767395), (925.467445402469, 359.42278695106506), (901.7536016537413, 360.77269101142883), (737.5458113475468, 362.1525294780731), (591.4454875045744, 364.72820520401), (579.3312127300655, 373.32042026519775), (517.7097165307496, 374.15811467170715), (442.5772209828629, 381.1433880329132), (390.8838914148449, 382.622731924057), (315.66705799720893, 394.11083912849426), (189.5028484713239, 394.457882642746), (189.5028484713164, 510.4502124786377), (170.92783119898058, 831.7656235694885), (164.4700646512165, 2124.2776494026184), (1635.709646622252, 2124.2828516960144), (1395.0565786038767, 2124.286024093628), (1353.914767593062, 2124.470134973526), (1061.5637858164248, 2124.736160516739), (925.467445402469, 2124.9192526340485), (901.7536016537413, 2129.4584991931915), (807.4129068270468, 2130.751762151718), (737.5458113475468, 2131.342314720154), (591.4454875045744, 2132.3105862140656), (579.3312127300655, 2142.9148168563843), (517.7097165307496, 2143.543115377426), (442.5772209828629, 2165.925546169281), (390.8838914148449, 2167.8221015930176), (315.66705799720893, 2192.0430335998535), (189.5028484713239, 2192.220951795578), (189.5028484713164, 2520.896238088608), (170.92783119898058, 2738.4553577899933), (164.4700646512165, 2818.73673248291), (44.43566684203404, 3769.5426585674286)]
(REAL, NOT adjusted by restarts) probability of this sequence is: 1.1093073481123445e-13
uncertainty:
{'ate': 44.43566684203404, 'ci': (-1998.3323240622817, 2087.2036577463496)}
checked:
22347
