Starting EXP30.1, type=probe, run 1/3 (Task 81)
loaded cached data
loaded cached data
loaded cached data
loaded cached data
loaded cached data
loaded cached data
loaded cached data
START ATE IS: 9036.4663812393
PROBE TRIGGERED! Error reduced from 9737.534 to 7026.343 (ATE went to 11747.656818963169).
PROBE TRIGGERED! Error reduced from 7026.343 to 3839.911 (ATE went to 14934.089275812756).
***
FINISHED
ATE before: 9036.4663812393
ATE now is: 17915.459015315835
sequence is: (('isolationForest', 'TABLE'), ('bin_equal_width_2', 'education'))
***
Execution time: 9.441 sec
distances from ATE (with time):
[(9737.5336187607, 0), (7026.343181036831, 0.8751921653747559), (9737.5336187607, 1.0476372241973877), (7026.343181036831, 1.1350810527801514), (3839.9107241872443, 5.408339500427246), (9737.5336187607, 5.520982503890991), (7026.343181036831, 5.629067420959473), (3839.9107241872443, 7.248404264450073), (858.5409846841649, 9.391492366790771)]
(REAL, NOT adjusted by restarts) probability of this sequence is: 0.0010405827263267429
uncertainty:
{'ate': 17915.459015315835, 'ci': (15237.614562691306, 20593.303467940364)}
checked:
41
