Starting EXP36.6, type=probe, run 1/3 (Task 459)
loaded cached data
loaded cached data
loaded cached data
loaded cached data
loaded cached data
loaded cached data
loaded cached data
START ATE IS: 74418.76407362564
PROBE TRIGGERED! Error reduced from 64285.684 to 52542.423 (ATE went to 62675.50330515489).
PROBE TRIGGERED! Error reduced from 52542.423 to 47236.741 (ATE went to 57369.82102064875).
PROBE TRIGGERED! Error reduced from 47236.741 to 39051.447 (ATE went to 49184.52654508998).
PROBE TRIGGERED! Error reduced from 39051.447 to 30174.348 (ATE went to 40307.42774357987).
PROBE TRIGGERED! Error reduced from 30174.348 to 22519.839 (ATE went to 32652.91857124208).
PROBE TRIGGERED! Error reduced from 22519.839 to 17410.347 (ATE went to 27543.427108813525).
PROBE TRIGGERED! Error reduced from 17410.347 to 12839.586 (ATE went to 22972.66647487167).
PROBE TRIGGERED! Error reduced from 12839.586 to 8830.072 (ATE went to 18963.151714762476).
PROBE TRIGGERED! Error reduced from 8830.072 to 5763.372 (ATE went to 15896.45212949367).
PROBE TRIGGERED! Error reduced from 5763.372 to 4998.842 (ATE went to 15131.92206275146).


*** TIMED OUT!! ***

distances from ATE (with time):
[(64285.68407362564, 0), (62005.21944412183, 0.007210969924926758), (52542.42330515489, 0.01880788803100586), (64285.68407362564, 0.033174753189086914), (52542.42330515489, 0.03995394706726074), (49320.35688005054, 0.158250093460083), (47236.74102064875, 0.26851391792297363), (64285.68407362564, 0.2826859951019287), (52542.42330515489, 0.289229154586792), (47236.74102064875, 0.30059289932250977), (39051.44654508998, 0.31465744972229004), (64285.68407362564, 0.32857179641723633), (47236.74102064875, 0.33536481857299805), (39051.44654508998, 0.3638286590576172), (30174.34774357987, 2.870426654815674), (64285.68407362564, 2.8851213455200195), (47236.74102064875, 2.8921947479248047), (39051.44654508998, 2.9277751445770264), (30174.34774357987, 2.9543263912200928), (22519.83857124208, 3.02221941947937), (64285.68407362564, 3.0367965698242188), (47236.74102064875, 3.043809175491333), (39051.44654508998, 3.083735227584839), (30174.34774357987, 3.0976061820983887), (22519.83857124208, 3.171499252319336), (21242.285299913405, 27.654337882995605), (20408.475961116135, 42.84131932258606), (17410.347108813527, 53.60778594017029), (64285.68407362564, 53.62758803367615), (47236.74102064875, 53.63446354866028), (39051.44654508998, 53.67210936546326), (30174.34774357987, 53.69607710838318), (22519.83857124208, 53.81401014328003), (17410.347108813527, 63.01010179519653), (12839.586474871669, 126.7827455997467), (64285.68407362564, 126.8019814491272), (47236.74102064875, 126.81216788291931), (39051.44654508998, 126.86199355125427), (30174.34774357987, 126.89515423774719), (22519.83857124208, 127.10235261917114), (21242.285299913405, 127.53618168830872), (17410.347108813527, 135.8822638988495), (12839.586474871669, 135.96522736549377), (8830.071714762476, 207.51311492919922), (64285.68407362564, 207.52724981307983), (47236.74102064875, 207.53396916389465), (39051.44654508998, 207.58924221992493), (30174.34774357987, 207.60183596611023), (22519.83857124208, 207.82669353485107), (21242.285299913405, 207.98236441612244), (17410.347108813527, 210.5255482196808), (12839.586474871669, 210.5416235923767), (8830.071714762476, 238.40788292884827), (5763.3721294936695, 944.8627996444702), (64285.68407362564, 944.8909571170807), (47236.74102064875, 944.8967673778534), (39051.44654508998, 944.9874675273895), (30174.34774357987, 945.0170285701752), (22519.83857124208, 945.3075177669525), (21242.285299913405, 945.488879442215), (12839.586474871669, 948.7913565635681), (8830.071714762476, 999.338618516922), (5763.3721294936695, 999.4588160514832), (4998.842062751461, 11247.100757598877), (64285.68407362564, 11247.190999746323), (52542.42330515489, 11247.207354784012), (49320.35688005054, 11247.220934391022), (47236.74102064875, 11247.234611272812), (38354.54398931922, 11247.306283473969), (30174.34774357987, 11247.403007984161), (22519.83857124208, 11247.885031223297), (21242.285299913405, 11248.243198871613), (12839.586474871669, 11252.990175008774), (5763.3721294936695, 11297.512985944748), (4998.842062751461, 11682.061429738998)]
