Starting EXP36.7, type=probe, run 1/3 (Task 468)
loaded cached data
loaded cached data
loaded cached data
loaded cached data
loaded cached data
loaded cached data
loaded cached data
START ATE IS: 50348.38506582009
PROBE TRIGGERED! Error reduced from 40215.305 to 30712.302 (ATE went to 40845.38225374301).
PROBE TRIGGERED! Error reduced from 30712.302 to 25571.903 (ATE went to 35704.98337994864).
PROBE TRIGGERED! Error reduced from 25571.903 to 19214.130 (ATE went to 29347.209893988802).
PROBE TRIGGERED! Error reduced from 19214.130 to 14678.795 (ATE went to 24811.874987695926).
PROBE TRIGGERED! Error reduced from 14678.795 to 8590.994 (ATE went to 18724.073721183035).
PROBE TRIGGERED! Error reduced from 8590.994 to 7064.096 (ATE went to 17197.175661066212).
PROBE TRIGGERED! Error reduced from 7064.096 to 4939.884 (ATE went to 15072.964341178775).
PROBE TRIGGERED! Error reduced from 4939.884 to 2624.279 (ATE went to 12757.358999155374).
***
FINISHED
ATE before: 50348.38506582009
ATE now is: 10207.328638140165
sequence is: (('bin_equal_frequency_10', 'sqft_living'), ('bin_equal_frequency_2', 'sqft_lot15'), ('bin_equal_frequency_2', 'sqft_living15'), ('bin_equal_frequency_2', 'bedrooms'))
***
Execution time: 55.473 sec
distances from ATE (with time):
[(40215.30506582009, 0), (38647.716173405766, 0.008231163024902344), (30712.302253743008, 0.024019241333007812), (40215.30506582009, 0.040374040603637695), (30712.302253743008, 0.04800724983215332), (30470.905741042974, 0.17549729347229004), (25571.903379948635, 0.27648186683654785), (40215.30506582009, 0.2908945083618164), (30712.302253743008, 0.29805946350097656), (25571.903379948635, 0.31072044372558594), (19214.1298939888, 0.3249361515045166), (40215.30506582009, 0.33978796005249023), (25571.903379948635, 0.3469555377960205), (19214.1298939888, 0.3736264705657959), (18019.24475856019, 0.8081128597259521), (14678.794987695926, 3.072843074798584), (40215.30506582009, 3.0894157886505127), (25571.903379948635, 3.09732985496521), (19214.1298939888, 3.144028663635254), (14678.794987695926, 3.1812744140625), (8590.993721183035, 3.279951572418213), (40215.30506582009, 3.2999496459960938), (25571.903379948635, 3.3085896968841553), (19214.1298939888, 3.349734306335449), (14678.794987695926, 3.3651010990142822), (8590.993721183035, 3.442575693130493), (7064.095661066212, 13.876313924789429), (40215.30506582009, 13.891034126281738), (25571.903379948635, 13.898113012313843), (18019.24475856019, 13.934794902801514), (14678.794987695926, 13.963356018066406), (7064.095661066212, 14.079509496688843), (4939.884341178775, 14.282604932785034), (40215.30506582009, 14.296972036361694), (30712.302253743008, 14.303775310516357), (30470.905741042974, 14.315350770950317), (25571.903379948635, 14.326894760131836), (18019.24475856019, 14.338683605194092), (15866.097595665948, 14.380521774291992), (14678.794987695926, 14.407534837722778), (7064.095661066212, 14.421127319335938), (4939.884341178775, 14.532994747161865), (2624.2789991553745, 51.54284071922302), (40215.30506582009, 51.561641216278076), (30470.905741042974, 51.57110595703125), (25571.903379948635, 51.6008198261261), (18019.24475856019, 51.615553855895996), (14678.794987695926, 51.685824394226074), (7064.095661066212, 51.70352220535278), (4939.884341178775, 52.034616470336914), (2624.2789991553745, 52.2747642993927), (74.24863814016499, 55.466877937316895)]
(REAL, NOT adjusted by restarts) probability of this sequence is: 1.0662224073302616e-09
uncertainty:
{'ate': 10207.328638140165, 'ci': (-47693.47055408402, 68108.12783036435)}
checked:
2926
