Starting EXP30.6, type=probe, run 3/3 (Task 128)
loaded cached data
loaded cached data
loaded cached data
loaded cached data
loaded cached data
loaded cached data
loaded cached data
START ATE IS: 8807.308673074838
PROBE TRIGGERED! Error reduced from 9966.691 to 7376.143 (ATE went to 11397.857040313937).
PROBE TRIGGERED! Error reduced from 7376.143 to 4032.861 (ATE went to 14741.139168864303).
PROBE TRIGGERED! Error reduced from 4032.861 to 1404.843 (ATE went to 17369.157286235826).
PROBE TRIGGERED! Error reduced from 1404.843 to 1019.668 (ATE went to 17754.3322983511).
***
FINISHED
ATE before: 8807.308673074838
ATE now is: 17901.658231402267
sequence is: (('drop_duplicates', 'TABLE'), ('isolationForest', 'TABLE'))
***
Execution time: 547.654 sec
distances from ATE (with time):
[(9966.691326925162, 0), (7376.1429596860635, 3.029365301132202), (9966.691326925162, 3.4101250171661377), (7376.1429596860635, 3.7076292037963867), (4032.8608311356966, 20.203798055648804), (9966.691326925162, 20.59030556678772), (7376.1429596860635, 20.871874809265137), (4032.8608311356966, 28.002926111221313), (1404.8427137641738, 36.27088665962219), (9966.691326925162, 36.68608641624451), (4032.8608311356966, 42.4139678478241), (1404.8427137641738, 48.310094356536865), (1353.6913962020226, 55.30130314826965), (1019.6677016489011, 230.2564513683319), (9966.691326925162, 230.6435685157776), (4032.8608311356966, 237.42832565307617), (1404.8427137641738, 245.44807982444763), (1353.6913962020226, 252.33305621147156), (1019.6677016489011, 265.1452522277832), (872.3417685977329, 547.463949918747)]
(REAL, NOT adjusted by restarts) probability of this sequence is: 0.0010405827263267429
uncertainty:
{'ate': 17901.658231402267, 'ci': (16369.643203541418, 19433.673259263116)}
checked:
163
