Starting EXP29.1, type=probe_probs_no_restart, run 1/3 (Task 3)
loaded cached data
loaded cached data
loaded cached data
loaded cached data
loaded cached data
loaded cached data
loaded cached data
START ATE IS: 2135.20679258985
***
FINISHED
ATE before: 2135.20679258985
ATE now is: 35.02907434302324
sequence is: (('IQR', 'age'), ('bin_equal_frequency_5', 'age'), ('drop_duplicates', 'TABLE'), ('norm_log', 'age'), ('isolationForest', 'TABLE'), ('norm_log', 'education'))
***
Execution time: 2883.585 sec
distances from ATE (with time):
[(2135.20679258985, 0), (2081.3363772218872, 0.013970375061035156), (1526.606189312428, 0.022512197494506836), (1398.273646181391, 0.02732992172241211), (1398.273625458658, 0.35267019271850586), (1344.2664703119117, 0.36344456672668457), (1011.9866716139368, 3.266860246658325), (1004.2541273485804, 3.434666872024536), (987.9053221458817, 11.574841260910034), (987.905322145838, 61.254852533340454), (987.9052934363062, 62.066364765167236), (920.9404977189442, 72.14415001869202), (915.0833174318286, 72.25997233390808), (109.09183873950678, 155.8404839038849), (109.09175658004824, 695.3589477539062), (109.09168202042201, 697.1117963790894), (100.70366141019622, 722.0471405982971), (100.70366141018167, 2820.5213072299957), (35.02907434302324, 2883.5815250873566)]
probability of this sequence is: 3.361788612689501e-11
uncertainty:
{'ate': 35.02907434302324, 'ci': (-17047.212928749646, 17117.271077435693)}
checked:
23085
