Starting EXP36.4, type=probe, run 2/3 (Task 442)
loaded cached data
loaded cached data
loaded cached data
loaded cached data
loaded cached data
loaded cached data
loaded cached data
START ATE IS: 66796.44844106906
PROBE TRIGGERED! Error reduced from 56663.368 to 50765.582 (ATE went to 60898.662076169734).
PROBE TRIGGERED! Error reduced from 50765.582 to 43741.524 (ATE went to 53874.60371915914).
PROBE TRIGGERED! Error reduced from 43741.524 to 30676.732 (ATE went to 40809.811886378826).
PROBE TRIGGERED! Error reduced from 30676.732 to 17164.171 (ATE went to 27297.251111657293).
PROBE TRIGGERED! Error reduced from 17164.171 to 13571.530 (ATE went to 23704.610361611903).
PROBE TRIGGERED! Error reduced from 13571.530 to 10235.399 (ATE went to 20368.478540983582).
PROBE TRIGGERED! Error reduced from 10235.399 to 7871.983 (ATE went to 18005.063419927545).
PROBE TRIGGERED! Error reduced from 7871.983 to 4624.277 (ATE went to 14757.356930796665).
***
FINISHED
ATE before: 66796.44844106906
ATE now is: 11976.70791155983
sequence is: (('bin_equal_frequency_5', 'sqft_living'), ('bin_equal_frequency_2', 'yr_built'), ('bin_equal_frequency_2', 'sqft_lot15'), ('bin_equal_frequency_2', 'bedrooms'))
***
Execution time: 58.735 sec
distances from ATE (with time):
[(56663.36844106906, 0), (50765.58207616973, 0.005723237991333008), (56663.36844106906, 0.014461278915405273), (50765.58207616973, 0.019521236419677734), (46295.01558096182, 0.027640104293823242), (43741.52371915914, 0.1081075668334961), (56663.36844106906, 0.11620402336120605), (50765.58207616973, 0.1204843521118164), (43741.52371915914, 0.12734341621398926), (40564.10345269407, 0.1353764533996582), (39856.71187488808, 0.30127811431884766), (30676.731886378824, 0.3247659206390381), (56663.36844106906, 0.33316493034362793), (50765.58207616973, 0.33756375312805176), (43741.52371915914, 0.34451913833618164), (30676.731886378824, 0.3514986038208008), (27830.74857206343, 0.36788105964660645), (17164.17111165729, 0.38332080841064453), (56663.36844106906, 0.39110302925109863), (30676.731886378824, 0.39521074295043945), (17164.17111165729, 0.4162905216217041), (16647.645083345677, 0.465350866317749), (16198.606128751728, 3.782879590988159), (13571.530361611904, 8.275499105453491), (56663.36844106906, 8.290461540222168), (43741.52371915914, 8.298186302185059), (30676.731886378824, 8.309523820877075), (27461.837854901343, 8.33108377456665), (17164.17111165729, 8.34365439414978), (13571.530361611904, 8.396815538406372), (10235.398540983582, 28.868245601654053), (56663.36844106906, 28.882210731506348), (43741.52371915914, 28.88926124572754), (30676.731886378824, 28.900789737701416), (27461.837854901343, 28.939918756484985), (17164.17111165729, 28.95516347885132), (13571.530361611904, 29.029031991958618), (10235.398540983582, 29.19737148284912), (7871.983419927545, 29.313780784606934), (56663.36844106906, 29.326398611068726), (43741.52371915914, 29.332785606384277), (30676.731886378824, 29.343287706375122), (27461.837854901343, 29.35384488105774), (17164.17111165729, 29.387040615081787), (13571.530361611904, 29.399511098861694), (10235.398540983582, 29.61516547203064), (7871.983419927545, 29.628871202468872), (7421.894825129244, 54.69423580169678), (4624.276930796665, 54.7995126247406), (56663.36844106906, 54.81678605079651), (43741.52371915914, 54.82543683052063), (30676.731886378824, 54.83328580856323), (27461.837854901343, 54.840537548065186), (17164.17111165729, 54.87056255340576), (13571.530361611904, 54.88011312484741), (10235.398540983582, 55.18896722793579), (7871.983419927545, 55.23563194274902), (4624.276930796665, 55.320693254470825), (1843.62791155983, 58.73165249824524)]
(REAL, NOT adjusted by restarts) probability of this sequence is: 1.0662224073302616e-09
uncertainty:
{'ate': 11976.70791155983, 'ci': (-56781.45282312001, 80734.86864623967)}
checked:
3674
