Starting EXP34.5, type=probe, run 2/3 (Task 406)
loaded cached data
loaded cached data
loaded cached data
loaded cached data
loaded cached data
loaded cached data
loaded cached data
START ATE IS: 8774.433204767944
PROBE TRIGGERED! Error reduced from 9999.567 to 7375.414 (ATE went to 11398.586361865848).
PROBE TRIGGERED! Error reduced from 7375.414 to 3260.994 (ATE went to 15513.006454378885).
PROBE TRIGGERED! Error reduced from 3260.994 to 2634.552 (ATE went to 16139.447898648734).
PROBE TRIGGERED! Error reduced from 2634.552 to 2126.690 (ATE went to 16647.3096010981).
PROBE TRIGGERED! Error reduced from 2126.690 to 1515.628 (ATE went to 17258.371770523703).
***
FINISHED
ATE before: 8774.433204767944
ATE now is: 18318.090857451927
sequence is: (('isolationForest', 'TABLE'), ('norm_log', 'education'), ('bin_equal_width_2', 'education'))
***
Execution time: 7570.381 sec
distances from ATE (with time):
[(9999.566795232056, 0), (7375.413638134152, 27.062646865844727), (9999.566795232056, 32.40611243247986), (7375.413638134152, 34.713787317276), (3260.993545621115, 173.25311422348022), (9999.566795232056, 176.89502906799316), (7375.413638134152, 178.91245365142822), (3260.993545621115, 229.46755409240723), (2634.552101351266, 304.7708694934845), (9999.566795232056, 308.4575092792511), (3260.993545621115, 358.32141971588135), (2634.552101351266, 413.15292382240295), (2126.690398901901, 1763.489875793457), (9999.566795232056, 1767.1888394355774), (3260.993545621115, 1819.0052926540375), (2634.552101351266, 1879.70192360878), (2126.690398901901, 2046.2610285282135), (1515.6282294762968, 3354.775148153305), (9999.566795232056, 3358.158629179001), (3260.993545621115, 3406.6780908107758), (2634.552101351266, 3469.000947713852), (2126.690398901901, 3684.088742494583), (1515.6282294762968, 3744.2169213294983), (455.90914254807285, 7568.416889429092)]
(REAL, NOT adjusted by restarts) probability of this sequence is: 3.356718472021751e-05
uncertainty:
{'ate': 18318.090857451927, 'ci': (17928.246224172293, 18707.93549073156)}
checked:
335
