Starting EXP29.2, type=probe_probs_with_restart, run 3/3 (Task 17)
loaded cached data
loaded cached data
loaded cached data
loaded cached data
loaded cached data
loaded cached data
loaded cached data
START ATE IS: 1361.858309643625
PROBE TRIGGERED! Error reduced from 1361.858 to 1202.857 (ATE went to 1202.8566899623002).
PROBE TRIGGERED! Error reduced from 1202.857 to 474.930 (ATE went to 474.9301879273098).
PROBE TRIGGERED! Error reduced from 474.930 to 237.046 (ATE went to 237.04623574269317).
PROBE TRIGGERED! Error reduced from 237.046 to 62.025 (ATE went to 62.02544069754822).
***
FINISHED
ATE before: 1361.858309643625
ATE now is: 29.842481084411702
sequence is: (('bin_equal_width_5', 'age'), ('drop_duplicates', 'TABLE'), ('isolationForest', 'TABLE'), ('IQR', 'education'))
***
Execution time: 29.619 sec
distances from ATE (with time):
[(1361.858309643625, 0), (1361.8583070629375, 0.007448434829711914), (1202.8566899623002, 0.029049396514892578), (1361.858309643625, 0.03327584266662598), (1202.8566899623002, 0.03714561462402344), (1202.8566892921554, 0.07285213470458984), (1202.8566823242472, 0.07822084426879883), (1144.7802970439589, 0.08897519111633301), (474.9301879273098, 0.280987024307251), (1361.858309643625, 0.2851085662841797), (1202.8566899623002, 0.28879475593566895), (474.9301879273098, 0.4552175998687744), (474.93018792730436, 1.317138910293579), (470.9874799934696, 1.5824196338653564), (441.29657234403203, 2.682504892349243), (237.04623574269317, 10.055237770080566), (1361.858309643625, 10.05935001373291), (474.9301879273098, 10.223642110824585), (467.97086767998553, 10.921087980270386), (237.04623574269317, 11.103692054748535), (62.02544069754822, 13.708362817764282), (1361.858309643625, 13.712504625320435), (474.9301879273098, 13.878841638565063), (467.97086767998553, 14.053278684616089), (237.04623574269317, 14.38689661026001), (62.02544069754822, 15.99251103401184), (29.842481084411702, 29.617087602615356)]
(REAL, NOT adjusted by restarts) probability of this sequence is: 2.9241329186587163e-08
uncertainty:
{'ate': 29.842481084411702, 'ci': (-3026.902214882618, 3086.5871770514414)}
checked:
356
