Starting EXP29.7, type=probe, run 3/3 (Task 56)
loaded cached data
loaded cached data
loaded cached data
loaded cached data
loaded cached data
loaded cached data
loaded cached data
START ATE IS: 1490.9788468287716
PROBE TRIGGERED! Error reduced from 1490.979 to 1328.115 (ATE went to 1328.1149102694471).
PROBE TRIGGERED! Error reduced from 1328.115 to 833.168 (ATE went to 833.1676946909374).
PROBE TRIGGERED! Error reduced from 833.168 to 709.533 (ATE went to 709.5333938750446).
PROBE TRIGGERED! Error reduced from 709.533 to 268.939 (ATE went to 268.9385792965086).
PROBE TRIGGERED! Error reduced from 268.939 to 189.083 (ATE went to 189.08334990651383).
PROBE TRIGGERED! Error reduced from 189.083 to 70.122 (ATE went to 70.12212575175454).
PROBE TRIGGERED! Error reduced from 70.122 to 50.843 (ATE went to -50.84304272254303).
***
FINISHED
ATE before: 1490.9788468287716
ATE now is: 30.28311960831161
sequence is: (('bin_equal_width_2', 'education'), ('drop_duplicates', 'TABLE'), ('bin_equal_frequency_2', 'age'), ('isolationForest', 'TABLE'))
***
Execution time: 560.649 sec
distances from ATE (with time):
[(1490.9788468287716, 0), (1434.3202699414487, 0.0059125423431396484), (1391.219471016453, 0.17984747886657715), (1356.6950209497008, 0.5558953285217285), (1345.0685428840716, 0.7025148868560791), (1344.750415767321, 1.5879271030426025), (1328.1149102694471, 4.510076522827148), (1490.9788468287716, 4.51464319229126), (1447.1152366494389, 4.517927646636963), (1356.6950209497008, 4.522568225860596), (1328.1149102694471, 4.569645166397095), (833.1676946909374, 4.936254262924194), (1490.9788468287716, 4.941205024719238), (1447.1152366494389, 4.944728136062622), (1356.6950209497008, 4.949742078781128), (1328.1149102694471, 5.0213844776153564), (833.1676946909374, 5.440328121185303), (709.5333938750446, 6.705168724060059), (1490.9788468287716, 6.70961594581604), (1356.6950209497008, 6.712812423706055), (1328.1149102694471, 6.727495908737183), (833.1676946909374, 6.738693952560425), (709.5333938750446, 7.154531717300415), (702.056254112731, 12.293221473693848), (268.9385792965086, 12.996663093566895), (1490.9788468287716, 13.004376649856567), (1356.6950209497008, 13.018176078796387), (1328.1149102694471, 13.497013092041016), (833.1676946909374, 13.507486820220947), (709.5333938750446, 13.930850267410278), (268.9385792965086, 17.255295515060425), (189.08334990651383, 18.028677940368652), (1490.9788468287716, 18.036978006362915), (1356.6950209497008, 18.042853832244873), (1328.1149102694471, 18.409728288650513), (1104.662978494749, 18.756345987319946), (833.1676946909374, 18.76602029800415), (709.5333938750446, 19.78811764717102), (268.9385792965086, 22.259843111038208), (189.08334990651383, 23.01366877555847), (70.12212575175454, 141.2048954963684), (1490.9788468287716, 141.21127486228943), (1434.3202699414487, 141.21585869789124), (1356.6950209497008, 141.62526154518127), (1347.6138042649218, 141.9907603263855), (1328.1149102694471, 142.3078052997589), (840.5877580141623, 142.66876792907715), (709.5333938750446, 143.29868721961975), (554.741348227114, 146.30025935173035), (361.8554467373069, 146.96823143959045), (268.9385792965086, 147.36200332641602), (240.00777286112861, 148.3818645477295), (189.08334990651383, 148.73100399971008), (70.12212575175454, 160.8003396987915), (50.84304272254303, 266.0256972312927), (1490.9788468287716, 266.03419041633606), (1434.3202699414487, 266.03968572616577), (1356.6950209497008, 266.3904616832733), (1347.6138042649218, 266.74455308914185), (1328.1149102694471, 267.07770919799805), (840.5877580141623, 267.4018747806549), (709.5333938750446, 268.14610266685486), (554.741348227114, 271.02797198295593), (361.8554467373069, 271.690256357193), (268.9385792965086, 272.021591424942), (240.00777286112861, 273.20369267463684), (189.08334990651383, 273.5338394641876), (70.12212575175454, 277.69202876091003), (50.84304272254303, 307.53924560546875), (30.28311960831161, 560.645250082016)]
(REAL, NOT adjusted by restarts) probability of this sequence is: 1.082812410329597e-06
uncertainty:
{'ate': 30.28311960831161, 'ci': (-2112.9246231512375, 2173.4908623678607)}
checked:
3844
