Starting EXP37.6, type=probe, run 1/3 (Task 504)
loaded cached data
loaded cached data
loaded cached data
loaded cached data
loaded cached data
loaded cached data
loaded cached data
START ATE IS: 56721.77255257033
PROBE TRIGGERED! Error reduced from 46588.693 to 26515.117 (ATE went to 36648.19710373774).
PROBE TRIGGERED! Error reduced from 26515.117 to 13533.121 (ATE went to 23666.200933452463).
PROBE TRIGGERED! Error reduced from 13533.121 to 11216.247 (ATE went to -1083.1674026843393).
PROBE TRIGGERED! Error reduced from 11216.247 to 6723.536 (ATE went to 16856.61614916718).
PROBE TRIGGERED! Error reduced from 6723.536 to 4433.366 (ATE went to 14566.445881567197).
***
FINISHED
ATE before: 56721.77255257033
ATE now is: 11426.49254396651
sequence is: (('bin_equal_width_2', 'sqft_basement'), ('bin_equal_frequency_5', 'sqft_lot15'))
***
Execution time: 3.378 sec
distances from ATE (with time):
[(46588.69255257033, 0), (26515.117103737735, 0.015164613723754883), (46588.69255257033, 0.0258791446685791), (26515.117103737735, 0.03209733963012695), (13533.120933452463, 0.18817496299743652), (46588.69255257033, 0.19840455055236816), (26515.117103737735, 0.20435428619384766), (13533.120933452463, 0.21291255950927734), (11216.24740268434, 0.22458887100219727), (46588.69255257033, 0.23641729354858398), (13533.120933452463, 0.2427070140838623), (11216.24740268434, 0.2652618885040283), (6723.536149167181, 1.298454761505127), (46588.69255257033, 1.3090019226074219), (13533.120933452463, 1.3146882057189941), (11216.24740268434, 1.3447363376617432), (6723.536149167181, 1.366919994354248), (4433.365881567197, 1.389338493347168), (46588.69255257033, 1.3996806144714355), (26515.117103737735, 1.4058215618133545), (13533.120933452463, 1.4144492149353027), (11216.24740268434, 1.43428635597229), (4433.365881567197, 1.4560835361480713), (1293.4125439665095, 3.3743464946746826)]
(REAL, NOT adjusted by restarts) probability of this sequence is: 0.0002227667631989315
uncertainty:
{'ate': 11426.49254396651, 'ci': (-47713.7188934727, 70566.70398140572)}
checked:
217
