Starting EXP36.7, type=probe_probs_with_restart, run 3/3 (Task 476)
loaded cached data
loaded cached data
loaded cached data
loaded cached data
loaded cached data
loaded cached data
loaded cached data
START ATE IS: 65478.68711321726
PROBE TRIGGERED! Error reduced from 55345.607 to 49379.482 (ATE went to 59512.56157022888).
PROBE TRIGGERED! Error reduced from 49379.482 to 43870.993 (ATE went to 54004.073102817034).
PROBE TRIGGERED! Error reduced from 43870.993 to 34789.322 (ATE went to 44922.40176724621).
PROBE TRIGGERED! Error reduced from 34789.322 to 31272.666 (ATE went to 41405.74633426868).
PROBE TRIGGERED! Error reduced from 31272.666 to 27809.239 (ATE went to 37942.31861647937).
PROBE TRIGGERED! Error reduced from 27809.239 to 23945.696 (ATE went to 34078.77570808269).
PROBE TRIGGERED! Error reduced from 23945.696 to 21393.348 (ATE went to 31526.42841666999).
PROBE TRIGGERED! Error reduced from 21393.348 to 18722.788 (ATE went to 28855.868309371606).
PROBE TRIGGERED! Error reduced from 18722.788 to 14093.761 (ATE went to 24226.841217424015).
PROBE TRIGGERED! Error reduced from 14093.761 to 12549.149 (ATE went to 22682.229280625124).
PROBE TRIGGERED! Error reduced from 12549.149 to 10879.685 (ATE went to 21012.764688607).
PROBE TRIGGERED! Error reduced from 10879.685 to 9243.665 (ATE went to 19376.744956914972).


*** TIMED OUT!! ***

distances from ATE (with time):
[(55345.60711321726, 0), (55267.765851077056, 0.011510610580444336), (51973.48651748605, 0.21958279609680176), (51122.87015877743, 0.26200246810913086), (49379.481570228876, 0.2838320732116699), (55345.60711321726, 0.3139526844024658), (49379.481570228876, 0.3268272876739502), (49323.53019892768, 0.38722944259643555), (45129.48612353497, 0.9772887229919434), (43870.99310281703, 1.215378761291504), (55345.60711321726, 1.2298057079315186), (49379.481570228876, 1.2356173992156982), (43870.99310281703, 1.2481074333190918), (43472.91544119146, 1.277869462966919), (43407.53867757169, 2.061979293823242), (41704.39851986143, 3.4765565395355225), (40381.818354365954, 3.5867273807525635), (34789.321767246205, 3.599329710006714), (55345.60711321726, 3.6145737171173096), (49379.481570228876, 3.6212494373321533), (43870.99310281703, 3.6354427337646484), (43472.91544119146, 3.6773228645324707), (34789.321767246205, 3.705275535583496), (31272.66633426868, 4.73956561088562), (55345.60711321726, 4.757096529006958), (49379.481570228876, 4.76572060585022), (43870.99310281703, 4.7935450077056885), (34789.321767246205, 4.8216776847839355), (31272.66633426868, 5.157303810119629), (31195.32678229294, 12.935606002807617), (31114.410537952543, 42.06401443481445), (30763.762505295337, 42.239702463150024), (29968.359424267794, 42.300270318984985), (29066.807350039555, 43.34356641769409), (27809.23861647937, 43.5012891292572), (55345.60711321726, 43.5160071849823), (49379.481570228876, 43.522289514541626), (43870.99310281703, 43.54940319061279), (34789.321767246205, 43.577067852020264), (31272.66633426868, 43.81514501571655), (27809.23861647937, 44.087191104888916), (23945.69570808269, 46.319220542907715), (55345.60711321726, 46.3340048789978), (49379.481570228876, 46.34031677246094), (43870.99310281703, 46.36468052864075), (34789.321767246205, 46.39077305793762), (31272.66633426868, 46.65877151489258), (27809.23861647937, 46.782799243927), (23945.69570808269, 48.40223836898804), (23877.789398428547, 48.42062711715698), (23868.94136778741, 87.74915933609009), (23800.95695569223, 87.8100802898407), (23800.669691615047, 87.84047722816467), (21393.348416669993, 314.23509073257446), (55345.60711321726, 314.2522003650665), (49379.481570228876, 314.2587311267853), (43870.99310281703, 314.2834641933441), (34789.321767246205, 314.3216347694397), (33796.57465379111, 314.5655188560486), (31272.66633426868, 314.59518790245056), (27809.23861647937, 314.70959186553955), (25632.191436893365, 314.92225527763367), (23945.69570808269, 316.6579234600067), (23877.789398428547, 316.67625308036804), (21393.348416669993, 318.1370370388031), (18722.78830937161, 322.5131821632385), (55345.60711321726, 322.52749466896057), (49379.481570228876, 322.5334346294403), (43870.99310281703, 322.55583667755127), (34789.321767246205, 322.58921933174133), (33796.57465379111, 322.75046014785767), (31272.66633426868, 322.8697180747986), (25632.191436893365, 322.9662609100342), (21393.348416669993, 324.41566729545593), (18722.78830937161, 325.2919166088104), (14093.761217424015, 338.2566955089569), (55345.60711321726, 338.2717978954315), (49379.481570228876, 338.28912448883057), (43870.99310281703, 338.3148376941681), (34789.321767246205, 338.33903098106384), (33796.57465379111, 338.69676446914673), (27809.23861647937, 338.86588072776794), (25632.191436893365, 339.25546383857727), (23945.69570808269, 340.6338703632355), (23877.789398428547, 340.67009830474854), (18722.78830937161, 341.6404240131378), (14093.761217424015, 354.8160080909729), (14030.953595829016, 354.83647108078003), (14021.206747919825, 570.0390975475311), (13958.414935425388, 570.1624798774719), (13958.143130240425, 570.1904284954071), (13934.816053022563, 1963.526896238327), (13873.833263739061, 1963.5482740402222), (13291.849131428286, 1964.0543866157532), (13237.129266136219, 1964.07577586174), (12549.149280625124, 1965.9456696510315), (55345.60711321726, 1965.969880580902), (49379.481570228876, 1965.9893589019775), (43870.99310281703, 1966.030745267868), (34789.321767246205, 1966.0775940418243), (33796.57465379111, 1966.3800094127655), (27809.23861647937, 1966.6929585933685), (25632.191436893365, 1967.0268115997314), (23945.69570808269, 1969.2536129951477), (23877.789398428547, 1969.2726414203644), (18722.78830937161, 1969.7190039157867), (14093.761217424015, 1987.0295624732971), (14030.953595829016, 1987.0576090812683), (12549.149280625124, 2160.1398634910583), (12477.26795971341, 2160.1639976501465), (10879.684688607, 4078.7319712638855), (55345.60711321726, 4078.7468061447144), (46158.63796360999, 4078.7523036003113), (43870.99310281703, 4078.7821826934814), (40956.4403346121, 4078.8055024147034), (33796.57465379111, 4078.8239591121674), (25632.191436893365, 4079.266323328018), (18722.78830937161, 4081.389219760895), (14093.761217424015, 4087.6997740268707), (14030.953595829016, 4087.724096775055), (10879.684688607, 4181.386852502823), (10824.727548155925, 4181.399867296219), (9243.664956914972, 5196.335025548935), (55345.60711321726, 5196.359887123108), (46158.63796360999, 5196.369444608688), (43870.99310281703, 5196.4174699783325), (40956.4403346121, 5196.476605653763), (33796.57465379111, 5196.506105184555), (25632.191436893365, 5197.105639219284), (18722.78830937161, 5199.502220392227), (14093.761217424015, 5204.616219520569), (14030.953595829016, 5204.635955810547), (12549.149280625124, 5303.235712051392), (12477.26795971341, 5303.256692171097), (10879.684688607, 5303.830517292023), (10824.727548155925, 5303.853438138962), (9243.664956914972, 6078.300446033478), (9178.883846040533, 6078.329429626465)]
