Starting EXP34.2, type=probe_probs_no_restart, run 1/3 (Task 381)
loaded cached data
loaded cached data
loaded cached data
loaded cached data
loaded cached data
loaded cached data
loaded cached data
START ATE IS: 8774.433204759567
***
FINISHED
ATE before: 8774.433204759567
ATE now is: 17832.033789622765
sequence is: (('drop_duplicates', 'TABLE'), ('norm_log', 'Age'), ('isolationForest', 'TABLE'), ('norm_log', 'education'))
***
Execution time: 4495.907 sec
distances from ATE (with time):
[(9999.566795240433, 0), (3723.43918322649, 0.7457089424133301), (3723.4391832109704, 8.796081304550171), (2592.894432933097, 10.682300090789795), (1699.664432206424, 93.53474736213684), (1699.6644322044267, 551.7897622585297), (1278.412483703647, 620.8424003124237), (1239.0719164666298, 3288.9996082782745), (1205.4077505070964, 3654.345395565033), (941.9662103772353, 4495.35551404953)]
probability of this sequence is: 9.192134646515342e-07
uncertainty:
{'ate': 17832.033789622765, 'ci': (16913.906963498102, 18750.160615747427)}
checked:
1414
