Starting EXP29.8, type=probe, run 1/3 (Task 63)
loaded cached data
loaded cached data
loaded cached data
loaded cached data
loaded cached data
loaded cached data
loaded cached data
START ATE IS: 1310.6709119686457
PROBE TRIGGERED! Error reduced from 1310.671 to 1153.188 (ATE went to 1153.188306778251).
PROBE TRIGGERED! Error reduced from 1153.188 to 990.562 (ATE went to 990.562487070707).
PROBE TRIGGERED! Error reduced from 990.562 to 796.678 (ATE went to 796.6779077050396).
PROBE TRIGGERED! Error reduced from 796.678 to 309.766 (ATE went to 309.7659613500591).
PROBE TRIGGERED! Error reduced from 309.766 to 129.363 (ATE went to 129.36277975623034).
PROBE TRIGGERED! Error reduced from 129.363 to 70.310 (ATE went to 70.31029682691405).
***
FINISHED
ATE before: 1310.6709119686457
ATE now is: -5.641213075526139
sequence is: (('bin_equal_frequency_5', 'age'), ('bin_equal_frequency_2', 'education'), ('drop_duplicates', 'TABLE'), ('isolationForest', 'TABLE'))
***
Execution time: 1450.036 sec
distances from ATE (with time):
[(1310.6709119686457, 0), (1237.493571341989, 0.011475324630737305), (1183.711457618243, 0.14727568626403809), (1153.188306778251, 1.1765460968017578), (1310.6709119686457, 1.1827142238616943), (1237.493571341989, 1.1869604587554932), (1183.711457618243, 1.1940150260925293), (1153.188306778251, 1.2087302207946777), (990.562487070707, 2.7797906398773193), (1310.6709119686457, 2.787565231323242), (1183.711457618243, 2.7941861152648926), (1153.188306778251, 3.3172836303710938), (990.562487070707, 3.34828782081604), (895.4074071369432, 17.31200122833252), (796.6779077050396, 55.85605573654175), (1310.6709119686457, 55.863755226135254), (1183.711457618243, 55.87023687362671), (1153.188306778251, 56.38293981552124), (990.562487070707, 56.423489570617676), (943.7069652911414, 56.52121424674988), (796.6779077050396, 61.63071012496948), (723.3091300717697, 83.30170106887817), (309.7659613500591, 91.93151950836182), (1310.6709119686457, 91.93886017799377), (1237.493571341989, 91.95143508911133), (1183.711457618243, 91.95992159843445), (1153.188306778251, 92.33786058425903), (990.562487070707, 93.21316504478455), (943.7069652911414, 94.57916140556335), (831.6040756530456, 97.71063232421875), (796.6779077050396, 99.84929060935974), (309.7659613500591, 100.29658007621765), (129.36277975623034, 129.6211473941803), (1310.6709119686457, 129.62913298606873), (1237.493571341989, 129.64182353019714), (1183.711457618243, 129.65030932426453), (1153.188306778251, 130.23347187042236), (1036.6469824653977, 132.42246770858765), (990.562487070707, 132.76217436790466), (943.7069652911414, 132.77930307388306), (309.7659613500591, 138.30622792243958), (129.36277975623034, 166.79249835014343), (70.31029682691405, 685.828027009964), (1310.6709119686457, 685.8365178108215), (1237.493571341989, 685.8487021923065), (1183.711457618243, 685.8569552898407), (1153.188306778251, 686.5686612129211), (1036.6469824653977, 688.0416340827942), (943.7069652911414, 688.9304552078247), (309.7659613500591, 693.9382293224335), (129.36277975623034, 721.3440873622894), (70.31029682691405, 996.6496922969818), (5.641213075526139, 1450.0330111980438)]
(REAL, NOT adjusted by restarts) probability of this sequence is: 1.082812410329597e-06
uncertainty:
{'ate': -5.641213075526139, 'ci': (-2133.7593548130376, 2122.4769286619853)}
checked:
12062
