Starting EXP29.4, type=probe, run 3/3 (Task 29)
loaded cached data
loaded cached data
loaded cached data
loaded cached data
loaded cached data
loaded cached data
loaded cached data
START ATE IS: 1904.0672958302657
PROBE TRIGGERED! Error reduced from 1904.067 to 1099.073 (ATE went to 1099.0733527116827).
PROBE TRIGGERED! Error reduced from 1099.073 to 476.444 (ATE went to 476.44443283589044).
PROBE TRIGGERED! Error reduced from 476.444 to 274.158 (ATE went to 274.1579088762992).
PROBE TRIGGERED! Error reduced from 274.158 to 216.018 (ATE went to 216.01817279694114).
***
FINISHED
ATE before: 1904.0672958302657
ATE now is: 42.44808503902277
sequence is: (('bin_equal_frequency_2', 'age'), ('drop_duplicates', 'TABLE'), ('isolationForest', 'TABLE'))
***
Execution time: 75.410 sec
distances from ATE (with time):
[(1904.0672958302657, 0), (1851.5397402267445, 0.0030858516693115234), (1799.382079780784, 0.007187843322753906), (1795.9175433903438, 0.06703019142150879), (1099.0733527116827, 0.2835822105407715), (1904.0672958302657, 0.287700891494751), (1099.0733527116827, 0.46073126792907715), (1075.8222841656589, 0.7332932949066162), (999.6468417406286, 0.9064052104949951), (476.44443283589044, 5.14507532119751), (1904.0672958302657, 5.149322032928467), (1099.0733527116827, 5.322071552276611), (999.6468417406286, 5.5048863887786865), (476.44443283589044, 5.764293909072876), (455.315946689926, 21.62206220626831), (274.1579088762992, 29.839198112487793), (1904.0672958302657, 29.84338068962097), (1099.0733527116827, 30.01400351524353), (999.6468417406286, 30.195618391036987), (476.44443283589044, 30.368555784225464), (274.1579088762992, 38.798043727874756), (216.01817279694114, 39.319183349609375), (1904.0672958302657, 39.323355197906494), (1099.0733527116827, 39.49326729774475), (999.6468417406286, 39.6738715171814), (476.44443283589044, 39.854572057724), (274.1579088762992, 40.85262179374695), (216.01817279694114, 41.37435436248779), (42.44808503902277, 75.40780186653137)]
(REAL, NOT adjusted by restarts) probability of this sequence is: 3.356718472021751e-05
uncertainty:
{'ate': 42.44808503902277, 'ci': (-3892.0811716343583, 3976.977341712404)}
checked:
1073
