Starting EXP36.9, type=probe, run 2/3 (Task 487)
loaded cached data
loaded cached data
loaded cached data
loaded cached data
loaded cached data
loaded cached data
loaded cached data
START ATE IS: 64183.91773328353
PROBE TRIGGERED! Error reduced from 54050.838 to 45210.692 (ATE went to 55343.772369151295).
PROBE TRIGGERED! Error reduced from 45210.692 to 36717.506 (ATE went to 46850.58568182026).
PROBE TRIGGERED! Error reduced from 36717.506 to 32959.469 (ATE went to 43092.54870320778).
PROBE TRIGGERED! Error reduced from 32959.469 to 27631.122 (ATE went to 37764.20153418724).
PROBE TRIGGERED! Error reduced from 27631.122 to 24049.917 (ATE went to 34182.99695333886).
PROBE TRIGGERED! Error reduced from 24049.917 to 21557.531 (ATE went to 31690.61099581714).
PROBE TRIGGERED! Error reduced from 21557.531 to 17583.118 (ATE went to 27716.198489472794).
PROBE TRIGGERED! Error reduced from 17583.118 to 13058.981 (ATE went to 23192.061486235012).
PROBE TRIGGERED! Error reduced from 13058.981 to 11553.219 (ATE went to 21686.298871013092).
PROBE TRIGGERED! Error reduced from 11553.219 to 7048.224 (ATE went to 17181.30369018347).
PROBE TRIGGERED! Error reduced from 7048.224 to 5523.026 (ATE went to 15656.105861844848).
***
FINISHED
ATE before: 64183.91773328353
ATE now is: 11466.933334981757
sequence is: (('bin_equal_width_5', 'sqft_basement'), ('bin_equal_frequency_5', 'sqft_living'), ('bin_equal_frequency_2', 'yr_built'), ('bin_equal_frequency_2', 'sqft_lot15'), ('bin_equal_frequency_2', 'sqft_living15'))
***
Execution time: 1305.987 sec
distances from ATE (with time):
[(54050.83773328353, 0), (51778.548112495315, 0.020021915435791016), (45210.69236915129, 0.03998279571533203), (54050.83773328353, 0.06066393852233887), (45210.69236915129, 0.07069063186645508), (44524.973890172194, 0.307934045791626), (40731.18530975111, 0.45714664459228516), (36717.50568182026, 0.49999570846557617), (54050.83773328353, 0.5207316875457764), (45210.69236915129, 0.5399763584136963), (36717.50568182026, 0.5599498748779297), (32959.46870320778, 0.5799248218536377), (54050.83773328353, 0.6000590324401855), (36717.50568182026, 0.6199803352355957), (32959.46870320778, 0.6591565608978271), (31238.272341529708, 4.14309549331665), (27631.121534187238, 4.215853214263916), (54050.83773328353, 4.232852935791016), (36717.50568182026, 4.241052627563477), (32959.46870320778, 4.312632322311401), (27631.121534187238, 4.400625228881836), (24049.916953338856, 4.581435441970825), (54050.83773328353, 4.598412036895752), (36717.50568182026, 4.606873035430908), (32959.46870320778, 4.698434829711914), (27631.121534187238, 4.737352609634399), (24049.916953338856, 4.912038564682007), (23598.610159598706, 21.314615964889526), (21821.797933779933, 31.881722927093506), (21557.530995817142, 35.92818832397461), (54050.83773328353, 35.944443464279175), (36717.50568182026, 35.95204138755798), (32959.46870320778, 36.007012128829956), (27631.121534187238, 36.02142310142517), (24049.916953338856, 36.197815895080566), (21557.530995817142, 36.280792474746704), (17583.118489472792, 38.96584105491638), (54050.83773328353, 38.986555099487305), (36717.50568182026, 39.0076858997345), (32959.46870320778, 39.13134455680847), (27631.121534187238, 39.15196251869202), (24049.916953338856, 39.355584383010864), (21557.530995817142, 39.456786155700684), (17583.118489472792, 43.688082456588745), (17259.790259418885, 78.04341864585876), (17259.332072604062, 132.55189871788025), (13058.981486235012, 150.1114900112152), (54050.83773328353, 150.14050769805908), (36717.50568182026, 150.16001176834106), (32959.46870320778, 150.29497170448303), (27631.121534187238, 150.32753801345825), (26302.567198279517, 150.6519386768341), (24049.916953338856, 150.74000644683838), (21557.530995817142, 151.0280315876007), (17259.790259418885, 151.40391945838928), (13058.981486235012, 155.1376438140869), (11553.218871013092, 166.33697390556335), (54050.83773328353, 166.35587286949158), (36717.50568182026, 166.36536073684692), (32959.46870320778, 166.46330165863037), (27631.121534187238, 166.49691033363342), (26302.567198279517, 166.71973776817322), (24049.916953338856, 167.06658339500427), (21821.797933779933, 167.25274658203125), (21557.530995817142, 167.32104182243347), (17259.790259418885, 167.40802431106567), (13058.981486235012, 172.02498364448547), (11553.218871013092, 172.39725470542908), (7048.223690183471, 206.63139033317566), (54050.83773328353, 206.68021988868713), (36717.50568182026, 206.69996190071106), (32959.46870320778, 206.8000509738922), (31238.272341529708, 206.81667399406433), (27631.121534187238, 206.83387756347656), (26302.567198279517, 207.05300426483154), (24049.916953338856, 207.22031831741333), (21557.530995817142, 207.27121877670288), (21179.302341637835, 207.47854828834534), (17259.790259418885, 207.51985025405884), (16401.655188924604, 211.29389214515686), (13058.981486235012, 211.3136694431305), (11553.218871013092, 211.3651306629181), (7048.223690183471, 242.36352229118347), (5523.025861844848, 1217.222378730774), (54050.83773328353, 1217.244707584381), (36717.50568182026, 1217.2529587745667), (32959.46870320778, 1217.359751701355), (27631.121534187238, 1217.3756260871887), (26302.567198279517, 1217.3929607868195), (24049.916953338856, 1217.757487297058), (21821.797933779933, 1217.7750205993652), (17259.790259418885, 1217.8268439769745), (13058.981486235012, 1218.6625347137451), (11553.218871013092, 1222.2955832481384), (8663.69759607623, 1222.897329568863), (7048.223690183471, 1244.78861784935), (5523.025861844848, 1250.4999556541443), (1333.8533349817571, 1305.9754147529602)]
(REAL, NOT adjusted by restarts) probability of this sequence is: 6.092699470458613e-12
uncertainty:
{'ate': 11466.933334981757, 'ci': (-42070.57311074497, 65004.43978070849)}
checked:
45642
