Starting EXP33.3, type=probe_probs_with_restart, run 2/3 (Task 349)
loaded cached data
loaded cached data
loaded cached data
loaded cached data
loaded cached data
loaded cached data
loaded cached data
START ATE IS: 1671.1304157874947
PROBE TRIGGERED! Error reduced from 1671.130 to 1476.588 (ATE went to 1476.5879307188197).
PROBE TRIGGERED! Error reduced from 1476.588 to 1312.140 (ATE went to 1312.139803089838).
PROBE TRIGGERED! Error reduced from 1312.140 to 1064.930 (ATE went to 1064.9297487472422).
PROBE TRIGGERED! Error reduced from 1064.930 to 949.228 (ATE went to 949.2278155453969).
PROBE TRIGGERED! Error reduced from 949.228 to 741.860 (ATE went to 741.860169211297).
PROBE TRIGGERED! Error reduced from 741.860 to 637.833 (ATE went to 637.8325943001946).
PROBE TRIGGERED! Error reduced from 637.833 to 480.219 (ATE went to 480.21945048881025).
PROBE TRIGGERED! Error reduced from 480.219 to 380.834 (ATE went to 380.83398556941756).
PROBE TRIGGERED! Error reduced from 380.834 to 182.600 (ATE went to 182.59960420486368).
PROBE TRIGGERED! Error reduced from 182.600 to 162.333 (ATE went to 162.33293304171548).
PROBE TRIGGERED! Error reduced from 162.333 to 84.298 (ATE went to 84.29841806373497).
***
FINISHED
ATE before: 1671.1304157874947
ATE now is: 28.572676145055084
sequence is: (('IQR', 'education'), ('bin_equal_frequency_5', 'age'), ('drop_duplicates', 'TABLE'), ('bin_equal_frequency_2', 'education'), ('isolationForest', 'TABLE'))
***
Execution time: 4769.766 sec
distances from ATE (with time):
[(1671.1304157874947, 0), (1577.7909315154247, 0.003471851348876953), (1559.8355204716518, 0.029054880142211914), (1476.5879307188197, 0.27405214309692383), (1671.1304157874947, 0.27859044075012207), (1476.5879307188197, 0.46285271644592285), (1462.904327559978, 0.6791195869445801), (1312.139803089838, 0.865774393081665), (1671.1304157874947, 0.8702676296234131), (1476.5879307188197, 1.054051399230957), (1462.904327559978, 1.2452335357666016), (1312.139803089838, 1.4315364360809326), (1236.5506193590045, 2.755906343460083), (1231.849336623005, 3.7939047813415527), (1216.5748367839387, 7.4309728145599365), (1207.0744644223178, 7.61660623550415), (1064.9297487472422, 9.194420576095581), (1671.1304157874947, 9.200106382369995), (1476.5879307188197, 9.450105667114258), (1462.904327559978, 9.645413160324097), (1312.139803089838, 9.831185817718506), (1236.5506193590045, 10.215633392333984), (1231.849336623005, 12.798885107040405), (1064.9297487472422, 13.194100618362427), (949.2278155453969, 21.21463394165039), (1671.1304157874947, 21.219263315200806), (1476.5879307188197, 21.42393660545349), (1462.904327559978, 21.652121543884277), (1312.139803089838, 21.87514567375183), (949.2278155453969, 22.458988666534424), (741.860169211297, 25.132633924484253), (1671.1304157874947, 25.137156009674072), (1476.5879307188197, 25.320542097091675), (949.2278155453969, 25.723923921585083), (741.860169211297, 28.087554216384888), (739.3713131664208, 41.684266328811646), (717.4393871423754, 43.85252785682678), (637.8325943001946, 79.37078332901001), (1671.1304157874947, 79.37745881080627), (1476.5879307188197, 79.56023001670837), (949.2278155453969, 80.0124351978302), (741.860169211297, 82.45872831344604), (637.8325943001946, 84.66984963417053), (603.5142103147828, 85.00487661361694), (480.21945048881025, 85.93245840072632), (1671.1304157874947, 85.93776202201843), (1476.5879307188197, 86.13057947158813), (949.2278155453969, 86.60748219490051), (741.860169211297, 88.63992094993591), (637.8325943001946, 90.4538562297821), (603.5142103147828, 90.65214204788208), (480.21945048881025, 91.23915219306946), (380.83398556941756, 100.45571327209473), (1671.1304157874947, 100.46089196205139), (1476.5879307188197, 100.65565299987793), (1459.0489652287615, 100.86729335784912), (1117.2008501822784, 101.25883936882019), (949.2278155453969, 101.45596289634705), (932.3894174910538, 102.09628248214722), (637.8325943001946, 103.73044061660767), (603.5142103147828, 103.92555642127991), (480.21945048881025, 104.5111632347107), (380.83398556941756, 111.50799059867859), (182.59960420486368, 113.06669187545776), (1671.1304157874947, 113.07144260406494), (1476.5879307188197, 113.25685238838196), (1459.0489652287615, 113.4573712348938), (1117.2008501822784, 113.83249974250793), (949.2278155453969, 114.02255940437317), (932.3894174910538, 114.67671823501587), (637.8325943001946, 116.19792318344116), (603.5142103147828, 116.3863205909729), (480.21945048881025, 116.95271372795105), (380.83398556941756, 123.93209743499756), (182.59960420486368, 125.46536493301392), (162.33293304171548, 196.5063819885254), (1671.1304157874947, 196.51108598709106), (1476.5879307188197, 196.69134950637817), (1459.0489652287615, 196.88728404045105), (1117.2008501822784, 197.25631141662598), (949.2278155453969, 197.44063568115234), (932.3894174910538, 198.39225268363953), (637.8325943001946, 199.70418405532837), (603.5142103147828, 199.8881208896637), (480.21945048881025, 200.25666904449463), (380.83398556941756, 206.94759488105774), (182.59960420486368, 207.70975518226624), (162.33293304171548, 248.53873419761658), (84.29841806373497, 256.0528287887573), (1671.1304157874947, 256.0575876235962), (1476.5879307188197, 256.24379420280457), (1459.0489652287615, 256.44687724113464), (1117.2008501822784, 256.8180356025696), (949.2278155453969, 257.0042202472687), (932.3894174910538, 258.03684759140015), (637.8325943001946, 259.3492588996887), (603.5142103147828, 259.53517961502075), (480.21945048881025, 259.91197681427), (380.83398556941756, 267.40578722953796), (182.59960420486368, 268.26876187324524), (162.33293304171548, 294.3330090045929), (84.29841806373497, 300.5158226490021), (83.72512876594465, 1462.1086692810059), (82.42108463855675, 1462.4837446212769), (28.572676145055084, 4769.750016927719)]
(REAL, NOT adjusted by restarts) probability of this sequence is: 1.0975788246451236e-11
uncertainty:
{'ate': 28.572676145055084, 'ci': (-1101.2398461706605, 1158.3851984607707)}
checked:
36136
