Starting EXP36.2, type=probe_probs_with_restart, run 1/3 (Task 429)
loaded cached data
loaded cached data
loaded cached data
loaded cached data
loaded cached data
loaded cached data
loaded cached data
START ATE IS: 34189.925691674995
PROBE TRIGGERED! Error reduced from 24056.846 to 17169.447 (ATE went to 27302.52663330445).
PROBE TRIGGERED! Error reduced from 17169.447 to 15169.232 (ATE went to 25302.312270355193).
PROBE TRIGGERED! Error reduced from 15169.232 to 8014.879 (ATE went to 18147.959262488046).
PROBE TRIGGERED! Error reduced from 8014.879 to 6278.282 (ATE went to 16411.362350335028).
PROBE TRIGGERED! Error reduced from 6278.282 to 4927.813 (ATE went to 15060.892882232729).
PROBE TRIGGERED! Error reduced from 4927.813 to 3043.197 (ATE went to 13176.276508132774).
***
FINISHED
ATE before: 34189.925691674995
ATE now is: 12157.889539702133
sequence is: (('zscore_filter_3', 'sqft_living'), ('bin_equal_frequency_5', 'sqft_living'), ('IQR', 'yr_built'))
***
Execution time: 25.588 sec
distances from ATE (with time):
[(24056.845691674993, 0), (24056.8224539632, 0.033422231674194336), (23987.52258804485, 0.1571664810180664), (23481.79629857262, 0.1679232120513916), (21910.27242405113, 0.17884492874145508), (21897.18273997905, 0.6239943504333496), (21801.366651678916, 0.6664791107177734), (17169.446633304447, 0.7492351531982422), (24056.845691674993, 0.7593002319335938), (17169.446633304447, 0.7656631469726562), (17169.379571195605, 1.487663745880127), (17169.364630869153, 1.5730459690093994), (17169.27300222269, 1.6734561920166016), (16923.977106529208, 1.7401518821716309), (15463.833877641979, 1.7826454639434814), (15169.232270355193, 1.9501218795776367), (24056.845691674993, 1.964022159576416), (15169.232270355193, 1.971541404724121), (8014.879262488046, 2.01652455329895), (24056.845691674993, 2.030104160308838), (15169.232270355193, 2.0370380878448486), (8014.879262488046, 2.0792555809020996), (8014.831343615619, 7.40478253364563), (7898.849953959578, 7.848104000091553), (7595.333954228607, 7.8821938037872314), (6278.282350335028, 7.913901329040527), (24056.845691674993, 7.92082953453064), (15169.232270355193, 7.924468517303467), (8014.879262488046, 7.943859100341797), (6278.282350335028, 8.016756057739258), (5879.769363721165, 20.603227615356445), (4927.812882232729, 25.26066565513611), (24056.845691674993, 25.267921447753906), (17169.446633304447, 25.272746324539185), (15169.232270355193, 25.278738260269165), (11743.762308911393, 25.284852266311646), (8014.879262488046, 25.298686504364014), (5879.769363721165, 25.32339358329773), (4927.812882232729, 25.331363677978516), (3043.1965081327744, 25.41182851791382), (24056.845691674993, 25.419331312179565), (17169.446633304447, 25.42412757873535), (11743.762308911393, 25.43027901649475), (5879.769363721165, 25.444612503051758), (4927.812882232729, 25.465904712677002), (3043.1965081327744, 25.532368659973145), (2024.8095397021334, 25.58551001548767)]
(REAL, NOT adjusted by restarts) probability of this sequence is: 4.735933685296627e-10
uncertainty:
{'ate': 12157.889539702133, 'ci': (-93422.46543462036, 117738.24451402461)}
checked:
1458
