Starting EXP36.3, type=probe_probs_with_restart, run 1/3 (Task 438)
loaded cached data
loaded cached data
loaded cached data
loaded cached data
loaded cached data
loaded cached data
loaded cached data
START ATE IS: 41980.89665849731
PROBE TRIGGERED! Error reduced from 31847.817 to 28097.505 (ATE went to 38230.58477170475).
PROBE TRIGGERED! Error reduced from 28097.505 to 12814.343 (ATE went to 22947.422564523607).
PROBE TRIGGERED! Error reduced from 12814.343 to 5066.865 (ATE went to 15199.94476390029).
PROBE TRIGGERED! Error reduced from 5066.865 to 3535.802 (ATE went to 13668.882026468804).
***
FINISHED
ATE before: 41980.89665849731
ATE now is: 12045.20265851493
sequence is: (('IQR', 'sqft_lot15'),)
***
Execution time: 6.683 sec
distances from ATE (with time):
[(31847.816658497308, 0), (28097.50477170475, 0.09768462181091309), (31847.816658497308, 0.10544085502624512), (28097.50477170475, 0.10911822319030762), (12814.342564523608, 0.5460710525512695), (31847.816658497308, 0.5614900588989258), (28097.50477170475, 0.5688550472259521), (12814.342564523608, 0.9377541542053223), (12752.17564326005, 1.2513835430145264), (5066.86476390029, 2.2846405506134033), (31847.816658497308, 2.292722702026367), (28097.50477170475, 2.2968990802764893), (5066.86476390029, 2.3040213584899902), (3535.802026468804, 2.728755235671997), (31847.816658497308, 2.7450180053710938), (5066.86476390029, 2.7526228427886963), (3535.802026468804, 2.991267204284668), (1912.1226585149307, 6.679375410079956)]
(REAL, NOT adjusted by restarts) probability of this sequence is: 0.002386165601680146
uncertainty:
{'ate': 12045.20265851493, 'ci': (-54303.14908553733, 78393.55440256718)}
checked:
122
