Starting EXP36.2, type=probe, run 1/3 (Task 423)
loaded cached data
loaded cached data
loaded cached data
loaded cached data
loaded cached data
loaded cached data
loaded cached data
START ATE IS: 47320.731161332355
PROBE TRIGGERED! Error reduced from 37187.651 to 29849.191 (ATE went to 39982.27092241844).
PROBE TRIGGERED! Error reduced from 29849.191 to 26423.965 (ATE went to 36557.04463387432).
PROBE TRIGGERED! Error reduced from 26423.965 to 19108.893 (ATE went to 29241.973045860796).
PROBE TRIGGERED! Error reduced from 19108.893 to 14963.485 (ATE went to 25096.56524669032).
PROBE TRIGGERED! Error reduced from 14963.485 to 9536.622 (ATE went to 19669.70180196347).
PROBE TRIGGERED! Error reduced from 9536.622 to 6261.636 (ATE went to 16394.716438118492).
PROBE TRIGGERED! Error reduced from 6261.636 to 3866.781 (ATE went to 6266.299151238659).
***
FINISHED
ATE before: 47320.731161332355
ATE now is: 12646.180524472271
sequence is: (('norm_log', 'sqft_living'), ('bin_equal_width_5', 'sqft_basement'), ('bin_equal_frequency_10', 'sqft_above'), ('bin_equal_frequency_2', 'bedrooms'))
***
Execution time: 30.797 sec
distances from ATE (with time):
[(37187.65116133235, 0), (36595.27462662815, 0.004809379577636719), (29849.190922418435, 0.011985063552856445), (37187.65116133235, 0.020359277725219727), (29849.190922418435, 0.024952173233032227), (26423.96463387432, 0.08943414688110352), (37187.65116133235, 0.09729170799255371), (29849.190922418435, 0.10151433944702148), (26423.96463387432, 0.10815620422363281), (19108.893045860794, 0.11607766151428223), (37187.65116133235, 0.12420368194580078), (26423.96463387432, 0.12863922119140625), (19108.893045860794, 0.14274358749389648), (18325.185417486136, 0.7849721908569336), (17504.955737473436, 1.5545697212219238), (14963.48524669032, 1.5927340984344482), (37187.65116133235, 1.60026216506958), (26423.96463387432, 1.6044232845306396), (19108.893045860794, 1.6249542236328125), (14963.48524669032, 1.6398601531982422), (9536.62180196347, 1.6772477626800537), (37187.65116133235, 1.6847267150878906), (26423.96463387432, 1.6888329982757568), (19108.893045860794, 1.7089147567749023), (14963.48524669032, 1.7237071990966797), (9536.62180196347, 1.7545459270477295), (6261.636438118492, 3.8143224716186523), (37187.65116133235, 3.8223390579223633), (26423.96463387432, 3.826792001724243), (18325.185417486136, 3.8468360900878906), (14963.48524669032, 3.8705801963806152), (6261.636438118492, 3.877952814102173), (5842.65994113727, 6.503186464309692), (3866.780848761341, 15.86342716217041), (37187.65116133235, 15.879911184310913), (26423.96463387432, 15.888640880584717), (18325.185417486136, 15.915765762329102), (6261.636438118492, 15.96739387512207), (3866.780848761341, 16.088413953781128), (2513.100524472271, 30.79092264175415)]
(REAL, NOT adjusted by restarts) probability of this sequence is: 1.0662224073302616e-09
uncertainty:
{'ate': 12646.180524472271, 'ci': (-102099.73899483838, 127392.10004378294)}
checked:
2590
