Starting EXP29.5, type=probe, run 2/3 (Task 37)
loaded cached data
loaded cached data
loaded cached data
loaded cached data
loaded cached data
loaded cached data
loaded cached data
START ATE IS: 2012.1015348653582
PROBE TRIGGERED! Error reduced from 2012.102 to 1368.265 (ATE went to 1368.26470956507).
PROBE TRIGGERED! Error reduced from 1368.265 to 813.541 (ATE went to 813.5414809244294).
PROBE TRIGGERED! Error reduced from 813.541 to 620.963 (ATE went to 620.9633513814497).
PROBE TRIGGERED! Error reduced from 620.963 to 363.411 (ATE went to 363.4109514673837).
PROBE TRIGGERED! Error reduced from 363.411 to 305.141 (ATE went to 305.1409583501745).
***
FINISHED
ATE before: 2012.1015348653582
ATE now is: 39.89174804794129
sequence is: (('bin_equal_width_2', 'age'), ('drop_duplicates', 'TABLE'), ('bin_equal_frequency_2', 'education'), ('isolationForest', 'TABLE'))
***
Execution time: 285.823 sec
distances from ATE (with time):
[(2012.1015348653582, 0), (1975.2838245403927, 0.00729060173034668), (1368.26470956507, 0.2902050018310547), (2012.1015348653582, 0.29441094398498535), (1368.26470956507, 0.4674687385559082), (1329.0186929361903, 0.7419421672821045), (1327.9157373036905, 3.7143802642822266), (1310.944639060339, 4.063459634780884), (813.5414809244294, 5.170941114425659), (2012.1015348653582, 5.175193786621094), (1368.26470956507, 5.347456216812134), (1332.582256048042, 5.530195474624634), (813.5414809244294, 5.841991424560547), (784.3802180865059, 14.391921281814575), (620.9633513814497, 29.88101315498352), (2012.1015348653582, 29.885237216949463), (1368.26470956507, 30.05576181411743), (1332.582256048042, 30.23733639717102), (813.5414809244294, 30.41250443458557), (620.9633513814497, 39.34581255912781), (558.9882562977891, 235.64077472686768), (363.4109514673837, 236.33906197547913), (2012.1015348653582, 236.34357380867004), (1368.26470956507, 236.51423859596252), (1332.582256048042, 236.70488381385803), (813.5414809244294, 236.87898898124695), (806.2763934300629, 240.312096118927), (620.9633513814497, 243.93868350982666), (363.4109514673837, 249.9837930202484), (305.1409583501745, 250.67657899856567), (2012.1015348653582, 250.68085479736328), (1368.26470956507, 250.85148310661316), (1283.3322020329506, 251.21176409721375), (1233.8254239979178, 251.55711317062378), (813.5414809244294, 252.07393169403076), (363.4109514673837, 253.235271692276), (305.1409583501745, 253.5870487689972), (39.89174804794129, 285.82110357284546)]
(REAL, NOT adjusted by restarts) probability of this sequence is: 1.082812410329597e-06
uncertainty:
{'ate': 39.89174804794129, 'ci': (-1971.2456835120822, 2051.0291796079646)}
checked:
2938
