Starting EXP29.8, type=probe_probs_no_restart, run 1/3 (Task 66)
loaded cached data
loaded cached data
loaded cached data
loaded cached data
loaded cached data
loaded cached data
loaded cached data
START ATE IS: 2025.817859955274
***
FINISHED
ATE before: 2025.817859955274
ATE now is: 44.89933965963792
sequence is: (('bin_equal_frequency_5', 'age'), ('IQR', 'education'), ('bin_equal_frequency_2', 'education'), ('isolationForest', 'TABLE'))
***
Execution time: 13518.980 sec
distances from ATE (with time):
[(2025.817859955274, 0), (1961.142581385735, 0.005769252777099609), (1917.861839230809, 0.0487363338470459), (1853.118668310317, 0.4570152759552002), (1840.8655592061805, 0.5335445404052734), (1744.4183412522552, 1.3098948001861572), (1672.3365876803618, 1.3594229221343994), (1621.4317206076194, 1.3710393905639648), (1318.5531460968414, 22.557456731796265), (1168.1582730604132, 71.57791996002197), (886.2333395226024, 76.27653098106384), (886.233339522566, 471.4253032207489), (872.7525318057696, 493.0575428009033), (842.2038188786119, 819.5602285861969), (707.5972213857622, 2190.9273777008057), (676.8114829537408, 2192.2249178886414), (529.2008814789597, 3254.194726705551), (517.5038742090983, 5931.341477632523), (390.5012822668741, 7920.655160188675), (150.99777786575032, 7926.114500761032), (44.89933965963792, 13518.976096391678)]
probability of this sequence is: 7.728985688084715e-11
uncertainty:
{'ate': 44.89933965963792, 'ci': (-1774.393798175664, 1864.1924774949398)}
checked:
132540
