Starting EXP30.8, type=probe, run 3/3 (Task 146)
loaded cached data
loaded cached data
loaded cached data
loaded cached data
loaded cached data
loaded cached data
loaded cached data
START ATE IS: 8707.621675238584
PROBE TRIGGERED! Error reduced from 10066.378 to 7438.275 (ATE went to 11335.724596187498).
PROBE TRIGGERED! Error reduced from 7438.275 to 3913.863 (ATE went to 14860.136596213526).
PROBE TRIGGERED! Error reduced from 3913.863 to 1269.404 (ATE went to 17504.595506125042).
***
FINISHED
ATE before: 8707.621675238584
ATE now is: 19524.79721925059
sequence is: (('bin_equal_width_2', 'education'), ('isolationForest', 'TABLE'))
***
Execution time: 92.238 sec
distances from ATE (with time):
[(10066.378324761416, 0), (7438.275403812502, 5.577455997467041), (10066.378324761416, 6.236011981964111), (7438.275403812502, 6.601593732833862), (3913.863403786474, 30.224603414535522), (10066.378324761416, 30.808428049087524), (7438.275403812502, 31.261305332183838), (3913.863403786474, 42.324262857437134), (1269.4044938749576, 57.46282434463501), (10066.378324761416, 58.26403260231018), (3913.863403786474, 68.44412684440613), (1269.4044938749576, 81.01862287521362), (750.7972192505913, 92.01863837242126)]
(REAL, NOT adjusted by restarts) probability of this sequence is: 0.0010405827263267429
uncertainty:
{'ate': 19524.79721925059, 'ci': (18619.45752148891, 20430.136917012274)}
checked:
45
