Starting EXP30.8, type=probe_probs_with_restart, run 3/3 (Task 152)
loaded cached data
loaded cached data
loaded cached data
loaded cached data
loaded cached data
loaded cached data
loaded cached data
START ATE IS: 8795.383140331614
PROBE TRIGGERED! Error reduced from 9978.617 to 3308.108 (ATE went to 15465.89156928825).
PROBE TRIGGERED! Error reduced from 3308.108 to 2089.712 (ATE went to 16684.28763030888).
PROBE TRIGGERED! Error reduced from 2089.712 to 1535.217 (ATE went to 17238.78283682183).
PROBE TRIGGERED! Error reduced from 1535.217 to 1193.084 (ATE went to 17580.91608087553).
***
FINISHED
ATE before: 8795.383140331614
ATE now is: 17899.598664512898
sequence is: (('drop_duplicates', 'TABLE'), ('norm_log', 'Age'), ('isolationForest', 'TABLE'))
***
Execution time: 457.133 sec
distances from ATE (with time):
[(9978.616859668386, 0), (3308.1084307117508, 0.5196542739868164), (9978.616859668386, 1.2549383640289307), (3308.1084307117508, 1.7836458683013916), (2089.7123696911185, 8.958379745483398), (9978.616859668386, 9.63118839263916), (3308.1084307117508, 10.173779726028442), (2089.7123696911185, 12.845531225204468), (1535.2171631781712, 49.88656306266785), (9978.616859668386, 50.445274114608765), (3308.1084307117508, 50.90390133857727), (2089.7123696911185, 62.86900210380554), (1535.2171631781712, 67.3184905052185), (1193.0839191244704, 133.0579068660736), (9978.616859668386, 133.60260152816772), (3308.1084307117508, 133.97185516357422), (2089.7123696911185, 144.315851688385), (1535.2171631781712, 147.48849320411682), (1193.0839191244704, 182.4082977771759), (1076.2503655837972, 198.14538621902466), (874.4013354871022, 456.78150844573975)]
(REAL, NOT adjusted by restarts) probability of this sequence is: 2.71100133440125e-05
uncertainty:
{'ate': 17899.598664512898, 'ci': (16528.886918731358, 19270.310410294438)}
checked:
182
