Starting EXP30.3, type=probe, run 2/3 (Task 100)
loaded cached data
loaded cached data
loaded cached data
loaded cached data
loaded cached data
loaded cached data
loaded cached data
START ATE IS: 8566.397712409096
PROBE TRIGGERED! Error reduced from 10207.602 to 7576.119 (ATE went to 11197.881368440188).
PROBE TRIGGERED! Error reduced from 7576.119 to 4212.294 (ATE went to 14561.70624537166).
PROBE TRIGGERED! Error reduced from 4212.294 to 3470.255 (ATE went to 15303.745352042157).
***
FINISHED
ATE before: 8566.397712409096
ATE now is: 18850.860529610214
sequence is: (('bin_equal_width_2', 'education'), ('isolationForest', 'TABLE'))
***
Execution time: 31.309 sec
distances from ATE (with time):
[(10207.602287590904, 0), (7576.118631559812, 1.6642062664031982), (10207.602287590904, 1.9196295738220215), (7576.118631559812, 2.092134952545166), (4212.293754628339, 11.398671627044678), (10207.602287590904, 11.619479656219482), (7576.118631559812, 11.793847560882568), (4212.293754628339, 14.673394203186035), (3470.254647957843, 19.99615216255188), (10207.602287590904, 20.25436520576477), (4212.293754628339, 23.909639835357666), (3470.254647957843, 27.84786033630371), (76.86052961021414, 31.19101047515869)]
(REAL, NOT adjusted by restarts) probability of this sequence is: 0.0010405827263267429
uncertainty:
{'ate': 18850.860529610214, 'ci': (17399.493332273247, 20302.22772694718)}
checked:
45
