Starting EXP30.2, type=probe, run 3/3 (Task 92)
loaded cached data
loaded cached data
loaded cached data
loaded cached data
loaded cached data
loaded cached data
loaded cached data
START ATE IS: 8860.562744677603
PROBE TRIGGERED! Error reduced from 9913.437 to 7264.276 (ATE went to 11509.724191196157).
PROBE TRIGGERED! Error reduced from 7264.276 to 4321.339 (ATE went to 14452.66071427929).
PROBE TRIGGERED! Error reduced from 4321.339 to 1932.013 (ATE went to 16841.98730361598).
PROBE TRIGGERED! Error reduced from 1932.013 to 1098.281 (ATE went to 19872.280935012546).
***
FINISHED
ATE before: 8860.562744677603
ATE now is: 19765.86296642537
sequence is: (('drop_duplicates', 'TABLE'), ('bin_equal_width_2', 'education'))
***
Execution time: 52.517 sec
distances from ATE (with time):
[(9913.437255322397, 0), (7264.275808803843, 1.1107189655303955), (9913.437255322397, 1.2812776565551758), (7264.275808803843, 1.4173932075500488), (4321.339285720711, 8.370029211044312), (9913.437255322397, 8.553102254867554), (7264.275808803843, 8.668033838272095), (4321.339285720711, 11.275505781173706), (1932.0126963840194, 14.92335844039917), (9913.437255322397, 15.1048903465271), (4321.339285720711, 17.370079517364502), (1932.0126963840194, 20.02702283859253), (1098.2809350125463, 22.364930391311646), (9913.437255322397, 22.548335552215576), (7264.275808803843, 22.623857021331787), (4321.339285720711, 25.141199350357056), (1932.0126963840194, 27.079008102416992), (1098.2809350125463, 28.936175107955933), (991.8629664253713, 52.399147272109985)]
(REAL, NOT adjusted by restarts) probability of this sequence is: 0.0010405827263267429
uncertainty:
{'ate': 19765.86296642537, 'ci': (18637.345436929565, 20894.380495921177)}
checked:
97
