Starting EXP36.8, type=probe, run 3/3 (Task 479)
loaded cached data
loaded cached data
loaded cached data
loaded cached data
loaded cached data
loaded cached data
loaded cached data
START ATE IS: 47300.81014476615
PROBE TRIGGERED! Error reduced from 37167.730 to 27213.173 (ATE went to 37346.252711791094).
PROBE TRIGGERED! Error reduced from 27213.173 to 20890.101 (ATE went to 31023.18067982146).
PROBE TRIGGERED! Error reduced from 20890.101 to 17375.543 (ATE went to 27508.6232776791).
PROBE TRIGGERED! Error reduced from 17375.543 to 9538.241 (ATE went to 19671.320510220918).
PROBE TRIGGERED! Error reduced from 9538.241 to 6209.839 (ATE went to 16342.918880304156).
PROBE TRIGGERED! Error reduced from 6209.839 to 4321.949 (ATE went to 14455.028692613083).
***
FINISHED
ATE before: 47300.81014476615
ATE now is: 10882.337553074194
sequence is: (('bin_equal_frequency_5', 'sqft_living'), ('bin_equal_frequency_2', 'sqft_lot15'), ('bin_equal_frequency_2', 'sqft_living15'), ('bin_equal_frequency_2', 'bedrooms'))
***
Execution time: 33.616 sec
distances from ATE (with time):
[(37167.730144766145, 0), (33762.99519852719, 0.00816965103149414), (27213.172711791092, 0.020179271697998047), (37167.730144766145, 0.03579878807067871), (27213.172711791092, 0.05605006217956543), (20890.10067982146, 0.3679332733154297), (37167.730144766145, 0.38512420654296875), (27213.172711791092, 0.3923828601837158), (20890.10067982146, 0.40581798553466797), (17375.5432776791, 0.42410993576049805), (37167.730144766145, 0.4429025650024414), (20890.10067982146, 0.45204591751098633), (17375.5432776791, 0.48926210403442383), (16720.689831953023, 4.381818771362305), (9538.240510220918, 4.432466506958008), (37167.730144766145, 4.4538726806640625), (20890.10067982146, 4.472040176391602), (17375.5432776791, 4.536170482635498), (9538.240510220918, 4.584735870361328), (6209.838880304156, 4.688989639282227), (37167.730144766145, 4.710325717926025), (20890.10067982146, 4.715932846069336), (17375.5432776791, 4.7437403202056885), (9538.240510220918, 4.755677938461304), (6209.838880304156, 4.883112192153931), (4321.948692613083, 29.921429872512817), (37167.730144766145, 29.940717697143555), (20890.10067982146, 29.946632623672485), (17375.5432776791, 29.98163890838623), (9538.240510220918, 29.999865293502808), (6209.838880304156, 30.215596437454224), (4321.948692613083, 30.314778804779053), (749.2575530741942, 33.61020255088806)]
(REAL, NOT adjusted by restarts) probability of this sequence is: 1.0662224073302616e-09
uncertainty:
{'ate': 10882.337553074194, 'ci': (-44005.655672780675, 65770.33077892907)}
checked:
1625
