Starting EXP29.5, type=probe_probs_with_restart, run 3/3 (Task 44)
loaded cached data
loaded cached data
loaded cached data
loaded cached data
loaded cached data
loaded cached data
loaded cached data
START ATE IS: 1364.3742369921565
PROBE TRIGGERED! Error reduced from 1364.374 to 1224.401 (ATE went to 1224.4005069270352).
PROBE TRIGGERED! Error reduced from 1224.401 to 953.437 (ATE went to 953.4368991030715).
PROBE TRIGGERED! Error reduced from 953.437 to 641.828 (ATE went to 641.8276943122983).
PROBE TRIGGERED! Error reduced from 641.828 to 305.411 (ATE went to 305.41082705561075).
***
FINISHED
ATE before: 1364.3742369921565
ATE now is: 48.9815457115119
sequence is: (('bin_equal_frequency_5', 'age'), ('isolationForest', 'TABLE'))
***
Execution time: 24.705 sec
distances from ATE (with time):
[(1364.3742369921565, 0), (1364.3742362374505, 0.010193824768066406), (1363.3430291920522, 0.013849973678588867), (1224.4005069270352, 0.022580623626708984), (1364.3742369921565, 0.02686166763305664), (1224.4005069270352, 0.030633211135864258), (1219.833688731842, 0.06038975715637207), (953.4368991030715, 0.28260302543640137), (1364.3742369921565, 0.2867558002471924), (1224.4005069270352, 0.2906172275543213), (953.4368991030715, 0.46629810333251953), (641.8276943122983, 0.6625916957855225), (1364.3742369921565, 0.6667776107788086), (953.4368991030715, 0.8445267677307129), (641.8276943122983, 1.0303936004638672), (641.8276937137434, 4.868839502334595), (636.6067033372528, 5.218526840209961), (305.41082705561075, 8.363290309906006), (1364.3742369921565, 8.367382764816284), (1224.4005069270352, 8.371038675308228), (953.4368991030715, 8.544334888458252), (641.8276943122983, 8.723455667495728), (636.6067033372528, 10.160714864730835), (305.41082705561075, 11.451613187789917), (48.9815457115119, 24.70321559906006)]
(REAL, NOT adjusted by restarts) probability of this sequence is: 1.2327791273665327e-05
uncertainty:
{'ate': 48.9815457115119, 'ci': (-1769.5060367396325, 1867.4691281626563)}
checked:
289
