Starting EXP30.8, type=probe, run 1/3 (Task 144)
loaded cached data
loaded cached data
loaded cached data
loaded cached data
loaded cached data
loaded cached data
loaded cached data
START ATE IS: 8852.549336259048
PROBE TRIGGERED! Error reduced from 9921.451 to 7297.452 (ATE went to 11476.547528130179).
PROBE TRIGGERED! Error reduced from 7297.452 to 3488.428 (ATE went to 15285.571794521402).
***
FINISHED
ATE before: 8852.549336259048
ATE now is: 17870.989267946912
sequence is: (('isolationForest', 'TABLE'), ('bin_equal_width_2', 'education'))
***
Execution time: 56.338 sec
distances from ATE (with time):
[(9921.450663740952, 0), (7297.452471869821, 4.763003349304199), (9921.450663740952, 5.388343811035156), (7297.452471869821, 5.894416809082031), (3488.428205478598, 30.886666774749756), (9921.450663740952, 31.476961374282837), (7297.452471869821, 31.857348442077637), (3488.428205478598, 42.10028553009033), (903.0107320530878, 56.05920171737671)]
(REAL, NOT adjusted by restarts) probability of this sequence is: 0.0010405827263267429
uncertainty:
{'ate': 17870.989267946912, 'ci': (16905.041931644646, 18836.93660424918)}
checked:
41
