Starting EXP36.3, type=probe, run 3/3 (Task 434)
loaded cached data
loaded cached data
loaded cached data
loaded cached data
loaded cached data
loaded cached data
loaded cached data
START ATE IS: 49182.80903939896
PROBE TRIGGERED! Error reduced from 39049.729 to 33879.510 (ATE went to 44012.59047748338).
PROBE TRIGGERED! Error reduced from 33879.510 to 28848.869 (ATE went to 38981.948556248215).
PROBE TRIGGERED! Error reduced from 28848.869 to 23858.605 (ATE went to 33991.685276356206).
PROBE TRIGGERED! Error reduced from 23858.605 to 20843.628 (ATE went to 30976.707800051397).
PROBE TRIGGERED! Error reduced from 20843.628 to 15711.247 (ATE went to 25844.327206411865).
PROBE TRIGGERED! Error reduced from 15711.247 to 10580.748 (ATE went to 20713.828177095216).
PROBE TRIGGERED! Error reduced from 10580.748 to 5692.871 (ATE went to 15825.95056600248).
PROBE TRIGGERED! Error reduced from 5692.871 to 5055.617 (ATE went to 15188.697354384129).
***
FINISHED
ATE before: 49182.80903939896
ATE now is: 11356.851175997426
sequence is: (('bin_equal_frequency_5', 'yr_built'), ('bin_equal_frequency_5', 'sqft_living'), ('bin_equal_frequency_2', 'bedrooms'))
***
Execution time: 6.622 sec
distances from ATE (with time):
[(39049.72903939896, 0), (37168.06435767425, 0.0052225589752197266), (33879.51047748338, 0.013614177703857422), (39049.72903939896, 0.023433208465576172), (33879.51047748338, 0.028545379638671875), (28848.868556248213, 0.1281273365020752), (39049.72903939896, 0.14314556121826172), (33879.51047748338, 0.1510906219482422), (28848.868556248213, 0.16385984420776367), (23858.605276356204, 0.17904925346374512), (39049.72903939896, 0.1948096752166748), (28848.868556248213, 0.20313358306884766), (23858.605276356204, 0.25723910331726074), (22238.918058285453, 0.41947221755981445), (22059.51216579316, 0.5653398036956787), (20843.6278000514, 0.6312482357025146), (39049.72903939896, 0.6467759609222412), (33879.51047748338, 0.655362606048584), (28848.868556248213, 0.6687068939208984), (20843.6278000514, 0.6826462745666504), (15711.247206411865, 0.715491533279419), (39049.72903939896, 0.7308111190795898), (20843.6278000514, 0.739130973815918), (15711.247206411865, 0.7799513339996338), (10580.748177095216, 0.7946975231170654), (39049.72903939896, 0.8108558654785156), (20843.6278000514, 0.8195605278015137), (15711.247206411865, 0.8625245094299316), (10580.748177095216, 0.8790018558502197), (5692.870566002481, 0.9638373851776123), (39049.72903939896, 0.979506254196167), (28848.868556248213, 0.987635612487793), (20843.6278000514, 1.0004334449768066), (10580.748177095216, 1.027984619140625), (5692.870566002481, 1.1242477893829346), (5055.617354384129, 6.391657114028931), (39049.72903939896, 6.4001734256744385), (20843.6278000514, 6.404860973358154), (15711.247206411865, 6.434445381164551), (10580.748177095216, 6.4425177574157715), (5055.617354384129, 6.505756855010986), (1223.7711759974263, 6.618628263473511)]
(REAL, NOT adjusted by restarts) probability of this sequence is: 1.8658892128279654e-07
uncertainty:
{'ate': 11356.851175997426, 'ci': (-71063.82452732042, 93777.52687931526)}
checked:
428
