Starting EXP36.5, type=probe_probs_with_restart, run 3/3 (Task 458)
loaded cached data
loaded cached data
loaded cached data
loaded cached data
loaded cached data
loaded cached data
loaded cached data
START ATE IS: 63640.042773431014
PROBE TRIGGERED! Error reduced from 53506.963 to 47837.126 (ATE went to 57970.20608541178).
PROBE TRIGGERED! Error reduced from 47837.126 to 37762.020 (ATE went to 47895.10003619596).
PROBE TRIGGERED! Error reduced from 37762.020 to 33882.402 (ATE went to 44015.48219934343).
PROBE TRIGGERED! Error reduced from 33882.402 to 28084.625 (ATE went to 38217.704837247846).
PROBE TRIGGERED! Error reduced from 28084.625 to 23164.701 (ATE went to 33297.78055823765).
PROBE TRIGGERED! Error reduced from 23164.701 to 18697.107 (ATE went to 28830.1872471811).
PROBE TRIGGERED! Error reduced from 18697.107 to 15999.765 (ATE went to 26132.84450386973).
PROBE TRIGGERED! Error reduced from 15999.765 to 13416.249 (ATE went to 23549.328709012316).
PROBE TRIGGERED! Error reduced from 13416.249 to 11704.413 (ATE went to 21837.493196854077).
PROBE TRIGGERED! Error reduced from 11704.413 to 9694.769 (ATE went to 19827.849195335704).
PROBE TRIGGERED! Error reduced from 9694.769 to 7700.098 (ATE went to 17833.177819271452).
PROBE TRIGGERED! Error reduced from 7700.098 to 6781.995 (ATE went to 16915.07505817269).
PROBE TRIGGERED! Error reduced from 6781.995 to 5887.912 (ATE went to 16020.991650785683).


*** TIMED OUT!! ***

distances from ATE (with time):
[(53506.96277343101, 0), (53340.38070816434, 0.014733076095581055), (52094.07319112069, 0.2106781005859375), (47837.12608541178, 0.2588214874267578), (53506.96277343101, 0.2736170291900635), (47837.12608541178, 0.27962589263916016), (47697.72750908662, 0.31456947326660156), (37762.02003619596, 0.8793582916259766), (53506.96277343101, 0.8923225402832031), (47837.12608541178, 0.9016144275665283), (37762.02003619596, 1.2683334350585938), (36965.31900168705, 1.6530461311340332), (36431.83302116544, 2.0186307430267334), (34294.39526637038, 3.2993338108062744), (33882.40219934343, 18.153969526290894), (53506.96277343101, 18.165833711624146), (37762.02003619596, 18.50390934944153), (34294.39526637038, 18.527431964874268), (33882.40219934343, 19.55066227912903), (33504.84850625136, 21.18513512611389), (33043.53350886825, 50.09857678413391), (28084.624837247844, 50.48446607589722), (53506.96277343101, 50.51062893867493), (37762.02003619596, 51.09290170669556), (34294.39526637038, 51.12216639518738), (33882.40219934343, 52.08985257148743), (28084.624837247844, 52.39769172668457), (25413.861641063995, 54.724470138549805), (23164.70055823765, 57.52510738372803), (53506.96277343101, 57.54274582862854), (37762.02003619596, 57.933382511138916), (34294.39526637038, 57.95076107978821), (33882.40219934343, 58.37238073348999), (28084.624837247844, 58.73633360862732), (25413.861641063995, 60.07156467437744), (23164.70055823765, 61.7915472984314), (21492.211729528957, 103.51935744285583), (18697.1072471811, 244.19875717163086), (53506.96277343101, 244.21504497528076), (37762.02003619596, 244.56545495986938), (37311.78594978264, 244.58272099494934), (34294.39526637038, 244.6227912902832), (28084.624837247844, 244.99472570419312), (25413.861641063995, 247.6108057498932), (23164.70055823765, 249.6832251548767), (18697.1072471811, 252.0955033302307), (15999.764503869728, 264.4547326564789), (53506.96277343101, 264.47480297088623), (37762.02003619596, 264.91713404655457), (34294.39526637038, 264.93480134010315), (33882.40219934343, 265.4392464160919), (28084.624837247844, 265.8989248275757), (25413.861641063995, 266.8883740901947), (23164.70055823765, 269.33584237098694), (18697.1072471811, 275.8186752796173), (15999.764503869728, 281.4378778934479), (13416.248709012316, 302.13568353652954), (53506.96277343101, 302.15480947494507), (37762.02003619596, 302.68301153182983), (34294.39526637038, 302.6987180709839), (33882.40219934343, 303.31797790527344), (28084.624837247844, 304.25319361686707), (25413.861641063995, 305.6739294528961), (23164.70055823765, 307.71932458877563), (18697.1072471811, 310.7288293838501), (15999.764503869728, 314.7387363910675), (13416.248709012316, 323.35249757766724), (12579.442852500883, 664.8517646789551), (11704.413196854077, 665.2322697639465), (53506.96277343101, 665.2514431476593), (34294.39526637038, 665.2580051422119), (33873.35419401569, 665.685001373291), (25413.861641063995, 665.7027282714844), (15999.764503869728, 670.0192022323608), (13416.248709012316, 690.545001745224), (12579.442852500883, 866.457820892334), (11704.413196854077, 867.4829592704773), (11699.188106412266, 3517.9144008159637), (11208.672535527383, 3751.543779373169), (9694.769195335704, 4859.235097646713), (53506.96277343101, 4859.262348175049), (34294.39526637038, 4859.278819799423), (33873.35419401569, 4859.746762752533), (25413.861641063995, 4859.766736268997), (15999.764503869728, 4864.895312547684), (13416.248709012316, 4886.6426775455475), (9694.769195335704, 4898.785491466522), (7700.097819271452, 4997.233415842056), (53506.96277343101, 4997.24743938446), (34294.39526637038, 4997.253446102142), (33873.35419401569, 4997.698292255402), (25413.861641063995, 4997.71214723587), (15999.764503869728, 5002.446735858917), (13416.248709012316, 5023.228293895721), (9694.769195335704, 5035.761321544647), (7700.097819271452, 5136.873251199722), (6781.99505817269, 6075.84866309166), (53506.96277343101, 6075.868319749832), (34294.39526637038, 6075.88280415535), (33873.35419401569, 6076.522736310959), (25413.861641063995, 6076.536369800568), (15999.764503869728, 6082.330712556839), (13416.248709012316, 6109.991989374161), (9694.769195335704, 6121.206219673157), (7700.097819271452, 6212.630809545517), (6781.99505817269, 6803.698541402817), (5887.911650785683, 6804.252823591232), (53506.96277343101, 6804.2714030742645), (34294.39526637038, 6804.277917385101), (33873.35419401569, 6804.746224164963), (25413.861641063995, 6804.764978885651), (15999.764503869728, 6810.212965250015), (13416.248709012316, 6837.225533008575), (9694.769195335704, 6845.410805940628), (7700.097819271452, 6931.889057397842), (6781.99505817269, 7500.902898073196), (5887.911650785683, 7501.660364866257)]
