Starting EXP29.2, type=probe, run 3/3 (Task 11)
loaded cached data
loaded cached data
loaded cached data
loaded cached data
loaded cached data
loaded cached data
loaded cached data
START ATE IS: -1279.5927318286745
PROBE TRIGGERED! Error reduced from 1279.593 to 1145.462 (ATE went to -1145.4616219040654).
PROBE TRIGGERED! Error reduced from 1145.462 to 902.262 (ATE went to -902.261940027031).
PROBE TRIGGERED! Error reduced from 902.262 to 786.326 (ATE went to -786.3258333159843).
PROBE TRIGGERED! Error reduced from 786.326 to 703.136 (ATE went to -703.1362419676784).
PROBE TRIGGERED! Error reduced from 703.136 to 176.567 (ATE went to -176.56691585218186).
PROBE TRIGGERED! Error reduced from 176.567 to 140.679 (ATE went to -140.67919375732436).
***
FINISHED
ATE before: -1279.5927318286745
ATE now is: 43.32484721474748
sequence is: (('bin_equal_width_5', 'age'), ('bin_equal_width_2', 'education'), ('IQR', 'age'))
***
Execution time: 3.170 sec
distances from ATE (with time):
[(1279.5927318286745, 0), (1272.8910593575783, 0.003203153610229492), (1272.8441393182936, 0.007421255111694336), (1145.4616219040654, 0.027264118194580078), (1279.5927318286745, 0.0315852165222168), (1145.4616219040654, 0.03461503982543945), (902.261940027031, 0.11924624443054199), (1279.5927318286745, 0.12322187423706055), (1145.4616219040654, 0.12604141235351562), (902.261940027031, 0.130767822265625), (885.4705273215859, 0.42243075370788574), (864.1785711942941, 0.43305325508117676), (862.8253462052301, 0.4494309425354004), (853.900665145984, 0.7160539627075195), (836.1681584328724, 0.726564884185791), (786.3258333159843, 0.8220407962799072), (1279.5927318286745, 0.8260750770568848), (902.261940027031, 0.829681396484375), (786.3258333159843, 0.9210216999053955), (703.1362419676784, 1.2638511657714844), (1279.5927318286745, 1.267883539199829), (902.261940027031, 1.2715210914611816), (863.2932533006949, 1.2946875095367432), (786.3258333159843, 1.3003883361816406), (703.1362419676784, 1.3114852905273438), (176.56691585218186, 1.7932276725769043), (1279.5927318286745, 1.7973365783691406), (902.261940027031, 1.8010072708129883), (863.2932533006949, 1.828157663345337), (853.900665145984, 1.8339004516601562), (786.3258333159843, 1.8396213054656982), (703.1362419676784, 1.8506274223327637), (176.56691585218186, 1.8563809394836426), (140.67919375732436, 2.7501378059387207), (1279.5927318286745, 2.755250930786133), (902.261940027031, 2.7597618103027344), (863.2932533006949, 2.781526803970337), (853.900665145984, 2.7886359691619873), (703.1362419676784, 2.8006129264831543), (176.56691585218186, 2.8072612285614014), (140.67919375732436, 3.1339330673217773), (43.32484721474748, 3.168267011642456)]
(REAL, NOT adjusted by restarts) probability of this sequence is: 3.356718472021751e-05
uncertainty:
{'ate': 43.32484721474748, 'ci': (-3208.0256333982975, 3294.6753278277924)}
checked:
363
