Starting EXP34.4, type=probe, run 3/3 (Task 398)
loaded cached data
loaded cached data
loaded cached data
loaded cached data
loaded cached data
loaded cached data
loaded cached data
START ATE IS: 8774.433204759567
PROBE TRIGGERED! Error reduced from 9999.567 to 7375.414 (ATE went to 11398.586361866179).
PROBE TRIGGERED! Error reduced from 7375.414 to 4093.007 (ATE went to 14680.993331200134).
PROBE TRIGGERED! Error reduced from 4093.007 to 1687.963 (ATE went to 17086.03677883702).
PROBE TRIGGERED! Error reduced from 1687.963 to 1330.709 (ATE went to 20104.709127618513).
***
FINISHED
ATE before: 8774.433204759567
ATE now is: 18689.307346990172
sequence is: (('bin_equal_width_2', 'education'), ('isolationForest', 'TABLE'), ('bin_equal_frequency_2', 'Age'))
***
Execution time: 2534.180 sec
distances from ATE (with time):
[(9999.566795240433, 0), (7375.413638133821, 19.956448793411255), (9999.566795240433, 24.01195216178894), (7375.413638133821, 25.660971641540527), (4093.006668799866, 136.50549054145813), (9999.566795240433, 139.13954520225525), (7375.413638133821, 140.7368049621582), (4093.006668799866, 182.5356740951538), (1687.9632211629796, 243.77122044563293), (9999.566795240433, 246.82258343696594), (4093.006668799866, 287.85328555107117), (1687.9632211629796, 332.0338611602783), (1330.7091276185129, 375.3508400917053), (9999.566795240433, 378.4486675262451), (7375.413638133821, 380.1748757362366), (4093.006668799866, 421.7820887565613), (1687.9632211629796, 464.23916244506836), (1330.7091276185129, 505.29799795150757), (84.69265300982806, 2533.095235347748)]
(REAL, NOT adjusted by restarts) probability of this sequence is: 3.356718472021751e-05
uncertainty:
{'ate': 18689.307346990172, 'ci': (18277.946536419375, 19100.66815756097)}
checked:
152
