Starting EXP32.6, type=probe_probs_with_restart, run 1/3 (Task 321)
loaded cached data
loaded cached data
loaded cached data
loaded cached data
loaded cached data
loaded cached data
loaded cached data
START ATE IS: 8692.110635078396
PROBE TRIGGERED! Error reduced from 10081.889 to 3810.232 (ATE went to 14963.768154741963).
PROBE TRIGGERED! Error reduced from 3810.232 to 2693.717 (ATE went to 16080.283076637075).
PROBE TRIGGERED! Error reduced from 2693.717 to 2202.133 (ATE went to 16571.866911909543).
PROBE TRIGGERED! Error reduced from 2202.133 to 1559.466 (ATE went to 17214.534044987522).
PROBE TRIGGERED! Error reduced from 1559.466 to 1199.343 (ATE went to 19973.3432212458).
***
FINISHED
ATE before: 8692.110635078396
ATE now is: 17840.782119483454
sequence is: (('drop_duplicates', 'TABLE'), ('norm_log', 'Age'), ('bin_equal_width_5', 'education'), ('isolationForest', 'TABLE'))
***
Execution time: 4356.612 sec
distances from ATE (with time):
[(10081.889364921604, 0), (3810.2318452580366, 0.44761204719543457), (10081.889364921604, 1.0183486938476562), (3810.2318452580366, 1.4954533576965332), (2693.7169233629247, 9.365930080413818), (10081.889364921604, 10.127829313278198), (3810.2318452580366, 10.947531461715698), (2693.7169233629247, 14.081746339797974), (2590.19244865363, 191.48591017723083), (2202.133088090457, 257.26091408729553), (10081.889364921604, 257.88567209243774), (3810.2318452580366, 258.3746726512909), (2693.7169233629247, 269.86331605911255), (2590.19244865363, 321.2191069126129), (2202.133088090457, 339.440025806427), (2154.548768229084, 1007.9020354747772), (2077.169492033776, 1123.0958352088928), (2070.084476182703, 1403.547119140625), (1559.465955012478, 1736.3834896087646), (10081.889364921604, 1736.9613211154938), (3810.2318452580366, 1737.349797964096), (2693.7169233629247, 1749.1824207305908), (2154.548768229084, 1814.0135526657104), (1559.465955012478, 1897.5726311206818), (1559.4659549966455, 2250.3187322616577), (1199.3432212457992, 2285.668709754944), (10081.889364921604, 2286.1755023002625), (3810.2318452580366, 2286.59561252594), (2693.7169233629247, 2297.2141604423523), (2590.19244865363, 2350.6447224617004), (2202.133088090457, 2365.1206707954407), (2154.548768229084, 2384.249750137329), (1559.465955012478, 2417.5470440387726), (1559.4659549966455, 2715.4026749134064), (1199.3432212457992, 2749.288125038147), (933.2178805165458, 4356.2795424461365)]
(REAL, NOT adjusted by restarts) probability of this sequence is: 5.935880306790352e-08
uncertainty:
{'ate': 17840.782119483454, 'ci': (16589.631367642804, 19091.932871324105)}
checked:
1294
