Starting EXP33.4, type=probe, run 2/3 (Task 352)
loaded cached data
loaded cached data
loaded cached data
loaded cached data
loaded cached data
loaded cached data
loaded cached data
START ATE IS: 1671.1304157874747
PROBE TRIGGERED! Error reduced from 1671.130 to 1481.317 (ATE went to 1481.3174236747973).
PROBE TRIGGERED! Error reduced from 1481.317 to 1215.818 (ATE went to 1215.8177430171072).
PROBE TRIGGERED! Error reduced from 1215.818 to 936.235 (ATE went to 936.2352401006019).
PROBE TRIGGERED! Error reduced from 936.235 to 662.841 (ATE went to 662.841192461291).
PROBE TRIGGERED! Error reduced from 662.841 to 532.820 (ATE went to 532.8200127763721).
PROBE TRIGGERED! Error reduced from 532.820 to 386.693 (ATE went to 386.69271013654543).
PROBE TRIGGERED! Error reduced from 386.693 to 333.607 (ATE went to 333.6074753290022).
PROBE TRIGGERED! Error reduced from 333.607 to 279.437 (ATE went to 279.43670511653545).
PROBE TRIGGERED! Error reduced from 279.437 to 246.406 (ATE went to 246.4064031938742).
***
FINISHED
ATE before: 1671.1304157874747
ATE now is: 46.473304873560664
sequence is: (('zscore_filter_3', 'education'), ('bin_equal_frequency_10', 'age'), ('bin_equal_frequency_2', 'education'), ('isolationForest', 'TABLE'))
***
Execution time: 1076.886 sec
distances from ATE (with time):
[(1671.1304157874747, 0), (1665.900024316259, 0.003541707992553711), (1624.0719958694008, 0.008220434188842773), (1559.8355204717245, 0.10631561279296875), (1559.4193400186887, 0.41753673553466797), (1555.8676743701617, 0.7138195037841797), (1534.4495608349753, 0.9106619358062744), (1481.3174236747973, 5.998385429382324), (1671.1304157874747, 6.003619432449341), (1661.5049065286094, 6.007258653640747), (1635.8624877419647, 6.292031288146973), (1624.0719958694008, 6.306354284286499), (1481.3174236747973, 6.58038854598999), (1215.8177430171072, 6.797579288482666), (1671.1304157874747, 6.802494764328003), (1661.5049065286094, 6.805906057357788), (1635.8624877419647, 6.997875690460205), (1624.0719958694008, 7.007453918457031), (1481.3174236747973, 7.2736976146698), (1215.8177430171072, 7.487719535827637), (1204.3777516948012, 12.53704833984375), (1102.262546232856, 12.728614091873169), (936.2352401006019, 36.23942279815674), (1671.1304157874747, 36.244221925735474), (1661.5049065286094, 36.24735641479492), (1635.8624877419647, 36.43476390838623), (1624.0719958694008, 36.45980358123779), (1481.3174236747973, 36.732046365737915), (1215.8177430171072, 36.94681167602539), (1204.3777516948012, 42.194390535354614), (1102.262546232856, 42.384073972702026), (936.2352401006019, 47.1236891746521), (851.7833957434086, 65.09631729125977), (662.841192461291, 80.63496446609497), (1671.1304157874747, 80.63976860046387), (1644.9920763464524, 80.64303612709045), (1635.8624877419647, 80.87954711914062), (1633.1075020263252, 80.89388680458069), (1481.3174236747973, 81.30711913108826), (1216.0946298799472, 81.51610159873962), (1215.8177430171072, 81.70627450942993), (936.2352401006019, 82.96725511550903), (662.841192461291, 88.87466073036194), (637.8325943001973, 118.3027856349945), (630.3396634241071, 141.94279217720032), (532.8200127763721, 164.52289533615112), (1671.1304157874747, 164.52816367149353), (1644.9920763464524, 164.53485321998596), (1635.8624877419647, 164.79605984687805), (1633.1075020263252, 164.8260519504547), (1481.3174236747973, 165.31830739974976), (1216.0946298799472, 165.5106930732727), (1215.8177430171072, 165.7023949623108), (936.2352401006019, 167.3823103904724), (662.841192461291, 173.58112573623657), (637.8325943001973, 204.4533770084381), (630.3396634241071, 228.20104956626892), (532.8200127763721, 230.48649835586548), (386.69271013654543, 243.90249681472778), (1671.1304157874747, 243.90751695632935), (1635.8624877419647, 244.09607338905334), (1624.0719958694008, 244.1097059249878), (1481.3174236747973, 244.50024271011353), (1216.0946298799472, 244.69352865219116), (1215.8177430171072, 244.8844120502472), (1204.3777516948012, 245.47047448158264), (936.2352401006019, 246.97278428077698), (769.5614840436765, 253.40248918533325), (662.841192461291, 259.9936406612396), (386.69271013654543, 260.37625074386597), (333.6074753290022, 589.7912089824677), (1671.1304157874747, 589.7963769435883), (1635.8624877419647, 589.9830095767975), (1624.0719958694008, 590.0053877830505), (1618.941411646645, 590.3824212551117), (1481.3174236747973, 590.5709719657898), (1216.0946298799472, 590.762038230896), (1215.8177430171072, 591.1403982639313), (1204.3777516948012, 591.934332370758), (1199.325310444332, 593.685777425766), (769.5614840436765, 594.5491027832031), (662.841192461291, 602.7603027820587), (386.69271013654543, 603.1392993927002), (333.6074753290022, 664.6405379772186), (279.43670511653545, 708.2455730438232), (1671.1304157874747, 708.2504689693451), (1635.8624877419647, 708.4370758533478), (1624.0719958694008, 708.446161031723), (1577.7909315152556, 708.4597437381744), (1220.3248439835934, 708.8434503078461), (1204.3777516948012, 709.5993838310242), (1182.231548212203, 711.3239619731903), (386.69271013654543, 713.620035648346), (279.43670511653545, 750.614892244339), (254.51221634304875, 756.1646928787231), (246.4064031938742, 842.0652403831482), (1671.1304157874747, 842.070077419281), (1635.8624877419647, 842.2556536197662), (1624.0719958694008, 842.2601554393768), (1577.7909315152556, 842.2693903446198), (1204.3777516948012, 842.8477365970612), (1204.3358095283838, 844.6439645290375), (1182.231548212203, 845.0466058254242), (386.69271013654543, 846.4836595058441), (279.43670511653545, 867.418979883194), (254.51221634304875, 868.4956419467926), (246.4064031938742, 879.3015539646149), (46.473304873560664, 1076.8843264579773)]
(REAL, NOT adjusted by restarts) probability of this sequence is: 1.082812410329597e-06
uncertainty:
{'ate': 46.473304873560664, 'ci': (-664.1735028272232, 757.1201125743445)}
checked:
11460
