Starting EXP36.8, type=probe, run 1/3 (Task 477)
loaded cached data
loaded cached data
loaded cached data
loaded cached data
loaded cached data
loaded cached data
loaded cached data
START ATE IS: 72215.76777910447
PROBE TRIGGERED! Error reduced from 62082.688 to 55599.493 (ATE went to 65732.57282421431).
PROBE TRIGGERED! Error reduced from 55599.493 to 45541.598 (ATE went to 55674.67796370958).
PROBE TRIGGERED! Error reduced from 45541.598 to 35243.886 (ATE went to 45376.965630675775).
PROBE TRIGGERED! Error reduced from 35243.886 to 26437.966 (ATE went to 36571.046455477815).
PROBE TRIGGERED! Error reduced from 26437.966 to 23150.108 (ATE went to 33283.18817001363).
PROBE TRIGGERED! Error reduced from 23150.108 to 19169.341 (ATE went to 29302.421154312404).
PROBE TRIGGERED! Error reduced from 19169.341 to 16412.880 (ATE went to 26545.959597533678).
PROBE TRIGGERED! Error reduced from 16412.880 to 14148.428 (ATE went to 24281.507849402864).
PROBE TRIGGERED! Error reduced from 14148.428 to 12357.491 (ATE went to 22490.571053454154).
PROBE TRIGGERED! Error reduced from 12357.491 to 10421.088 (ATE went to 20554.167797922546).
PROBE TRIGGERED! Error reduced from 10421.088 to 8439.682 (ATE went to 18572.761846111716).
PROBE TRIGGERED! Error reduced from 8439.682 to 7081.871 (ATE went to 17214.95108015236).
PROBE TRIGGERED! Error reduced from 7081.871 to 5660.995 (ATE went to 15794.075374002487).
***
FINISHED
ATE before: 72215.76777910447
ATE now is: 11935.505770363608
sequence is: (('bin_equal_width_5', 'sqft_living15'), ('bin_equal_width_5', 'sqft_basement'), ('bin_equal_frequency_10', 'sqft_living'), ('bin_equal_frequency_2', 'yr_built'), ('bin_equal_frequency_2', 'sqft_lot15'), ('bin_equal_frequency_2', 'grade'))
***
Execution time: 3736.028 sec
distances from ATE (with time):
[(62082.68777910447, 0), (55599.49282421431, 0.02183365821838379), (62082.68777910447, 0.039565086364746094), (55599.49282421431, 0.047486066818237305), (54193.35695811352, 0.18416285514831543), (45541.59796370958, 0.31553101539611816), (62082.68777910447, 0.33578944206237793), (55599.49282421431, 0.3457913398742676), (45541.59796370958, 0.3614993095397949), (41178.848386543235, 0.3796815872192383), (35243.88563067577, 0.9174003601074219), (62082.68777910447, 0.9374258518218994), (55599.49282421431, 0.9473016262054443), (45541.59796370958, 0.9634366035461426), (35243.88563067577, 0.9806849956512451), (33828.77027643527, 1.0191161632537842), (33709.047946950166, 7.965498447418213), (32720.531185850232, 8.23973798751831), (26437.966455477814, 8.321086406707764), (62082.68777910447, 8.336010694503784), (35243.88563067577, 8.343065977096558), (33828.77027643527, 8.420109033584595), (26437.966455477814, 8.435291767120361), (25106.34863309314, 11.885488510131836), (23150.108170013627, 51.87403845787048), (62082.68777910447, 51.89372944831848), (35243.88563067577, 51.899282455444336), (26437.966455477814, 51.94947957992554), (25106.34863309314, 52.2554132938385), (23150.108170013627, 52.27462697029114), (21126.458813504556, 61.9976749420166), (19169.341154312402, 87.12564897537231), (62082.68777910447, 87.14068341255188), (35243.88563067577, 87.14806461334229), (26437.966455477814, 87.22999310493469), (25106.34863309314, 87.69776511192322), (19169.341154312402, 87.79461097717285), (17486.00057077947, 97.68045496940613), (16412.879597533676, 107.8290286064148), (62082.68777910447, 107.84539985656738), (35243.88563067577, 107.85339212417603), (26437.966455477814, 107.95417952537537), (23150.108170013627, 108.50935983657837), (19169.341154312402, 108.56040596961975), (16412.879597533676, 120.17713356018066), (14148.427849402864, 233.1991057395935), (62082.68777910447, 233.21906042099), (35243.88563067577, 233.2289400100708), (26437.966455477814, 233.30704975128174), (25106.34863309314, 233.75386023521423), (23150.108170013627, 233.791259765625), (19169.341154312402, 233.8673379421234), (17486.00057077947, 238.35723638534546), (16412.879597533676, 238.42567896842957), (14148.427849402864, 285.89794397354126), (13700.079938796696, 432.2828595638275), (13269.235550817955, 432.3243851661682), (13069.37392430246, 1280.326052904129), (12357.491053454154, 1289.8543598651886), (62082.68777910447, 1289.8763313293457), (35243.88563067577, 1289.8848123550415), (26437.966455477814, 1289.949598312378), (19169.341154312402, 1290.3873662948608), (17486.00057077947, 1295.5668470859528), (16412.879597533676, 1295.7891924381256), (13700.079938796696, 1297.103049993515), (12357.491053454154, 1383.2214562892914), (10421.087797922546, 1387.1587414741516), (62082.68777910447, 1387.1788418293), (54193.35695811352, 1387.1880490779877), (35243.88563067577, 1387.218104839325), (26437.966455477814, 1387.3334732055664), (19169.341154312402, 1387.9928040504456), (17486.00057077947, 1394.1589894294739), (16412.879597533676, 1394.2150592803955), (13700.079938796696, 1394.3614780902863), (12357.491053454154, 1446.2021369934082), (10421.087797922546, 1446.3527915477753), (8439.681846111716, 1723.7515087127686), (62082.68777910447, 1723.7685294151306), (54193.35695811352, 1723.7764308452606), (35243.88563067577, 1723.8013772964478), (26437.966455477814, 1723.866893529892), (19169.341154312402, 1724.7415199279785), (17486.00057077947, 1730.8731360435486), (16412.879597533676, 1730.9695370197296), (13700.079938796696, 1731.2101356983185), (12357.491053454154, 1777.1019887924194), (10421.087797922546, 1777.552747964859), (8439.681846111716, 2025.1733856201172), (7081.871080152361, 3082.9272713661194), (62082.68777910447, 3082.949753522873), (54193.35695811352, 3082.9655175209045), (35243.88563067577, 3083.0055351257324), (26437.966455477814, 3083.110294818878), (19169.341154312402, 3083.7321071624756), (17486.00057077947, 3088.307186603546), (16412.879597533676, 3088.4072573184967), (13700.079938796696, 3088.5873992443085), (13269.235550817955, 3089.5706317424774), (12357.491053454154, 3125.340666294098), (10421.087797922546, 3125.5825819969177), (8864.145692812433, 3132.779406309128), (7081.871080152361, 3133.7106931209564), (6386.220001250711, 3428.0345587730408), (5660.995374002487, 3428.4498178958893), (62082.68777910447, 3428.4702417850494), (54193.35695811352, 3428.478418111801), (35243.88563067577, 3428.516355752945), (26437.966455477814, 3428.617498397827), (19169.341154312402, 3429.363907814026), (17486.00057077947, 3435.949461221695), (16412.879597533676, 3436.07355761528), (13700.079938796696, 3436.401495695114), (13269.235550817955, 3436.424373149872), (12357.491053454154, 3483.951128721237), (11496.107736964726, 3483.975560426712), (10421.087797922546, 3484.2262737751007), (8864.145692812433, 3484.2483415603638), (7081.871080152361, 3484.5664558410645), (6386.220001250711, 3735.274457216263), (5660.995374002487, 3735.443841457367), (1802.4257703636085, 3736.015755176544)]
(REAL, NOT adjusted by restarts) probability of this sequence is: 3.4815425545477645e-14
uncertainty:
{'ate': 11935.505770363608, 'ci': (-46084.07718730424, 69955.08872803146)}
checked:
139024
