Starting EXP30.7, type=probe_probs_with_restart, run 3/3 (Task 143)
loaded cached data
loaded cached data
loaded cached data
loaded cached data
loaded cached data
loaded cached data
loaded cached data
START ATE IS: 8758.571904403849
PROBE TRIGGERED! Error reduced from 10015.428 to 3164.487 (ATE went to 15609.512572376676).
PROBE TRIGGERED! Error reduced from 3164.487 to 1849.765 (ATE went to 16924.23517918692).
PROBE TRIGGERED! Error reduced from 1849.765 to 1105.328 (ATE went to 17668.672455052216).
***
FINISHED
ATE before: 8758.571904403849
ATE now is: 18045.548882641313
sequence is: (('drop_duplicates', 'TABLE'), ('isolationForest', 'TABLE'), ('norm_log', 'education'))
***
Execution time: 118.913 sec
distances from ATE (with time):
[(10015.428095596151, 0), (3164.487427623324, 0.3485419750213623), (10015.428095596151, 0.7866969108581543), (3164.487427623324, 1.1532196998596191), (3164.4874276077044, 4.684618949890137), (3164.487427601818, 5.291646957397461), (1849.7648208130813, 8.562957763671875), (10015.428095596151, 9.069500923156738), (3164.487427623324, 9.33942699432373), (1849.7648208130813, 11.695410251617432), (1105.3275449477842, 45.875571727752686), (10015.428095596151, 46.4738929271698), (3164.487427623324, 46.85483717918396), (1849.7648208130813, 58.213268995285034), (1105.3275449477842, 61.72030997276306), (728.451117358687, 118.57032990455627)]
(REAL, NOT adjusted by restarts) probability of this sequence is: 2.7110013344012503e-05
uncertainty:
{'ate': 18045.548882641313, 'ci': (16591.17465268542, 19499.923112597207)}
checked:
95
