Starting EXP36.9, type=probe_probs_with_restart, run 2/3 (Task 493)
loaded cached data
loaded cached data
loaded cached data
loaded cached data
loaded cached data
loaded cached data
loaded cached data
START ATE IS: 61499.26056170685
PROBE TRIGGERED! Error reduced from 51366.181 to 42507.413 (ATE went to 52640.493124931374).
PROBE TRIGGERED! Error reduced from 42507.413 to 37938.843 (ATE went to 48071.923152525305).
PROBE TRIGGERED! Error reduced from 37938.843 to 32397.442 (ATE went to 42530.52228659088).
PROBE TRIGGERED! Error reduced from 32397.442 to 27418.947 (ATE went to 37552.027120342296).
PROBE TRIGGERED! Error reduced from 27418.947 to 22200.928 (ATE went to 32334.0075019615).
PROBE TRIGGERED! Error reduced from 22200.928 to 19258.795 (ATE went to 29391.87512342138).
PROBE TRIGGERED! Error reduced from 19258.795 to 13499.478 (ATE went to 23632.557640456816).
PROBE TRIGGERED! Error reduced from 13499.478 to 11749.020 (ATE went to 21882.100426795212).
PROBE TRIGGERED! Error reduced from 11749.020 to 10422.151 (ATE went to 20555.231322185464).
PROBE TRIGGERED! Error reduced from 10422.151 to 9377.540 (ATE went to 19510.62047221925).
PROBE TRIGGERED! Error reduced from 9377.540 to 7452.972 (ATE went to 17586.052370230806).
PROBE TRIGGERED! Error reduced from 7452.972 to 4741.553 (ATE went to 14874.63337707413).
PROBE TRIGGERED! Error reduced from 4741.553 to 4152.328 (ATE went to 14285.408271555429).


*** TIMED OUT!! ***

distances from ATE (with time):
[(51366.180561706846, 0), (51366.180442844874, 0.05598187446594238), (51366.17525170474, 0.09574604034423828), (51366.173138406295, 0.11595273017883301), (51366.129457071154, 0.17596721649169922), (51366.122912726285, 0.26340651512145996), (49548.9313396428, 0.3172175884246826), (49014.98680737271, 0.4119133949279785), (42507.41312493137, 0.43184423446655273), (51366.180561706846, 0.45196008682250977), (42507.41312493137, 0.45970726013183594), (42507.282367900705, 2.048759937286377), (37938.8431525253, 4.411199331283569), (51366.180561706846, 4.431389093399048), (37938.8431525253, 4.441760540008545), (36833.84421623726, 4.579968690872192), (36833.27289898767, 5.7819952964782715), (36584.16617684555, 7.584399223327637), (32397.44228659088, 11.644770622253418), (51366.180561706846, 11.662323474884033), (37938.8431525253, 11.670564413070679), (36833.84421623726, 11.74695873260498), (32397.44228659088, 11.76374340057373), (31661.072491451603, 12.330634355545044), (27418.947120342295, 31.76426100730896), (51366.180561706846, 31.784936666488647), (37938.8431525253, 31.795623540878296), (27418.947120342295, 31.889054536819458), (22200.9275019615, 33.32794499397278), (51366.180561706846, 33.34427070617676), (37938.8431525253, 33.35190534591675), (27418.947120342295, 33.406471490859985), (22200.9275019615, 33.74404215812683), (22175.119284732187, 33.79310655593872), (21515.2540271893, 37.28057813644409), (21473.588626854144, 66.38668274879456), (20978.555857153282, 107.94372892379761), (20700.87348468256, 108.02970290184021), (20666.65737130343, 117.58049988746643), (19258.795123421383, 147.63199162483215), (51366.180561706846, 147.6745252609253), (37938.8431525253, 147.6982364654541), (27418.947120342295, 147.89302706718445), (19258.795123421383, 148.81560516357422), (13499.477640456817, 155.19897556304932), (51366.180561706846, 155.2195119857788), (37938.8431525253, 155.23010277748108), (27418.947120342295, 155.30056047439575), (22200.9275019615, 155.63422226905823), (22175.119284732187, 155.78151774406433), (19258.795123421383, 156.04961371421814), (13499.477640456817, 158.31604886054993), (13498.913316514134, 223.93247890472412), (12530.470525786715, 534.7248566150665), (11749.020426795212, 534.8298037052155), (51366.180561706846, 534.8484129905701), (37938.8431525253, 534.8566501140594), (27418.947120342295, 534.9223742485046), (22200.9275019615, 535.2250485420227), (22175.119284732187, 535.3339982032776), (19258.795123421383, 535.5692121982574), (13499.477640456817, 538.5440101623535), (11749.020426795212, 575.423214673996), (11672.723386427233, 901.570326089859), (11188.901108933182, 1020.2629640102386), (10657.29776070209, 1254.876737356186), (10422.151322185464, 1255.0649540424347), (51366.180561706846, 1255.0832839012146), (37938.8431525253, 1255.091549873352), (27418.947120342295, 1255.1599202156067), (19258.795123421383, 1255.6715052127838), (13499.477640456817, 1257.8800299167633), (11749.020426795212, 1280.2620396614075), (10657.29776070209, 1280.3196985721588), (10422.151322185464, 1280.354468345642), (10382.158893548638, 1281.9954569339752), (9377.540472219249, 1524.9795334339142), (51366.180561706846, 1524.998794078827), (37938.8431525253, 1525.0075743198395), (27418.947120342295, 1525.0981397628784), (19258.795123421383, 1525.7758193016052), (13499.477640456817, 1528.707988023758), (10657.29776070209, 1549.400020122528), (10422.151322185464, 1549.4332411289215), (10382.158893548638, 1549.6805112361908), (9377.540472219249, 1756.3302793502808), (9114.444139976064, 1756.3560736179352), (9089.640781573109, 1759.3799288272858), (7452.972370230806, 4385.518179655075), (51366.180561706846, 4385.553772926331), (37938.8431525253, 4385.566234588623), (27418.947120342295, 4385.684609889984), (19258.795123421383, 4386.47035074234), (13499.477640456817, 4389.197541236877), (7452.972370230806, 4415.276850700378), (4741.5533770741295, 4653.977385759354), (51366.180561706846, 4654.000141620636), (37938.8431525253, 4654.011223316193), (27418.947120342295, 4654.126381397247), (19258.795123421383, 4654.991461515427), (13499.477640456817, 4657.6150958538055), (7452.972370230806, 4679.321595907211), (4741.5533770741295, 4792.252026081085), (4152.328271555429, 5667.082495212555), (51366.180561706846, 5667.110311031342), (37938.8431525253, 5667.122421264648), (27418.947120342295, 5667.2496972084045), (19258.795123421383, 5668.070481061935), (13499.477640456817, 5670.972979784012), (7452.972370230806, 5691.187995195389), (4741.5533770741295, 5802.013157129288), (4152.328271555429, 6765.401133060455), (4134.156314313339, 6781.720045566559)]
