Starting EXP32.6, type=probe, run 2/3 (Task 316)
loaded cached data
loaded cached data
loaded cached data
loaded cached data
loaded cached data
loaded cached data
loaded cached data
START ATE IS: 8692.110635087418
PROBE TRIGGERED! Error reduced from 10081.889 to 7327.557 (ATE went to 11446.44264618418).
PROBE TRIGGERED! Error reduced from 7327.557 to 3810.232 (ATE went to 14963.768154727877).
PROBE TRIGGERED! Error reduced from 3810.232 to 2070.084 (ATE went to 16703.9155238166).
***
FINISHED
ATE before: 8692.110635087418
ATE now is: 18273.399929886247
sequence is: (('drop_duplicates', 'TABLE'), ('isolationForest', 'TABLE'), ('bin_equal_width_2', 'education'))
***
Execution time: 193.704 sec
distances from ATE (with time):
[(10081.889364912582, 0), (7327.5573538158205, 6.100927114486694), (10081.889364912582, 6.9162609577178955), (7327.5573538158205, 7.383633136749268), (3810.231845272123, 35.98016834259033), (10081.889364912582, 36.65911793708801), (7327.5573538158205, 37.225849628448486), (3810.231845272123, 37.954076051712036), (2070.0844761834014, 44.796618700027466), (10081.889364912582, 45.58389592170715), (3810.231845272123, 46.06934356689453), (2070.0844761834014, 47.45687508583069), (2070.0844761794433, 185.13433265686035), (1913.9139206202235, 187.187509059906), (500.60007011375274, 193.4178295135498)]
(REAL, NOT adjusted by restarts) probability of this sequence is: 3.356718472021751e-05
uncertainty:
{'ate': 18273.399929886247, 'ci': (17032.1866850996, 19514.613174672893)}
checked:
172
