Starting EXP29.6, type=probe, run 1/3 (Task 45)
loaded cached data
loaded cached data
loaded cached data
loaded cached data
loaded cached data
loaded cached data
loaded cached data
START ATE IS: 796.199256194941
PROBE TRIGGERED! Error reduced from 796.199 to 701.783 (ATE went to 701.7833537801453).
PROBE TRIGGERED! Error reduced from 701.783 to 369.151 (ATE went to -369.15142884668694).
PROBE TRIGGERED! Error reduced from 369.151 to 121.994 (ATE went to -121.99354824064903).
***
FINISHED
ATE before: 796.199256194941
ATE now is: -4.551535152475935
sequence is: (('bin_equal_width_2', 'education'), ('isolationForest', 'TABLE'))
***
Execution time: 6.675 sec
distances from ATE (with time):
[(796.199256194941, 0), (701.7833537801453, 0.0072786808013916016), (796.199256194941, 0.011443376541137695), (701.7833537801453, 0.014394521713256836), (653.453682712362, 0.10499835014343262), (369.15142884668694, 0.2998833656311035), (796.199256194941, 0.3040437698364258), (701.7833537801453, 0.30697202682495117), (369.15142884668694, 0.4825258255004883), (121.99354824064903, 0.9296953678131104), (796.199256194941, 0.9339592456817627), (369.15142884668694, 1.107483148574829), (121.99354824064903, 1.465134859085083), (4.551535152475935, 6.673489332199097)]
(REAL, NOT adjusted by restarts) probability of this sequence is: 0.0010405827263267429
uncertainty:
{'ate': -4.551535152475935, 'ci': (-1962.3156957726906, 1953.2126254677387)}
checked:
111
