Starting EXP36.5, type=probe, run 2/3 (Task 451)
loaded cached data
loaded cached data
loaded cached data
loaded cached data
loaded cached data
loaded cached data
loaded cached data
START ATE IS: 73019.58604113368
PROBE TRIGGERED! Error reduced from 62886.506 to 48725.991 (ATE went to 58859.07054868116).
PROBE TRIGGERED! Error reduced from 48725.991 to 33194.035 (ATE went to 43327.115080852134).
PROBE TRIGGERED! Error reduced from 33194.035 to 27066.469 (ATE went to 37199.54857008043).
PROBE TRIGGERED! Error reduced from 27066.469 to 21753.470 (ATE went to 31886.550021434512).
PROBE TRIGGERED! Error reduced from 21753.470 to 15942.887 (ATE went to 26075.966779569422).
PROBE TRIGGERED! Error reduced from 15942.887 to 12849.966 (ATE went to 22983.046075928327).
PROBE TRIGGERED! Error reduced from 12849.966 to 11528.349 (ATE went to 21661.4290930473).
PROBE TRIGGERED! Error reduced from 11528.349 to 4608.728 (ATE went to 14741.807949300879).
PROBE TRIGGERED! Error reduced from 4608.728 to 3233.981 (ATE went to 13367.060792376087).
PROBE TRIGGERED! Error reduced from 3233.981 to 2542.669 (ATE went to 7590.411492218229).
***
FINISHED
ATE before: 73019.58604113368
ATE now is: 10072.213091650732
sequence is: (('bin_equal_frequency_5', 'sqft_living'), ('isolationForest', 'TABLE'), ('bin_equal_frequency_5', 'yr_built'), ('bin_equal_frequency_2', 'sqft_lot15'))
***
Execution time: 252.811 sec
distances from ATE (with time):
[(62886.506041133674, 0), (59156.66610503559, 0.007169246673583984), (48725.990548681155, 0.018175601959228516), (62886.506041133674, 0.036867618560791016), (48725.990548681155, 0.04394936561584473), (33194.03508085213, 0.2709624767303467), (62886.506041133674, 0.284862756729126), (48725.990548681155, 0.2912106513977051), (33194.03508085213, 0.30214834213256836), (27066.468570080426, 0.31490039825439453), (62886.506041133674, 0.3279917240142822), (33194.03508085213, 0.3350386619567871), (27066.468570080426, 0.35808753967285156), (21753.470021434514, 2.7495028972625732), (62886.506041133674, 2.763227701187134), (33194.03508085213, 2.770443916320801), (27066.468570080426, 2.805044412612915), (21753.470021434514, 2.8340041637420654), (15942.886779569422, 2.896913528442383), (62886.506041133674, 2.91096830368042), (33194.03508085213, 2.917856454849243), (27066.468570080426, 2.9521684646606445), (21753.470021434514, 2.9653148651123047), (15942.886779569422, 3.03627872467041), (12849.966075928327, 18.900101900100708), (62886.506041133674, 18.914963483810425), (33194.03508085213, 18.92242407798767), (27066.468570080426, 18.978654146194458), (21753.470021434514, 19.00809359550476), (20125.875211264378, 19.037466287612915), (15942.886779569422, 19.147619009017944), (12849.966075928327, 19.16239070892334), (11528.3490930473, 19.33562970161438), (62886.506041133674, 19.349211931228638), (33194.03508085213, 19.356228351593018), (27066.468570080426, 19.4012451171875), (21753.470021434514, 19.41347646713257), (20125.875211264378, 19.47899079322815), (15942.886779569422, 19.559782028198242), (12849.966075928327, 19.604289054870605), (11528.3490930473, 19.619291305541992), (4608.727949300879, 22.85305118560791), (62886.506041133674, 22.870903253555298), (33194.03508085213, 22.880509614944458), (27066.468570080426, 22.943602323532104), (21753.470021434514, 22.95946216583252), (20125.875211264378, 23.01487708091736), (15942.886779569422, 23.15791916847229), (12849.966075928327, 23.175875425338745), (11528.3490930473, 23.217955589294434), (4608.727949300879, 23.41849422454834), (3233.9807923760873, 106.07696747779846), (62886.506041133674, 106.09138083457947), (33194.03508085213, 106.09818005561829), (27066.468570080426, 106.1439528465271), (21753.470021434514, 106.15661954879761), (20125.875211264378, 106.19532918930054), (15942.886779569422, 106.34617257118225), (12849.966075928327, 106.36182498931885), (11528.3490930473, 106.41251540184021), (10003.191185502126, 106.62450456619263), (6625.879035640804, 106.67144274711609), (4608.727949300879, 106.75684952735901), (3233.9807923760873, 109.23574185371399), (2542.668507781771, 109.36749172210693), (62886.506041133674, 109.38252973556519), (33194.03508085213, 109.3898856639862), (27066.468570080426, 109.45062565803528), (21753.470021434514, 109.46431398391724), (20125.875211264378, 109.50430417060852), (15942.886779569422, 109.71370792388916), (12849.966075928327, 109.72869181632996), (11528.3490930473, 109.76050806045532), (10003.191185502126, 109.8965859413147), (6625.879035640804, 109.94287538528442), (4608.727949300879, 110.23983883857727), (3233.9807923760873, 112.57185316085815), (2542.668507781771, 112.60608887672424), (60.86690834926776, 252.80806684494019)]
(REAL, NOT adjusted by restarts) probability of this sequence is: 1.0662224073302616e-09
uncertainty:
{'ate': 10072.213091650732, 'ci': (-40539.58482023568, 60684.01100353714)}
checked:
12353
