Starting EXP30.6, type=probe, run 2/3 (Task 127)
loaded cached data
loaded cached data
loaded cached data
loaded cached data
loaded cached data
loaded cached data
loaded cached data
START ATE IS: 8705.445349796988
PROBE TRIGGERED! Error reduced from 10068.555 to 7459.546 (ATE went to 11314.453577205111).
PROBE TRIGGERED! Error reduced from 7459.546 to 2748.881 (ATE went to 16025.118957133704).
PROBE TRIGGERED! Error reduced from 2748.881 to 2243.459 (ATE went to 16530.541330298816).
PROBE TRIGGERED! Error reduced from 2243.459 to 1529.560 (ATE went to 20303.560362309036).
***
FINISHED
ATE before: 8705.445349796988
ATE now is: 18058.051915146305
sequence is: (('drop_duplicates', 'TABLE'), ('bin_equal_width_2', 'education'))
***
Execution time: 126.743 sec
distances from ATE (with time):
[(10068.554650203012, 0), (7459.546422794889, 3.147186517715454), (10068.554650203012, 3.665390968322754), (7459.546422794889, 4.011037588119507), (2748.8810428662964, 18.900468349456787), (10068.554650203012, 19.25956892967224), (7459.546422794889, 19.519007682800293), (2748.8810428662964, 24.75776982307434), (2243.4586697011837, 33.668025493621826), (10068.554650203012, 34.099735498428345), (2748.8810428662964, 40.7641544342041), (2243.4586697011837, 46.55637860298157), (1529.5603623090356, 51.9794385433197), (10068.554650203012, 52.479647636413574), (7459.546422794889, 52.850330114364624), (2748.8810428662964, 58.987773418426514), (2243.4586697011837, 65.79951238632202), (1529.5603623090356, 70.91898989677429), (715.948084853695, 126.5838611125946)]
(REAL, NOT adjusted by restarts) probability of this sequence is: 0.0010405827263267429
uncertainty:
{'ate': 18058.051915146305, 'ci': (17309.930704398266, 18806.173125894344)}
checked:
97
