Starting EXP37.6, type=probe, run 3/3 (Task 506)
loaded cached data
loaded cached data
loaded cached data
loaded cached data
loaded cached data
loaded cached data
loaded cached data
START ATE IS: 75897.04709953081
PROBE TRIGGERED! Error reduced from 65763.967 to 44338.783 (ATE went to 54471.86331014166).
PROBE TRIGGERED! Error reduced from 44338.783 to 27819.799 (ATE went to 37952.87897772167).
PROBE TRIGGERED! Error reduced from 27819.799 to 8069.988 (ATE went to 18203.06772584217).
PROBE TRIGGERED! Error reduced from 8069.988 to 4202.631 (ATE went to 14335.711079300963).
PROBE TRIGGERED! Error reduced from 4202.631 to 2628.598 (ATE went to 7504.482003156925).
***
FINISHED
ATE before: 75897.04709953081
ATE now is: 11526.373588882838
sequence is: (('bin_equal_width_5', 'bedrooms'), ('bin_equal_frequency_2', 'sqft_living15'), ('bin_equal_frequency_2', 'sqft_living'))
***
Execution time: 35.941 sec
distances from ATE (with time):
[(65763.96709953081, 0), (44338.78331014166, 0.009186744689941406), (65763.96709953081, 0.023668766021728516), (44338.78331014166, 0.03211188316345215), (42405.129405407075, 0.24622416496276855), (42008.97150602944, 0.31982922554016113), (27819.79897772167, 1.4838075637817383), (65763.96709953081, 1.4946813583374023), (44338.78331014166, 1.5012075901031494), (27819.79897772167, 1.522618293762207), (8069.987725842171, 3.61362361907959), (65763.96709953081, 3.625979423522949), (44338.78331014166, 3.6331772804260254), (27819.79897772167, 3.667266607284546), (8069.987725842171, 3.6807851791381836), (4202.631079300963, 9.985848188400269), (65763.96709953081, 10.000483274459839), (44338.78331014166, 10.009272575378418), (42405.129405407075, 10.045835494995117), (8069.987725842171, 10.058884620666504), (4202.631079300963, 10.148990392684937), (2628.5979968430747, 23.670517683029175), (65763.96709953081, 23.69443106651306), (44338.78331014166, 23.70914340019226), (42405.129405407075, 23.774698734283447), (8069.987725842171, 23.80119514465332), (4202.631079300963, 23.951256275177002), (2628.5979968430747, 25.287421703338623), (1393.2935888828379, 35.936269760131836)]
(REAL, NOT adjusted by restarts) probability of this sequence is: 2.028237117144901e-06
uncertainty:
{'ate': 11526.373588882838, 'ci': (-64243.46643069851, 87296.21360846418)}
checked:
1562
