Starting EXP29.9, type=probe_probs_with_restart, run 3/3 (Task 80)
loaded cached data
loaded cached data
loaded cached data
loaded cached data
loaded cached data
loaded cached data
loaded cached data
START ATE IS: 1269.7950752810375
PROBE TRIGGERED! Error reduced from 1269.795 to 1139.477 (ATE went to 1139.4765081723908).
PROBE TRIGGERED! Error reduced from 1139.477 to 992.494 (ATE went to 992.4943949392446).
PROBE TRIGGERED! Error reduced from 992.494 to 707.794 (ATE went to 707.7943075993517).
PROBE TRIGGERED! Error reduced from 707.794 to 279.001 (ATE went to 279.0007759885211).
***
FINISHED
ATE before: 1269.7950752810375
ATE now is: 20.475292400184117
sequence is: (('drop_duplicates', 'TABLE'), ('IQR', 'education'), ('isolationForest', 'TABLE'), ('IQR', 'age'))
***
Execution time: 60.502 sec
distances from ATE (with time):
[(1269.7950752810375, 0), (1193.1264770360594, 0.005182743072509766), (1139.4765081723908, 0.046094417572021484), (1269.7950752810375, 0.053153276443481445), (1139.4765081723908, 0.05930781364440918), (1052.5694051468017, 0.10907363891601562), (992.4943949392446, 0.5098810195922852), (1269.7950752810375, 0.5170762538909912), (1139.4765081723908, 0.5234827995300293), (992.4943949392446, 0.8433046340942383), (707.7943075993517, 1.511772632598877), (1269.7950752810375, 1.5184721946716309), (992.4943949392446, 1.8304471969604492), (707.7943075993517, 2.475816488265991), (686.8036536807795, 6.193720817565918), (279.0007759885211, 6.396455526351929), (1269.7950752810375, 6.400796890258789), (1139.4765081723908, 6.404697418212891), (992.4943949392446, 6.585238218307495), (707.7943075993517, 7.112816333770752), (279.0007759885211, 8.981891393661499), (279.0007759179116, 26.246411561965942), (274.1145346326957, 42.007720947265625), (20.475292400184117, 60.49841380119324)]
(REAL, NOT adjusted by restarts) probability of this sequence is: 2.230695683662506e-07
uncertainty:
{'ate': 20.475292400184117, 'ci': (-1539.1392673052228, 1580.089852105591)}
checked:
476
