Starting EXP30.9, type=probe, run 1/3 (Task 153)
loaded cached data
loaded cached data
loaded cached data
loaded cached data
loaded cached data
loaded cached data
loaded cached data
START ATE IS: 8765.465657042663
PROBE TRIGGERED! Error reduced from 10008.534 to 7376.721 (ATE went to 11397.279280526502).
PROBE TRIGGERED! Error reduced from 7376.721 to 2943.043 (ATE went to 15830.9568361756).
***
FINISHED
ATE before: 8765.465657042663
ATE now is: 18577.740435193737
sequence is: (('isolationForest', 'TABLE'), ('bin_equal_width_2', 'education'))
***
Execution time: 59.301 sec
distances from ATE (with time):
[(10008.534342957337, 0), (7376.720719473498, 4.373165607452393), (10008.534342957337, 5.102143049240112), (7376.720719473498, 5.66680908203125), (2943.043163824401, 32.806551694869995), (10008.534342957337, 33.38400411605835), (7376.720719473498, 33.80326271057129), (2943.043163824401, 43.78265857696533), (196.25956480626337, 59.047261238098145)]
(REAL, NOT adjusted by restarts) probability of this sequence is: 0.0010405827263267429
uncertainty:
{'ate': 18577.740435193737, 'ci': (17641.010237490227, 19514.470632897246)}
checked:
41
