Starting EXP36.9, type=probe_probs_with_restart, run 1/3 (Task 492)
loaded cached data
loaded cached data
loaded cached data
loaded cached data
loaded cached data
loaded cached data
loaded cached data
START ATE IS: 60839.64783470175
PROBE TRIGGERED! Error reduced from 50706.568 to 38784.745 (ATE went to 48917.82547338231).
PROBE TRIGGERED! Error reduced from 38784.745 to 33001.293 (ATE went to 43134.3727349415).
PROBE TRIGGERED! Error reduced from 33001.293 to 29537.869 (ATE went to 39670.94893761591).
PROBE TRIGGERED! Error reduced from 29537.869 to 25479.265 (ATE went to 35612.34521820783).
PROBE TRIGGERED! Error reduced from 25479.265 to 17807.874 (ATE went to 27940.954209803607).
PROBE TRIGGERED! Error reduced from 17807.874 to 15949.802 (ATE went to 26082.881702526982).
PROBE TRIGGERED! Error reduced from 15949.802 to 11357.039 (ATE went to 21490.11945087659).
PROBE TRIGGERED! Error reduced from 11357.039 to 9056.946 (ATE went to 19190.025919064625).
PROBE TRIGGERED! Error reduced from 9056.946 to 7412.948 (ATE went to 17546.028395877795).
PROBE TRIGGERED! Error reduced from 7412.948 to 6606.108 (ATE went to 16739.188163311333).
PROBE TRIGGERED! Error reduced from 6606.108 to 5139.904 (ATE went to 15272.984025782926).
PROBE TRIGGERED! Error reduced from 5139.904 to 4528.390 (ATE went to 14661.470467533904).
PROBE TRIGGERED! Error reduced from 4528.390 to 2923.704 (ATE went to 13056.783662878895).
***
FINISHED
ATE before: 60839.64783470175
ATE now is: 11595.95789374817
sequence is: (('IQR', 'sqft_lot'), ('IQR', 'bedrooms'), ('norm_log', 'sqft_lot'), ('bin_equal_width_10', 'sqft_lot15'), ('bin_equal_frequency_5', 'yr_built'), ('bin_equal_frequency_5', 'sqft_living'))
***
Execution time: 6689.605 sec
distances from ATE (with time):
[(50706.567834701746, 0), (50609.839576472135, 0.02406620979309082), (49301.71004127884, 0.2982442378997803), (48972.40751886073, 0.3871171474456787), (38784.74547338231, 0.4179353713989258), (50706.567834701746, 0.4539167881011963), (38784.74547338231, 0.4613978862762451), (38721.5675259939, 0.498260498046875), (38033.071706092094, 2.8656418323516846), (33001.2927349415, 4.049839973449707), (50706.567834701746, 4.076736927032471), (33001.2927349415, 4.084611415863037), (30971.980224874256, 4.142245769500732), (30907.02476665508, 5.0122902393341064), (29537.86893761591, 11.24006724357605), (50706.567834701746, 11.257568120956421), (33001.2927349415, 11.276079893112183), (30971.980224874256, 11.357868194580078), (29537.86893761591, 11.375128507614136), (29383.603742475236, 11.412790298461914), (28039.746290645053, 11.914584875106812), (27630.16158213168, 11.997869968414307), (27269.817000653078, 17.33496880531311), (25479.26521820783, 30.487114906311035), (50706.567834701746, 30.50997567176819), (33001.2927349415, 30.534650564193726), (25479.26521820783, 30.616943359375), (17807.87420980361, 32.28528714179993), (50706.567834701746, 32.30512595176697), (33001.2927349415, 32.31531500816345), (25479.26521820783, 32.372453689575195), (17807.87420980361, 32.742810010910034), (17575.765671897105, 32.83041000366211), (16408.058968868238, 36.643977880477905), (15949.801702526982, 36.671977043151855), (50706.567834701746, 36.6920108795166), (33001.2927349415, 36.70396399497986), (25479.26521820783, 36.7656192779541), (17807.87420980361, 37.078330278396606), (17575.765671897105, 37.133827447891235), (16408.058968868238, 39.799957513809204), (15949.801702526982, 39.81931686401367), (15890.127438900754, 86.15449523925781), (15823.541325540622, 112.26893639564514), (11357.039450876591, 142.67076206207275), (50706.567834701746, 142.68806195259094), (33001.2927349415, 142.69652438163757), (25479.26521820783, 142.75137996673584), (17807.87420980361, 143.0392563343048), (17575.765671897105, 143.10941219329834), (16408.058968868238, 145.90748858451843), (15949.801702526982, 145.93197679519653), (11357.039450876591, 147.15982675552368), (11262.325855746514, 147.94136571884155), (10798.299271957474, 193.18899726867676), (9056.945919064625, 193.34252381324768), (50706.567834701746, 193.3577275276184), (33001.2927349415, 193.36495399475098), (25479.26521820783, 193.428457736969), (17807.87420980361, 193.74927473068237), (17575.765671897105, 193.83809185028076), (11357.039450876591, 195.88291716575623), (11262.325855746514, 196.45511507987976), (10798.299271957474, 216.44655346870422), (9056.945919064625, 216.60781455039978), (9044.343982867807, 567.981335401535), (9018.093714385961, 620.4589231014252), (8753.092855976965, 727.0812187194824), (7412.948395877795, 912.7357947826385), (50706.567834701746, 912.7552444934845), (33001.2927349415, 912.7750897407532), (25479.26521820783, 912.893328666687), (17807.87420980361, 913.2948544025421), (17575.765671897105, 913.4295537471771), (11357.039450876591, 916.263249874115), (11262.325855746514, 916.7240779399872), (10798.299271957474, 944.5031909942627), (9056.945919064625, 944.5999870300293), (8753.092855976965, 960.906313419342), (7412.948395877795, 978.3288705348969), (7013.171277394036, 979.5899333953857), (6606.108163311334, 1244.90811419487), (50706.567834701746, 1244.9309692382812), (33001.2927349415, 1244.9409182071686), (25479.26521820783, 1245.0491995811462), (17807.87420980361, 1245.8756265640259), (17575.765671897105, 1245.994202375412), (11357.039450876591, 1249.8062541484833), (11262.325855746514, 1250.5840275287628), (10910.417535182592, 1272.2438776493073), (8753.092855976965, 1275.065218448639), (7412.948395877795, 1292.5959322452545), (7013.171277394036, 1292.7428333759308), (6606.108163311334, 1500.49600315094), (5139.904025782926, 1509.0120856761932), (50706.567834701746, 1509.0288379192352), (33001.2927349415, 1509.036315202713), (25479.26521820783, 1509.1210811138153), (17807.87420980361, 1509.6088066101074), (17575.765671897105, 1509.7532119750977), (11357.039450876591, 1511.5042543411255), (11262.325855746514, 1511.690458059311), (10910.417535182592, 1525.3062632083893), (8753.092855976965, 1526.17342710495), (7412.948395877795, 1532.1793184280396), (7013.171277394036, 1532.3636236190796), (6606.108163311334, 1660.2892944812775), (5139.904025782926, 1664.0383157730103), (4528.390467533904, 1664.2706129550934), (50706.567834701746, 1664.321120262146), (33001.2927349415, 1664.3520302772522), (25479.26521820783, 1664.552540063858), (17807.87420980361, 1665.686841249466), (17575.765671897105, 1666.195773601532), (11357.039450876591, 1668.476006269455), (11262.325855746514, 1669.0000236034393), (10798.299271957474, 1678.803947210312), (9056.945919064625, 1678.8904502391815), (8753.092855976965, 1688.94979596138), (7412.948395877795, 1695.6991629600525), (7013.171277394036, 1695.8638443946838), (6606.108163311334, 1776.9907286167145), (5139.904025782926, 1780.8672516345978), (4528.390467533904, 1780.9998157024384), (4474.123861959333, 3589.266920566559), (2923.7036628788956, 6529.770462989807), (50706.567834701746, 6529.809448480606), (33001.2927349415, 6529.819798707962), (25479.26521820783, 6529.9400272369385), (17807.87420980361, 6530.602750778198), (17575.765671897105, 6530.7635333538055), (11357.039450876591, 6532.870369434357), (11262.325855746514, 6533.135154247284), (11160.923851187263, 6536.772624969482), (10454.857668494229, 6537.362016916275), (8753.092855976965, 6549.973739147186), (7412.948395877795, 6555.808725118637), (7013.171277394036, 6555.931852817535), (2923.7036628788956, 6557.63108086586), (2688.005523721893, 6558.624664068222), (1462.8778937481693, 6689.600818395615)]
(REAL, NOT adjusted by restarts) probability of this sequence is: 4.099611810518794e-19
uncertainty:
{'ate': 11595.95789374817, 'ci': (-35748.9444699892, 58940.86025748554)}
checked:
153440
