Starting EXP38.5, type=probe, run 2/3 (Task 595)
loaded cached data
loaded cached data
loaded cached data
loaded cached data
loaded cached data
loaded cached data
loaded cached data
START ATE IS: 61567.62131921316
PROBE TRIGGERED! Error reduced from 51434.541 to 43096.058 (ATE went to 53229.13755003808).
PROBE TRIGGERED! Error reduced from 43096.058 to 35288.928 (ATE went to 45422.00846663166).
PROBE TRIGGERED! Error reduced from 35288.928 to 30006.901 (ATE went to 40139.98114268485).
PROBE TRIGGERED! Error reduced from 30006.901 to 24468.671 (ATE went to 34601.751191379786).
PROBE TRIGGERED! Error reduced from 24468.671 to 20836.602 (ATE went to 30969.68220067586).
PROBE TRIGGERED! Error reduced from 20836.602 to 18166.544 (ATE went to 28299.62420665771).
PROBE TRIGGERED! Error reduced from 18166.544 to 15246.437 (ATE went to 25379.51701700813).
PROBE TRIGGERED! Error reduced from 15246.437 to 12057.008 (ATE went to 22190.088158508108).
PROBE TRIGGERED! Error reduced from 12057.008 to 9378.998 (ATE went to 19512.07849824691).
PROBE TRIGGERED! Error reduced from 9378.998 to 7083.252 (ATE went to 17216.33222040765).
PROBE TRIGGERED! Error reduced from 7083.252 to 5230.812 (ATE went to 15363.891837329824).
PROBE TRIGGERED! Error reduced from 5230.812 to 3047.671 (ATE went to 13180.75114219203).
***
FINISHED
ATE before: 61567.62131921316
ATE now is: 10302.917196534341
sequence is: (('bin_equal_width_5', 'sqft_basement'), ('bin_equal_frequency_10', 'sqft_living'), ('bin_equal_frequency_2', 'yr_built'), ('bin_equal_frequency_2', 'sqft_lot15'), ('bin_equal_frequency_2', 'grade'), ('bin_equal_frequency_2', 'bedrooms'))
***
Execution time: 2317.925 sec
distances from ATE (with time):
[(51434.54131921316, 0), (49623.729353644994, 0.02210259437561035), (43096.05755003808, 0.06033158302307129), (51434.54131921316, 0.10701179504394531), (43096.05755003808, 0.12846040725708008), (41449.12101258906, 0.48511242866516113), (40317.608750660096, 0.8122420310974121), (35288.92846663166, 0.8925111293792725), (51434.54131921316, 0.945746898651123), (43096.05755003808, 0.9792509078979492), (35288.92846663166, 1.0201988220214844), (32006.457729150505, 1.0689761638641357), (31776.831473062542, 9.62050724029541), (30006.901142684845, 9.739290952682495), (51434.54131921316, 9.799968004226685), (43096.05755003808, 9.829688549041748), (35288.92846663166, 9.881344318389893), (32086.296502084602, 9.934597969055176), (32006.457729150505, 9.993566989898682), (30006.901142684845, 10.111186027526855), (24468.671191379784, 28.609566926956177), (51434.54131921316, 28.660174131393433), (43096.05755003808, 28.685322046279907), (35288.92846663166, 28.727701425552368), (32086.296502084602, 28.81424617767334), (32006.457729150505, 28.863634824752808), (30006.901142684845, 29.01292133331299), (24468.671191379784, 29.12728714942932), (20836.602200675858, 29.299129962921143), (51434.54131921316, 29.341735124588013), (43096.05755003808, 29.361518383026123), (41449.12101258906, 29.396953105926514), (35288.92846663166, 29.432569980621338), (32086.296502084602, 29.468414545059204), (32006.457729150505, 29.547932624816895), (30006.901142684845, 29.595646858215332), (24468.671191379784, 29.681238412857056), (20836.602200675858, 29.72468137741089), (18826.99134277286, 29.992969512939453), (18166.54420665771, 134.188946723938), (51434.54131921316, 134.2412383556366), (41449.12101258906, 134.26334166526794), (35288.92846663166, 134.3013210296631), (32086.296502084602, 134.33904385566711), (24468.671191379784, 134.4507613182068), (20836.602200675858, 134.5607590675354), (18826.99134277286, 135.47106409072876), (18166.54420665771, 135.68921518325806), (17751.56217892193, 203.70105981826782), (15246.43701700813, 203.77215242385864), (51434.54131921316, 203.8338601589203), (43096.05755003808, 203.86140394210815), (41449.12101258906, 203.94041919708252), (32086.296502084602, 204.03928422927856), (30006.901142684845, 204.28168535232544), (20836.602200675858, 204.40081357955933), (18826.99134277286, 205.3688497543335), (18166.54420665771, 205.84936690330505), (15246.43701700813, 215.45942068099976), (12057.008158508108, 333.6111786365509), (51434.54131921316, 333.6586847305298), (41449.12101258906, 333.6804733276367), (32086.296502084602, 333.72887444496155), (20836.602200675858, 333.936904668808), (18826.99134277286, 335.22886323928833), (18166.54420665771, 335.2753756046295), (12057.008158508108, 335.4288647174835), (9378.998498246909, 348.0995900630951), (51434.54131921316, 348.16259026527405), (43096.05755003808, 348.19385409355164), (41449.12101258906, 348.24531412124634), (32086.296502084602, 348.29719281196594), (30006.901142684845, 348.568480014801), (20836.602200675858, 348.6834545135498), (18826.99134277286, 350.2267940044403), (18166.54420665771, 350.8648250102997), (12057.008158508108, 351.1679480075836), (9378.998498246909, 363.3722560405731), (7083.25222040765, 484.2510917186737), (51434.54131921316, 484.32731223106384), (43096.05755003808, 484.3790831565857), (41449.12101258906, 484.4155943393707), (32086.296502084602, 484.4529662132263), (30006.901142684845, 484.63983488082886), (20836.602200675858, 484.7196226119995), (18826.99134277286, 485.6847229003906), (18166.54420665771, 486.4951455593109), (12057.008158508108, 486.7522826194763), (9378.998498246909, 499.1414294242859), (7083.25222040765, 603.5363576412201), (6620.952784714724, 1281.7791149616241), (5230.811837329824, 1282.4622039794922), (51434.54131921316, 1282.517373085022), (41449.12101258906, 1282.54829454422), (32086.296502084602, 1282.6497015953064), (20836.602200675858, 1282.9260578155518), (12057.008158508108, 1285.0593147277832), (9378.998498246909, 1303.5129857063293), (5230.811837329824, 1307.7508718967438), (3047.67114219203, 1564.742020368576), (51434.54131921316, 1564.8330643177032), (43096.05755003808, 1564.8574802875519), (41449.12101258906, 1564.8997538089752), (32086.296502084602, 1565.014937877655), (30006.901142684845, 1565.3401145935059), (20836.602200675858, 1565.5060801506042), (18826.99134277286, 1567.8021681308746), (12057.008158508108, 1568.2328250408173), (9378.998498246909, 1573.3550498485565), (5230.811837329824, 1587.1438400745392), (3047.67114219203, 1665.3745276927948), (169.83719653434127, 2317.8834178447723)]
(REAL, NOT adjusted by restarts) probability of this sequence is: 3.4815425545477645e-14
uncertainty:
{'ate': 10302.917196534341, 'ci': (-12367.007537315152, 32972.84193038383)}
checked:
31117
