Starting EXP30.2, type=probe, run 2/3 (Task 91)
loaded cached data
loaded cached data
loaded cached data
loaded cached data
loaded cached data
loaded cached data
loaded cached data
START ATE IS: 9039.585446702979
PROBE TRIGGERED! Error reduced from 9734.415 to 7139.524 (ATE went to 11634.475829762156).
PROBE TRIGGERED! Error reduced from 7139.524 to 1603.347 (ATE went to 17170.653260809857).
PROBE TRIGGERED! Error reduced from 1603.347 to 1062.569 (ATE went to 19836.569215989977).
***
FINISHED
ATE before: 9039.585446702979
ATE now is: 17821.90765272833
sequence is: (('bin_equal_frequency_5', 'education'), ('isolationForest', 'TABLE'))
***
Execution time: 93.598 sec
distances from ATE (with time):
[(9734.414553297021, 0), (7139.524170237844, 1.2485036849975586), (9734.414553297021, 1.4734892845153809), (7139.524170237844, 1.5956263542175293), (1603.3467391901431, 8.678895711898804), (9734.414553297021, 8.83052921295166), (7139.524170237844, 8.973486185073853), (1603.3467391901431, 11.612370729446411), (1062.5692159899772, 14.839378595352173), (9734.414553297021, 15.050297975540161), (1603.3467391901431, 17.72622537612915), (1062.5692159899772, 20.392972469329834), (952.0923472716713, 93.54015851020813)]
(REAL, NOT adjusted by restarts) probability of this sequence is: 0.0010405827263267429
uncertainty:
{'ate': 17821.90765272833, 'ci': (15429.574764524035, 20214.24054093262)}
checked:
95
