Starting EXP36.6, type=probe_probs_with_restart, run 1/3 (Task 465)
loaded cached data
loaded cached data
loaded cached data
loaded cached data
loaded cached data
loaded cached data
loaded cached data
START ATE IS: 50656.30818148107
PROBE TRIGGERED! Error reduced from 40523.228 to 35249.624 (ATE went to 45382.70398670802).
PROBE TRIGGERED! Error reduced from 35249.624 to 26922.468 (ATE went to 37055.54780789685).
PROBE TRIGGERED! Error reduced from 26922.468 to 21317.517 (ATE went to 31450.59747193982).
PROBE TRIGGERED! Error reduced from 21317.517 to 18788.307 (ATE went to 28921.38733326856).
PROBE TRIGGERED! Error reduced from 18788.307 to 9227.838 (ATE went to 19360.91805237705).
PROBE TRIGGERED! Error reduced from 9227.838 to 6203.499 (ATE went to 16336.579135994103).
***
FINISHED
ATE before: 50656.30818148107
ATE now is: 10809.468846127495
sequence is: (('IQR', 'bedrooms'), ('norm_log', 'yr_built'), ('bin_equal_frequency_5', 'sqft_living'))
***
Execution time: 295.590 sec
distances from ATE (with time):
[(40523.22818148107, 0), (40523.19494152044, 0.033701181411743164), (38198.486044426434, 0.23438525199890137), (35249.623986708015, 0.3127470016479492), (40523.22818148107, 0.3339667320251465), (35249.623986708015, 0.34196949005126953), (26922.46780789685, 1.136688470840454), (40523.22818148107, 1.1560134887695312), (35249.623986708015, 1.1640620231628418), (26922.46780789685, 1.6210150718688965), (26563.778798225394, 2.0186636447906494), (25616.7202571656, 2.3572704792022705), (24975.639653860526, 3.7107770442962646), (24314.454419445727, 5.266961097717285), (21317.51747193982, 29.532129526138306), (40523.22818148107, 29.550504684448242), (21317.51747193982, 29.560166835784912), (18788.30733326856, 30.608749389648438), (40523.22818148107, 30.628018140792847), (21317.51747193982, 30.63574528694153), (18788.30733326856, 31.53631281852722), (18146.104244776907, 37.53270101547241), (17919.641942798757, 41.303181409835815), (9227.838052377048, 41.43932485580444), (40523.22818148107, 41.456209659576416), (21317.51747193982, 41.46536040306091), (18788.30733326856, 42.52415943145752), (9227.838052377048, 43.066232204437256), (9227.8082599223, 145.15861678123474), (9227.773698431445, 151.60796356201172), (6203.499135994103, 178.9295403957367), (40523.22818148107, 178.94689416885376), (21317.51747193982, 178.95538854599), (9227.838052377048, 179.514319896698), (6203.499135994103, 186.54293370246887), (676.3888461274946, 295.5854866504669)]
(REAL, NOT adjusted by restarts) probability of this sequence is: 3.6153183907475657e-09
uncertainty:
{'ate': 10809.468846127495, 'ci': (-58527.881254005406, 80146.81894626039)}
checked:
2089
