Starting EXP29.9, type=probe, run 3/3 (Task 74)
loaded cached data
loaded cached data
loaded cached data
loaded cached data
loaded cached data
loaded cached data
loaded cached data
START ATE IS: 1600.3143562741807
PROBE TRIGGERED! Error reduced from 1600.314 to 1406.550 (ATE went to 1406.5503886169136).
PROBE TRIGGERED! Error reduced from 1406.550 to 1036.476 (ATE went to 1036.4764836763843).
PROBE TRIGGERED! Error reduced from 1036.476 to 904.144 (ATE went to 904.1438440212387).
PROBE TRIGGERED! Error reduced from 904.144 to 622.456 (ATE went to 622.4560810537469).
PROBE TRIGGERED! Error reduced from 622.456 to 355.511 (ATE went to 355.51085183957366).
PROBE TRIGGERED! Error reduced from 355.511 to 271.544 (ATE went to 271.5437107427315).
PROBE TRIGGERED! Error reduced from 271.544 to 218.385 (ATE went to 218.38503808564383).
***
FINISHED
ATE before: 1600.3143562741807
ATE now is: 40.679784813095466
sequence is: (('bin_equal_frequency_2', 'education'), ('bin_equal_frequency_2', 'age'), ('isolationForest', 'TABLE'), ('drop_duplicates', 'TABLE'))
***
Execution time: 499.448 sec
distances from ATE (with time):
[(1600.3143562741807, 0), (1574.4302180285395, 0.003710508346557617), (1566.8535663089478, 0.009493827819824219), (1504.240530582194, 0.17751097679138184), (1477.476815429337, 0.5293910503387451), (1406.5503886169136, 0.5339822769165039), (1600.3143562741807, 0.5384645462036133), (1406.5503886169136, 0.5416259765625), (1394.552745235169, 0.9702398777008057), (1369.0660427655948, 0.9810118675231934), (1290.3546819794974, 1.1966841220855713), (1036.4764836763843, 1.389317512512207), (1600.3143562741807, 1.393787145614624), (1406.5503886169136, 1.3968689441680908), (1394.552745235169, 1.4065327644348145), (1036.4764836763843, 1.7899374961853027), (959.4544749669949, 4.672806262969971), (904.1438440212387, 15.620378971099854), (1600.3143562741807, 15.627262353897095), (1406.5503886169136, 15.632137060165405), (1394.552745235169, 15.654955625534058), (1036.4764836763843, 15.663670063018799), (904.1438440212387, 17.787632942199707), (622.4560810537469, 20.92788553237915), (1600.3143562741807, 20.93299961090088), (1406.5503886169136, 20.93655300140381), (1394.552745235169, 21.25959038734436), (1036.4764836763843, 21.269455194473267), (904.1438440212387, 24.102917432785034), (622.4560810537469, 24.686163425445557), (355.51085183957366, 71.75301146507263), (1600.3143562741807, 71.76075911521912), (1406.5503886169136, 71.77549266815186), (1394.552745235169, 72.1475157737732), (1316.8495689062302, 72.37902736663818), (1036.4764836763843, 72.38535165786743), (1025.704862888785, 75.67725253105164), (622.4560810537469, 76.11523270606995), (355.51085183957366, 78.29689598083496), (271.5437107427315, 199.22750449180603), (1600.3143562741807, 199.23234272003174), (1406.5503886169136, 199.23565459251404), (1394.552745235169, 199.51657819747925), (1316.8495689062302, 199.70116186141968), (1036.4764836763843, 199.70704340934753), (1025.704862888785, 203.51183032989502), (622.4560810537469, 203.86830520629883), (355.51085183957366, 207.38409304618835), (271.5437107427315, 300.5708909034729), (218.38503808564383, 422.56117725372314), (1600.3143562741807, 422.569384098053), (1406.5503886169136, 422.5749270915985), (1394.552745235169, 422.949964761734), (1316.8495689062302, 423.2957956790924), (1036.4764836763843, 423.30539178848267), (1025.704862888785, 427.1240894794464), (622.4560810537469, 427.93313002586365), (355.51085183957366, 431.0987939834595), (218.38503808564383, 481.908016204834), (40.679784813095466, 499.44469451904297)]
(REAL, NOT adjusted by restarts) probability of this sequence is: 1.082812410329597e-06
uncertainty:
{'ate': 40.679784813095466, 'ci': (-2287.7425893739014, 2369.1021590000923)}
checked:
4550
