Starting EXP36.8, type=probe, run 2/3 (Task 478)
loaded cached data
loaded cached data
loaded cached data
loaded cached data
loaded cached data
loaded cached data
loaded cached data
START ATE IS: 64474.67995685708
PROBE TRIGGERED! Error reduced from 54341.600 to 48153.355 (ATE went to 58286.4352283656).
PROBE TRIGGERED! Error reduced from 48153.355 to 38670.602 (ATE went to 48803.682474045396).
PROBE TRIGGERED! Error reduced from 38670.602 to 34480.398 (ATE went to 44613.47843220399).
PROBE TRIGGERED! Error reduced from 34480.398 to 27928.523 (ATE went to 38061.60312855438).
PROBE TRIGGERED! Error reduced from 27928.523 to 24036.369 (ATE went to 34169.44873070556).
PROBE TRIGGERED! Error reduced from 24036.369 to 17517.187 (ATE went to 27650.2666029635).
PROBE TRIGGERED! Error reduced from 17517.187 to 12934.301 (ATE went to 23067.380979646485).
PROBE TRIGGERED! Error reduced from 12934.301 to 11571.950 (ATE went to 21705.029698960596).
PROBE TRIGGERED! Error reduced from 11571.950 to 8149.339 (ATE went to 18282.418540791205).
PROBE TRIGGERED! Error reduced from 8149.339 to 4874.744 (ATE went to 15007.823635375606).
***
FINISHED
ATE before: 64474.67995685708
ATE now is: 11839.171529712872
sequence is: (('zscore_clip_3', 'grade'), ('bin_equal_frequency_5', 'sqft_above'), ('bin_equal_frequency_2', 'yr_built'), ('bin_equal_frequency_2', 'sqft_lot15'), ('bin_equal_frequency_2', 'sqft_living15'), ('bin_equal_frequency_2', 'bedrooms'))
***
Execution time: 8632.763 sec
distances from ATE (with time):
[(54341.59995685708, 0), (48153.355228365595, 0.014280557632446289), (54341.59995685708, 0.02461099624633789), (48153.355228365595, 0.029746294021606445), (45015.635310820064, 0.23452043533325195), (44629.62914529163, 0.29016757011413574), (38670.602474045394, 0.37160205841064453), (54341.59995685708, 0.39154863357543945), (48153.355228365595, 0.4012284278869629), (38670.602474045394, 0.41770362854003906), (34480.39843220399, 0.4370558261871338), (54341.59995685708, 0.4519639015197754), (38670.602474045394, 0.45934104919433594), (34480.39843220399, 0.48526763916015625), (27928.523128554378, 3.7414309978485107), (54341.59995685708, 3.761423110961914), (38670.602474045394, 3.7716829776763916), (34480.39843220399, 3.861053705215454), (27928.523128554378, 3.8992063999176025), (24036.36873070556, 4.002161741256714), (54341.59995685708, 4.022531509399414), (38670.602474045394, 4.0332865715026855), (34480.39843220399, 4.0859456062316895), (27928.523128554378, 4.10595965385437), (24036.36873070556, 4.224928855895996), (23448.283185819273, 27.79290270805359), (21648.204470558594, 27.986037969589233), (17517.1866029635, 32.426252126693726), (54341.59995685708, 32.444995164871216), (38670.602474045394, 32.4539053440094), (34480.39843220399, 32.519967794418335), (27928.523128554378, 32.538851261138916), (24036.36873070556, 32.69788408279419), (23448.283185819273, 32.75894522666931), (17517.1866029635, 32.77425837516785), (12934.300979646485, 35.704649209976196), (54341.59995685708, 35.717559576034546), (38670.602474045394, 35.7228467464447), (34480.39843220399, 35.76706123352051), (27928.523128554378, 35.785112380981445), (24036.36873070556, 35.929784297943115), (23448.283185819273, 35.99190163612366), (17517.1866029635, 36.02091097831726), (12934.300979646485, 38.65199565887451), (11571.949698960596, 733.7328977584839), (54341.59995685708, 733.7650444507599), (38670.602474045394, 733.7749407291412), (34480.39843220399, 733.8314847946167), (27928.523128554378, 733.8509085178375), (24036.36873070556, 734.1130986213684), (23448.283185819273, 734.3113768100739), (17517.1866029635, 734.3522539138794), (12934.300979646485, 738.380378484726), (11571.949698960596, 791.5695168972015), (8149.338540791205, 1627.9484369754791), (54341.59995685708, 1627.9923582077026), (38670.602474045394, 1628.0166807174683), (34480.39843220399, 1628.0875635147095), (27928.523128554378, 1628.1295590400696), (24036.36873070556, 1628.624926328659), (23448.283185819273, 1628.6457180976868), (17517.1866029635, 1628.8319611549377), (12934.300979646485, 1629.7629699707031), (11571.949698960596, 1662.7969620227814), (8149.338540791205, 1662.8505074977875), (4874.743635375606, 1929.9196305274963), (54341.59995685708, 1929.9474971294403), (48153.355228365595, 1929.960904121399), (45015.635310820064, 1929.9804673194885), (44629.62914529163, 1930.0009052753448), (38670.602474045394, 1930.02028465271), (37595.40797966544, 1930.1008698940277), (34480.39843220399, 1930.116203546524), (27928.523128554378, 1930.1762034893036), (24036.36873070556, 1930.7130835056305), (23448.283185819273, 1930.766900062561), (17517.1866029635, 1930.8787586688995), (12934.300979646485, 1935.1815555095673), (8149.338540791205, 1964.3773860931396), (4874.743635375606, 2227.545114517212), (1706.0915297128722, 8632.749012231827)]
(REAL, NOT adjusted by restarts) probability of this sequence is: 3.4815425545477645e-14
uncertainty:
{'ate': 11839.171529712872, 'ci': (-46497.57093456338, 70175.91399398913)}
checked:
277777
