Starting EXP36.7, type=probe_probs_with_restart, run 2/3 (Task 475)
loaded cached data
loaded cached data
loaded cached data
loaded cached data
loaded cached data
loaded cached data
loaded cached data
START ATE IS: 56329.13838535986
PROBE TRIGGERED! Error reduced from 46196.058 to 36291.837 (ATE went to 46424.91743571509).
PROBE TRIGGERED! Error reduced from 36291.837 to 21803.007 (ATE went to 31936.0870084736).
PROBE TRIGGERED! Error reduced from 21803.007 to 19592.805 (ATE went to 29725.88476666567).
PROBE TRIGGERED! Error reduced from 19592.805 to 17134.047 (ATE went to 27267.127373648258).
PROBE TRIGGERED! Error reduced from 17134.047 to 15094.829 (ATE went to 25227.90927746709).
PROBE TRIGGERED! Error reduced from 15094.829 to 9670.995 (ATE went to 19804.074811277485).
PROBE TRIGGERED! Error reduced from 9670.995 to 3666.409 (ATE went to 13799.48873323802).
PROBE TRIGGERED! Error reduced from 3666.409 to 2567.586 (ATE went to 12700.665594675422).
***
FINISHED
ATE before: 56329.13838535986
ATE now is: 12559.183385300048
sequence is: (('IQR', 'bedrooms'), ('IQR', 'sqft_basement'), ('norm_log', 'sqft_living'), ('bin_equal_frequency_2', 'sqft_lot15'))
***
Execution time: 129.119 sec
distances from ATE (with time):
[(46196.05838535986, 0), (46075.45888727454, 0.019988059997558594), (45955.687939479656, 0.25734806060791016), (44341.663272746584, 0.28132128715515137), (36291.83743571509, 0.39205503463745117), (46196.05838535986, 0.4073307514190674), (36291.83743571509, 0.4139077663421631), (36188.68766819859, 0.4760432243347168), (34662.33953530018, 1.2823307514190674), (21803.0070084736, 1.4114689826965332), (46196.05838535986, 1.4292702674865723), (36291.83743571509, 1.4373834133148193), (21803.0070084736, 1.4512372016906738), (21724.225966586426, 1.5534014701843262), (20688.164190722768, 3.992565870285034), (19592.80476666567, 7.986958026885986), (46196.05838535986, 8.00254487991333), (21803.0070084736, 8.009019374847412), (19592.80476666567, 8.10507321357727), (19519.078790270105, 9.169836521148682), (17134.04737364826, 12.607956886291504), (46196.05838535986, 12.627983570098877), (21803.0070084736, 12.650683879852295), (19592.80476666567, 12.853489398956299), (17134.04737364826, 12.868848085403442), (16721.997919983827, 14.51195764541626), (15795.786211647634, 31.410897493362427), (15745.99958859402, 31.479856491088867), (15595.767812426338, 40.22993803024292), (15094.82927746709, 50.71556901931763), (46196.05838535986, 50.73420476913452), (21803.0070084736, 50.74248814582825), (17134.04737364826, 50.81057357788086), (16721.997919983827, 51.717934131622314), (15094.82927746709, 51.7700412273407), (14988.255182224066, 65.28162622451782), (9670.994811277485, 120.17488145828247), (46196.05838535986, 120.19490075111389), (21803.0070084736, 120.20432496070862), (9670.994811277485, 120.32598280906677), (3666.4087332380204, 121.30338406562805), (46196.05838535986, 121.33362793922424), (21803.0070084736, 121.34037494659424), (9670.994811277485, 121.38488268852234), (3666.4087332380204, 121.63206958770752), (2567.585594675422, 126.18432641029358), (46196.05838535986, 126.19746565818787), (21803.0070084736, 126.2110047340393), (9670.994811277485, 126.270756483078), (3666.4087332380204, 126.55011129379272), (2567.585594675422, 129.09060168266296), (2426.103385300048, 129.11326384544373)]
(REAL, NOT adjusted by restarts) probability of this sequence is: 1.4788711513925935e-12
uncertainty:
{'ate': 12559.183385300048, 'ci': (-40158.159100310615, 65276.525870910715)}
checked:
4257
