Starting EXP30.6, type=probe, run 1/3 (Task 126)
loaded cached data
loaded cached data
loaded cached data
loaded cached data
loaded cached data
loaded cached data
loaded cached data
START ATE IS: 8842.547123458658
PROBE TRIGGERED! Error reduced from 9931.453 to 7294.877 (ATE went to 11479.12330036408).
PROBE TRIGGERED! Error reduced from 7294.877 to 3638.071 (ATE went to 15135.928806012704).
PROBE TRIGGERED! Error reduced from 3638.071 to 1149.097 (ATE went to 17624.90301407923).
***
FINISHED
ATE before: 8842.547123458658
ATE now is: 18149.63789336545
sequence is: (('drop_duplicates', 'TABLE'), ('isolationForest', 'TABLE'))
***
Execution time: 333.527 sec
distances from ATE (with time):
[(9931.452876541342, 0), (7294.876699635921, 2.9280219078063965), (9931.452876541342, 3.368570566177368), (7294.876699635921, 3.6896793842315674), (3638.0711939872963, 22.490519046783447), (9931.452876541342, 22.890076160430908), (7294.876699635921, 23.233766794204712), (3638.0711939872963, 30.62065553665161), (1149.096985920769, 40.21872138977051), (9931.452876541342, 40.63251829147339), (3638.0711939872963, 47.170623779296875), (1149.096985920769, 53.13881063461304), (624.3621066345513, 333.37376141548157)]
(REAL, NOT adjusted by restarts) probability of this sequence is: 0.0010405827263267429
uncertainty:
{'ate': 18149.63789336545, 'ci': (16609.99900551363, 19689.276781217268)}
checked:
111
