Starting EXP29.5, type=probe_probs_with_restart, run 2/3 (Task 43)
loaded cached data
loaded cached data
loaded cached data
loaded cached data
loaded cached data
loaded cached data
loaded cached data
START ATE IS: 651.1758862144488
PROBE TRIGGERED! Error reduced from 651.176 to 553.956 (ATE went to 553.9563984571614).
PROBE TRIGGERED! Error reduced from 553.956 to 482.299 (ATE went to 482.29889097176147).
PROBE TRIGGERED! Error reduced from 482.299 to 376.436 (ATE went to 376.4356740781095).
PROBE TRIGGERED! Error reduced from 376.436 to 81.625 (ATE went to 81.6246547071778).
***
FINISHED
ATE before: 651.1758862144488
ATE now is: 1.843711656763844
sequence is: (('norm_log', 'age'), ('isolationForest', 'TABLE'))
***
Execution time: 3.315 sec
distances from ATE (with time):
[(651.1758862144488, 0), (553.9563984571614, 0.003003358840942383), (651.1758862144488, 0.0071468353271484375), (553.9563984571614, 0.010030031204223633), (553.9563978661772, 0.028695106506347656), (482.29889097176147, 0.04248666763305664), (651.1758862144488, 0.04649543762207031), (553.9563984571614, 0.04934120178222656), (482.29889097176147, 0.0539705753326416), (376.4356740781095, 0.0598599910736084), (651.1758862144488, 0.06386661529541016), (482.29889097176147, 0.06743407249450684), (376.4356740781095, 0.0771479606628418), (81.6246547071778, 0.4046757221221924), (651.1758862144488, 0.40879201889038086), (482.29889097176147, 0.4124629497528076), (81.6246547071778, 0.5856838226318359), (81.62465283505753, 2.2162158489227295), (1.843711656763844, 3.3128459453582764)]
(REAL, NOT adjusted by restarts) probability of this sequence is: 0.000190904653437903
uncertainty:
{'ate': 1.843711656763844, 'ci': (-2390.8886515173976, 2394.5760748309253)}
checked:
89
