Starting EXP30.6, type=probe_probs_with_restart, run 3/3 (Task 134)
loaded cached data
loaded cached data
loaded cached data
loaded cached data
loaded cached data
loaded cached data
loaded cached data
START ATE IS: 8666.758118537182
PROBE TRIGGERED! Error reduced from 10107.242 to 3047.509 (ATE went to 15726.490667186).
PROBE TRIGGERED! Error reduced from 3047.509 to 1700.383 (ATE went to 17073.61730431066).
PROBE TRIGGERED! Error reduced from 1700.383 to 1438.812 (ATE went to 17335.18768028558).
PROBE TRIGGERED! Error reduced from 1438.812 to 1041.340 (ATE went to 17732.659671598278).
***
FINISHED
ATE before: 8666.758118537182
ATE now is: 18169.642060888913
sequence is: (('drop_duplicates', 'TABLE'), ('norm_log', 'Age'), ('isolationForest', 'TABLE'), ('norm_log', 'education'))
***
Execution time: 587.743 sec
distances from ATE (with time):
[(10107.241881462818, 0), (3047.509332813999, 0.2798278331756592), (10107.241881462818, 0.7104780673980713), (3047.509332813999, 1.0109810829162598), (1700.382695689339, 5.524551630020142), (10107.241881462818, 5.987129211425781), (3047.509332813999, 6.3725621700286865), (1700.382695689339, 7.935689687728882), (1438.8123197144196, 107.88098907470703), (10107.241881462818, 108.23602819442749), (3047.509332813999, 108.53508281707764), (1700.382695689339, 116.88146781921387), (1438.8123197144196, 151.60144090652466), (1041.3403284017222, 288.7979054450989), (10107.241881462818, 289.110169172287), (3047.509332813999, 289.3811492919922), (1700.382695689339, 296.540833234787), (1438.8123197144196, 336.55293107032776), (1041.3403284017222, 405.04184103012085), (604.357939111087, 587.463552236557)]
(REAL, NOT adjusted by restarts) probability of this sequence is: 9.192134646515342e-07
uncertainty:
{'ate': 18169.642060888913, 'ci': (16548.07010203673, 19791.214019741095)}
checked:
365
