Starting EXP34.2, type=probe_probs_with_restart, run 2/3 (Task 385)
loaded cached data
loaded cached data
loaded cached data
loaded cached data
loaded cached data
loaded cached data
loaded cached data
START ATE IS: 8774.433204759567
PROBE TRIGGERED! Error reduced from 9999.567 to 3723.439 (ATE went to 15050.56081677351).
PROBE TRIGGERED! Error reduced from 3723.439 to 2592.894 (ATE went to 16181.105567066903).
PROBE TRIGGERED! Error reduced from 2592.894 to 1699.664 (ATE went to 17074.335567793576).
PROBE TRIGGERED! Error reduced from 1699.664 to 1278.412 (ATE went to 17495.587516296353).
***
FINISHED
ATE before: 8774.433204759567
ATE now is: 17832.033789622765
sequence is: (('drop_duplicates', 'TABLE'), ('norm_log', 'Age'), ('isolationForest', 'TABLE'), ('norm_log', 'education'))
***
Execution time: 1929.571 sec
distances from ATE (with time):
[(9999.566795240433, 0), (3723.43918322649, 0.9288079738616943), (9999.566795240433, 2.2499678134918213), (3723.43918322649, 3.1263351440429688), (3723.4391832109704, 9.972100019454956), (2592.894432933097, 17.210026741027832), (9999.566795240433, 18.56449055671692), (3723.43918322649, 19.353288650512695), (2592.894432933097, 24.487558603286743), (1699.664432206424, 100.84156942367554), (9999.566795240433, 102.0591332912445), (3723.43918322649, 102.7771053314209), (2592.894432933097, 126.10242509841919), (1699.664432206424, 133.5466434955597), (1278.412483703647, 265.20627546310425), (9999.566795240433, 266.29946660995483), (3723.43918322649, 267.04132628440857), (2592.894432933097, 288.48105001449585), (1699.664432206424, 294.70380687713623), (1278.412483703647, 364.97145342826843), (1249.4256725165142, 1900.9550807476044), (941.9662103772353, 1929.0091724395752)]
(REAL, NOT adjusted by restarts) probability of this sequence is: 9.192134646515342e-07
uncertainty:
{'ate': 17832.033789622765, 'ci': (16913.906963498102, 18750.160615747427)}
checked:
309
