Starting EXP36.1, type=probe, run 1/3 (Task 414)
loaded cached data
loaded cached data
loaded cached data
loaded cached data
loaded cached data
loaded cached data
loaded cached data
START ATE IS: -18098.4145323581
PROBE TRIGGERED! Error reduced from 28231.495 to 13206.178 (ATE went to -3073.0975827048874).
PROBE TRIGGERED! Error reduced from 13206.178 to 9406.244 (ATE went to 726.8359781285055).
***
FINISHED
ATE before: -18098.4145323581
ATE now is: 12213.826989417985
sequence is: (('bin_equal_width_2', 'floors'), ('bin_equal_frequency_2', 'bathrooms'))
***
Execution time: 0.315 sec
distances from ATE (with time):
[(28231.494532358098, 0), (13206.177582704888, 0.004290103912353516), (28231.494532358098, 0.011614561080932617), (13206.177582704888, 0.01544189453125), (9406.244021871495, 0.28629493713378906), (28231.494532358098, 0.29357361793518066), (13206.177582704888, 0.29784107208251953), (9406.244021871495, 0.3042013645172119), (2080.746989417985, 0.31148457527160645)]
(REAL, NOT adjusted by restarts) probability of this sequence is: 3.265306122448953e-05
uncertainty:
{'ate': 12213.826989417985, 'ci': (-186621.36453913615, 211049.01851797212)}
checked:
50
