Starting EXP29.6, type=probe_probs_no_restart, run 2/3 (Task 49)
loaded cached data
loaded cached data
loaded cached data
loaded cached data
loaded cached data
loaded cached data
loaded cached data
START ATE IS: 1225.7883398036229
***
FINISHED
ATE before: 1225.7883398036229
ATE now is: 35.07485279093271
sequence is: (('bin_equal_frequency_5', 'age'), ('isolationForest', 'TABLE'), ('drop_duplicates', 'TABLE'))
***
Execution time: 40.120 sec
distances from ATE (with time):
[(1225.7883398036229, 0), (1103.550548672858, 0.0031232833862304688), (1101.913132178117, 0.027673006057739258), (1101.6764699446085, 0.04166007041931152), (861.410079061764, 0.26126813888549805), (643.3563928282833, 0.6609630584716797), (628.272559329288, 2.3945369720458984), (408.4959631609372, 8.954211235046387), (255.57071886352242, 11.422590494155884), (208.2624025312325, 37.10028624534607), (134.60543059242445, 37.45875573158264), (67.48221408597055, 38.54101085662842), (35.07485279093271, 40.11754035949707)]
probability of this sequence is: 1.7506466181557892e-06
uncertainty:
{'ate': 35.07485279093271, 'ci': (-1999.9161740709417, 2070.065879652807)}
checked:
1714
