Starting EXP36.6, type=probe, run 2/3 (Task 460)
loaded cached data
loaded cached data
loaded cached data
loaded cached data
loaded cached data
loaded cached data
loaded cached data
START ATE IS: 63736.085900641076
PROBE TRIGGERED! Error reduced from 53603.006 to 47774.442 (ATE went to 57907.5222302291).
PROBE TRIGGERED! Error reduced from 47774.442 to 42189.579 (ATE went to 52322.65940572411).
PROBE TRIGGERED! Error reduced from 42189.579 to 36902.725 (ATE went to 47035.804628050835).
PROBE TRIGGERED! Error reduced from 36902.725 to 32789.121 (ATE went to 42922.20141593757).
PROBE TRIGGERED! Error reduced from 32789.121 to 29228.747 (ATE went to 39361.82748725206).
PROBE TRIGGERED! Error reduced from 29228.747 to 24987.384 (ATE went to 35120.464429989006).
PROBE TRIGGERED! Error reduced from 24987.384 to 20826.977 (ATE went to 30960.057114764375).
PROBE TRIGGERED! Error reduced from 20826.977 to 13064.420 (ATE went to 23197.500064190055).
PROBE TRIGGERED! Error reduced from 13064.420 to 11266.026 (ATE went to 21399.10580016468).
PROBE TRIGGERED! Error reduced from 11266.026 to 9628.317 (ATE went to 19761.39718447188).
PROBE TRIGGERED! Error reduced from 9628.317 to 7728.684 (ATE went to 17861.764207224554).
PROBE TRIGGERED! Error reduced from 7728.684 to 6894.036 (ATE went to 17027.115955351353).
PROBE TRIGGERED! Error reduced from 6894.036 to 5789.835 (ATE went to 15922.914897204579).
***
FINISHED
ATE before: 63736.085900641076
ATE now is: 11856.420384198562
sequence is: (('bin_equal_width_2', 'sqft_basement'), ('bin_equal_frequency_10', 'sqft_living'), ('bin_equal_frequency_2', 'yr_built'), ('bin_equal_frequency_2', 'sqft_lot15'), ('bin_equal_frequency_2', 'sqft_living15'))
***
Execution time: 525.004 sec
distances from ATE (with time):
[(53603.005900641074, 0), (47774.4422302291, 0.021610021591186523), (53603.005900641074, 0.0396428108215332), (47774.4422302291, 0.04774022102355957), (44991.70782226042, 0.1290116310119629), (42189.57940572411, 0.1591777801513672), (53603.005900641074, 0.17620396614074707), (47774.4422302291, 0.1828746795654297), (42189.57940572411, 0.20368170738220215), (36902.72462805083, 0.2236618995666504), (53603.005900641074, 0.243682861328125), (42189.57940572411, 0.2505373954772949), (36902.72462805083, 0.2734646797180176), (32789.12141593757, 2.6327102184295654), (53603.005900641074, 2.644850254058838), (42189.57940572411, 2.650909662246704), (36902.72462805083, 2.703643321990967), (32789.12141593757, 2.7476062774658203), (29228.74748725206, 2.803772211074829), (53603.005900641074, 2.8196117877960205), (42189.57940572411, 2.8258614540100098), (36902.72462805083, 2.860523223876953), (32789.12141593757, 2.871721029281616), (29228.74748725206, 2.929278612136841), (27254.952069547195, 5.231666564941406), (24987.384429989004, 5.309210777282715), (53603.005900641074, 5.32648491859436), (42189.57940572411, 5.332810163497925), (37178.47535991735, 5.363750219345093), (36902.72462805083, 5.375925064086914), (32789.12141593757, 5.4005126953125), (24987.384429989004, 5.423544645309448), (23458.339855630256, 5.507264852523804), (20826.977114764377, 41.708287477493286), (53603.005900641074, 41.74243402481079), (42189.57940572411, 41.77228403091431), (37178.47535991735, 41.83862257003784), (36902.72462805083, 41.8523313999176), (32789.12141593757, 41.865955114364624), (30521.554750133568, 41.980825424194336), (24987.384429989004, 42.01565432548523), (24699.171486432875, 42.26580548286438), (23458.339855630256, 42.28017234802246), (20826.977114764377, 42.294817209243774), (13064.420064190055, 42.62451171875), (53603.005900641074, 42.6388840675354), (42189.57940572411, 42.64598774909973), (37178.47535991735, 42.66958498954773), (32789.12141593757, 42.724626779556274), (24987.384429989004, 42.75741195678711), (23458.339855630256, 43.1576886177063), (20826.977114764377, 43.18799304962158), (13064.420064190055, 43.25738739967346), (11266.025800164682, 46.632309436798096), (53603.005900641074, 46.651663064956665), (42189.57940572411, 46.668941497802734), (37178.47535991735, 46.75071835517883), (36902.72462805083, 46.815035820007324), (30521.554750133568, 46.883652687072754), (24987.384429989004, 46.91285705566406), (24699.171486432875, 47.16503143310547), (23458.339855630256, 47.1750168800354), (13064.420064190055, 47.23168635368347), (11266.025800164682, 47.64256501197815), (9628.31718447188, 192.21415162086487), (53603.005900641074, 192.23114943504333), (42189.57940572411, 192.23972129821777), (37178.47535991735, 192.27890610694885), (30521.554750133568, 192.3501796722412), (24987.384429989004, 192.36854434013367), (13064.420064190055, 192.84441876411438), (11266.025800164682, 196.82370233535767), (9628.31718447188, 197.25770378112793), (7728.6842072245545, 251.76208543777466), (53603.005900641074, 251.80162405967712), (42189.57940572411, 251.82287859916687), (37178.47535991735, 251.91248679161072), (36902.72462805083, 251.9547688961029), (30521.554750133568, 251.98588466644287), (24987.384429989004, 252.01574110984802), (24699.171486432875, 252.4394552707672), (23458.339855630256, 252.45994567871094), (13064.420064190055, 252.55983018875122), (11266.025800164682, 253.463232755661), (9628.31718447188, 256.97975397109985), (7728.6842072245545, 282.48331475257874), (6894.035955351354, 450.7052083015442), (53603.005900641074, 450.72183871269226), (42189.57940572411, 450.7293312549591), (37178.47535991735, 450.75335788726807), (30521.554750133568, 450.8076705932617), (24987.384429989004, 450.8248782157898), (13064.420064190055, 451.2414720058441), (11266.025800164682, 452.89358019828796), (9628.31718447188, 453.20968890190125), (6894.035955351354, 456.9346168041229), (5789.834897204579, 488.4681131839752), (53603.005900641074, 488.4768750667572), (42189.57940572411, 488.4811441898346), (37178.47535991735, 488.49938559532166), (30521.554750133568, 488.554682970047), (24987.384429989004, 488.56848669052124), (13064.420064190055, 489.03571796417236), (11266.025800164682, 490.4488790035248), (6894.035955351354, 490.77675914764404), (5789.834897204579, 510.6062099933624), (1723.3403841985619, 524.9916143417358)]
(REAL, NOT adjusted by restarts) probability of this sequence is: 6.092699470458613e-12
uncertainty:
{'ate': 11856.420384198562, 'ci': (-50474.86575038117, 74187.7065187783)}
checked:
23213
