Starting EXP36.4, type=probe, run 1/3 (Task 441)
loaded cached data
loaded cached data
loaded cached data
loaded cached data
loaded cached data
loaded cached data
loaded cached data
START ATE IS: 73441.63386125036
PROBE TRIGGERED! Error reduced from 63308.554 to 55837.754 (ATE went to 65970.83404842898).
PROBE TRIGGERED! Error reduced from 55837.754 to 47492.626 (ATE went to 57625.70560978564).
PROBE TRIGGERED! Error reduced from 47492.626 to 41596.250 (ATE went to 51729.32977875053).
PROBE TRIGGERED! Error reduced from 41596.250 to 36682.602 (ATE went to 46815.68189296184).
PROBE TRIGGERED! Error reduced from 36682.602 to 31345.465 (ATE went to 41478.54544996872).
PROBE TRIGGERED! Error reduced from 31345.465 to 23804.107 (ATE went to 33937.18667409597).
PROBE TRIGGERED! Error reduced from 23804.107 to 19574.393 (ATE went to 29707.47276127916).
PROBE TRIGGERED! Error reduced from 19574.393 to 14897.831 (ATE went to 25030.911493702846).
PROBE TRIGGERED! Error reduced from 14897.831 to 12993.951 (ATE went to 23127.030758711902).
PROBE TRIGGERED! Error reduced from 12993.951 to 11266.869 (ATE went to 21399.94943864979).
PROBE TRIGGERED! Error reduced from 11266.869 to 8869.348 (ATE went to 19002.428222869432).
PROBE TRIGGERED! Error reduced from 8869.348 to 7715.099 (ATE went to 17848.179033909044).
PROBE TRIGGERED! Error reduced from 7715.099 to 6242.960 (ATE went to 16376.039833295516).
PROBE TRIGGERED! Error reduced from 6242.960 to 4043.805 (ATE went to 14176.885434777958).
PROBE TRIGGERED! Error reduced from 4043.805 to 3386.125 (ATE went to 13519.205223687979).
***
FINISHED
ATE before: 73441.63386125036
ATE now is: 11081.686653501596
sequence is: (('IQR', 'bedrooms'), ('bin_equal_frequency_10', 'sqft_living'), ('bin_equal_frequency_5', 'sqft_living15'), ('bin_equal_frequency_2', 'yr_built'), ('bin_equal_frequency_2', 'sqft_lot15'), ('bin_equal_frequency_2', 'bathrooms'))
***
Execution time: 4675.363 sec
distances from ATE (with time):
[(63308.55386125036, 0), (55837.75404842898, 0.0054247379302978516), (63308.55386125036, 0.014122962951660156), (55837.75404842898, 0.018725156784057617), (54031.79720605848, 0.07568931579589844), (53863.429680469984, 0.11649322509765625), (50477.25388908912, 0.14201807975769043), (47492.62560978564, 0.22815895080566406), (63308.55386125036, 0.2453007698059082), (55837.75404842898, 0.253265380859375), (47492.62560978564, 0.26072001457214355), (41596.24977875053, 0.2693607807159424), (63308.55386125036, 0.27852869033813477), (47492.62560978564, 0.28370237350463867), (41596.24977875053, 0.30005574226379395), (36682.60189296184, 2.3392136096954346), (63308.55386125036, 2.348029136657715), (47492.62560978564, 2.3530054092407227), (41596.24977875053, 2.379326343536377), (36682.60189296184, 2.3973915576934814), (31345.465449968717, 2.4350645542144775), (63308.55386125036, 2.443960189819336), (47492.62560978564, 2.4487247467041016), (41596.24977875053, 2.4709877967834473), (36682.60189296184, 2.4792494773864746), (31345.465449968717, 2.5305891036987305), (23804.106674095965, 22.43541669845581), (63308.55386125036, 22.498250484466553), (47492.62560978564, 22.50928258895874), (41596.24977875053, 22.56275486946106), (36682.60189296184, 22.571606397628784), (34818.25662958676, 22.613685846328735), (31345.465449968717, 22.664498329162598), (23804.106674095965, 22.704559564590454), (22206.705885516632, 24.610073804855347), (19574.39276127916, 76.20363259315491), (63308.55386125036, 76.22177362442017), (47492.62560978564, 76.23043489456177), (43282.13892688109, 76.28532552719116), (41596.24977875053, 76.30213713645935), (36682.60189296184, 76.31832981109619), (34818.25662958676, 76.3959846496582), (32719.631665908615, 76.52541613578796), (31345.465449968717, 76.6387677192688), (30264.281793985523, 76.67364931106567), (23804.106674095965, 76.762864112854), (19574.39276127916, 79.8899598121643), (17847.460417531685, 95.35796308517456), (14897.831493702846, 212.98125767707825), (63308.55386125036, 212.99145078659058), (47492.62560978564, 212.99658608436584), (36682.60189296184, 213.02940130233765), (34818.25662958676, 213.0384805202484), (23804.106674095965, 213.33954882621765), (19574.39276127916, 213.95649409294128), (14897.831493702846, 216.11205554008484), (13825.826006325386, 262.8325595855713), (12993.950758711902, 514.5826208591461), (63308.55386125036, 514.6022498607635), (53863.429680469984, 514.6118149757385), (50477.25388908912, 514.6250629425049), (47492.62560978564, 514.6382400989532), (43282.13892688109, 514.6643350124359), (40454.22227492524, 514.7077741622925), (36682.60189296184, 514.7237923145294), (34818.25662958676, 514.7558155059814), (32719.631665908615, 514.8172190189362), (30264.281793985523, 514.8328530788422), (23804.106674095965, 515.0860011577606), (19574.39276127916, 515.2709708213806), (17847.460417531685, 518.8544890880585), (14897.831493702846, 519.2147965431213), (12993.950758711902, 533.7156186103821), (11266.86943864979, 626.654495716095), (63308.55386125036, 626.671968460083), (53863.429680469984, 626.6802957057953), (50477.25388908912, 626.6941072940826), (47492.62560978564, 626.7082068920135), (43282.13892688109, 626.7343137264252), (40454.22227492524, 626.778156042099), (36682.60189296184, 626.7947752475739), (34818.25662958676, 626.8263394832611), (32719.631665908615, 626.9816162586212), (30264.281793985523, 627.0295488834381), (23804.106674095965, 627.4139575958252), (19574.39276127916, 627.6358180046082), (18221.677414390666, 631.8220720291138), (17847.460417531685, 631.9940278530121), (14897.831493702846, 632.4178457260132), (12993.950758711902, 632.4276432991028), (11266.86943864979, 685.5471270084381), (8869.348222869432, 695.8998544216156), (63308.55386125036, 695.9207220077515), (53863.429680469984, 695.9303557872772), (50477.25388908912, 695.9447391033173), (47492.62560978564, 695.9588952064514), (43282.13892688109, 695.9869976043701), (40454.22227492524, 696.0157361030579), (36682.60189296184, 696.0243837833405), (34818.25662958676, 696.0413959026337), (32719.631665908615, 696.10098528862), (30264.281793985523, 696.1349029541016), (23804.106674095965, 696.5847783088684), (19574.39276127916, 696.7430136203766), (18221.677414390666, 700.2015833854675), (14897.831493702846, 700.2171967029572), (12993.950758711902, 700.963672876358), (8869.348222869432, 732.8067843914032), (7715.099033909044, 922.5601222515106), (63308.55386125036, 922.5698547363281), (53863.429680469984, 922.5747179985046), (50477.25388908912, 922.5818185806274), (47492.62560978564, 922.589024066925), (43282.13892688109, 922.6036667823792), (40454.22227492524, 922.6267466545105), (36682.60189296184, 922.6353557109833), (34818.25662958676, 922.6540610790253), (32719.631665908615, 922.7616260051727), (30264.281793985523, 922.7950444221497), (23804.106674095965, 923.0586583614349), (19574.39276127916, 923.1528995037079), (18221.677414390666, 926.6951546669006), (14897.831493702846, 926.7160408496857), (12993.950758711902, 927.2725336551666), (8869.348222869432, 961.2824687957764), (7715.099033909044, 1143.4408540725708), (7408.845578772818, 2254.7909309864044), (6242.959833295516, 2255.149531364441), (63308.55386125036, 2255.176327943802), (53863.429680469984, 2255.1853544712067), (50477.25388908912, 2255.1975433826447), (47492.62560978564, 2255.2104954719543), (43282.13892688109, 2255.2518076896667), (40454.22227492524, 2255.2956368923187), (36682.60189296184, 2255.3112297058105), (34818.25662958676, 2255.3565468788147), (32719.631665908615, 2255.5648782253265), (30264.281793985523, 2255.6113319396973), (23804.106674095965, 2256.2097687721252), (19574.39276127916, 2256.8258085250854), (18221.677414390666, 2259.1700599193573), (14897.831493702846, 2262.181181907654), (12993.950758711902, 2262.203423023224), (12448.153307809493, 2266.519542455673), (12246.622272978517, 2269.241381883621), (8869.348222869432, 2287.880171060562), (6242.959833295516, 2308.3554196357727), (6144.449338310684, 2308.4111728668213), (6022.508583398985, 2320.9168701171875), (5922.583291977358, 2320.952025413513), (4043.805434777958, 2643.715533018112), (63308.55386125036, 2643.7306702136993), (53863.429680469984, 2643.7373259067535), (50477.25388908912, 2643.749297618866), (47492.62560978564, 2643.785813331604), (43282.13892688109, 2643.798211336136), (40454.22227492524, 2643.8388390541077), (36682.60189296184, 2644.025290250778), (32719.631665908615, 2644.03462266922), (30264.281793985523, 2644.0710315704346), (23804.106674095965, 2644.7075684070587), (19574.39276127916, 2644.72225022316), (18221.677414390666, 2649.6855874061584), (12993.950758711902, 2649.702715396881), (12448.153307809493, 2650.8156611919403), (12246.622272978517, 2651.409601211548), (11266.86943864979, 2687.525194644928), (6242.959833295516, 2687.9115777015686), (6144.449338310684, 2687.9368097782135), (6022.508583398985, 2688.334540128708), (5922.583291977358, 2688.3525598049164), (4043.805434777958, 2908.6799285411835), (3943.309040405442, 2908.706075191498), (3823.3931346122026, 2908.886587381363), (3721.457575173823, 2908.912053823471), (3386.125223687979, 4339.437855243683), (63308.55386125036, 4339.464597463608), (53863.429680469984, 4339.472897768021), (50477.25388908912, 4339.4837946891785), (47492.62560978564, 4339.516979217529), (43282.13892688109, 4339.528212308884), (43095.379107900124, 4339.5515468120575), (40454.22227492524, 4339.574403047562), (36682.60189296184, 4339.707284212112), (32719.631665908615, 4339.720428228378), (30264.281793985523, 4339.771255970001), (30161.986492983262, 4340.039279460907), (23804.106674095965, 4340.604214429855), (19574.39276127916, 4340.618271827698), (19078.147604914957, 4341.387414932251), (18221.677414390666, 4344.105365276337), (12993.950758711902, 4344.121560335159), (12448.153307809493, 4347.418657064438), (12255.717370204717, 4347.433748245239), (12246.622272978517, 4347.9986317157745), (9959.784642204448, 4350.0205817222595), (9779.749785203736, 4350.706069231033), (6242.959833295516, 4374.021691322327), (6144.449338310684, 4374.043055295944), (6022.508583398985, 4374.612151384354), (5922.583291977358, 4374.631866931915), (3386.125223687979, 4393.628966808319), (3270.864143025845, 4393.709914445877), (3182.243724161748, 4394.923248767853), (3065.56807994225, 4395.036612272263), (948.6066535015962, 4675.3573479652405)]
(REAL, NOT adjusted by restarts) probability of this sequence is: 3.4815425545477645e-14
uncertainty:
{'ate': 11081.686653501596, 'ci': (-63534.56920324652, 85697.94251024972)}
checked:
219452
