Starting EXP36.5, type=probe_probs_with_restart, run 1/3 (Task 456)
loaded cached data
loaded cached data
loaded cached data
loaded cached data
loaded cached data
loaded cached data
loaded cached data
START ATE IS: 48153.10039487951
PROBE TRIGGERED! Error reduced from 38020.020 to 29363.229 (ATE went to 39496.308927870865).
PROBE TRIGGERED! Error reduced from 29363.229 to 12618.542 (ATE went to 22751.622336019416).
PROBE TRIGGERED! Error reduced from 12618.542 to 10273.834 (ATE went to 20406.91412825528).
PROBE TRIGGERED! Error reduced from 10273.834 to 9112.705 (ATE went to 19245.784806359246).
PROBE TRIGGERED! Error reduced from 9112.705 to 7689.606 (ATE went to 17822.685788074516).
PROBE TRIGGERED! Error reduced from 7689.606 to 5106.790 (ATE went to 15239.870087674171).
PROBE TRIGGERED! Error reduced from 5106.790 to 3928.660 (ATE went to 14061.740485958513).
PROBE TRIGGERED! Error reduced from 3928.660 to 3352.801 (ATE went to 13485.881185346268).
***
FINISHED
ATE before: 48153.10039487951
ATE now is: 8373.605789122705
sequence is: (('bin_equal_frequency_5', 'sqft_living'), ('IQR', 'bedrooms'))
***
Execution time: 83.519 sec
distances from ATE (with time):
[(38020.02039487951, 0), (38019.94154561028, 0.02533745765686035), (38019.77180209601, 0.23339462280273438), (37253.76043968475, 0.2510049343109131), (29363.228927870863, 0.2754347324371338), (38020.02039487951, 0.2915921211242676), (29363.228927870863, 0.29880809783935547), (12618.542336019416, 0.7587924003601074), (38020.02039487951, 0.7731401920318604), (29363.228927870863, 0.78598952293396), (12618.542336019416, 1.1994733810424805), (10273.834128255281, 1.5521633625030518), (38020.02039487951, 1.5684802532196045), (12618.542336019416, 2.0246427059173584), (10273.834128255281, 2.4520103931427), (9112.704806359247, 2.8259117603302), (38020.02039487951, 2.845231056213379), (29363.228927870863, 2.8542418479919434), (12618.542336019416, 3.198193073272705), (10273.834128255281, 3.685539484024048), (9112.704806359247, 4.225752592086792), (8783.009567342995, 26.844311952590942), (7689.605788074516, 30.855815887451172), (38020.02039487951, 30.86414861679077), (12618.542336019416, 31.232635736465454), (10273.834128255281, 31.616496562957764), (9112.704806359247, 31.99768877029419), (7689.605788074516, 32.44720911979675), (5106.790087674171, 33.775110960006714), (38020.02039487951, 33.79005551338196), (12618.542336019416, 34.128907918930054), (10273.834128255281, 34.49186873435974), (7689.605788074516, 34.83687424659729), (5106.790087674171, 36.24715876579285), (3928.660485958513, 37.29652547836304), (38020.02039487951, 37.30946636199951), (29363.228927870863, 37.31555390357971), (12618.542336019416, 37.66362190246582), (10273.834128255281, 38.01269578933716), (9112.704806359247, 38.3536434173584), (7689.605788074516, 38.729851484298706), (5106.790087674171, 39.431188106536865), (3928.660485958513, 40.484652280807495), (3352.8011853462685, 80.51388740539551), (38020.02039487951, 80.52772784233093), (12618.542336019416, 81.03116464614868), (3352.8011853462685, 81.0561740398407), (3097.0540235268727, 81.56345725059509), (1759.4742108772953, 83.50191736221313)]
(REAL, NOT adjusted by restarts) probability of this sequence is: 7.463764784736143e-07
uncertainty:
{'ate': 8373.605789122705, 'ci': (-61998.29094765627, 78745.50252590168)}
checked:
613
