Starting EXP34.1, type=probe_probs_no_restart, run 1/3 (Task 372)
loaded cached data
loaded cached data
loaded cached data
loaded cached data
loaded cached data
loaded cached data
loaded cached data
START ATE IS: 8774.433204759567
***
FINISHED
ATE before: 8774.433204759567
ATE now is: 18347.48521611017
sequence is: (('bin_equal_frequency_5', 'education'), ('norm_log', 'education'), ('isolationForest', 'TABLE'))
***
Execution time: 4419.300 sec
distances from ATE (with time):
[(9999.566795240433, 0), (3723.43918322649, 0.3987088203430176), (3723.4391832145047, 4.27999210357666), (2592.8944329332426, 5.145822286605835), (2086.071306508289, 42.45112466812134), (1992.9098164185707, 252.61743092536926), (1733.6203181320016, 296.525931596756), (1720.9634639995784, 399.60745787620544), (1410.2984298839547, 402.5409526824951), (1068.0397304178805, 2207.6194262504578), (426.51478388983014, 4419.047579050064)]
probability of this sequence is: 4.179958004583426e-07
uncertainty:
{'ate': 18347.48521611017, 'ci': (17208.932648144964, 19486.037784075375)}
checked:
2286
