Starting EXP36.7, type=probe, run 3/3 (Task 470)
loaded cached data
loaded cached data
loaded cached data
loaded cached data
loaded cached data
loaded cached data
loaded cached data
START ATE IS: 66496.89799975224
PROBE TRIGGERED! Error reduced from 56363.818 to 48485.527 (ATE went to 58618.60710709269).
PROBE TRIGGERED! Error reduced from 48485.527 to 36506.173 (ATE went to 46639.2530483022).
PROBE TRIGGERED! Error reduced from 36506.173 to 30492.377 (ATE went to 40625.45739848653).
PROBE TRIGGERED! Error reduced from 30492.377 to 26269.536 (ATE went to 36402.61609281632).
PROBE TRIGGERED! Error reduced from 26269.536 to 19535.248 (ATE went to 29668.328349811232).
PROBE TRIGGERED! Error reduced from 19535.248 to 17240.331 (ATE went to 27373.410597572863).
PROBE TRIGGERED! Error reduced from 17240.331 to 13229.297 (ATE went to 23362.376585263173).
PROBE TRIGGERED! Error reduced from 13229.297 to 10257.899 (ATE went to 20390.979144797744).
PROBE TRIGGERED! Error reduced from 10257.899 to 8695.190 (ATE went to 18828.270429238695).
***
FINISHED
ATE before: 66496.89799975224
ATE now is: 11979.874674860639
sequence is: (('bin_equal_width_5', 'sqft_basement'), ('bin_equal_frequency_5', 'sqft_living'), ('bin_equal_frequency_2', 'yr_built'), ('bin_equal_frequency_2', 'sqft_lot15'), ('bin_equal_frequency_2', 'sqft_living15'))
***
Execution time: 423.761 sec
distances from ATE (with time):
[(56363.81799975224, 0), (48485.52710709269, 0.03999495506286621), (56363.81799975224, 0.0581049919128418), (48485.52710709269, 0.06737017631530762), (46204.49885410071, 0.23539304733276367), (45552.129963249965, 0.395932674407959), (36506.1730483022, 0.42795324325561523), (56363.81799975224, 0.4444706439971924), (48485.52710709269, 0.4521627426147461), (36506.1730483022, 0.4647057056427002), (34521.48863534673, 0.47929906845092773), (30492.377398486526, 6.297605991363525), (56363.81799975224, 6.314072608947754), (36506.1730483022, 6.322226524353027), (34521.48863534673, 6.397949934005737), (30492.377398486526, 6.42664098739624), (28146.06805753355, 6.49633002281189), (26269.53609281632, 9.557638883590698), (56363.81799975224, 9.575856447219849), (36506.1730483022, 9.58695387840271), (34521.48863534673, 9.654632806777954), (30492.377398486526, 9.672890186309814), (26269.53609281632, 9.689764738082886), (24334.539470391406, 13.051608562469482), (19535.248349811234, 13.090387344360352), (56363.81799975224, 13.108680009841919), (36506.1730483022, 13.118210315704346), (30492.377398486526, 13.18170714378357), (26269.53609281632, 13.199426651000977), (19535.248349811234, 13.405197620391846), (17240.330597572865, 16.2502179145813), (56363.81799975224, 16.267999172210693), (36506.1730483022, 16.275315523147583), (30492.377398486526, 16.324565649032593), (26269.53609281632, 16.338093280792236), (19535.248349811234, 16.487850427627563), (17240.330597572865, 19.211928606033325), (16988.408356552456, 47.66565418243408), (15837.31721996585, 105.30574774742126), (13229.296585263173, 105.44702005386353), (56363.81799975224, 105.46331787109375), (36506.1730483022, 105.4704098701477), (30492.377398486526, 105.51718711853027), (26269.53609281632, 105.53048586845398), (19535.248349811234, 105.72843289375305), (19409.95859288799, 106.11763715744019), (17240.330597572865, 108.54566836357117), (13229.296585263173, 113.89170956611633), (10257.899144797744, 180.0835132598877), (56363.81799975224, 180.0989875793457), (36506.1730483022, 180.10656142234802), (30492.377398486526, 180.1763882637024), (26269.53609281632, 180.19257259368896), (19535.248349811234, 180.48843002319336), (19409.95859288799, 180.64189291000366), (17240.330597572865, 183.63990092277527), (13229.296585263173, 183.6799087524414), (10257.899144797744, 210.74794006347656), (9535.728461772493, 307.8075518608093), (8695.190429238695, 360.2739884853363), (56363.81799975224, 360.3077943325043), (36506.1730483022, 360.3218421936035), (30492.377398486526, 360.3881108760834), (26269.53609281632, 360.40287566185), (19535.248349811234, 360.7959187030792), (19409.95859288799, 361.00342988967896), (16988.408356552456, 361.41733860969543), (13229.296585263173, 365.04565834999084), (9535.728461772493, 365.56546688079834), (8695.190429238695, 375.8990731239319), (8687.32997476966, 420.27698397636414), (1846.7946748606391, 423.75652861595154)]
(REAL, NOT adjusted by restarts) probability of this sequence is: 6.092699470458613e-12
uncertainty:
{'ate': 11979.874674860639, 'ci': (-48531.21895723247, 72490.96830695376)}
checked:
18680
