Starting EXP36.1, type=probe, run 2/3 (Task 415)
loaded cached data
loaded cached data
loaded cached data
loaded cached data
loaded cached data
loaded cached data
loaded cached data
START ATE IS: 88669.57307920902
PROBE TRIGGERED! Error reduced from 78536.493 to 64111.390 (ATE went to 74244.46952099835).
PROBE TRIGGERED! Error reduced from 64111.390 to 55297.668 (ATE went to 65430.74836029466).
PROBE TRIGGERED! Error reduced from 55297.668 to 38274.335 (ATE went to 48407.41458507751).
PROBE TRIGGERED! Error reduced from 38274.335 to 18912.629 (ATE went to 29045.70912310811).
PROBE TRIGGERED! Error reduced from 18912.629 to 6665.952 (ATE went to 16799.031832319597).
PROBE TRIGGERED! Error reduced from 6665.952 to 5780.726 (ATE went to 15913.806013164341).
***
FINISHED
ATE before: 88669.57307920902
ATE now is: 11747.380745889368
sequence is: (('IQR', 'sqft_lot'), ('bin_equal_frequency_2', 'yr_built'), ('bin_equal_frequency_2', 'sqft_above'), ('bin_equal_frequency_2', 'bedrooms'))
***
Execution time: 70.246 sec
distances from ATE (with time):
[(78536.49307920902, 0), (72332.52751034583, 0.004519224166870117), (64111.389520998346, 0.011360883712768555), (78536.49307920902, 0.019685029983520508), (64111.389520998346, 0.02408599853515625), (59715.379851938356, 0.09026455879211426), (55297.66836029466, 0.1024017333984375), (78536.49307920902, 0.10975456237792969), (64111.389520998346, 0.11403393745422363), (55297.66836029466, 0.12044286727905273), (38274.33458507751, 0.12796473503112793), (78536.49307920902, 0.13549566268920898), (55297.66836029466, 0.13946223258972168), (38274.33458507751, 0.1524972915649414), (18912.629123108112, 2.7399842739105225), (78536.49307920902, 2.748411178588867), (55297.66836029466, 2.7528514862060547), (42844.166983946525, 2.7667384147644043), (38274.33458507751, 2.7741546630859375), (18912.629123108112, 2.7900171279907227), (6665.951832319597, 2.831820011138916), (78536.49307920902, 2.8395934104919434), (55297.66836029466, 2.843874931335449), (42844.166983946525, 2.8578686714172363), (38274.33458507751, 2.865389585494995), (18912.629123108112, 2.8819611072540283), (6665.951832319597, 2.917308807373047), (5780.726013164342, 33.61546587944031), (78536.49307920902, 33.62283182144165), (55297.66836029466, 33.626800775527954), (42844.166983946525, 33.63876724243164), (38274.33458507751, 33.645243644714355), (18912.629123108112, 33.66611075401306), (6665.951832319597, 33.72103428840637), (5780.726013164342, 38.17688179016113), (1614.300745889368, 70.24322009086609)]
(REAL, NOT adjusted by restarts) probability of this sequence is: 1.0662224073302616e-09
uncertainty:
{'ate': 11747.380745889368, 'ci': (-92290.03279928652, 115784.79429106526)}
checked:
6449
