Starting EXP34.4, type=probe_probs_no_restart, run 3/3 (Task 401)
loaded cached data
loaded cached data
loaded cached data
loaded cached data
loaded cached data
loaded cached data
loaded cached data
START ATE IS: 8774.433204759567
***
FINISHED
ATE before: 8774.433204759567
ATE now is: 17842.134900944853
sequence is: (('drop_duplicates', 'TABLE'), ('norm_log', 'Age'), ('isolationForest', 'TABLE'), ('norm_log', 'education'))
***
Execution time: 11212.371 sec
distances from ATE (with time):
[(9999.566795240433, 0), (3723.43918322649, 1.6540515422821045), (3723.4391832125493, 21.486748456954956), (2592.894432943078, 25.818202018737793), (1584.350420858471, 210.7202386856079), (1584.3504208541563, 1312.7866072654724), (1148.4002071063478, 1384.5420570373535), (1136.9831640393131, 11103.74029803276), (931.8650990551469, 11211.226069688797)]
probability of this sequence is: 9.192134646515342e-07
uncertainty:
{'ate': 17842.134900944853, 'ci': (17190.10666662843, 18494.163135261275)}
checked:
1414
