Starting EXP29.2, type=probe, run 1/3 (Task 9)
loaded cached data
loaded cached data
loaded cached data
loaded cached data
loaded cached data
loaded cached data
loaded cached data
START ATE IS: 2955.96129710644
PROBE TRIGGERED! Error reduced from 2955.961 to 2561.047 (ATE went to 2561.046868735997).
PROBE TRIGGERED! Error reduced from 2561.047 to 1928.513 (ATE went to 1928.5133367521012).
PROBE TRIGGERED! Error reduced from 1928.513 to 1354.098 (ATE went to 1354.0980596346744).
PROBE TRIGGERED! Error reduced from 1354.098 to 1185.166 (ATE went to 1185.1661074783442).
PROBE TRIGGERED! Error reduced from 1185.166 to 427.778 (ATE went to 427.7780390799162).
***
FINISHED
ATE before: 2955.96129710644
ATE now is: 37.91890973558475
sequence is: (('isolationForest', 'TABLE'), ('bin_equal_width_2', 'age'), ('drop_duplicates', 'TABLE'))
***
Execution time: 39.371 sec
distances from ATE (with time):
[(2955.96129710644, 0), (2816.6155699577266, 0.009016752243041992), (2810.1675186909742, 0.07804727554321289), (2561.046868735997, 0.08668184280395508), (2955.96129710644, 0.0910482406616211), (2561.046868735997, 0.09409356117248535), (1928.5133367521012, 0.38486576080322266), (2955.96129710644, 0.389251708984375), (2561.046868735997, 0.39229869842529297), (1928.5133367521012, 0.5629324913024902), (1354.0980596346744, 0.9886927604675293), (2955.96129710644, 0.9927597045898438), (1928.5133367521012, 1.1572985649108887), (1354.0980596346744, 1.4949977397918701), (1185.1661074783442, 2.9434239864349365), (2955.96129710644, 2.948547124862671), (1928.5133367521012, 3.232252836227417), (1354.0980596346744, 3.577219009399414), (1185.1661074783442, 3.7451977729797363), (427.7780390799162, 5.210649728775024), (2955.96129710644, 5.21515154838562), (1928.5133367521012, 5.386378526687622), (1185.1661074783442, 5.601547002792358), (427.7780390799162, 6.416710376739502), (37.91890973558475, 39.36917304992676)]
(REAL, NOT adjusted by restarts) probability of this sequence is: 3.356718472021751e-05
uncertainty:
{'ate': 37.91890973558475, 'ci': (-6815.339405401062, 6891.177224872232)}
checked:
431
