Starting EXP36.5, type=probe, run 3/3 (Task 452)
loaded cached data
loaded cached data
loaded cached data
loaded cached data
loaded cached data
loaded cached data
loaded cached data
START ATE IS: 59281.159662668724
PROBE TRIGGERED! Error reduced from 49148.080 to 43241.077 (ATE went to 53374.15697220071).
PROBE TRIGGERED! Error reduced from 43241.077 to 38045.656 (ATE went to 48178.73617373155).
PROBE TRIGGERED! Error reduced from 38045.656 to 28611.745 (ATE went to 38744.82542701086).
PROBE TRIGGERED! Error reduced from 28611.745 to 25684.829 (ATE went to 35817.90925240704).
PROBE TRIGGERED! Error reduced from 25684.829 to 18652.057 (ATE went to 28785.1373715595).
PROBE TRIGGERED! Error reduced from 18652.057 to 16754.712 (ATE went to 26887.792142151306).
PROBE TRIGGERED! Error reduced from 16754.712 to 8599.900 (ATE went to 18732.979638789504).
PROBE TRIGGERED! Error reduced from 8599.900 to 6996.844 (ATE went to 17129.924208725806).
PROBE TRIGGERED! Error reduced from 6996.844 to 6147.018 (ATE went to 16280.09824721938).
***
FINISHED
ATE before: 59281.159662668724
ATE now is: 7656.9939934508975
sequence is: (('bin_equal_frequency_10', 'sqft_living'), ('norm_log', 'sqft_living'), ('bin_equal_width_10', 'sqft_above'), ('bin_equal_frequency_2', 'sqft_lot15'))
***
Execution time: 61.275 sec
distances from ATE (with time):
[(49148.07966266872, 0), (44644.55004567344, 0.01844048500061035), (43241.07697220071, 0.0845341682434082), (49148.07966266872, 0.09754228591918945), (43241.07697220071, 0.1038663387298584), (39987.61074503048, 0.21906208992004395), (39142.08908818657, 0.3115122318267822), (38045.65617373155, 0.33242130279541016), (49148.07966266872, 0.34624385833740234), (43241.07697220071, 0.3527684211730957), (38045.65617373155, 0.36359477043151855), (28611.745427010857, 0.7338054180145264), (49148.07966266872, 0.7471580505371094), (43241.07697220071, 0.7539689540863037), (38045.65617373155, 0.7652096748352051), (28611.745427010857, 0.7762918472290039), (26838.75377382699, 1.9223144054412842), (25684.829252407035, 5.9018943309783936), (49148.07966266872, 5.9146552085876465), (28611.745427010857, 5.9212915897369385), (25684.829252407035, 5.968661546707153), (18652.057371559502, 8.293239831924438), (49148.07966266872, 8.306392431259155), (28611.745427010857, 8.312920570373535), (25684.829252407035, 8.367981433868408), (18652.057371559502, 8.380913019180298), (17700.252559324043, 12.75702953338623), (16754.712142151307, 24.230733394622803), (49148.07966266872, 24.249319076538086), (39987.61074503048, 24.260042428970337), (28611.745427010857, 24.275741815567017), (26838.75377382699, 24.335981607437134), (18652.057371559502, 24.354223012924194), (16754.712142151307, 24.49047064781189), (8599.899638789504, 24.91094136238098), (49148.07966266872, 24.92843532562256), (28611.745427010857, 24.938024759292603), (26838.75377382699, 24.964430332183838), (18652.057371559502, 25.029319286346436), (18648.018885870006, 25.079352140426636), (16754.712142151307, 25.09540557861328), (8599.899638789504, 25.332650423049927), (6996.844208725806, 56.197200775146484), (49148.07966266872, 56.21674633026123), (28611.745427010857, 56.22787833213806), (26838.75377382699, 56.27949070930481), (18652.057371559502, 56.32880902290344), (17700.252559324043, 56.35688352584839), (16754.712142151307, 56.43690729141235), (6996.844208725806, 56.78722047805786), (6147.018247219379, 57.314759254455566), (49148.07966266872, 57.33045291900635), (39987.61074503048, 57.3385705947876), (28611.745427010857, 57.3521192073822), (26838.75377382699, 57.36458945274353), (18652.057371559502, 57.41735863685608), (16754.712142151307, 57.432820320129395), (8599.899638789504, 57.78945279121399), (6996.844208725806, 58.03057527542114), (6147.018247219379, 58.04767370223999), (2476.0860065491024, 61.267895460128784)]
(REAL, NOT adjusted by restarts) probability of this sequence is: 1.0662224073302616e-09
uncertainty:
{'ate': 7656.9939934508975, 'ci': (-70702.71019134294, 86016.69817824474)}
checked:
3475
