Starting EXP36.1, type=probe, run 3/3 (Task 416)
loaded cached data
loaded cached data
loaded cached data
loaded cached data
loaded cached data
loaded cached data
loaded cached data
START ATE IS: 30345.535822668473
PROBE TRIGGERED! Error reduced from 20212.456 to 15546.406 (ATE went to 25679.48649015056).
PROBE TRIGGERED! Error reduced from 15546.406 to 12111.224 (ATE went to 22244.304095276017).
PROBE TRIGGERED! Error reduced from 12111.224 to 3998.444 (ATE went to 14131.524290582935).
***
FINISHED
ATE before: 30345.535822668473
ATE now is: 7625.980079685494
sequence is: (('bin_equal_frequency_2', 'sqft_lot'), ('bin_equal_frequency_2', 'grade'))
***
Execution time: 1.633 sec
distances from ATE (with time):
[(20212.455822668475, 0), (15546.40649015056, 0.01046133041381836), (20212.455822668475, 0.01751995086669922), (15546.40649015056, 0.02176809310913086), (12111.224095276017, 0.04633164405822754), (20212.455822668475, 0.05412030220031738), (15546.40649015056, 0.05845236778259277), (12111.224095276017, 0.06447005271911621), (3998.4442905829346, 0.07116580009460449), (20212.455822668475, 0.07792234420776367), (12111.224095276017, 0.08160972595214844), (3998.4442905829346, 0.0940852165222168), (2507.0999203145057, 1.6285006999969482)]
(REAL, NOT adjusted by restarts) probability of this sequence is: 3.265306122448953e-05
uncertainty:
{'ate': 7625.980079685494, 'ci': (-133740.33189427783, 148992.2920536488)}
checked:
191
