Starting EXP29.1, type=probe, run 2/3 (Task 1)
loaded cached data
loaded cached data
loaded cached data
loaded cached data
loaded cached data
loaded cached data
loaded cached data
START ATE IS: 5183.8005151474035
PROBE TRIGGERED! Error reduced from 5183.801 to 4505.706 (ATE went to 4505.7056463965655).
PROBE TRIGGERED! Error reduced from 4505.706 to 4038.492 (ATE went to 4038.4923243842204).
PROBE TRIGGERED! Error reduced from 4038.492 to 1334.001 (ATE went to 1334.000622761494).
PROBE TRIGGERED! Error reduced from 1334.001 to 290.903 (ATE went to 290.9033789468522).
PROBE TRIGGERED! Error reduced from 290.903 to 70.219 (ATE went to -70.2191255568323).
***
FINISHED
ATE before: 5183.8005151474035
ATE now is: 13.732381849733429
sequence is: (('IQR', 'age'), ('bin_equal_frequency_5', 'education'), ('IQR', 'education'))
***
Execution time: 76.535 sec
distances from ATE (with time):
[(5183.8005151474035, 0), (5087.206511605065, 0.0034301280975341797), (4842.591248437188, 0.03349637985229492), (4505.7056463965655, 0.09401345252990723), (5183.8005151474035, 0.09808349609375), (4505.7056463965655, 0.10181069374084473), (4038.4923243842204, 0.37770891189575195), (5183.8005151474035, 0.38185715675354004), (4505.7056463965655, 0.3856632709503174), (4038.4923243842204, 0.549534797668457), (4030.454609883309, 0.796942949295044), (1334.000622761494, 0.9666638374328613), (5183.8005151474035, 0.9706673622131348), (4038.4923243842204, 1.1324574947357178), (4030.454609883309, 1.3015310764312744), (1334.000622761494, 1.4665980339050293), (290.9033789468522, 6.239698886871338), (5183.8005151474035, 6.243768215179443), (4038.4923243842204, 6.40652871131897), (4030.454609883309, 6.581348896026611), (1334.000622761494, 6.747501611709595), (290.9033789468522, 7.118375539779663), (70.2191255568323, 28.548502683639526), (5183.8005151474035, 28.552963495254517), (4038.4923243842204, 28.71853542327881), (4030.454609883309, 28.900018453598022), (1334.000622761494, 29.068779468536377), (290.9033789468522, 29.744962215423584), (70.2191255568323, 34.969496965408325), (13.732381849733429, 76.5334804058075)]
(REAL, NOT adjusted by restarts) probability of this sequence is: 3.356718472021751e-05
uncertainty:
{'ate': 13.732381849733429, 'ci': (-4622.850196021707, 4650.314959721174)}
checked:
1131
