Starting EXP29.3, type=probe_probs_with_restart, run 3/3 (Task 26)
loaded cached data
loaded cached data
loaded cached data
loaded cached data
loaded cached data
loaded cached data
loaded cached data
START ATE IS: 1647.9821694174152
PROBE TRIGGERED! Error reduced from 1647.982 to 1325.041 (ATE went to 1325.0412331021053).
PROBE TRIGGERED! Error reduced from 1325.041 to 1155.535 (ATE went to 1155.5353720310668).
PROBE TRIGGERED! Error reduced from 1155.535 to 752.098 (ATE went to 752.0982709030541).
PROBE TRIGGERED! Error reduced from 752.098 to 386.432 (ATE went to -386.43230441722335).
PROBE TRIGGERED! Error reduced from 386.432 to 153.653 (ATE went to -153.65348935769362).
PROBE TRIGGERED! Error reduced from 153.653 to 128.770 (ATE went to -128.76981473270598).
***
FINISHED
ATE before: 1647.9821694174152
ATE now is: 10.407272515112709
sequence is: (('bin_equal_frequency_10', 'age'), ('bin_equal_frequency_2', 'education'), ('drop_duplicates', 'TABLE'), ('isolationForest', 'TABLE'))
***
Execution time: 1609.975 sec
distances from ATE (with time):
[(1647.9821694174152, 0), (1620.09529508969, 0.002985715866088867), (1620.09529323686, 0.032186269760131836), (1613.4181785880037, 0.041204214096069336), (1570.490525674899, 0.06301307678222656), (1530.3492345544473, 0.48166418075561523), (1325.0412331021053, 0.9543769359588623), (1647.9821694174152, 0.9586062431335449), (1620.09529508969, 0.9615037441253662), (1613.892261815865, 0.9656038284301758), (1572.1865154939733, 0.9850106239318848), (1325.0412331021053, 0.9998791217803955), (1324.573688355893, 2.679905652999878), (1155.5353720310668, 3.6739661693573), (1647.9821694174152, 3.678173303604126), (1613.892261815865, 3.6810264587402344), (1572.1865154939733, 3.6947414875030518), (1325.0412331021053, 3.713773488998413), (1155.5353720310668, 4.095281362533569), (1155.5353720310613, 9.361623287200928), (1155.5353665038747, 9.428823232650757), (1146.4251466936457, 9.501827001571655), (752.0982709030541, 10.15507698059082), (1647.9821694174152, 10.159248352050781), (1613.892261815865, 10.162105321884155), (1572.1865154939733, 10.179233312606812), (1325.0412331021053, 10.194749116897583), (1155.5353720310668, 10.686134099960327), (1155.5353665038747, 13.101273775100708), (752.0982709030541, 13.202006816864014), (752.0982709030322, 48.60284948348999), (734.9852162303796, 50.93383526802063), (386.43230441722335, 295.47496581077576), (1647.9821694174152, 295.47983288764954), (1613.892261815865, 295.48280000686646), (1602.0057879377619, 295.49094009399414), (1572.1865154939733, 295.67710757255554), (1325.0412331021053, 295.68584275245667), (1294.2167642285258, 297.55973768234253), (1155.5353720310668, 298.1743643283844), (386.43230441722335, 301.8418345451355), (153.65348935769362, 320.1952872276306), (1647.9821694174152, 320.1996865272522), (1613.892261815865, 320.2026607990265), (1602.0057879377619, 320.2108323574066), (1572.1865154939733, 320.39748454093933), (1325.0412331021053, 320.4061975479126), (1294.2167642285258, 322.29411220550537), (1155.5353720310668, 322.9112458229065), (386.43230441722335, 326.57708048820496), (153.65348935769362, 345.0790956020355), (153.65348935768998, 787.7577521800995), (128.76981473270598, 1504.1329083442688), (1647.9821694174152, 1504.143360376358), (1602.0057879377619, 1504.1497189998627), (1563.4858461156891, 1504.6864659786224), (1325.0412331021053, 1507.2806997299194), (1294.2167642285258, 1511.9534175395966), (386.43230441722335, 1514.5239408016205), (202.4835353096987, 1529.5106465816498), (153.65348935769362, 1540.2961370944977), (128.76981473270598, 1603.8300244808197), (116.07017061283068, 1606.4335565567017), (10.407272515112709, 1609.9717786312103)]
(REAL, NOT adjusted by restarts) probability of this sequence is: 4.130396418009102e-10
uncertainty:
{'ate': 10.407272515112709, 'ci': (-2796.963407688231, 2817.7779527184566)}
checked:
15835
