Starting EXP36.9, type=probe, run 3/3 (Task 488)
loaded cached data
loaded cached data
loaded cached data
loaded cached data
loaded cached data
loaded cached data
loaded cached data
START ATE IS: 62794.25688249847
PROBE TRIGGERED! Error reduced from 52661.177 to 43183.102 (ATE went to 53316.18202077316).
PROBE TRIGGERED! Error reduced from 43183.102 to 35153.588 (ATE went to 45286.668207536284).
PROBE TRIGGERED! Error reduced from 35153.588 to 31057.823 (ATE went to 41190.90285889959).
PROBE TRIGGERED! Error reduced from 31057.823 to 24909.458 (ATE went to 35042.53846953382).
PROBE TRIGGERED! Error reduced from 24909.458 to 20889.427 (ATE went to 31022.506651435066).
PROBE TRIGGERED! Error reduced from 20889.427 to 14948.744 (ATE went to 25081.823849218516).
PROBE TRIGGERED! Error reduced from 14948.744 to 10062.909 (ATE went to 20195.98872614077).
PROBE TRIGGERED! Error reduced from 10062.909 to 6011.742 (ATE went to 16144.822098009137).
PROBE TRIGGERED! Error reduced from 6011.742 to 4323.049 (ATE went to 14456.128965206997).
PROBE TRIGGERED! Error reduced from 4323.049 to 2541.588 (ATE went to 12674.668465959203).
***
FINISHED
ATE before: 62794.25688249847
ATE now is: 10449.43582741486
sequence is: (('bin_equal_width_2', 'sqft_basement'), ('bin_equal_frequency_5', 'sqft_living'), ('bin_equal_frequency_2', 'yr_built'), ('bin_equal_frequency_2', 'sqft_lot15'), ('bin_equal_frequency_2', 'sqft_living15'))
***
Execution time: 1796.192 sec
distances from ATE (with time):
[(52661.17688249847, 0), (48783.20106451092, 0.009166479110717773), (43183.102020773156, 0.022983551025390625), (52661.17688249847, 0.04195737838745117), (43183.102020773156, 0.04942774772644043), (41723.51525783068, 0.28095221519470215), (35153.58820753628, 0.3099336624145508), (52661.17688249847, 0.3258061408996582), (43183.102020773156, 0.3332490921020508), (35153.58820753628, 0.34631848335266113), (31057.82285889959, 0.36122965812683105), (52661.17688249847, 0.3773672580718994), (35153.58820753628, 0.3849318027496338), (31057.82285889959, 0.41161346435546875), (30560.841253119135, 4.447945833206177), (24909.45846953382, 4.487404823303223), (52661.17688249847, 4.508054971694946), (35153.58820753628, 4.518589019775391), (31057.82285889959, 4.5931432247161865), (24909.45846953382, 4.63578200340271), (20889.426651435067, 4.735061168670654), (52661.17688249847, 4.755601406097412), (35153.58820753628, 4.765845060348511), (31057.82285889959, 4.818108797073364), (24909.45846953382, 4.837212562561035), (20889.426651435067, 4.930012941360474), (20317.313809504114, 26.177459955215454), (20051.662705272065, 26.26717758178711), (19586.797192873448, 29.99272894859314), (14948.743849218516, 30.149670839309692), (52661.17688249847, 30.16731071472168), (35153.58820753628, 30.182745695114136), (31057.82285889959, 30.249909162521362), (24909.45846953382, 30.268905878067017), (20889.426651435067, 30.46922755241394), (20317.313809504114, 30.520889282226562), (14948.743849218516, 30.538569688796997), (10062.908726140771, 34.024120807647705), (52661.17688249847, 34.066279888153076), (35153.58820753628, 34.08877182006836), (31057.82285889959, 34.19773554801941), (24909.45846953382, 34.225303173065186), (20889.426651435067, 34.43732523918152), (20317.313809504114, 34.49418115615845), (14948.743849218516, 34.516326904296875), (10062.908726140771, 38.13392949104309), (6011.742098009137, 173.1117935180664), (52661.17688249847, 173.12898421287537), (35153.58820753628, 173.14555549621582), (31057.82285889959, 173.20510745048523), (24909.45846953382, 173.2207624912262), (20889.426651435067, 173.46284890174866), (20317.313809504114, 173.4793336391449), (14948.743849218516, 173.52787590026855), (10062.908726140771, 173.95672369003296), (6011.742098009137, 176.9130892753601), (4323.048965206997, 202.80196237564087), (52661.17688249847, 202.83026885986328), (35153.58820753628, 202.84191179275513), (31057.82285889959, 202.96050834655762), (24909.45846953382, 202.9797236919403), (20889.426651435067, 203.5530562400818), (20317.313809504114, 203.5778934955597), (14948.743849218516, 203.63007712364197), (10062.908726140771, 204.67001128196716), (6011.742098009137, 209.00025153160095), (4323.048965206997, 239.34453296661377), (2541.588465959203, 589.0717651844025), (52661.17688249847, 589.1197590827942), (35153.58820753628, 589.1481721401215), (31057.82285889959, 589.2233769893646), (24909.45846953382, 589.2392795085907), (20889.426651435067, 589.6624808311462), (20317.313809504114, 589.6800701618195), (14948.743849218516, 589.7308382987976), (10062.908726140771, 590.657143831253), (6011.742098009137, 594.4492945671082), (4323.048965206997, 621.8360323905945), (2541.588465959203, 628.963609457016), (316.35582741485996, 1796.185331583023)]
(REAL, NOT adjusted by restarts) probability of this sequence is: 6.092699470458613e-12
uncertainty:
{'ate': 10449.43582741486, 'ci': (-44242.96841972876, 65141.84007455848)}
checked:
58869
