Starting EXP29.5, type=probe, run 1/3 (Task 36)
loaded cached data
loaded cached data
loaded cached data
loaded cached data
loaded cached data
loaded cached data
loaded cached data
START ATE IS: 228.4176159471026
PROBE TRIGGERED! Error reduced from 228.418 to 185.674 (ATE went to 185.67353280127827).
PROBE TRIGGERED! Error reduced from 185.674 to 135.787 (ATE went to 135.78708836576152).
PROBE TRIGGERED! Error reduced from 135.787 to 70.538 (ATE went to -70.53803758342474).
***
FINISHED
ATE before: 228.4176159471026
ATE now is: -2.4834550477262383
sequence is: (('bin_equal_frequency_5', 'age'), ('drop_duplicates', 'TABLE'))
***
Execution time: 2.208 sec
distances from ATE (with time):
[(228.4176159471026, 0), (185.67353280127827, 0.0076982975006103516), (228.4176159471026, 0.01214909553527832), (185.67353280127827, 0.015234231948852539), (135.78708836576152, 0.37569594383239746), (228.4176159471026, 0.38018321990966797), (185.67353280127827, 0.3833274841308594), (135.78708836576152, 0.38777780532836914), (123.72462414142137, 0.979515790939331), (70.53803758342474, 1.545933723449707), (228.4176159471026, 1.5504295825958252), (135.78708836576152, 1.5535247325897217), (70.53803758342474, 1.8873844146728516), (2.4834550477262383, 2.206490993499756)]
(REAL, NOT adjusted by restarts) probability of this sequence is: 0.0010405827263267429
uncertainty:
{'ate': -2.4834550477262383, 'ci': (-1861.8838001386534, 1856.916890043201)}
checked:
175
