Starting EXP33.5, type=probe_probs_no_restart, run 3/3 (Task 365)
loaded cached data
loaded cached data
loaded cached data
loaded cached data
loaded cached data
loaded cached data
loaded cached data
START ATE IS: 1671.1304157875093
***
FINISHED
ATE before: 1671.1304157875093
ATE now is: 34.12133325462037
sequence is: (('bin_equal_frequency_5', 'education'), ('bin_equal_frequency_5', 'age'), ('drop_duplicates', 'TABLE'), ('isolationForest', 'TABLE'))
***
Execution time: 1513.003 sec
distances from ATE (with time):
[(1671.1304157875093, 0), (1577.790931515443, 0.003599405288696289), (1559.835520471799, 0.030246257781982422), (1446.5934255203251, 0.28214120864868164), (1426.1637200015948, 0.7225677967071533), (1291.0413905160913, 0.940375566482544), (1187.594482191731, 0.9949171543121338), (1178.7297685405947, 8.06425428390503), (1058.9325206244757, 10.55420708656311), (973.5089905355862, 13.647964477539062), (940.1557952913054, 35.36629843711853), (694.5915120149912, 44.68645262718201), (502.446089013627, 45.65787744522095), (392.11442345991236, 77.69801306724548), (386.1470197126009, 457.55334067344666), (275.52443707163366, 538.900622844696), (104.86454854891508, 1096.3894836902618), (70.38815672243982, 1096.9773089885712), (34.12133325462037, 1513.000408411026)]
probability of this sequence is: 3.833133039440265e-09
uncertainty:
{'ate': 34.12133325462037, 'ci': (-843.6940973690631, 911.9367638783039)}
checked:
28982
