Starting EXP30.7, type=probe_probs_no_restart, run 1/3 (Task 138)
loaded cached data
loaded cached data
loaded cached data
loaded cached data
loaded cached data
loaded cached data
loaded cached data
START ATE IS: 8801.399344613656
***
FINISHED
ATE before: 8801.399344613656
ATE now is: 17924.924417534206
sequence is: (('drop_duplicates', 'TABLE'), ('isolationForest', 'TABLE'))
***
Execution time: 39.281 sec
distances from ATE (with time):
[(9972.600655386344, 0), (3011.474372101993, 0.4373893737792969), (1723.3329120756316, 4.562032699584961), (849.0755824657936, 39.02621054649353)]
probability of this sequence is: 0.000799545319749151
uncertainty:
{'ate': 17924.924417534206, 'ci': (16444.82859401292, 19405.020241055492)}
checked:
58
