Starting EXP34.4, type=probe_probs_with_restart, run 3/3 (Task 404)
loaded cached data
loaded cached data
loaded cached data
loaded cached data
loaded cached data
loaded cached data
loaded cached data
START ATE IS: 8774.433204759567
PROBE TRIGGERED! Error reduced from 9999.567 to 3723.439 (ATE went to 15050.56081677351).
PROBE TRIGGERED! Error reduced from 3723.439 to 2592.894 (ATE went to 16181.105567056922).
PROBE TRIGGERED! Error reduced from 2592.894 to 1584.350 (ATE went to 17189.64957914153).
PROBE TRIGGERED! Error reduced from 1584.350 to 1148.400 (ATE went to 17625.599792893652).
***
FINISHED
ATE before: 8774.433204759567
ATE now is: 17842.134900944853
sequence is: (('drop_duplicates', 'TABLE'), ('norm_log', 'Age'), ('isolationForest', 'TABLE'), ('norm_log', 'education'))
***
Execution time: 4298.800 sec
distances from ATE (with time):
[(9999.566795240433, 0), (3723.43918322649, 1.705047607421875), (9999.566795240433, 4.74743390083313), (3723.43918322649, 6.58890962600708), (3723.4391832125493, 20.0166916847229), (2592.894432943078, 34.99718713760376), (9999.566795240433, 37.993632078170776), (3723.43918322649, 39.69786500930786), (2592.894432943078, 50.66122078895569), (1584.350420858471, 214.16984796524048), (9999.566795240433, 217.0818953514099), (3723.43918322649, 218.8657455444336), (2592.894432943078, 272.18276023864746), (1584.350420858471, 287.6009433269501), (1148.4002071063478, 562.9330189228058), (9999.566795240433, 565.4224150180817), (3723.43918322649, 567.134060382843), (2592.894432943078, 613.3750584125519), (1584.350420858471, 625.4920251369476), (1148.4002071063478, 775.1137564182281), (1136.9831640393131, 4234.540863037109), (931.8650990551469, 4297.632329702377)]
(REAL, NOT adjusted by restarts) probability of this sequence is: 9.192134646515342e-07
uncertainty:
{'ate': 17842.134900944853, 'ci': (17190.10666662843, 18494.163135261275)}
checked:
309
