Starting EXP29.7, type=probe_probs_no_restart, run 3/3 (Task 59)
loaded cached data
loaded cached data
loaded cached data
loaded cached data
loaded cached data
loaded cached data
loaded cached data
START ATE IS: 1661.605940930206
***
FINISHED
ATE before: 1661.605940930206
ATE now is: 49.933062426490324
sequence is: (('bin_equal_frequency_10', 'age'), ('bin_equal_frequency_5', 'education'), ('isolationForest', 'TABLE'), ('drop_duplicates', 'TABLE'))
***
Execution time: 3844.021 sec
distances from ATE (with time):
[(1661.605940930206, 0), (1661.6059377572165, 0.012432575225830078), (1661.1483093568431, 0.033392906188964844), (1551.8436799218744, 0.052646636962890625), (1527.5225095752694, 0.5734665393829346), (1522.526958733571, 1.453054428100586), (1511.8354512073201, 2.0392043590545654), (1276.3115781952238, 2.1377029418945312), (1152.648790538704, 8.85222315788269), (952.6522942677166, 28.086019277572632), (846.6500299424661, 86.8424506187439), (746.773242513601, 87.52460503578186), (440.3100247454713, 89.03818416595459), (381.2595060879976, 92.3224527835846), (381.2595008993503, 572.1541340351105), (374.5088621908217, 598.8067882061005), (294.25735735311355, 947.0284674167633), (242.98150197750692, 951.9292099475861), (223.75257395933295, 969.1977665424347), (201.39754309509044, 977.6622166633606), (183.1042697646053, 1357.9786455631256), (171.30840485704175, 1480.0764472484589), (123.4307587592084, 3843.668759584427), (49.933062426490324, 3844.0167288780212)]
probability of this sequence is: 2.4093979105053093e-09
uncertainty:
{'ate': 49.933062426490324, 'ci': (-1924.0827823559362, 2023.9489072089168)}
checked:
39009
