Starting EXP29.1, type=probe_probs_with_restart, run 1/3 (Task 6)
loaded cached data
loaded cached data
loaded cached data
loaded cached data
loaded cached data
loaded cached data
loaded cached data
START ATE IS: 3496.3047722367846
PROBE TRIGGERED! Error reduced from 3496.305 to 2932.125 (ATE went to 2932.12471178564).
PROBE TRIGGERED! Error reduced from 2932.125 to 1942.343 (ATE went to 1942.3434388688547).
PROBE TRIGGERED! Error reduced from 1942.343 to 1425.607 (ATE went to 1425.6066348615786).
PROBE TRIGGERED! Error reduced from 1425.607 to 1262.284 (ATE went to 1262.2843827702236).
PROBE TRIGGERED! Error reduced from 1262.284 to 780.939 (ATE went to 780.9385247938553).
PROBE TRIGGERED! Error reduced from 780.939 to 430.338 (ATE went to 430.3379892566809).
PROBE TRIGGERED! Error reduced from 430.338 to 141.430 (ATE went to -141.43036420105636).
PROBE TRIGGERED! Error reduced from 141.430 to 74.237 (ATE went to 74.23735010119708).
***
FINISHED
ATE before: 3496.3047722367846
ATE now is: 4.673902239119343
sequence is: (('bin_equal_frequency_2', 'age'), ('isolationForest', 'TABLE'), ('bin_equal_frequency_2', 'education'), ('drop_duplicates', 'TABLE'))
***
Execution time: 989.038 sec
distances from ATE (with time):
[(3496.3047722367846, 0), (3285.169960274896, 0.0034825801849365234), (2932.12471178564, 0.030488252639770508), (3496.3047722367846, 0.03487396240234375), (2932.12471178564, 0.038809776306152344), (2643.5058807643436, 0.0700843334197998), (1942.3434388688547, 0.2916069030761719), (3496.3047722367846, 0.295790433883667), (2932.12471178564, 0.299544095993042), (1942.3434388688547, 0.4734053611755371), (1793.59554010781, 1.0140762329101562), (1425.6066348615786, 7.344735383987427), (3496.3047722367846, 7.349104404449463), (1942.3434388688547, 7.5616114139556885), (1425.6066348615786, 8.101590156555176), (1334.2684363886801, 12.052870273590088), (1262.2843827702236, 12.277293920516968), (3496.3047722367846, 12.281406879425049), (1942.3434388688547, 12.449381589889526), (1425.6066348615786, 12.63261103630066), (1334.2684363886801, 14.559401988983154), (1262.2843827702236, 15.649353742599487), (780.9385247938553, 16.334407806396484), (3496.3047722367846, 16.338534355163574), (1942.3434388688547, 16.505395889282227), (1425.6066348615786, 16.6877224445343), (1334.2684363886801, 17.873207807540894), (1262.2843827702236, 18.391056776046753), (780.9385247938553, 18.917564868927002), (780.9385247937025, 37.13169074058533), (780.9385247936407, 38.157196044921875), (430.3379892566809, 45.61070275306702), (3496.3047722367846, 45.614999294281006), (1942.3434388688547, 45.781559467315674), (1425.6066348615786, 45.96332406997681), (1334.2684363886801, 47.37358522415161), (1262.2843827702236, 47.55845260620117), (780.9385247938553, 47.791234493255615), (430.3379892566809, 61.38309073448181), (394.147332091874, 64.31254768371582), (141.43036420105636, 107.00739192962646), (3496.3047722367846, 107.01160430908203), (1942.3434388688547, 107.17622780799866), (1425.6066348615786, 107.3589825630188), (1334.2684363886801, 108.82964396476746), (1262.2843827702236, 109.01318216323853), (780.9385247938553, 109.19839644432068), (430.3379892566809, 116.66653490066528), (394.147332091874, 118.78050541877747), (141.43036420105636, 150.2855453491211), (74.23735010119708, 342.17194628715515), (3496.3047722367846, 342.17633605003357), (1942.3434388688547, 342.3418436050415), (1425.6066348615786, 342.52941846847534), (1254.8276164086637, 343.90224838256836), (780.9385247938553, 345.8155698776245), (753.3347428729758, 349.0679512023926), (181.91005084877543, 350.34867572784424), (74.23735010119708, 366.456862449646), (74.23735010109885, 412.2816436290741), (4.673902239119343, 989.0229516029358)]
(REAL, NOT adjusted by restarts) probability of this sequence is: 1.1264717503661189e-10
uncertainty:
{'ate': 4.673902239119343, 'ci': (-7007.24027331325, 7016.588077791489)}
checked:
7219
