Starting EXP29.2, type=probe_probs_with_restart, run 1/3 (Task 15)
loaded cached data
loaded cached data
loaded cached data
loaded cached data
loaded cached data
loaded cached data
loaded cached data
START ATE IS: 4423.653926527757
PROBE TRIGGERED! Error reduced from 4423.654 to 3100.012 (ATE went to 3100.011821975557).
PROBE TRIGGERED! Error reduced from 3100.012 to 2520.708 (ATE went to 2520.70821834818).
PROBE TRIGGERED! Error reduced from 2520.708 to 2258.655 (ATE went to 2258.654891688475).
PROBE TRIGGERED! Error reduced from 2258.655 to 1969.860 (ATE went to 1969.860089058906).
PROBE TRIGGERED! Error reduced from 1969.860 to 1679.870 (ATE went to 1679.8704728869852).
PROBE TRIGGERED! Error reduced from 1679.870 to 1471.755 (ATE went to 1471.7545640703984).
PROBE TRIGGERED! Error reduced from 1471.755 to 1279.313 (ATE went to 1279.3134656842303).
PROBE TRIGGERED! Error reduced from 1279.313 to 910.588 (ATE went to 910.5875446064783).
PROBE TRIGGERED! Error reduced from 910.588 to 481.957 (ATE went to 481.95711771647075).
PROBE TRIGGERED! Error reduced from 481.957 to 200.499 (ATE went to 200.49932821173388).


*** TIMED OUT!! ***

distances from ATE (with time):
[(4423.653926527757, 0), (4247.990302599748, 0.0032227039337158203), (3100.011821975557, 0.023709774017333984), (4423.653926527757, 0.027918577194213867), (3100.011821975557, 0.03173422813415527), (2880.416183941841, 0.05604386329650879), (2871.351021992412, 0.2786529064178467), (2520.70821834818, 1.039482593536377), (4423.653926527757, 1.043637990951538), (3100.011821975557, 1.0472071170806885), (2871.351021992412, 1.2157511711120605), (2520.70821834818, 1.80769944190979), (2330.0951048294846, 3.843311309814453), (2330.0950661389597, 18.284587860107422), (2306.5168742019523, 21.483948230743408), (2258.654891688475, 27.01223373413086), (4423.653926527757, 27.017586946487427), (3100.011821975557, 27.022361993789673), (2871.351021992412, 27.21303915977478), (2520.70821834818, 27.748190879821777), (2330.0951048294846, 29.722047805786133), (2258.654891688475, 42.55313539505005), (2104.9755947676204, 54.45626497268677), (1969.860089058906, 76.84286999702454), (4423.653926527757, 76.84711527824402), (3100.011821975557, 76.85081315040588), (2871.351021992412, 77.01826882362366), (2520.70821834818, 77.54821419715881), (2330.0951048294846, 79.58078980445862), (1969.860089058906, 81.36037588119507), (1679.8704728869852, 81.71470904350281), (4423.653926527757, 81.71886205673218), (2871.351021992412, 81.88576126098633), (2520.70821834818, 82.07798767089844), (2371.6026570641407, 84.84444284439087), (2330.0951048294846, 85.19148445129395), (1969.860089058906, 85.43982815742493), (1679.8704728869852, 85.7802300453186), (1663.9374013476408, 100.22263073921204), (1663.9374013476208, 184.18893599510193), (1471.7545640703984, 208.64857649803162), (4423.653926527757, 208.65302419662476), (4416.764657698008, 208.65588545799255), (3100.011821975557, 208.66064524650574), (2871.351021992412, 208.8285255432129), (2822.0063298856585, 209.36721992492676), (2520.70821834818, 209.70666670799255), (2371.6026570641407, 211.48483180999756), (2330.0951048294846, 211.65603947639465), (1969.860089058906, 211.8262095451355), (1679.8704728869852, 212.17438125610352), (1663.9374013476408, 217.38625049591064), (1663.9374013476208, 250.33434796333313), (1471.7545640703984, 271.9274888038635), (1471.7545640703693, 741.4055995941162), (1341.0512403254397, 947.7742826938629), (1279.3134656842303, 2752.5532143115997), (4423.653926527757, 2752.563116312027), (4416.764657698008, 2752.568251132965), (2871.351021992412, 2752.8877062797546), (2822.0063298856585, 2753.5509128570557), (2520.70821834818, 2753.868837594986), (2371.6026570641407, 2756.927053451538), (1969.860089058906, 2757.250820159912), (1679.8704728869852, 2757.894203901291), (1663.9374013476408, 2783.5004703998566), (1341.0512403254397, 2806.7900285720825), (1279.3134656842303, 2969.4328899383545), (910.5875446064783, 2996.8845343589783), (4423.653926527757, 2996.8899376392365), (4416.764657698008, 2996.893518924713), (2871.351021992412, 2997.41593170166), (2822.0063298856585, 2998.144370317459), (2520.70821834818, 2998.459091901779), (2371.6026570641407, 3001.823671579361), (1969.860089058906, 3002.1718785762787), (1679.8704728869852, 3002.8110675811768), (1663.9374013476408, 3032.4720044136047), (1341.0512403254397, 3033.9223239421844), (1279.3134656842303, 3157.775398492813), (910.5875446064783, 3182.432160139084), (481.95711771647075, 7373.206284284592), (4423.653926527757, 7373.216560840607), (4416.764657698008, 7373.2215876579285), (2871.351021992412, 7373.525800943375), (2822.0063298856585, 7374.180295228958), (2520.70821834818, 7374.489953041077), (2371.6026570641407, 7378.08927822113), (1969.860089058906, 7378.394791126251), (1679.8704728869852, 7379.0066566467285), (1663.9374013476408, 7407.462989807129), (1341.0512403254397, 7408.744679689407), (1059.8563018402492, 7471.621976613998), (964.4066908094665, 7478.120727300644), (910.5875446064783, 7549.485771656036), (481.95711771647075, 7787.196445941925), (248.40671757289056, 9042.409811258316), (200.49932821173388, 11815.101113319397), (4423.653926527757, 11815.107913732529), (2871.351021992412, 11815.2754509449), (2520.70821834818, 11815.514048099518), (2371.6026570641407, 11820.287326812744), (2330.0951048294846, 11820.630174160004), (1969.860089058906, 11821.159868240356), (1969.0807665425127, 11821.372433662415), (1679.8704728869852, 11822.455224752426), (1663.9374013476408, 11850.779504299164), (1467.9947938464957, 11851.942784786224), (1059.8563018402492, 11852.347276687622), (964.4066908094665, 11855.95757985115), (910.5875446064783, 11999.747150659561), (481.95711771647075, 12008.14238333702), (248.40671757289056, 12192.20091176033), (200.49932821173388, 13230.13601398468)]
