Starting EXP33.4, type=probe_probs_with_restart, run 3/3 (Task 359)
loaded cached data
loaded cached data
loaded cached data
loaded cached data
loaded cached data
loaded cached data
loaded cached data
START ATE IS: 1671.1304157874747
PROBE TRIGGERED! Error reduced from 1671.130 to 1452.399 (ATE went to 1452.398892717818).
PROBE TRIGGERED! Error reduced from 1452.399 to 1220.767 (ATE went to 1220.7669434972568).
PROBE TRIGGERED! Error reduced from 1220.767 to 1056.942 (ATE went to 1056.9419352438326).
PROBE TRIGGERED! Error reduced from 1056.942 to 726.939 (ATE went to 726.9389172284027).
PROBE TRIGGERED! Error reduced from 726.939 to 400.413 (ATE went to 400.4125581064309).
PROBE TRIGGERED! Error reduced from 400.413 to 275.524 (ATE went to 275.5244370716682).
PROBE TRIGGERED! Error reduced from 275.524 to 174.750 (ATE went to 174.7495795764371).
PROBE TRIGGERED! Error reduced from 174.750 to 140.233 (ATE went to 140.23308121501395).
PROBE TRIGGERED! Error reduced from 140.233 to 113.418 (ATE went to 113.41818874053388).
PROBE TRIGGERED! Error reduced from 113.418 to 84.298 (ATE went to 84.29841806373224).
***
FINISHED
ATE before: 1671.1304157874747
ATE now is: 4.025746299072125
sequence is: (('zscore_clip_3', 'age'), ('bin_equal_frequency_5', 'age'), ('drop_duplicates', 'TABLE'), ('IQR', 'education'), ('norm_log', 'age'), ('bin_equal_frequency_5', 'education'), ('isolationForest', 'TABLE'))
***
Execution time: 4730.203 sec
distances from ATE (with time):
[(1671.1304157874747, 0), (1577.7909315152556, 0.003515958786010742), (1559.8355204717245, 0.02950429916381836), (1452.398892717818, 0.327394962310791), (1671.1304157874747, 0.33207011222839355), (1577.7909315152556, 0.3354661464691162), (1559.8355204717245, 0.3406107425689697), (1452.398892717818, 0.36792969703674316), (1220.7669434972568, 0.9546129703521729), (1671.1304157874747, 0.9592380523681641), (1577.7909315152556, 0.9627387523651123), (1559.8355204717245, 0.9679298400878906), (1452.398892717818, 1.1772098541259766), (1220.7669434972568, 1.3664460182189941), (1139.7366020976624, 4.168269157409668), (1128.414341047669, 7.029743671417236), (1056.9419352438326, 11.831749677658081), (1671.1304157874747, 11.836429357528687), (1577.7909315152556, 11.839863300323486), (1559.8355204717245, 12.0380859375), (1220.7669434972568, 12.227154731750488), (1139.7366020976624, 15.945030927658081), (1056.9419352438326, 16.517802000045776), (1036.4561444423207, 33.96662092208862), (986.5229712839778, 38.67902755737305), (986.4316810383907, 39.44010639190674), (726.9389172284027, 58.47910189628601), (1671.1304157874747, 58.48392677307129), (1577.7909315152556, 58.48741269111633), (1559.8355204717245, 58.690645933151245), (1220.7669434972568, 58.884998083114624), (1187.594482191711, 59.09441661834717), (1102.262546232856, 59.49801564216614), (726.9389172284027, 61.28618597984314), (400.4125581064309, 61.85564088821411), (1671.1304157874747, 61.86040186882019), (1577.7909315152556, 61.86388444900513), (1559.8355204717245, 62.06709837913513), (1220.7669434972568, 62.25611758232117), (1187.594482191711, 62.465760231018066), (1102.262546232856, 62.86733913421631), (726.9389172284027, 64.64642095565796), (400.4125581064309, 65.21451544761658), (275.5244370716682, 93.22534823417664), (1671.1304157874747, 93.23000645637512), (1577.7909315152556, 93.23337769508362), (1559.8355204717245, 93.42909812927246), (1220.7669434972568, 93.63646340370178), (1187.594482191711, 93.64755296707153), (1102.262546232856, 94.2804548740387), (726.9389172284027, 95.55876135826111), (400.4125581064309, 95.9350643157959), (275.5244370716682, 108.63724970817566), (174.7495795764371, 234.39395761489868), (1671.1304157874747, 234.3989622592926), (1577.7909315152556, 234.40243649482727), (1559.8355204717245, 234.5982527732849), (1220.7669434972568, 234.7955195903778), (1187.594482191711, 234.8014419078827), (1102.262546232856, 235.375816822052), (726.9389172284027, 236.56941938400269), (400.4125581064309, 236.94811534881592), (275.5244370716682, 250.7031044960022), (174.7495795764371, 257.5330460071564), (140.23308121501395, 339.05218839645386), (1671.1304157874747, 339.057035446167), (1577.7909315152556, 339.06045484542847), (1559.8355204717245, 339.25982093811035), (1220.7669434972568, 339.45275807380676), (1187.594482191711, 339.45870089530945), (1102.262546232856, 340.03833985328674), (726.9389172284027, 341.42588472366333), (400.4125581064309, 341.6140332221985), (174.7495795764371, 356.8891952037811), (140.23308121501395, 424.73481702804565), (140.2330812149985, 1055.3303546905518), (139.07844124215444, 1304.4001767635345), (113.41818874053388, 1421.957700252533), (1671.1304157874747, 1421.9635529518127), (1577.7909315152556, 1421.9670555591583), (1559.8355204717245, 1422.1685407161713), (1220.7669434972568, 1422.366776227951), (1187.594482191711, 1422.372817516327), (1102.262546232856, 1422.9568138122559), (726.9389172284027, 1424.5623617172241), (400.4125581064309, 1424.9426572322845), (174.7495795764371, 1442.3726735115051), (140.23308121501395, 1516.6186935901642), (113.41818874053388, 1552.9899249076843), (104.58542508276605, 1925.060459136963), (84.29841806373224, 1957.3057713508606), (1671.1304157874747, 1957.311199426651), (1635.8624877419647, 1957.5041086673737), (1577.7909315152556, 1957.5088737010956), (1559.8355204717245, 1957.5186822414398), (1102.262546232856, 1957.9200432300568), (726.9389172284027, 1960.7764945030212), (400.4125581064309, 1961.1575090885162), (380.83398556941574, 1985.3004915714264), (182.59960420486368, 1987.4186165332794), (174.7495795764371, 2001.2453246116638), (113.41818874053388, 2082.473333120346), (84.29841806373224, 2150.002707004547), (75.94604242674359, 4430.611315250397), (4.025746299072125, 4729.443090677261)]
(REAL, NOT adjusted by restarts) probability of this sequence is: 9.642393875408348e-15
uncertainty:
{'ate': 4.025746299072125, 'ci': (-994.573357317364, 1002.6248499155082)}
checked:
38442
