Starting EXP30.1, type=probe, run 3/3 (Task 83)
loaded cached data
loaded cached data
loaded cached data
loaded cached data
loaded cached data
loaded cached data
loaded cached data
START ATE IS: 9220.20849103921
PROBE TRIGGERED! Error reduced from 9553.792 to 7019.993 (ATE went to 11754.007112356949).
PROBE TRIGGERED! Error reduced from 7019.993 to 2283.014 (ATE went to 16490.985735862654).
PROBE TRIGGERED! Error reduced from 2283.014 to 1785.349 (ATE went to 16988.65071471756).
***
FINISHED
ATE before: 9220.20849103921
ATE now is: 17776.08912462376
sequence is: (('bin_equal_frequency_2', 'education'), ('isolationForest', 'TABLE'))
***
Execution time: 51.392 sec
distances from ATE (with time):
[(9553.79150896079, 0), (7019.992887643051, 0.7764959335327148), (9553.79150896079, 0.9179565906524658), (7019.992887643051, 0.9844012260437012), (2283.014264137346, 5.622639417648315), (9553.79150896079, 5.776045560836792), (7019.992887643051, 5.879374265670776), (2283.014264137346, 7.395988464355469), (1785.3492852824384, 9.71975588798523), (9553.79150896079, 9.853277444839478), (2283.014264137346, 11.395761489868164), (1785.3492852824384, 12.997981071472168), (1655.654649915945, 17.332228183746338), (997.9108753762412, 51.34013056755066)]
(REAL, NOT adjusted by restarts) probability of this sequence is: 0.0010405827263267429
uncertainty:
{'ate': 17776.08912462376, 'ci': (14656.70882895642, 20895.469420291098)}
checked:
93
