Starting EXP37.3, type=probe_probs_with_restart, run 2/3 (Task 502)
loaded cached data
loaded cached data
loaded cached data
loaded cached data
loaded cached data
loaded cached data
loaded cached data
START ATE IS: 51326.80159289028
PROBE TRIGGERED! Error reduced from 41193.722 to 35767.469 (ATE went to 45900.54915848521).
PROBE TRIGGERED! Error reduced from 35767.469 to 27761.266 (ATE went to 37894.34604050953).
PROBE TRIGGERED! Error reduced from 27761.266 to 21294.816 (ATE went to 31427.895959052836).
PROBE TRIGGERED! Error reduced from 21294.816 to 18129.320 (ATE went to 28262.400027332933).
PROBE TRIGGERED! Error reduced from 18129.320 to 8101.629 (ATE went to 18234.709142521842).
PROBE TRIGGERED! Error reduced from 8101.629 to 5647.005 (ATE went to 15780.084540282825).
PROBE TRIGGERED! Error reduced from 5647.005 to 3386.556 (ATE went to 13519.636068914493).
PROBE TRIGGERED! Error reduced from 3386.556 to 2985.198 (ATE went to 13118.278318049788).
***
FINISHED
ATE before: 51326.80159289028
ATE now is: 11611.774402342075
sequence is: (('bin_equal_width_5', 'sqft_living15'), ('bin_equal_frequency_5', 'yr_built'))
***
Execution time: 21.501 sec
distances from ATE (with time):
[(41193.72159289028, 0), (41156.23534045723, 0.012708425521850586), (35767.46915848521, 0.05397605895996094), (41193.72159289028, 0.06207728385925293), (35767.46915848521, 0.06681108474731445), (35724.72556868993, 0.1209259033203125), (34095.61945204905, 0.14787602424621582), (34086.74296988637, 0.6650655269622803), (27761.26604050953, 0.7111425399780273), (41193.72159289028, 0.7190966606140137), (27761.26604050953, 0.7244739532470703), (25598.559791508233, 0.7779536247253418), (25204.55565988178, 1.3517584800720215), (21294.815959052838, 1.6218194961547852), (41193.72159289028, 1.6301758289337158), (27761.26604050953, 1.6358006000518799), (25598.559791508233, 1.6798031330108643), (21294.815959052838, 1.6913094520568848), (19965.657547535346, 1.7346665859222412), (18129.320027332935, 1.982182502746582), (41193.72159289028, 1.9903132915496826), (27761.26604050953, 1.995755910873413), (21294.815959052838, 2.0324172973632812), (19965.657547535346, 2.053539276123047), (18129.320027332935, 2.1682615280151367), (17728.719283037695, 2.1811158657073975), (8101.629142521842, 6.980420351028442), (41193.72159289028, 6.989383935928345), (27761.26604050953, 6.9952309131622314), (22435.835828354087, 7.01152229309082), (8101.629142521842, 7.069730758666992), (5647.0045402828255, 7.389708995819092), (41193.72159289028, 7.398858070373535), (27761.26604050953, 7.404959678649902), (22435.835828354087, 7.41364598274231), (8101.629142521842, 7.453805923461914), (5647.0045402828255, 7.699651479721069), (5433.314593836809, 7.8564605712890625), (3386.556068914493, 10.61886715888977), (41193.72159289028, 10.640811681747437), (27761.26604050953, 10.648600101470947), (22435.835828354087, 10.659245491027832), (8101.629142521842, 10.694327592849731), (6772.200470669568, 10.890026569366455), (5647.0045402828255, 10.958248615264893), (5433.314593836809, 10.975963830947876), (3386.556068914493, 12.233511209487915), (2985.198318049788, 12.253493547439575), (41193.72159289028, 12.264480113983154), (27761.26604050953, 12.27174425125122), (22435.835828354087, 12.282093048095703), (8101.629142521842, 12.313635349273682), (6772.200470669568, 12.609233617782593), (5647.0045402828255, 12.672484159469604), (5433.314593836809, 12.690334796905518), (3386.556068914493, 13.386801958084106), (2985.198318049788, 13.406742334365845), (1478.6944023420747, 21.497377395629883)]
(REAL, NOT adjusted by restarts) probability of this sequence is: 2.1307293559421552e-06
uncertainty:
{'ate': 11611.774402342075, 'ci': (-50682.317583650096, 73905.86638833425)}
checked:
859
