Starting EXP29.4, type=probe_probs_with_restart, run 2/3 (Task 34)
loaded cached data
loaded cached data
loaded cached data
loaded cached data
loaded cached data
loaded cached data
loaded cached data
START ATE IS: 2384.474038298924
PROBE TRIGGERED! Error reduced from 2384.474 to 2116.502 (ATE went to 2116.502085221131).
PROBE TRIGGERED! Error reduced from 2116.502 to 1760.534 (ATE went to 1760.5341239004101).
PROBE TRIGGERED! Error reduced from 1760.534 to 1533.969 (ATE went to 1533.9692647716201).
PROBE TRIGGERED! Error reduced from 1533.969 to 1278.516 (ATE went to 1278.5163611827193).
***
FINISHED
ATE before: 2384.474038298924
ATE now is: 6.4298069330125145
sequence is: (('bin_equal_frequency_5', 'age'), ('bin_equal_frequency_2', 'education'), ('isolationForest', 'TABLE'))
***
Execution time: 273.043 sec
distances from ATE (with time):
[(2384.474038298924, 0), (2338.1100897357937, 0.003159046173095703), (2338.1100868097183, 0.033435821533203125), (2336.2127211103325, 0.04775524139404297), (2330.7783792800947, 0.4176347255706787), (2311.425942296719, 0.6671905517578125), (2276.183686807268, 0.8680398464202881), (2116.502085221131, 0.9078943729400635), (2384.474038298924, 0.9121894836425781), (2338.1100897357937, 0.9152095317840576), (2116.502085221131, 0.9572992324829102), (2116.5020852211164, 1.8987128734588623), (2078.722650862068, 2.1480712890625), (1760.5341239004101, 3.0614209175109863), (2384.474038298924, 3.0657031536102295), (2338.1100897357937, 3.068669080734253), (2327.878398640909, 3.0871198177337646), (2116.502085221131, 3.106999397277832), (1760.5341239004101, 3.1122002601623535), (1758.1557290986839, 4.067736864089966), (1533.9692647716201, 9.447449445724487), (2384.474038298924, 9.451708793640137), (2338.1100897357937, 9.454643487930298), (2116.502085221131, 9.645113468170166), (1760.5341239004101, 9.888730764389038), (1533.9692647716201, 12.10265827178955), (1533.9692647715838, 37.53052544593811), (1532.970455425031, 40.80462121963501), (1278.5163611827193, 74.71316266059875), (2384.474038298924, 74.71757507324219), (2338.1100897357937, 74.7205376625061), (2116.502085221131, 74.91537261009216), (1760.5341239004101, 75.10519647598267), (1533.9692647716201, 77.4620430469513), (1278.5163611827193, 97.22155141830444), (6.4298069330125145, 273.040727853775)]
(REAL, NOT adjusted by restarts) probability of this sequence is: 4.627259783671691e-09
uncertainty:
{'ate': 6.4298069330125145, 'ci': (-3398.801591645408, 3411.661205511433)}
checked:
3731
