Starting EXP34.3, type=probe, run 2/3 (Task 388)
loaded cached data
loaded cached data
loaded cached data
loaded cached data
loaded cached data
loaded cached data
loaded cached data
START ATE IS: 8774.433204744164
PROBE TRIGGERED! Error reduced from 9999.567 to 7375.414 (ATE went to 11398.586361863992).
PROBE TRIGGERED! Error reduced from 7375.414 to 4003.753 (ATE went to 14770.247149481975).
PROBE TRIGGERED! Error reduced from 4003.753 to 1514.056 (ATE went to 17259.943798405846).
***
FINISHED
ATE before: 8774.433204744164
ATE now is: 19423.906004818597
sequence is: (('bin_equal_width_2', 'education'), ('isolationForest', 'TABLE'), ('bin_equal_frequency_2', 'Age'))
***
Execution time: 1695.175 sec
distances from ATE (with time):
[(9999.566795255836, 0), (7375.413638136008, 13.93117380142212), (9999.566795255836, 16.287185668945312), (7375.413638136008, 17.456401348114014), (4003.7528505180253, 94.95184874534607), (9999.566795255836, 96.98665285110474), (7375.413638136008, 98.28484416007996), (4003.7528505180253, 128.59989094734192), (1514.0562015941541, 171.0159342288971), (9999.566795255836, 172.78727674484253), (4003.7528505180253, 201.8252830505371), (1514.0562015941541, 233.9795536994934), (649.9060048185966, 1694.309547662735)]
(REAL, NOT adjusted by restarts) probability of this sequence is: 3.356718472021751e-05
uncertainty:
{'ate': 19423.906004818597, 'ci': (18925.90224692408, 19921.909762713112)}
checked:
148
