Starting EXP31.3, type=probe_probs_with_restart, run 2/3 (Task 169)
loaded cached data
loaded cached data
loaded cached data
loaded cached data
loaded cached data
loaded cached data
loaded cached data
START ATE IS: 1671.4226664435287
PROBE TRIGGERED! Error reduced from 1671.423 to 1424.427 (ATE went to 1424.4269610434114).
PROBE TRIGGERED! Error reduced from 1424.427 to 1185.940 (ATE went to 1185.940218410525).
PROBE TRIGGERED! Error reduced from 1185.940 to 1034.320 (ATE went to 1034.3203610507608).
PROBE TRIGGERED! Error reduced from 1034.320 to 570.730 (ATE went to 570.7297497262789).
PROBE TRIGGERED! Error reduced from 570.730 to 415.863 (ATE went to 415.8629444783837).
***
FINISHED
ATE before: 1671.4226664435287
ATE now is: -0.43942824819896487
sequence is: (('zscore_clip_3', 'age'), ('bin_equal_frequency_10', 'age'), ('drop_duplicates', 'TABLE'), ('isolationForest', 'TABLE'))
***
Execution time: 235.189 sec
distances from ATE (with time):
[(1671.4226664435287, 0), (1424.4269610434114, 0.002920866012573242), (1671.4226664435287, 0.006910800933837891), (1424.4269610434114, 0.009720325469970703), (1424.4269604033348, 0.021422386169433594), (1417.0428295925424, 0.03573107719421387), (1415.329896714737, 0.3208630084991455), (1409.2587678634297, 0.330552339553833), (1322.1770055659254, 0.8343470096588135), (1185.940218410525, 0.9042634963989258), (1671.4226664435287, 0.9081478118896484), (1424.4269610434114, 0.9109578132629395), (1416.28660473641, 0.9270260334014893), (1185.940218410525, 0.9373552799224854), (1109.928593402865, 3.516542434692383), (1034.3203610507608, 4.575937986373901), (1671.4226664435287, 4.579894304275513), (1424.4269610434114, 4.582810640335083), (1416.28660473641, 4.830195903778076), (1185.940218410525, 4.842210054397583), (1034.3203610507608, 6.707345724105835), (570.7297497262789, 8.254984378814697), (1671.4226664435287, 8.260985374450684), (1424.4269610434114, 8.265400409698486), (1416.28660473641, 8.610504388809204), (1185.940218410525, 8.625298023223877), (1034.3203610507608, 11.403685331344604), (570.7297497262789, 12.718534231185913), (415.8629444783837, 59.69588780403137), (1671.4226664435287, 59.70224666595459), (1424.4269610434114, 59.70685791969299), (1416.28660473641, 60.02197313308716), (1185.940218410525, 60.263861894607544), (1034.3203610507608, 62.511956214904785), (570.7297497262789, 63.4755175113678), (415.8629444783837, 81.5063316822052), (414.9811479711607, 167.41457724571228), (0.43942824819896487, 235.18644070625305)]
(REAL, NOT adjusted by restarts) probability of this sequence is: 1.9550543045243078e-08
uncertainty:
{'ate': -0.43942824819896487, 'ci': (-1770.8150600799836, 1769.9362035835857)}
checked:
1777
