Starting EXP36.9, type=probe, run 1/3 (Task 486)
loaded cached data
loaded cached data
loaded cached data
loaded cached data
loaded cached data
loaded cached data
loaded cached data
START ATE IS: 54365.28807593164
PROBE TRIGGERED! Error reduced from 44232.208 to 36105.434 (ATE went to 46238.513634992785).
PROBE TRIGGERED! Error reduced from 36105.434 to 32386.423 (ATE went to 42519.50284322335).
PROBE TRIGGERED! Error reduced from 32386.423 to 26640.705 (ATE went to 36773.78469661571).
PROBE TRIGGERED! Error reduced from 26640.705 to 20883.331 (ATE went to 31016.411135341637).
PROBE TRIGGERED! Error reduced from 20883.331 to 15543.146 (ATE went to 25676.22555401315).
PROBE TRIGGERED! Error reduced from 15543.146 to 12424.248 (ATE went to 22557.328411645663).
PROBE TRIGGERED! Error reduced from 12424.248 to 6405.009 (ATE went to 16538.088751459876).
PROBE TRIGGERED! Error reduced from 6405.009 to 5265.368 (ATE went to 15398.448202694102).
PROBE TRIGGERED! Error reduced from 5265.368 to 3598.172 (ATE went to 13731.251896124675).
***
FINISHED
ATE before: 54365.28807593164
ATE now is: 11784.381389566344
sequence is: (('bin_equal_frequency_5', 'sqft_above'), ('IQR', 'sqft_basement'), ('bin_equal_frequency_2', 'yr_built'), ('bin_equal_frequency_2', 'sqft_lot15'), ('bin_equal_frequency_2', 'bedrooms'))
***
Execution time: 261.249 sec
distances from ATE (with time):
[(44232.20807593164, 0), (41991.38139765134, 0.010510444641113281), (36105.43363499278, 0.02337026596069336), (44232.20807593164, 0.0388026237487793), (36105.43363499278, 0.046222686767578125), (34182.58956769974, 0.16715073585510254), (32386.42284322335, 0.2695629596710205), (44232.20807593164, 0.28487300872802734), (36105.43363499278, 0.29218554496765137), (32386.42284322335, 0.3049736022949219), (26640.704696615707, 0.31949424743652344), (44232.20807593164, 0.3350205421447754), (32386.42284322335, 0.3426365852355957), (26640.704696615707, 0.37511110305786133), (26504.886924865386, 0.7038171291351318), (20883.331135341636, 3.096897840499878), (44232.20807593164, 3.112438678741455), (32386.42284322335, 3.11980938911438), (26640.704696615707, 3.164994716644287), (20883.331135341636, 3.1982510089874268), (15543.145554013148, 3.2716453075408936), (44232.20807593164, 3.2867586612701416), (32386.42284322335, 3.2939581871032715), (26640.704696615707, 3.3353867530822754), (20883.331135341636, 3.3501620292663574), (15543.145554013148, 3.424361228942871), (15304.592873126448, 16.059655904769897), (12424.248411645664, 29.903695583343506), (44232.20807593164, 29.924001932144165), (32386.42284322335, 29.93319797515869), (26640.704696615707, 30.006505966186523), (20883.331135341636, 30.02511477470398), (15543.145554013148, 30.150500059127808), (12424.248411645664, 30.241352796554565), (6405.008751459876, 33.211233139038086), (44232.20807593164, 33.22905731201172), (32386.42284322335, 33.23712396621704), (26640.704696615707, 33.296109437942505), (20883.331135341636, 33.33476424217224), (15543.145554013148, 33.507811069488525), (12424.248411645664, 33.57840943336487), (6405.008751459876, 36.36519479751587), (6225.744981244241, 176.6557400226593), (5265.368202694102, 190.2328622341156), (44232.20807593164, 190.27123928070068), (32386.42284322335, 190.29005479812622), (26640.704696615707, 190.4234311580658), (20883.331135341636, 190.46381974220276), (15543.145554013148, 190.7757363319397), (12424.248411645664, 190.86369800567627), (6405.008751459876, 191.8444426059723), (6225.744981244241, 196.3117401599884), (5265.368202694102, 196.6303095817566), (3598.171896124675, 226.4994626045227), (44232.20807593164, 226.51703786849976), (32386.42284322335, 226.525292634964), (26640.704696615707, 226.59674978256226), (20883.331135341636, 226.61294555664062), (15543.145554013148, 226.9678657054901), (12424.248411645664, 227.025128364563), (6405.008751459876, 227.71524906158447), (6225.744981244241, 231.5497603416443), (5265.368202694102, 231.72028160095215), (3598.171896124675, 261.17248940467834), (1651.3013895663444, 261.23469853401184)]
(REAL, NOT adjusted by restarts) probability of this sequence is: 6.092699470458613e-12
uncertainty:
{'ate': 11784.381389566344, 'ci': (-37069.773278631576, 60638.53605776426)}
checked:
9593
