Starting EXP37.3, type=probe_probs_with_restart, run 1/3 (Task 501)
loaded cached data
loaded cached data
loaded cached data
loaded cached data
loaded cached data
loaded cached data
loaded cached data
START ATE IS: 80919.76772731515
PROBE TRIGGERED! Error reduced from 70786.688 to 61263.347 (ATE went to 71396.42731875065).
PROBE TRIGGERED! Error reduced from 61263.347 to 41085.233 (ATE went to 51218.312531733616).
PROBE TRIGGERED! Error reduced from 41085.233 to 36577.610 (ATE went to 46710.689838168604).
PROBE TRIGGERED! Error reduced from 36577.610 to 32546.886 (ATE went to 42679.965939887494).
PROBE TRIGGERED! Error reduced from 32546.886 to 24740.336 (ATE went to 34873.416252013805).
PROBE TRIGGERED! Error reduced from 24740.336 to 21234.827 (ATE went to 31367.90694672151).
***
FINISHED
ATE before: 80919.76772731515
ATE now is: 12154.56520878101
sequence is: (('IQR', 'sqft_lot'), ('bin_equal_width_5', 'sqft_living'))
***
Execution time: 30.084 sec
distances from ATE (with time):
[(70786.68772731515, 0), (70786.5258912119, 0.013274192810058594), (63840.26969558021, 0.03435111045837402), (61263.347318750646, 0.048491477966308594), (70786.68772731515, 0.05656003952026367), (61263.347318750646, 0.06099963188171387), (57043.682815944136, 0.12321352958679199), (41085.232531733614, 0.1321258544921875), (70786.68772731515, 0.14014887809753418), (61263.347318750646, 0.14458036422729492), (41085.232531733614, 0.1535654067993164), (38074.27786961602, 0.19224262237548828), (36577.6098381686, 0.8115801811218262), (70786.68772731515, 0.8194131851196289), (61263.347318750646, 0.8245401382446289), (41085.232531733614, 0.839165449142456), (36577.6098381686, 1.251171588897705), (36291.47183190366, 1.6815154552459717), (32546.885939887492, 2.281420946121216), (70786.68772731515, 2.2895617485046387), (36577.6098381686, 2.689889430999756), (32546.885939887492, 3.097855806350708), (24740.336252013803, 3.490342617034912), (70786.68772731515, 3.4984452724456787), (41085.232531733614, 3.5049891471862793), (36577.6098381686, 3.9262912273406982), (32546.885939887492, 4.359840631484985), (24740.336252013803, 4.7668750286102295), (23820.668089947532, 9.056883811950684), (21234.826946721507, 29.6279776096344), (70786.68772731515, 29.636416912078857), (21234.826946721507, 29.654576778411865), (2021.4852087810104, 30.080645322799683)]
(REAL, NOT adjusted by restarts) probability of this sequence is: 1.6254421086758727e-05
uncertainty:
{'ate': 12154.56520878101, 'ci': (-46849.08361917607, 71158.21403673809)}
checked:
170
