Starting EXP30.8, type=probe_probs_with_restart, run 1/3 (Task 150)
loaded cached data
loaded cached data
loaded cached data
loaded cached data
loaded cached data
loaded cached data
loaded cached data
START ATE IS: 8749.270558715341
PROBE TRIGGERED! Error reduced from 10024.729 to 3418.480 (ATE went to 15355.519678427643).
PROBE TRIGGERED! Error reduced from 3418.480 to 2200.567 (ATE went to 16573.433210041658).
PROBE TRIGGERED! Error reduced from 2200.567 to 1466.138 (ATE went to 17307.862279672077).
PROBE TRIGGERED! Error reduced from 1466.138 to 1137.015 (ATE went to 17636.98493840606).
***
FINISHED
ATE before: 8749.270558715341
ATE now is: 17829.010149834703
sequence is: (('drop_duplicates', 'TABLE'), ('norm_log', 'Age'), ('isolationForest', 'TABLE'), ('norm_log', 'education'))
***
Execution time: 1011.188 sec
distances from ATE (with time):
[(10024.729441284659, 0), (3418.480321572357, 0.5807037353515625), (10024.729441284659, 1.1409223079681396), (3418.480321572357, 1.6636724472045898), (2200.5667899583423, 8.814534902572632), (10024.729441284659, 9.500592231750488), (3418.480321572357, 10.02274775505066), (2200.5667899583423, 12.62993335723877), (1466.1377203279226, 52.3344612121582), (10024.729441284659, 52.95198941230774), (3418.480321572357, 53.46001482009888), (2200.5667899583423, 65.85443210601807), (1466.1377203279226, 70.52230715751648), (1137.0150615939383, 135.8501477241516), (10024.729441284659, 136.4927101135254), (3418.480321572357, 136.9835467338562), (2200.5667899583423, 148.27215814590454), (1466.1377203279226, 152.55140662193298), (1137.0150615939383, 189.8938536643982), (1137.0150615934326, 765.2064561843872), (1110.8437786979594, 995.8033404350281), (944.989850165297, 1010.8319947719574)]
(REAL, NOT adjusted by restarts) probability of this sequence is: 9.192134646515342e-07
uncertainty:
{'ate': 17829.010149834703, 'ci': (16512.9683200218, 19145.051979647607)}
checked:
309
