Starting EXP36.3, type=probe_probs_with_restart, run 2/3 (Task 439)
loaded cached data
loaded cached data
loaded cached data
loaded cached data
loaded cached data
loaded cached data
loaded cached data
START ATE IS: 63995.96036530846
PROBE TRIGGERED! Error reduced from 53862.880 to 41570.625 (ATE went to 51703.704955835776).
PROBE TRIGGERED! Error reduced from 41570.625 to 26056.915 (ATE went to 36189.99457828699).
PROBE TRIGGERED! Error reduced from 26056.915 to 22623.609 (ATE went to 32756.689004994583).
PROBE TRIGGERED! Error reduced from 22623.609 to 17724.707 (ATE went to 27857.78684685736).
PROBE TRIGGERED! Error reduced from 17724.707 to 14417.303 (ATE went to 24550.38341230301).
PROBE TRIGGERED! Error reduced from 14417.303 to 6821.028 (ATE went to 16954.10839562917).
***
FINISHED
ATE before: 63995.96036530846
ATE now is: 12085.878956101107
sequence is: (('zscore_clip_3', 'sqft_above'), ('zscore_clip_3', 'grade'), ('norm_log', 'sqft_above'), ('bin_equal_width_5', 'sqft_living'))
***
Execution time: 178.261 sec
distances from ATE (with time):
[(53862.88036530846, 0), (53862.8764711034, 0.05143547058105469), (53862.843247599, 0.14792084693908691), (51785.967770184536, 0.2697257995605469), (51721.68308302497, 0.29270362854003906), (41570.624955835774, 0.29917073249816895), (53862.88036530846, 0.307375431060791), (41570.624955835774, 0.3116579055786133), (41570.590440743195, 1.0558772087097168), (41570.582917243715, 1.1217708587646484), (38046.57761708745, 1.6425259113311768), (26056.91457828699, 4.621655225753784), (53862.88036530846, 4.636316537857056), (41570.624955835774, 4.644601821899414), (38046.57761708745, 4.6595964431762695), (26056.91457828699, 4.692627429962158), (26056.804741502594, 10.95071268081665), (23875.047074990143, 14.259899139404297), (22623.609004994585, 58.077027320861816), (53862.88036530846, 58.09363412857056), (41570.624955835774, 58.101062536239624), (38046.57761708745, 58.114543199539185), (26056.91457828699, 58.14456486701965), (22623.609004994585, 58.22205376625061), (22623.60010808379, 88.04628229141235), (22623.597454027942, 88.10495495796204), (22623.591127959662, 88.209153175354), (20406.227769344747, 88.23826742172241), (17724.706846857363, 90.43999099731445), (53862.88036530846, 90.45187640190125), (41570.624955835774, 90.45701313018799), (38046.57761708745, 90.46667432785034), (26056.91457828699, 90.49618363380432), (17724.706846857363, 90.70269632339478), (14417.30341230301, 95.62379479408264), (53862.88036530846, 95.6314582824707), (41570.624955835774, 95.63513803482056), (38046.57761708745, 95.6419882774353), (26056.91457828699, 95.66248297691345), (22623.609004994585, 95.78772282600403), (17724.706846857363, 95.7961528301239), (14417.30341230301, 97.89847683906555), (6821.02839562917, 176.57792615890503), (53862.88036530846, 176.58921027183533), (53570.10851424456, 176.5943922996521), (41570.624955835774, 176.602308511734), (38046.57761708745, 176.61123752593994), (37992.8116821266, 176.66130185127258), (26056.91457828699, 176.6825008392334), (17724.706846857363, 176.93526458740234), (6821.02839562917, 177.07383966445923), (1952.7989561011073, 178.25771760940552)]
(REAL, NOT adjusted by restarts) probability of this sequence is: 6.100161118731555e-13
uncertainty:
{'ate': 12085.878956101107, 'ci': (-79034.9638985897, 103206.72181079192)}
checked:
8722
