Starting EXP33.5, type=probe, run 3/3 (Task 362)
loaded cached data
loaded cached data
loaded cached data
loaded cached data
loaded cached data
loaded cached data
loaded cached data
START ATE IS: 1671.1304157875093
PROBE TRIGGERED! Error reduced from 1671.130 to 1446.593 (ATE went to 1446.5934255203251).
PROBE TRIGGERED! Error reduced from 1446.593 to 1292.582 (ATE went to 1292.5818024007767).
PROBE TRIGGERED! Error reduced from 1292.582 to 1102.263 (ATE went to 1102.2625462328506).
PROBE TRIGGERED! Error reduced from 1102.263 to 973.509 (ATE went to 973.5089905355862).
PROBE TRIGGERED! Error reduced from 973.509 to 840.018 (ATE went to 840.0177638927689).
PROBE TRIGGERED! Error reduced from 840.018 to 662.841 (ATE went to 662.8411924612901).
PROBE TRIGGERED! Error reduced from 662.841 to 502.446 (ATE went to 502.446089013627).
PROBE TRIGGERED! Error reduced from 502.446 to 379.757 (ATE went to 379.75695141387314).
***
FINISHED
ATE before: 1671.1304157875093
ATE now is: 34.12133325462037
sequence is: (('bin_equal_frequency_5', 'education'), ('bin_equal_frequency_5', 'age'), ('drop_duplicates', 'TABLE'), ('isolationForest', 'TABLE'))
***
Execution time: 165.961 sec
distances from ATE (with time):
[(1671.1304157875093, 0), (1665.9000243163227, 0.0033261775970458984), (1624.071995869468, 0.0078046321868896484), (1559.835520471799, 0.10093522071838379), (1446.5934255203251, 0.3098104000091553), (1671.1304157875093, 0.31445980072021484), (1446.5934255203251, 0.5009517669677734), (1390.1010021581942, 0.7974061965942383), (1292.5818024007767, 4.224748373031616), (1671.1304157875093, 4.22954797744751), (1446.5934255203251, 4.417461633682251), (1292.5818024007767, 4.691095590591431), (1221.6994579451057, 9.616440057754517), (1186.9233087773864, 9.806530714035034), (1102.2625462328506, 9.995328187942505), (1671.1304157875093, 9.9999361038208), (1446.5934255203251, 10.1859610080719), (1428.912139135242, 10.391868829727173), (1292.5818024007767, 10.642739295959473), (1102.2625462328506, 10.853038549423218), (973.5089905355862, 15.764303207397461), (1671.1304157875093, 15.768877267837524), (1446.5934255203251, 15.954683780670166), (1428.912139135242, 16.157352685928345), (1292.5818024007767, 16.533822536468506), (1102.2625462328506, 16.72264289855957), (973.5089905355862, 16.912508487701416), (965.8147281265738, 25.7198588848114), (840.0177638927689, 27.436612129211426), (1671.1304157875093, 27.441136598587036), (1446.5934255203251, 27.62730097770691), (1428.912139135242, 27.82417607307434), (1102.2625462328506, 28.206076860427856), (973.5089905355862, 28.396117687225342), (965.8147281265738, 29.074314832687378), (840.0177638927689, 29.65889573097229), (662.8411924612901, 61.09018850326538), (1671.1304157875093, 61.094871044158936), (1446.5934255203251, 61.2812237739563), (973.5089905355862, 61.67673468589783), (946.5616791811199, 63.12903141975403), (662.8411924612901, 68.04496598243713), (614.2283912528801, 85.09782433509827), (502.446089013627, 122.34949898719788), (1671.1304157875093, 122.35469508171082), (1446.5934255203251, 122.55209636688232), (1428.912139135242, 122.77245426177979), (1102.2625462328506, 123.17682814598083), (973.5089905355862, 123.37833976745605), (965.8147281265738, 124.83388113975525), (840.0177638927689, 125.54782342910767), (694.5915120149912, 126.5656430721283), (502.446089013627, 126.96776485443115), (379.75695141387314, 143.70706987380981), (1671.1304157875093, 143.71186351776123), (1446.5934255203251, 143.99358463287354), (1428.912139135242, 144.26660108566284), (1102.2625462328506, 144.70994448661804), (973.5089905355862, 144.90466046333313), (965.8147281265738, 146.3112895488739), (840.0177638927689, 146.99941968917847), (694.5915120149912, 148.10087180137634), (502.446089013627, 148.49016046524048), (379.75695141387314, 165.7659397125244), (34.12133325462037, 165.95893907546997)]
(REAL, NOT adjusted by restarts) probability of this sequence is: 1.082812410329597e-06
uncertainty:
{'ate': 34.12133325462037, 'ci': (-843.6940973690631, 911.9367638783039)}
checked:
1549
