Starting EXP34.2, type=probe_probs_no_restart, run 2/3 (Task 382)
loaded cached data
loaded cached data
loaded cached data
loaded cached data
loaded cached data
loaded cached data
loaded cached data
START ATE IS: 8774.433204759567
***
FINISHED
ATE before: 8774.433204759567
ATE now is: 17832.033789622765
sequence is: (('drop_duplicates', 'TABLE'), ('norm_log', 'Age'), ('isolationForest', 'TABLE'), ('norm_log', 'education'))
***
Execution time: 4470.952 sec
distances from ATE (with time):
[(9999.566795240433, 0), (3723.43918322649, 0.8577673435211182), (3723.4391832109704, 10.13767123222351), (2592.894432933097, 12.02863883972168), (1699.664432206424, 100.20572328567505), (1699.6644322044267, 578.728458404541), (1278.412483703647, 649.6066467761993), (1239.0719164666298, 3284.2102608680725), (1205.4077505070964, 3656.770773410797), (941.9662103772353, 4470.415924787521)]
probability of this sequence is: 9.192134646515342e-07
uncertainty:
{'ate': 17832.033789622765, 'ci': (16913.906963498102, 18750.160615747427)}
checked:
1414
