Starting EXP30.9, type=probe_probs_with_restart, run 2/3 (Task 160)
loaded cached data
loaded cached data
loaded cached data
loaded cached data
loaded cached data
loaded cached data
loaded cached data
START ATE IS: 8791.297856452105
PROBE TRIGGERED! Error reduced from 9982.702 to 3495.781 (ATE went to 15278.219086329955).
PROBE TRIGGERED! Error reduced from 3495.781 to 2326.208 (ATE went to 16447.792215113437).
PROBE TRIGGERED! Error reduced from 2326.208 to 1758.861 (ATE went to 17015.138658592146).
PROBE TRIGGERED! Error reduced from 1758.861 to 1382.207 (ATE went to 17391.793394997905).
PROBE TRIGGERED! Error reduced from 1382.207 to 1059.586 (ATE went to 17714.414456896524).
***
FINISHED
ATE before: 8791.297856452105
ATE now is: 18142.727057152573
sequence is: (('drop_duplicates', 'TABLE'), ('norm_log', 'Age'), ('isolationForest', 'TABLE'), ('norm_log', 'education'))
***
Execution time: 927.189 sec
distances from ATE (with time):
[(9982.702143547895, 0), (3495.7809136700453, 0.6464962959289551), (9982.702143547895, 1.3120839595794678), (3495.7809136700453, 1.8574647903442383), (3495.7809136679098, 5.517022371292114), (3495.7809136615742, 5.977821350097656), (2326.207784886563, 8.957814931869507), (9982.702143547895, 9.57121205329895), (3495.7809136700453, 10.021757125854492), (2326.207784886563, 12.445979356765747), (1758.8613414078536, 52.07584834098816), (9982.702143547895, 52.699267625808716), (3495.7809136700453, 53.09653425216675), (2326.207784886563, 65.1362841129303), (1758.8613414078536, 69.66156601905823), (1382.2066050020949, 140.69428539276123), (9982.702143547895, 141.2378590106964), (3495.7809136700453, 141.66075587272644), (2326.207784886563, 152.31677317619324), (1758.8613414078536, 157.10081267356873), (1382.2066050020949, 197.7423279285431), (1059.585543103476, 493.4710359573364), (9982.702143547895, 494.1545629501343), (3495.7809136700453, 494.51771879196167), (1758.8613414078536, 509.12115812301636), (1382.2066050020949, 588.0038211345673), (1059.585543103476, 639.545262336731), (631.2729428474267, 926.8814980983734)]
(REAL, NOT adjusted by restarts) probability of this sequence is: 9.192134646515342e-07
uncertainty:
{'ate': 18142.727057152573, 'ci': (16780.540365371562, 19504.913748933584)}
checked:
297
