Starting EXP29.1, type=probe, run 1/3 (Task 0)
loaded cached data
loaded cached data
loaded cached data
loaded cached data
loaded cached data
loaded cached data
loaded cached data
START ATE IS: -552.7449969385107
PROBE TRIGGERED! Error reduced from 552.745 to 447.129 (ATE went to -447.12905594394215).
PROBE TRIGGERED! Error reduced from 447.129 to 373.030 (ATE went to -373.03046104246823).
PROBE TRIGGERED! Error reduced from 373.030 to 163.743 (ATE went to -163.74295348205487).
PROBE TRIGGERED! Error reduced from 163.743 to 107.943 (ATE went to -107.94250421861943).
***
FINISHED
ATE before: -552.7449969385107
ATE now is: -33.51172202339512
sequence is: (('bin_equal_frequency_2', 'age'), ('drop_duplicates', 'TABLE'), ('bin_equal_frequency_2', 'education'))
***
Execution time: 5.005 sec
distances from ATE (with time):
[(552.7449969385107, 0), (447.12905594394215, 0.004007816314697266), (552.7449969385107, 0.008989095687866211), (447.12905594394215, 0.012502908706665039), (404.8507337329902, 0.31354689598083496), (373.03046104246823, 0.31839585304260254), (552.7449969385107, 0.32245612144470215), (447.12905594394215, 0.3252718448638916), (373.03046104246823, 0.33408641815185547), (347.3315573167911, 0.6003825664520264), (163.74295348205487, 1.0550262928009033), (552.7449969385107, 1.062194585800171), (447.12905594394215, 1.0669119358062744), (373.03046104246823, 1.089052438735962), (163.74295348205487, 1.3770411014556885), (107.94250421861943, 2.6392300128936768), (552.7449969385107, 2.643216609954834), (447.12905594394215, 2.645953893661499), (373.03046104246823, 2.658489465713501), (163.74295348205487, 2.67303466796875), (107.94250421861943, 2.9708428382873535), (33.51172202339512, 5.003577470779419)]
(REAL, NOT adjusted by restarts) probability of this sequence is: 3.356718472021751e-05
uncertainty:
{'ate': -33.51172202339512, 'ci': (-3031.3708930651055, 2964.3474490183153)}
checked:
346
