Starting EXP29.7, type=probe, run 2/3 (Task 55)
loaded cached data
loaded cached data
loaded cached data
loaded cached data
loaded cached data
loaded cached data
loaded cached data
START ATE IS: 1232.5718851145575
PROBE TRIGGERED! Error reduced from 1232.572 to 1075.664 (ATE went to 1075.6636909577028).
PROBE TRIGGERED! Error reduced from 1075.664 to 879.941 (ATE went to 879.9407581280375).
PROBE TRIGGERED! Error reduced from 879.941 to 685.525 (ATE went to 685.5251240747493).
PROBE TRIGGERED! Error reduced from 685.525 to 442.945 (ATE went to 442.9448381840739).
PROBE TRIGGERED! Error reduced from 442.945 to 374.754 (ATE went to 374.7535532125239).
PROBE TRIGGERED! Error reduced from 374.754 to 261.966 (ATE went to 261.96642184636767).
PROBE TRIGGERED! Error reduced from 261.966 to 169.397 (ATE went to 169.3971998279776).
PROBE TRIGGERED! Error reduced from 169.397 to 147.040 (ATE went to 147.04042066851616).
PROBE TRIGGERED! Error reduced from 147.040 to 67.026 (ATE went to 67.02602078871769).
***
FINISHED
ATE before: 1232.5718851145575
ATE now is: -9.945729825805756
sequence is: (('bin_equal_frequency_10', 'age'), ('bin_equal_frequency_2', 'education'), ('drop_duplicates', 'TABLE'), ('isolationForest', 'TABLE'))
***
Execution time: 11269.254 sec
distances from ATE (with time):
[(1232.5718851145575, 0), (1157.495922765138, 0.012134075164794922), (1075.6636909577028, 0.1595933437347412), (1232.5718851145575, 0.1661527156829834), (1075.6636909577028, 0.171844482421875), (1075.018500261809, 0.7027459144592285), (1068.8648219551287, 0.7124485969543457), (1029.39705199747, 0.7511796951293945), (1019.4140226885575, 0.9611415863037109), (1003.9335228056079, 1.471517562866211), (879.9407581280375, 23.92751383781433), (1232.5718851145575, 23.935078859329224), (1075.6636909577028, 23.9411723613739), (1003.9335228056079, 24.468796730041504), (879.9407581280375, 24.497538328170776), (809.8413269800476, 26.979333877563477), (685.5251240747493, 26.996347427368164), (1232.5718851145575, 27.0016610622406), (1075.6636909577028, 27.009297609329224), (1003.9335228056079, 27.172908067703247), (879.9407581280375, 27.664022207260132), (685.5251240747493, 27.673362731933594), (654.8414071573352, 31.806660652160645), (442.9448381840739, 31.819813013076782), (1232.5718851145575, 31.827965259552002), (1174.8045097158229, 31.833218097686768), (1075.6636909577028, 31.84200882911682), (1029.39705199747, 31.86906886100769), (1019.4140226885575, 31.889742374420166), (1003.9335228056079, 31.900398015975952), (685.5251240747493, 31.909772634506226), (442.9448381840739, 32.4963755607605), (431.4908017260459, 69.23861241340637), (420.3739582475828, 70.80554008483887), (419.28079392444124, 71.60485792160034), (374.7535532125239, 486.81019139289856), (1232.5718851145575, 486.8207175731659), (1174.8045097158229, 486.83059763908386), (1075.6636909577028, 486.843980550766), (1029.39705199747, 487.31327390670776), (1019.4140226885575, 487.335387468338), (1003.9335228056079, 487.3474597930908), (685.5251240747493, 487.3589608669281), (442.9448381840739, 489.84250593185425), (431.4908017260459, 647.2203924655914), (420.3739582475828, 650.5216042995453), (419.28079392444124, 652.445886850357), (374.7535532125239, 656.3004925251007), (261.96642184636767, 1617.0866136550903), (1232.5718851145575, 1617.0972023010254), (1174.8045097158229, 1617.1033024787903), (1075.6636909577028, 1617.130403995514), (685.5251240747493, 1617.5160236358643), (442.9448381840739, 1623.538806438446), (374.7535532125239, 1809.0906746387482), (261.96642184636767, 1888.4620208740234), (169.3971998279776, 1902.5752642154694), (1232.5718851145575, 1902.5839293003082), (1177.236775660791, 1903.0461688041687), (1174.8045097158229, 1903.0528264045715), (1075.6636909577028, 1903.0679285526276), (1074.2238739017866, 1903.8677971363068), (879.9407581280375, 1904.3123235702515), (685.5251240747493, 1907.311086654663), (661.3345122048268, 1910.0287508964539), (654.8414071573352, 1915.6052014827728), (582.0275825632543, 1926.4030857086182), (442.9448381840739, 1935.7660074234009), (261.96642184636767, 1962.7877247333527), (169.3971998279776, 1965.5690603256226), (169.39719982797033, 2453.818115711212), (160.26604940936886, 3751.2834689617157), (147.04042066851616, 3784.4786632061005), (1232.5718851145575, 3784.495500564575), (1177.236775660791, 3785.0687358379364), (1174.8045097158229, 3785.0768616199493), (1075.6636909577028, 3785.093326330185), (1074.2238739017866, 3786.1859362125397), (879.9407581280375, 3786.772573709488), (685.5251240747493, 3789.4610114097595), (661.3345122048268, 3792.9843425750732), (654.8414071573352, 3798.894562959671), (582.0275825632543, 3809.8441648483276), (442.9448381840739, 3818.173031806946), (261.96642184636767, 3852.798499107361), (169.3971998279776, 3855.8230776786804), (147.04042066851616, 4638.714589595795), (134.93311302633174, 7501.1135840415955), (67.02602078871769, 7555.286876440048), (1232.5718851145575, 7555.296941280365), (1193.4265037185596, 7555.302202939987), (1177.236775660791, 7555.6296944618225), (1174.8045097158229, 7555.643450975418), (1075.6636909577028, 7555.65157866478), (973.0925332647475, 7556.657126426697), (879.9407581280375, 7558.993649959564), (685.5251240747493, 7559.002430438995), (582.0275825632543, 7567.350861549377), (442.9448381840739, 7585.274982690811), (261.96642184636767, 7624.268709659576), (169.3971998279776, 7629.197845220566), (67.02602078871769, 8378.15706205368), (9.945729825805756, 11269.251984119415)]
(REAL, NOT adjusted by restarts) probability of this sequence is: 1.082812410329597e-06
uncertainty:
{'ate': -9.945729825805756, 'ci': (-2099.002136083384, 2079.1106764317724)}
checked:
69823
