Starting EXP34.1, type=probe_probs_with_restart, run 2/3 (Task 376)
loaded cached data
loaded cached data
loaded cached data
loaded cached data
loaded cached data
loaded cached data
loaded cached data
START ATE IS: 8774.433204759567
PROBE TRIGGERED! Error reduced from 9999.567 to 3723.439 (ATE went to 15050.56081677351).
PROBE TRIGGERED! Error reduced from 3723.439 to 2592.894 (ATE went to 16181.105567066757).
PROBE TRIGGERED! Error reduced from 2592.894 to 2086.071 (ATE went to 16687.92869349171).
PROBE TRIGGERED! Error reduced from 2086.071 to 1733.620 (ATE went to 17040.379681868).
PROBE TRIGGERED! Error reduced from 1733.620 to 1410.298 (ATE went to 17363.701570116045).
PROBE TRIGGERED! Error reduced from 1410.298 to 1068.040 (ATE went to 17705.96026958212).
***
FINISHED
ATE before: 8774.433204759567
ATE now is: 18347.48521611017
sequence is: (('bin_equal_frequency_5', 'education'), ('norm_log', 'education'), ('isolationForest', 'TABLE'))
***
Execution time: 2924.637 sec
distances from ATE (with time):
[(9999.566795240433, 0), (3723.43918322649, 0.36882972717285156), (9999.566795240433, 0.9489052295684814), (3723.43918322649, 1.3252034187316895), (3723.4391832145047, 4.174108505249023), (2592.8944329332426, 7.5103700160980225), (9999.566795240433, 8.109048128128052), (3723.43918322649, 8.535643339157104), (2592.8944329332426, 10.799148321151733), (2086.071306508289, 47.88750171661377), (9999.566795240433, 48.37153482437134), (3723.43918322649, 48.764484167099), (2592.8944329332426, 60.314167737960815), (2086.071306508289, 64.42078971862793), (1733.6203181320016, 133.69812083244324), (9999.566795240433, 134.31316447257996), (3723.43918322649, 134.75498223304749), (2592.8944329332426, 145.39008808135986), (2086.071306508289, 148.56704807281494), (1733.6203181320016, 181.6051275730133), (1720.9634639995784, 194.19913053512573), (1410.2984298839547, 440.68054461479187), (9999.566795240433, 441.2195129394531), (3723.43918322649, 441.62187600135803), (2086.071306508289, 454.40605783462524), (1733.6203181320016, 532.820479631424), (1720.9634639995784, 577.7860140800476), (1410.2984298839547, 581.1641647815704), (1068.0397304178805, 856.9439504146576), (9999.566795240433, 857.5191504955292), (3723.43918322649, 857.8886773586273), (2592.8944329332426, 868.5401284694672), (2086.071306508289, 871.6233913898468), (1733.6203181320016, 923.877466917038), (1720.9634639995784, 937.1819763183594), (1410.2984298839547, 971.9501709938049), (1068.0397304178805, 1163.9778616428375), (426.51478388983014, 2924.352166891098)]
(REAL, NOT adjusted by restarts) probability of this sequence is: 4.179958004583426e-07
uncertainty:
{'ate': 18347.48521611017, 'ci': (17208.932648144964, 19486.037784075375)}
checked:
809
