Starting EXP30.7, type=probe_probs_with_restart, run 2/3 (Task 142)
loaded cached data
loaded cached data
loaded cached data
loaded cached data
loaded cached data
loaded cached data
loaded cached data
START ATE IS: 8770.496658551037
PROBE TRIGGERED! Error reduced from 10003.503 to 3242.790 (ATE went to 15531.20997637105).
PROBE TRIGGERED! Error reduced from 3242.790 to 1969.737 (ATE went to 16804.262955652488).
PROBE TRIGGERED! Error reduced from 1969.737 to 1236.193 (ATE went to 17537.80697394049).
***
FINISHED
ATE before: 8770.496658551037
ATE now is: 17943.75950087183
sequence is: (('drop_duplicates', 'TABLE'), ('isolationForest', 'TABLE'), ('norm_log', 'education'))
***
Execution time: 114.493 sec
distances from ATE (with time):
[(10003.503341448963, 0), (3242.7900236289497, 0.4462616443634033), (10003.503341448963, 0.9219255447387695), (3242.7900236289497, 1.3635404109954834), (1969.737044347512, 6.629135847091675), (10003.503341448963, 7.15487813949585), (3242.7900236289497, 7.645616054534912), (1969.737044347512, 9.974746704101562), (1236.1930260595109, 43.87187838554382), (10003.503341448963, 44.28633117675781), (3242.7900236289497, 44.79576659202576), (1969.737044347512, 55.99855279922485), (1236.1930260595109, 59.7834677696228), (830.2404991281692, 114.16883373260498)]
(REAL, NOT adjusted by restarts) probability of this sequence is: 2.7110013344012503e-05
uncertainty:
{'ate': 17943.75950087183, 'ci': (16476.539352745665, 19410.979648997996)}
checked:
95
