Starting EXP29.3, type=probe, run 3/3 (Task 20)
loaded cached data
loaded cached data
loaded cached data
loaded cached data
loaded cached data
loaded cached data
loaded cached data
START ATE IS: 2697.5991407902147
PROBE TRIGGERED! Error reduced from 2697.599 to 2263.995 (ATE went to 2263.9949292967613).
PROBE TRIGGERED! Error reduced from 2263.995 to 1954.974 (ATE went to 1954.9740298448978).
PROBE TRIGGERED! Error reduced from 1954.974 to 1222.214 (ATE went to 1222.213959536718).
PROBE TRIGGERED! Error reduced from 1222.214 to 969.931 (ATE went to 969.9310511366602).
PROBE TRIGGERED! Error reduced from 969.931 to 647.487 (ATE went to 647.487311536368).
PROBE TRIGGERED! Error reduced from 647.487 to 280.623 (ATE went to 280.6227386375913).
PROBE TRIGGERED! Error reduced from 280.623 to 161.429 (ATE went to 161.4285797193188).
PROBE TRIGGERED! Error reduced from 161.429 to 117.092 (ATE went to 117.09167883295413).
***
FINISHED
ATE before: 2697.5991407902147
ATE now is: 28.1346734065728
sequence is: (('bin_equal_frequency_5', 'age'), ('norm_log', 'age'), ('bin_equal_frequency_5', 'education'), ('isolationForest', 'TABLE'))
***
Execution time: 695.165 sec
distances from ATE (with time):
[(2697.5991407902147, 0), (2605.602324031707, 0.007227897644042969), (2569.249223125753, 0.03078484535217285), (2568.690364182339, 0.06777000427246094), (2263.9949292967613, 0.2794342041015625), (2697.5991407902147, 0.2834460735321045), (2263.9949292967613, 0.4505281448364258), (2094.643758830145, 0.7151999473571777), (1954.9740298448978, 1.7409515380859375), (2697.5991407902147, 1.7450482845306396), (2263.9949292967613, 1.9120097160339355), (1954.9740298448978, 2.1079790592193604), (1222.213959536718, 2.3407938480377197), (2697.5991407902147, 2.34481143951416), (2263.9949292967613, 2.512694835662842), (1954.9740298448978, 2.6900711059570312), (1222.213959536718, 2.8575615882873535), (1200.3326537526154, 7.65133261680603), (1163.121714256611, 11.925504684448242), (969.9310511366602, 14.25493335723877), (2697.5991407902147, 14.259233713150024), (2263.9949292967613, 14.429924964904785), (1954.9740298448978, 14.610387086868286), (1222.213959536718, 14.780982732772827), (1200.3326537526154, 15.125397682189941), (1170.6417904142945, 16.12220311164856), (969.9310511366602, 16.73459506034851), (910.452213300272, 34.7602641582489), (647.487311536368, 45.768770694732666), (2697.5991407902147, 45.7729115486145), (2263.9949292967613, 45.940439224243164), (1954.9740298448978, 46.29043197631836), (1200.3326537526154, 46.46104979515076), (1170.6417904142945, 47.41562104225159), (969.9310511366602, 47.58839273452759), (647.487311536368, 52.34293460845947), (280.6227386375913, 90.52244210243225), (2697.5991407902147, 90.52681922912598), (2263.9949292967613, 90.7002100944519), (2227.1290810780756, 90.89138317108154), (1954.9740298448978, 91.06624913215637), (1222.213959536718, 91.41383457183838), (1200.3326537526154, 91.94126319885254), (1170.6417904142945, 93.81844162940979), (969.9310511366602, 94.56762337684631), (647.487311536368, 98.85332369804382), (280.6227386375913, 99.02716779708862), (280.62273863758764, 231.61734819412231), (280.62273863758674, 238.1985068321228), (255.88033125181119, 244.76974725723267), (161.4285797193188, 313.124630689621), (2697.5991407902147, 313.1291184425354), (2263.9949292967613, 313.2992453575134), (2121.17196042433, 313.4959442615509), (1954.9740298448978, 314.1851923465729), (1939.9497072165304, 314.35941791534424), (1200.3326537526154, 314.70672845840454), (1163.121714256611, 316.7709972858429), (969.9310511366602, 319.55569291114807), (161.4285797193188, 322.83689522743225), (117.09167883295413, 504.7768075466156), (2697.5991407902147, 504.781298160553), (2263.9949292967613, 504.95109009742737), (2121.17196042433, 505.1505877971649), (1954.9740298448978, 505.8382713794708), (1939.9497072165304, 506.0114235877991), (1200.3326537526154, 506.3579866886139), (1163.121714256611, 508.8097171783447), (969.9310511366602, 511.58683466911316), (161.4285797193188, 514.7021358013153), (117.09167883295413, 671.4698643684387), (28.1346734065728, 695.162026643753)]
(REAL, NOT adjusted by restarts) probability of this sequence is: 1.082812410329597e-06
uncertainty:
{'ate': 28.1346734065728, 'ci': (-2221.28114611501, 2277.5504929281556)}
checked:
5732
