Starting EXP29.7, type=probe_probs_with_restart, run 2/3 (Task 61)
loaded cached data
loaded cached data
loaded cached data
loaded cached data
loaded cached data
loaded cached data
loaded cached data
START ATE IS: 2418.5164045398633
PROBE TRIGGERED! Error reduced from 2418.516 to 1760.570 (ATE went to 1760.5701466080063).
PROBE TRIGGERED! Error reduced from 1760.570 to 1557.037 (ATE went to 1557.0369423004322).
PROBE TRIGGERED! Error reduced from 1557.037 to 1391.956 (ATE went to 1391.956415318804).
PROBE TRIGGERED! Error reduced from 1391.956 to 1240.182 (ATE went to 1240.1823904521116).
PROBE TRIGGERED! Error reduced from 1240.182 to 1051.807 (ATE went to 1051.807256334101).
PROBE TRIGGERED! Error reduced from 1051.807 to 919.448 (ATE went to 919.4479742095446).
PROBE TRIGGERED! Error reduced from 919.448 to 759.077 (ATE went to 759.076590076148).
PROBE TRIGGERED! Error reduced from 759.077 to 653.776 (ATE went to 653.7756841473793).
PROBE TRIGGERED! Error reduced from 653.776 to 549.068 (ATE went to 549.0684552778312).
PROBE TRIGGERED! Error reduced from 549.068 to 487.380 (ATE went to 487.38015070501206).
PROBE TRIGGERED! Error reduced from 487.380 to 313.461 (ATE went to 313.4610030304593).


*** TIMED OUT!! ***

distances from ATE (with time):
[(2418.5164045398633, 0), (2233.99793946114, 0.0057141780853271484), (2233.9979388904485, 0.08887076377868652), (1760.5701466080063, 0.5798521041870117), (2418.5164045398633, 0.587414026260376), (1760.5701466080063, 0.9858345985412598), (1557.0369423004322, 1.4520928859710693), (2418.5164045398633, 1.4599459171295166), (1760.5701466080063, 1.8027400970458984), (1557.0369423004322, 2.1533913612365723), (1459.6886586502078, 2.4935123920440674), (1391.956415318804, 6.56275749206543), (2418.5164045398633, 6.593791723251343), (1760.5701466080063, 6.935909748077393), (1557.0369423004322, 7.292301654815674), (1459.6886586502078, 7.633147478103638), (1391.956415318804, 8.469280004501343), (1293.7472165600375, 11.899453401565552), (1240.1823904521116, 12.980055570602417), (2418.5164045398633, 12.987582445144653), (1760.5701466080063, 13.409444332122803), (1661.5080442327508, 13.822900533676147), (1391.956415318804, 14.18407917022705), (1293.7472165600375, 16.23686909675598), (1240.1823904521116, 17.890933752059937), (1203.9140504593597, 18.293527364730835), (1051.807256334101, 19.007156133651733), (2418.5164045398633, 19.014854907989502), (1760.5701466080063, 19.423170804977417), (1661.5080442327508, 19.84020185470581), (1391.956415318804, 20.18040704727173), (1293.7472165600375, 22.11047077178955), (1240.1823904521116, 23.904412031173706), (1203.9140504593597, 24.24897313117981), (1051.807256334101, 24.936593532562256), (1051.8072528387465, 58.29606652259827), (1044.0777974216016, 79.20407223701477), (1001.9761984872875, 105.10413694381714), (919.4479742095446, 124.71819281578064), (2418.5164045398633, 124.72587251663208), (1760.5701466080063, 125.06368327140808), (1661.5080442327508, 125.54909467697144), (1391.956415318804, 125.91556811332703), (1196.8416874270351, 127.46385598182678), (1051.807256334101, 130.06425619125366), (919.4479742095446, 134.626629114151), (759.076590076148, 136.6549632549286), (2418.5164045398633, 136.66225385665894), (1760.5701466080063, 136.98656392097473), (1557.0369423004322, 137.4485297203064), (1459.6886586502078, 137.80804109573364), (1196.8416874270351, 139.09448552131653), (919.4479742095446, 141.52833676338196), (759.076590076148, 142.39717364311218), (715.1025792776973, 144.08875060081482), (653.7756841473793, 163.74498343467712), (2418.5164045398633, 163.75371599197388), (1760.5701466080063, 164.28333115577698), (1557.0369423004322, 164.70109272003174), (1459.6886586502078, 164.99619388580322), (1196.8416874270351, 166.12442016601562), (919.4479742095446, 168.5381064414978), (759.076590076148, 169.4636526107788), (715.1025792776973, 171.35531735420227), (653.7756841473793, 183.40823101997375), (653.7756841473656, 340.0854539871216), (602.9907133188017, 402.54438304901123), (549.0684552778312, 550.2740416526794), (2418.5164045398633, 550.2816386222839), (1760.5701466080063, 550.6048707962036), (1745.5748587922099, 550.9637544155121), (1661.5080442327508, 551.3018410205841), (1196.8416874270351, 551.6698100566864), (919.4479742095446, 556.5859830379486), (759.076590076148, 557.2240455150604), (715.1025792776973, 558.4566776752472), (653.7756841473793, 571.5626254081726), (549.0684552778312, 697.6777577400208), (544.2345607168791, 1500.8121647834778), (516.7776939397481, 1703.5106570720673), (487.38015070501206, 2069.962926864624), (2418.5164045398633, 2069.9715526103973), (1760.5701466080063, 2070.301599264145), (1745.5748587922099, 2070.704101085663), (1661.5080442327508, 2071.102297306061), (1196.8416874270351, 2071.4945826530457), (919.4479742095446, 2077.5506422519684), (759.076590076148, 2078.2621903419495), (715.1025792776973, 2079.6621720790863), (653.7756841473793, 2099.6645991802216), (549.0684552778312, 2178.9556963443756), (487.38015070501206, 2626.5142493247986), (485.4154519805379, 5445.387848138809), (441.4757834195716, 6860.608361244202), (313.4610030304593, 10285.380862236023), (2418.5164045398633, 10285.389313220978), (1760.5701466080063, 10285.569167613983), (1745.5748587922099, 10285.765426158905), (1661.5080442327508, 10285.955079078674), (1196.8416874270351, 10286.201634168625), (919.4479742095446, 10291.437718153), (759.076590076148, 10292.286133050919), (715.1025792776973, 10293.034495592117), (653.7756841473793, 10312.48719406128), (313.4610030304593, 10404.383842468262), (311.6003662400726, 11000.8738052845), (295.63001268884, 14331.1996114254)]
