Starting EXP36.6, type=probe_probs_with_restart, run 3/3 (Task 467)
loaded cached data
loaded cached data
loaded cached data
loaded cached data
loaded cached data
loaded cached data
loaded cached data
START ATE IS: 72885.27096368752
PROBE TRIGGERED! Error reduced from 62752.191 to 47022.564 (ATE went to 57155.64368513043).
PROBE TRIGGERED! Error reduced from 47022.564 to 41074.624 (ATE went to 51207.70352125316).
PROBE TRIGGERED! Error reduced from 41074.624 to 32466.711 (ATE went to 42599.79124529957).
PROBE TRIGGERED! Error reduced from 32466.711 to 27012.176 (ATE went to 37145.255692173814).
PROBE TRIGGERED! Error reduced from 27012.176 to 20887.175 (ATE went to 31020.255467443552).
PROBE TRIGGERED! Error reduced from 20887.175 to 17640.958 (ATE went to 27774.03801108369).
PROBE TRIGGERED! Error reduced from 17640.958 to 11154.364 (ATE went to 21287.443851642696).
PROBE TRIGGERED! Error reduced from 11154.364 to 9266.251 (ATE went to 19399.33116281329).
PROBE TRIGGERED! Error reduced from 9266.251 to 6680.953 (ATE went to 16814.032603829055).
PROBE TRIGGERED! Error reduced from 6680.953 to 4518.542 (ATE went to 14651.621523749935).
PROBE TRIGGERED! Error reduced from 4518.542 to 3640.428 (ATE went to 13773.507680108412).
***
FINISHED
ATE before: 72885.27096368752
ATE now is: 11960.103905895683
sequence is: (('IQR', 'bedrooms'), ('norm_log', 'sqft_living'), ('isolationForest', 'TABLE'), ('norm_log', 'grade'), ('bin_equal_width_5', 'grade'), ('bin_equal_frequency_5', 'yr_built'))
***
Execution time: 5419.269 sec
distances from ATE (with time):
[(62752.19096368752, 0), (62752.173675707556, 0.04126596450805664), (61019.014254475274, 0.16643619537353516), (60371.72261467633, 0.17627382278442383), (60315.50954025805, 0.21518206596374512), (47022.56368513043, 0.23489975929260254), (62752.19096368752, 0.24819254875183105), (47022.56368513043, 0.253903865814209), (46711.63090418025, 0.9997861385345459), (44510.20174276878, 2.0922350883483887), (41074.62352125316, 3.005485773086548), (62752.19096368752, 3.022027015686035), (47022.56368513043, 3.0346903800964355), (46711.63090418025, 3.43666672706604), (44510.20174276878, 3.8626997470855713), (41074.62352125316, 4.23790168762207), (39452.88701221847, 6.410782337188721), (37014.44084934909, 58.956952810287476), (32466.71124529957, 65.87625050544739), (62752.19096368752, 65.89235067367554), (47022.56368513043, 65.89961767196655), (46711.63090418025, 66.28425288200378), (44510.20174276878, 66.72338891029358), (41074.62352125316, 67.10058999061584), (32466.71124529957, 68.02941536903381), (32156.385799711396, 69.73145604133606), (31253.590979947854, 71.31549191474915), (31019.59514124402, 221.32753348350525), (29377.316430017316, 272.31806087493896), (27012.175692173812, 273.86016035079956), (62752.19096368752, 273.8790409564972), (47022.56368513043, 273.8871867656708), (46711.63090418025, 274.3899085521698), (44510.20174276878, 274.9026119709015), (41074.62352125316, 275.28826212882996), (36594.92256599234, 275.30666995048523), (33364.71533556292, 275.7690317630768), (27012.175692173812, 276.6074903011322), (25055.790237515917, 279.80050110816956), (20887.17546744355, 282.8023991584778), (62752.19096368752, 282.8160734176636), (46711.63090418025, 283.1909239292145), (33364.71533556292, 283.6213481426239), (27012.175692173812, 284.77874660491943), (20887.17546744355, 287.73679780960083), (19665.100707733778, 291.6155560016632), (17640.95801108369, 296.6767191886902), (62752.19096368752, 296.69618558883667), (46711.63090418025, 297.07351899147034), (33364.71533556292, 297.487135887146), (27012.175692173812, 298.6421504020691), (20887.17546744355, 301.4099552631378), (19665.100707733778, 305.2354576587677), (17640.95801108369, 310.27644872665405), (17249.79011632462, 805.228358745575), (16456.189151707244, 1087.0190529823303), (11154.363851642696, 1485.0504229068756), (62752.19096368752, 1485.090548992157), (46711.63090418025, 1485.6311495304108), (33364.71533556292, 1486.181529045105), (27012.175692173812, 1486.9515509605408), (25055.790237515917, 1491.0746810436249), (20887.17546744355, 1493.6725170612335), (11154.363851642696, 1494.954297542572), (9266.25116281329, 1510.268583059311), (62752.19096368752, 1510.2857556343079), (46711.63090418025, 1510.8398435115814), (33364.71533556292, 1511.255924463272), (27012.175692173812, 1512.1377046108246), (25055.790237515917, 1516.258131980896), (20887.17546744355, 1518.8533940315247), (11154.363851642696, 1520.2549440860748), (9266.25116281329, 1535.4987053871155), (6680.952603829055, 1560.4334704875946), (62752.19096368752, 1560.450436592102), (46711.63090418025, 1561.010106086731), (33364.71533556292, 1561.4854893684387), (27012.175692173812, 1563.1105871200562), (20887.17546744355, 1567.2522292137146), (11154.363851642696, 1568.3929002285004), (6680.952603829055, 1584.3179607391357), (4518.541523749935, 4386.5287029743195), (62752.19096368752, 4386.555334329605), (46711.63090418025, 4387.212019443512), (33364.71533556292, 4387.974276542664), (27012.175692173812, 4389.716393232346), (20887.17546744355, 4396.446789264679), (11154.363851642696, 4398.331255435944), (6680.952603829055, 4427.302397966385), (4518.541523749935, 4588.357405424118), (4212.752341327867, 4589.356705665588), (3640.4276801084125, 4632.555865764618), (62752.19096368752, 4632.584364414215), (50982.18061244453, 4632.5984926223755), (46711.63090418025, 4632.997101068497), (40649.02818984081, 4633.07617855072), (33364.71533556292, 4633.596237421036), (27012.175692173812, 4635.110749006271), (20887.17546744355, 4640.784705877304), (11154.363851642696, 4642.33302116394), (6680.952603829055, 4672.155380487442), (4518.541523749935, 4782.55704832077), (4212.752341327867, 4785.323849439621), (3640.4276801084125, 4796.89482831955), (1827.0239058956831, 5419.2635271549225)]
(REAL, NOT adjusted by restarts) probability of this sequence is: 3.084056948269988e-17
uncertainty:
{'ate': 11960.103905895683, 'ci': (-38266.739114582895, 62186.94692637426)}
checked:
20436
