Starting EXP30.7, type=probe, run 2/3 (Task 136)
loaded cached data
loaded cached data
loaded cached data
loaded cached data
loaded cached data
loaded cached data
loaded cached data
START ATE IS: 8747.977877650384
PROBE TRIGGERED! Error reduced from 10026.022 to 7423.591 (ATE went to 11350.408999957495).
PROBE TRIGGERED! Error reduced from 7423.591 to 3940.363 (ATE went to 14833.637330654796).
PROBE TRIGGERED! Error reduced from 3940.363 to 1420.693 (ATE went to 17353.30676750577).
PROBE TRIGGERED! Error reduced from 1420.693 to 1026.998 (ATE went to 19800.99758792024).
***
FINISHED
ATE before: 8747.977877650384
ATE now is: 18416.307806086472
sequence is: (('bin_equal_width_2', 'education'), ('isolationForest', 'TABLE'), ('bin_equal_frequency_2', 'Age'))
***
Execution time: 449.575 sec
distances from ATE (with time):
[(10026.022122349616, 0), (7423.591000042505, 3.6301069259643555), (10026.022122349616, 4.13557243347168), (7423.591000042505, 4.471685171127319), (3940.3626693452043, 23.257450103759766), (10026.022122349616, 23.699499130249023), (7423.591000042505, 24.01767611503601), (3940.3626693452043, 31.73680281639099), (1420.6932324942318, 42.401132583618164), (10026.022122349616, 42.79596519470215), (3940.3626693452043, 50.82080554962158), (1420.6932324942318, 59.623194456100464), (1026.9975879202393, 65.59459137916565), (10026.022122349616, 66.01247811317444), (7423.591000042505, 66.34872055053711), (3940.3626693452043, 73.08272433280945), (1420.6932324942318, 79.43509030342102), (1026.9975879202393, 86.26537013053894), (357.6921939135282, 449.31200766563416)]
(REAL, NOT adjusted by restarts) probability of this sequence is: 3.356718472021751e-05
uncertainty:
{'ate': 18416.307806086472, 'ci': (17409.475035677257, 19423.140576495687)}
checked:
152
