Starting EXP38.2, type=probe_probs_with_restart, run 2/3 (Task 574)
loaded cached data
loaded cached data
loaded cached data
loaded cached data
loaded cached data
loaded cached data
loaded cached data
START ATE IS: 61567.67406853471
PROBE TRIGGERED! Error reduced from 51434.594 to 38424.583 (ATE went to 48557.663261632435).
PROBE TRIGGERED! Error reduced from 38424.583 to 32086.268 (ATE went to 42219.34842468897).
PROBE TRIGGERED! Error reduced from 32086.268 to 27154.976 (ATE went to 37288.05604693364).
PROBE TRIGGERED! Error reduced from 27154.976 to 22331.430 (ATE went to 32464.510080803768).
PROBE TRIGGERED! Error reduced from 22331.430 to 16855.739 (ATE went to 26988.818913366744).
PROBE TRIGGERED! Error reduced from 16855.739 to 14860.120 (ATE went to 24993.200265946118).
PROBE TRIGGERED! Error reduced from 14860.120 to 12846.197 (ATE went to 22979.276692109463).
PROBE TRIGGERED! Error reduced from 12846.197 to 11165.920 (ATE went to 21299.000430942262).
PROBE TRIGGERED! Error reduced from 11165.920 to 9875.405 (ATE went to 20008.48491589878).
PROBE TRIGGERED! Error reduced from 9875.405 to 8871.867 (ATE went to 19004.946864561054).
PROBE TRIGGERED! Error reduced from 8871.867 to 7885.009 (ATE went to 18018.0888724392).
PROBE TRIGGERED! Error reduced from 7885.009 to 7089.967 (ATE went to 17223.047247967384).
PROBE TRIGGERED! Error reduced from 7089.967 to 6060.371 (ATE went to 16193.451417927923).
PROBE TRIGGERED! Error reduced from 6060.371 to 5222.585 (ATE went to 15355.665013190503).
PROBE TRIGGERED! Error reduced from 5222.585 to 3091.155 (ATE went to 13224.2349777113).
***
FINISHED
ATE before: 61567.67406853471
ATE now is: 12487.803798679131
sequence is: (('zscore_clip_3', 'sqft_basement'), ('bin_equal_frequency_10', 'sqft_living'), ('IQR', 'sqft_basement'), ('IQR', 'bedrooms'), ('bin_equal_width_5', 'sqft_living15'), ('bin_equal_frequency_5', 'yr_built'))
***
Execution time: 8162.556 sec
distances from ATE (with time):
[(51434.59406853471, 0), (51357.43789643554, 0.028686046600341797), (51287.457414419754, 0.3670940399169922), (50010.01550513165, 0.390089750289917), (48890.33196898468, 0.48062562942504883), (38424.58326163243, 0.5265729427337646), (51434.59406853471, 0.5560517311096191), (38424.58326163243, 0.5687787532806396), (38373.591568904456, 0.6471624374389648), (38052.97739847095, 3.278066873550415), (35288.884900052086, 4.5350189208984375), (32086.26842468897, 7.649175405502319), (51434.59406853471, 7.68291974067688), (32086.26842468897, 7.6955671310424805), (31530.282599103833, 7.803609848022461), (31481.337415572307, 9.06730341911316), (31224.52882998051, 10.663018226623535), (30582.298099387903, 10.82607126235962), (27154.97604693364, 16.497913360595703), (51434.59406853471, 16.52453112602234), (32086.26842468897, 16.537744522094727), (31530.282599103833, 16.67671537399292), (27154.97604693364, 16.731740951538086), (27100.645166722905, 18.555726766586304), (26928.326886830655, 49.07574772834778), (22331.430080803766, 49.1196026802063), (51434.59406853471, 49.148444414138794), (32086.26842468897, 49.16033577919006), (22331.430080803766, 49.28947424888611), (16855.738913366746, 50.934789180755615), (51434.59406853471, 50.966854095458984), (32086.26842468897, 50.98677039146423), (22331.430080803766, 51.078808069229126), (16855.738913366746, 51.51884436607361), (16365.13689210838, 51.643412590026855), (16308.921450861266, 62.20170331001282), (15363.223759030776, 161.30427384376526), (15281.206986637544, 161.42088985443115), (14860.120265946118, 176.09526205062866), (51434.59406853471, 176.1265368461609), (32086.26842468897, 176.14016151428223), (22331.430080803766, 176.2434856891632), (16855.738913366746, 176.93702387809753), (16365.13689210838, 177.1180317401886), (15363.223759030776, 184.79883575439453), (14860.120265946118, 187.30646276474), (14802.824488062162, 309.70317697525024), (14779.004254253638, 310.04393219947815), (14643.08702120056, 374.7198543548584), (14178.101065366254, 375.00587368011475), (13847.555316008644, 381.0041468143463), (13616.297020893851, 381.8550612926483), (13444.191846352207, 433.58144760131836), (12846.196692109463, 631.0139014720917), (51434.59406853471, 631.0393190383911), (32086.26842468897, 631.0523996353149), (22331.430080803766, 631.1384859085083), (16855.738913366746, 631.6787645816803), (16365.13689210838, 631.9694657325745), (15363.223759030776, 639.7325842380524), (12846.196692109463, 639.8108768463135), (12320.402057812664, 642.1356511116028), (11165.920430942262, 736.7509150505066), (51434.59406853471, 736.7834930419922), (32086.26842468897, 736.8028647899628), (22331.430080803766, 736.9415678977966), (16855.738913366746, 737.6185064315796), (16365.13689210838, 737.7657506465912), (15363.223759030776, 742.0131559371948), (12846.196692109463, 742.0468311309814), (12320.402057812664, 742.9295723438263), (11165.920430942262, 778.5321612358093), (10629.933276275098, 783.9239275455475), (10410.871939154391, 1115.6156775951385), (9875.404915898782, 1195.5806651115417), (51434.59406853471, 1195.6143374443054), (32086.26842468897, 1195.6280205249786), (22331.430080803766, 1195.817718744278), (16855.738913366746, 1196.9180598258972), (16365.13689210838, 1197.1445457935333), (15363.223759030776, 1201.6068720817566), (12846.196692109463, 1201.69886636734), (12320.402057812664, 1202.2555327415466), (11165.920430942262, 1233.0406351089478), (10629.933276275098, 1237.5329134464264), (10410.871939154391, 1442.0633578300476), (9875.404915898782, 1506.0242037773132), (9730.547661930466, 2123.1889312267303), (8871.866864561054, 2508.5485594272614), (51434.59406853471, 2508.584827184677), (40630.703378464874, 2508.6027042865753), (32086.26842468897, 2508.628807783127), (22331.430080803766, 2508.7822110652924), (16855.738913366746, 2510.3597888946533), (16365.13689210838, 2510.522804260254), (15363.223759030776, 2517.154945373535), (12846.196692109463, 2517.187379837036), (12320.402057812664, 2517.6504831314087), (11165.920430942262, 2557.66157245636), (10629.933276275098, 2566.660918235779), (10548.475424511545, 2591.5563399791718), (10311.688480123781, 2591.669429540634), (8871.866864561054, 2597.412075281143), (8376.120737948664, 2597.888488292694), (7885.008872439199, 2643.964656829834), (51434.59406853471, 2644.0023896694183), (40630.703378464874, 2644.0193083286285), (32086.26842468897, 2644.0509085655212), (22331.430080803766, 2644.2344381809235), (17527.142440144213, 2645.5468549728394), (16855.738913366746, 2645.5868530273438), (16365.13689210838, 2645.8551449775696), (12846.196692109463, 2649.8468499183655), (12320.402057812664, 2650.221793651581), (10548.475424511545, 2683.3109810352325), (10311.688480123781, 2683.394796848297), (8871.866864561054, 2684.202918767929), (8376.120737948664, 2684.538871526718), (7885.008872439199, 2692.2321457862854), (7089.9672479673845, 2934.293262243271), (51434.59406853471, 2934.320196390152), (40630.703378464874, 2934.3332431316376), (32086.26842468897, 2934.3763539791107), (22331.430080803766, 2934.595860004425), (17527.142440144213, 2935.758854150772), (16855.738913366746, 2935.798894405365), (16365.13689210838, 2936.0957045555115), (12846.196692109463, 2941.288072824478), (12320.402057812664, 2941.811311483383), (11165.920430942262, 2970.1544501781464), (10548.475424511545, 2970.294396162033), (10311.688480123781, 2970.3713846206665), (8871.866864561054, 2970.864126443863), (8376.120737948664, 2971.1230454444885), (7885.008872439199, 2980.0828111171722), (7089.9672479673845, 3136.927185535431), (6562.520455023927, 3137.0868747234344), (6060.371417927923, 3157.003828525543), (51434.59406853471, 3157.0286004543304), (40630.703378464874, 3157.04029917717), (32086.26842468897, 3157.059727907181), (22331.430080803766, 3157.158088207245), (17527.142440144213, 3157.886870622635), (16855.738913366746, 3157.9138062000275), (16365.13689210838, 3158.1473956108093), (12846.196692109463, 3161.196338415146), (12320.402057812664, 3161.5517065525055), (11165.920430942262, 3185.5379219055176), (10548.475424511545, 3185.6709508895874), (10311.688480123781, 3185.7152469158173), (8871.866864561054, 3186.396958589554), (8376.120737948664, 3186.5419116020203), (7885.008872439199, 3196.6194717884064), (7089.9672479673845, 3334.8091831207275), (6562.520455023927, 3334.9317140579224), (6060.371417927923, 3348.754686355591), (5760.044689451772, 5768.562818527222), (5740.594118659519, 7470.843252897263), (5222.585013190503, 7749.882025718689), (51434.59406853471, 7749.920650482178), (40630.703378464874, 7749.9341361522675), (32086.26842468897, 7749.954631090164), (22331.430080803766, 7750.073779821396), (17527.142440144213, 7751.013587713242), (16855.738913366746, 7751.040771245956), (16365.13689210838, 7751.286146402359), (12846.196692109463, 7754.586776971817), (12320.402057812664, 7755.062903165817), (11104.390748093918, 7761.22317647934), (10227.654458648265, 7761.252940893173), (9745.232399347062, 7761.877326965332), (8871.866864561054, 7777.6869695186615), (8376.120737948664, 7777.725064992905), (7885.008872439199, 7786.334868192673), (5740.594118659519, 7789.37757229805), (5222.585013190503, 7791.667859077454), (3091.1549777112996, 8000.204134464264), (51434.59406853471, 8000.232696294785), (40630.703378464874, 8000.245670795441), (32086.26842468897, 8000.268596172333), (22331.430080803766, 8000.423386096954), (17527.142440144213, 8001.683236122131), (16855.738913366746, 8001.712599039078), (16365.13689210838, 8002.0108852386475), (12846.196692109463, 8007.50088262558), (12320.402057812664, 8008.099148750305), (11104.390748093918, 8009.3914794921875), (10227.654458648265, 8009.421531677246), (9745.232399347062, 8010.705047130585), (5740.594118659519, 8031.751619100571), (5222.585013190503, 8034.490812540054), (3091.1549777112996, 8159.48614358902), (2354.7237986791315, 8162.543619632721)]
(REAL, NOT adjusted by restarts) probability of this sequence is: 6.949852016529581e-20
uncertainty:
{'ate': 12487.803798679131, 'ci': (-22694.96348154162, 47670.571078899884)}
checked:
135148
