Starting EXP34.3, type=probe_probs_no_restart, run 3/3 (Task 392)
loaded cached data
loaded cached data
loaded cached data
loaded cached data
loaded cached data
loaded cached data
loaded cached data
START ATE IS: 8774.433204744164
***
FINISHED
ATE before: 8774.433204744164
ATE now is: 18108.30788026684
sequence is: (('drop_duplicates', 'TABLE'), ('norm_log', 'Age'), ('isolationForest', 'TABLE'), ('norm_log', 'education'))
***
Execution time: 7144.564 sec
distances from ATE (with time):
[(9999.566795255836, 0), (3723.439183226359, 1.1626911163330078), (3723.4391832185083, 15.508217334747314), (3723.4391832140936, 17.249136686325073), (2592.89443293759, 18.770750999450684), (2042.413723610549, 151.9334785938263), (2021.4192063176924, 751.104719877243), (1992.9098164112838, 868.7110142707825), (1618.7687163199444, 1006.0084354877472), (1114.8982094241655, 1332.1460704803467), (1110.4723073282148, 1340.7216818332672), (1036.664794125627, 5852.1641726493835), (665.6921197331612, 7143.786958694458)]
probability of this sequence is: 9.192134646515342e-07
uncertainty:
{'ate': 18108.30788026684, 'ci': (17340.931614719717, 18875.68414581396)}
checked:
1414
