Starting EXP37.3, type=probe, run 3/3 (Task 497)
loaded cached data
loaded cached data
loaded cached data
loaded cached data
loaded cached data
loaded cached data
loaded cached data
START ATE IS: 53705.582266046295
PROBE TRIGGERED! Error reduced from 43572.502 to 18668.294 (ATE went to 28801.373897883674).
PROBE TRIGGERED! Error reduced from 18668.294 to 16481.801 (ATE went to 26614.88085532513).
PROBE TRIGGERED! Error reduced from 16481.801 to 3936.807 (ATE went to 6196.272818899557).
PROBE TRIGGERED! Error reduced from 3936.807 to 2597.483 (ATE went to 7535.597282553512).
***
FINISHED
ATE before: 53705.582266046295
ATE now is: 9506.773120162045
sequence is: (('zscore_clip_3', 'view'), ('bin_equal_width_5', 'sqft_above'))
***
Execution time: 7.069 sec
distances from ATE (with time):
[(43572.50226604629, 0), (18668.293897883676, 0.008520364761352539), (43572.50226604629, 0.01988673210144043), (18668.293897883676, 0.027108430862426758), (16882.83334516146, 0.8579757213592529), (16481.800855325127, 0.9085798263549805), (43572.50226604629, 0.917755126953125), (18668.293897883676, 0.9233334064483643), (16481.800855325127, 0.9639878273010254), (3936.807181100443, 1.887650966644287), (43572.50226604629, 1.8982110023498535), (18668.293897883676, 1.9057300090789795), (16481.800855325127, 1.9369795322418213), (3936.807181100443, 1.9484717845916748), (2597.482717446488, 4.4628825187683105), (43572.50226604629, 4.487974166870117), (18668.293897883676, 4.4955480098724365), (16481.800855325127, 4.547581434249878), (3936.807181100443, 4.578096151351929), (2597.482717446488, 5.356252908706665), (626.3068798379554, 7.0661821365356445)]
(REAL, NOT adjusted by restarts) probability of this sequence is: 0.000540832882639265
uncertainty:
{'ate': 9506.773120162045, 'ci': (-61760.71140760585, 80774.25764792995)}
checked:
306
