Starting EXP30.6, type=probe_probs_with_restart, run 2/3 (Task 133)
loaded cached data
loaded cached data
loaded cached data
loaded cached data
loaded cached data
loaded cached data
loaded cached data
START ATE IS: 8748.062367759347
PROBE TRIGGERED! Error reduced from 10025.938 to 2848.368 (ATE went to 15925.631564207053).
PROBE TRIGGERED! Error reduced from 2848.368 to 1445.855 (ATE went to 17328.145401991744).
PROBE TRIGGERED! Error reduced from 1445.855 to 1274.252 (ATE went to 17499.747882377465).
***
FINISHED
ATE before: 8748.062367759347
ATE now is: 17880.205271911855
sequence is: (('drop_duplicates', 'TABLE'), ('isolationForest', 'TABLE'), ('norm_log', 'education'))
***
Execution time: 89.811 sec
distances from ATE (with time):
[(10025.937632240653, 0), (2848.368435792947, 0.2986264228820801), (10025.937632240653, 0.7540218830108643), (2848.368435792947, 1.0909013748168945), (2848.368435773302, 3.1932082176208496), (1445.8545980082563, 5.63428521156311), (10025.937632240653, 6.100888013839722), (2848.368435792947, 6.435157537460327), (1445.8545980082563, 8.16613221168518), (1274.2521176225346, 33.92651987075806), (10025.937632240653, 34.331735372543335), (2848.368435792947, 34.57969617843628), (1445.8545980082563, 42.1217565536499), (1274.2521176225346, 45.52723550796509), (893.7947280881453, 89.57037806510925)]
(REAL, NOT adjusted by restarts) probability of this sequence is: 2.7110013344012503e-05
uncertainty:
{'ate': 17880.205271911855, 'ci': (16336.089164241714, 19424.321379581997)}
checked:
95
