Starting EXP34.3, type=probe_probs_no_restart, run 1/3 (Task 390)
loaded cached data
loaded cached data
loaded cached data
loaded cached data
loaded cached data
loaded cached data
loaded cached data
START ATE IS: 8774.433204744164
***
FINISHED
ATE before: 8774.433204744164
ATE now is: 18108.30788026684
sequence is: (('drop_duplicates', 'TABLE'), ('norm_log', 'Age'), ('isolationForest', 'TABLE'), ('norm_log', 'education'))
***
Execution time: 7160.123 sec
distances from ATE (with time):
[(9999.566795255836, 0), (3723.439183226359, 1.3910679817199707), (3723.4391832185083, 15.746410608291626), (3723.4391832140936, 17.272623538970947), (2592.89443293759, 18.90651512145996), (2042.413723610549, 149.83984971046448), (2021.4192063176924, 733.8408999443054), (1992.9098164112838, 857.0169396400452), (1618.7687163199444, 995.7043294906616), (1114.8982094241655, 1324.8264451026917), (1110.4723073282148, 1333.9530010223389), (1036.664794125627, 5835.79679942131), (665.6921197331612, 7159.363010406494)]
probability of this sequence is: 9.192134646515342e-07
uncertainty:
{'ate': 18108.30788026684, 'ci': (17340.931614719717, 18875.68414581396)}
checked:
1414
