Starting EXP36.4, type=probe_probs_with_restart, run 2/3 (Task 448)
loaded cached data
loaded cached data
loaded cached data
loaded cached data
loaded cached data
loaded cached data
loaded cached data
START ATE IS: 71835.08443253257
PROBE TRIGGERED! Error reduced from 61702.004 to 50850.357 (ATE went to 60983.436885119154).
PROBE TRIGGERED! Error reduced from 50850.357 to 44713.029 (ATE went to 54846.10896912578).
PROBE TRIGGERED! Error reduced from 44713.029 to 37204.817 (ATE went to 47337.89702743782).
PROBE TRIGGERED! Error reduced from 37204.817 to 33431.463 (ATE went to 43564.54339793224).
PROBE TRIGGERED! Error reduced from 33431.463 to 26824.165 (ATE went to 36957.24469615238).
PROBE TRIGGERED! Error reduced from 26824.165 to 23903.990 (ATE went to 34037.06966145256).
PROBE TRIGGERED! Error reduced from 23903.990 to 20071.000 (ATE went to 30204.079794710222).
PROBE TRIGGERED! Error reduced from 20071.000 to 15231.400 (ATE went to 25364.480185661196).
PROBE TRIGGERED! Error reduced from 15231.400 to 12108.008 (ATE went to 22241.087841477554).
PROBE TRIGGERED! Error reduced from 12108.008 to 6358.230 (ATE went to 16491.30982984439).
PROBE TRIGGERED! Error reduced from 6358.230 to 5640.859 (ATE went to 15773.939379051963).


*** TIMED OUT!! ***

distances from ATE (with time):
[(61702.00443253257, 0), (61701.99615714008, 0.07725739479064941), (61701.96902684057, 0.10350179672241211), (60187.81985058202, 0.2180798053741455), (50850.35688511915, 0.27278614044189453), (61702.00443253257, 0.29014062881469727), (50850.35688511915, 0.29877471923828125), (50850.33197779294, 1.0524652004241943), (50850.31089487434, 1.0634477138519287), (50171.14209049009, 2.3603579998016357), (44713.02896912578, 2.3879051208496094), (61702.00443253257, 2.4050230979919434), (44713.02896912578, 2.4145421981811523), (44713.00479433246, 3.3629190921783447), (44713.004760994074, 3.3936595916748047), (44712.9840155084, 3.424363613128662), (44050.12375649639, 4.151263475418091), (41954.87677807093, 4.249253988265991), (37204.81702743782, 6.88165020942688), (61702.00443253257, 6.897303581237793), (44713.02896912578, 6.906683683395386), (37204.81702743782, 6.999022960662842), (33431.46339793224, 20.015519857406616), (61702.00443253257, 20.03151226043701), (44713.02896912578, 20.039968252182007), (33431.46339793224, 20.115649938583374), (26824.16469615238, 21.23952603340149), (61702.00443253257, 21.2564377784729), (44713.02896912578, 21.268263816833496), (33431.46339793224, 21.371617794036865), (26824.16469615238, 21.56826162338257), (26824.163219051785, 55.25627851486206), (26595.549831139513, 68.2051522731781), (26504.21271631716, 68.23584079742432), (23903.989661452557, 68.29704594612122), (61702.00443253257, 68.30958318710327), (44713.02896912578, 68.31573796272278), (33431.46339793224, 68.35704255104065), (26824.16469615238, 68.57499599456787), (23903.989661452557, 71.53541350364685), (22054.96307138807, 116.90131425857544), (21689.67943177453, 307.97152757644653), (20070.999794710224, 308.0443580150604), (61702.00443253257, 308.0531094074249), (44713.02896912578, 308.05732703208923), (33431.46339793224, 308.08685183525085), (26824.16469615238, 308.324006319046), (20070.999794710224, 312.39193868637085), (19789.718162002893, 354.98542380332947), (19762.61200350187, 695.8271584510803), (15231.400185661196, 705.3928046226501), (61702.00443253257, 705.4031751155853), (44713.02896912578, 705.4082407951355), (33431.46339793224, 705.4390106201172), (26824.16469615238, 705.7361183166504), (20070.999794710224, 707.5928416252136), (19789.718162002893, 732.2120792865753), (15231.400185661196, 732.8032722473145), (14792.118645549659, 973.3978621959686), (12108.007841477554, 5478.180952787399), (61702.00443253257, 5478.213474988937), (44713.02896912578, 5478.220205783844), (33431.46339793224, 5478.273774385452), (26824.16469615238, 5478.6411554813385), (26478.112644739856, 5479.108124732971), (20070.999794710224, 5480.779635667801), (19640.97595219891, 5481.535138607025), (19244.28549255758, 5481.710093975067), (12108.007841477554, 5507.082195043564), (11638.92367873197, 5507.653625249863), (6358.229829844391, 5762.83910036087), (61702.00443253257, 5762.857179403305), (44713.02896912578, 5762.865190505981), (33431.46339793224, 5762.94745349884), (26824.16469615238, 5763.583418369293), (26478.112644739856, 5763.915382146835), (19640.97595219891, 5766.58237528801), (19244.28549255758, 5766.807424783707), (12108.007841477554, 5784.332013607025), (11638.92367873197, 5784.596492528915), (6358.229829844391, 6010.260878562927), (5914.335203688561, 6025.156708955765), (5640.859379051963, 8354.399407148361), (61702.00443253257, 8354.421546697617), (44713.02896912578, 8354.428236246109), (33431.46339793224, 8354.491933584213), (26824.16469615238, 8354.949533700943), (26478.112644739856, 8355.133505821228), (19640.97595219891, 8357.509944677353), (19244.28549255758, 8357.699488162994), (12108.007841477554, 8375.220559835434), (11638.92367873197, 8375.650148153305), (6358.229829844391, 8474.71626329422), (5914.335203688561, 8480.889860630035), (5640.859379051963, 9298.933426380157), (5180.736557050965, 9383.635132789612)]
