Starting EXP30.8, type=probe_probs_with_restart, run 2/3 (Task 151)
loaded cached data
loaded cached data
loaded cached data
loaded cached data
loaded cached data
loaded cached data
loaded cached data
START ATE IS: 8845.06222113674
PROBE TRIGGERED! Error reduced from 9928.938 to 3263.953 (ATE went to 15510.047178031477).
PROBE TRIGGERED! Error reduced from 3263.953 to 2043.544 (ATE went to 16730.455640368542).
PROBE TRIGGERED! Error reduced from 2043.544 to 1460.241 (ATE went to 17313.75927371735).
PROBE TRIGGERED! Error reduced from 1460.241 to 1084.732 (ATE went to 17689.268249005854).
***
FINISHED
ATE before: 8845.06222113674
ATE now is: 17781.266872602315
sequence is: (('drop_duplicates', 'TABLE'), ('norm_log', 'Age'), ('norm_log', 'education'), ('isolationForest', 'TABLE'))
***
Execution time: 1111.265 sec
distances from ATE (with time):
[(9928.93777886326, 0), (3263.9528219685235, 0.4667060375213623), (9928.93777886326, 1.1022882461547852), (3263.9528219685235, 1.6093742847442627), (2043.544359631458, 8.140174865722656), (9928.93777886326, 8.717400074005127), (3263.9528219685235, 9.155900001525879), (2043.544359631458, 11.523505926132202), (1460.2407262826491, 50.06243395805359), (9928.93777886326, 50.75054121017456), (3263.9528219685235, 51.28781008720398), (2043.544359631458, 63.31322765350342), (1460.2407262826491, 68.07073998451233), (1084.7317509941458, 133.08183193206787), (9928.93777886326, 133.8676507472992), (3263.9528219685235, 134.19391655921936), (2043.544359631458, 144.64665508270264), (1460.2407262826491, 148.74251770973206), (1084.7317509941458, 184.356210231781), (1078.6705045054368, 199.13885188102722), (1059.3468237558918, 972.3756222724915), (992.7331273976852, 1110.9509580135345)]
(REAL, NOT adjusted by restarts) probability of this sequence is: 9.192134646515343e-07
uncertainty:
{'ate': 17781.266872602315, 'ci': (16532.266830509536, 19030.266914695094)}
checked:
340
