Starting EXP36.4, type=probe_probs_with_restart, run 1/3 (Task 447)
loaded cached data
loaded cached data
loaded cached data
loaded cached data
loaded cached data
loaded cached data
loaded cached data
START ATE IS: 54317.99083951883
PROBE TRIGGERED! Error reduced from 44184.911 to 39074.781 (ATE went to 49207.861474727375).
PROBE TRIGGERED! Error reduced from 39074.781 to 27102.060 (ATE went to 37235.139972150624).
PROBE TRIGGERED! Error reduced from 27102.060 to 23934.526 (ATE went to 34067.60624046258).
PROBE TRIGGERED! Error reduced from 23934.526 to 19788.511 (ATE went to 29921.59133715774).
PROBE TRIGGERED! Error reduced from 19788.511 to 9348.525 (ATE went to 19481.60506390186).
PROBE TRIGGERED! Error reduced from 9348.525 to 8238.125 (ATE went to 18371.20511038619).
PROBE TRIGGERED! Error reduced from 8238.125 to 5861.970 (ATE went to 15995.050442867212).
PROBE TRIGGERED! Error reduced from 5861.970 to 4881.767 (ATE went to 15014.846935673962).
***
FINISHED
ATE before: 54317.99083951883
ATE now is: 12601.35973536093
sequence is: (('bin_equal_frequency_5', 'sqft_living'), ('norm_log', 'sqft_living'), ('norm_log', 'sqft_above'), ('norm_log', 'bathrooms'))
***
Execution time: 164.564 sec
distances from ATE (with time):
[(44184.91083951883, 0), (39821.13776696743, 0.2104794979095459), (39074.78147472737, 0.27362728118896484), (44184.91083951883, 0.29197120666503906), (39074.78147472737, 0.3003838062286377), (27102.059972150622, 1.0165321826934814), (44184.91083951883, 1.032576084136963), (39074.78147472737, 1.0411829948425293), (27102.059972150622, 1.503293752670288), (26232.434218968112, 1.9888765811920166), (25289.362468437823, 2.470135450363159), (23934.526240462576, 18.756138801574707), (44184.91083951883, 18.768101692199707), (27102.059972150622, 19.110963344573975), (26232.434218968112, 19.732300281524658), (25289.362468437823, 20.097259998321533), (23934.526240462576, 20.44445776939392), (23133.01955325929, 21.789570093154907), (22345.35824879555, 44.73851799964905), (22263.098835577868, 45.02541399002075), (22060.04625286087, 45.59545660018921), (21727.485377895362, 53.68194222450256), (19788.51133715774, 54.0885112285614), (44184.91083951883, 54.10570764541626), (27102.059972150622, 54.376885175704956), (26232.434218968112, 54.95779371261597), (23934.526240462576, 55.416006565093994), (22702.519456509042, 55.774465799331665), (19788.51133715774, 56.87983298301697), (19629.922475251195, 59.3396201133728), (18416.472222331322, 60.897679567337036), (17908.416494503028, 64.29650092124939), (9348.525063901861, 93.6896162033081), (44184.91083951883, 93.70507383346558), (9348.525063901861, 93.71286416053772), (8238.125110386189, 95.15656304359436), (44184.91083951883, 95.16880679130554), (9348.525063901861, 95.17483949661255), (8238.125110386189, 95.86161041259766), (7994.1108205655855, 102.27159595489502), (5861.970442867212, 111.86307907104492), (44184.91083951883, 111.87675142288208), (9348.525063901861, 111.89148569107056), (5861.970442867212, 112.95707035064697), (4881.7669356739625, 121.06410026550293), (44184.91083951883, 121.07174777984619), (9348.525063901861, 121.07577729225159), (5861.970442867212, 121.48698472976685), (4881.7669356739625, 125.89988994598389), (4520.355383236118, 155.8846275806427), (2468.2797353609294, 164.56158137321472)]
(REAL, NOT adjusted by restarts) probability of this sequence is: 3.554865564140163e-11
uncertainty:
{'ate': 12601.35973536093, 'ci': (-72779.51606758163, 97982.2355383035)}
checked:
1093
