Starting EXP29.1, type=probe_probs_no_restart, run 2/3 (Task 4)
loaded cached data
loaded cached data
loaded cached data
loaded cached data
loaded cached data
loaded cached data
loaded cached data
START ATE IS: -612.3545734552936
***
FINISHED
ATE before: -612.3545734552936
ATE now is: 9.930125070499344
sequence is: (('isolationForest', 'TABLE'), ('bin_equal_width_2', 'age'))
***
Execution time: 23.422 sec
distances from ATE (with time):
[(612.3545734552936, 0), (612.3545569819762, 0.007033824920654297), (612.3545550288618, 0.01073002815246582), (545.6714974534771, 0.01462101936340332), (440.86529125179914, 0.01839590072631836), (435.4778398192793, 0.27933621406555176), (366.0874584874691, 0.3126406669616699), (356.63245150303555, 0.3910343647003174), (333.4246524159589, 0.5769412517547607), (259.4873308339684, 2.165353298187256), (236.90717041781681, 3.0111167430877686), (195.44713526984742, 19.71247673034668), (178.2238816159006, 23.205349922180176), (9.930125070499344, 23.420378923416138)]
probability of this sequence is: 7.044452156380187e-07
uncertainty:
{'ate': 9.930125070499344, 'ci': (-4971.556735050242, 4991.416985191241)}
checked:
865
