Starting EXP30.9, type=probe_probs_with_restart, run 3/3 (Task 161)
loaded cached data
loaded cached data
loaded cached data
loaded cached data
loaded cached data
loaded cached data
loaded cached data
START ATE IS: 8709.59799360512
PROBE TRIGGERED! Error reduced from 10064.402 to 3602.397 (ATE went to 15171.602748486412).
PROBE TRIGGERED! Error reduced from 3602.397 to 2431.197 (ATE went to 16342.802897166672).
PROBE TRIGGERED! Error reduced from 2431.197 to 1785.333 (ATE went to 16988.66747654781).
PROBE TRIGGERED! Error reduced from 1785.333 to 1485.879 (ATE went to 17288.120730964296).
PROBE TRIGGERED! Error reduced from 1485.879 to 1050.696 (ATE went to 17723.304018776584).
***
FINISHED
ATE before: 8709.59799360512
ATE now is: 18154.43353067584
sequence is: (('drop_duplicates', 'TABLE'), ('norm_log', 'Age'), ('isolationForest', 'TABLE'), ('norm_log', 'education'))
***
Execution time: 1048.526 sec
distances from ATE (with time):
[(10064.40200639488, 0), (3602.3972515135883, 0.42435765266418457), (10064.40200639488, 0.9930696487426758), (3602.3972515135883, 1.3565888404846191), (3602.397251497776, 4.336425304412842), (2431.1971028333282, 7.443692922592163), (10064.40200639488, 8.05225658416748), (3602.3972515135883, 8.488940000534058), (2431.1971028333282, 10.59693193435669), (1785.3325234521908, 47.63015675544739), (10064.40200639488, 48.123626470565796), (3602.3972515135883, 48.64085388183594), (3566.054721156015, 59.382691860198975), (2431.1971028333282, 61.03459024429321), (1785.3325234521908, 65.04042053222656), (1485.879269035704, 131.97802019119263), (10064.40200639488, 132.59543585777283), (3602.3972515135883, 133.1217324733734), (3566.054721156015, 143.66058015823364), (2431.1971028333282, 144.1059591770172), (1785.3325234521908, 147.02607941627502), (1485.879269035704, 181.8114652633667), (1050.6959812234163, 196.0691635608673), (10064.40200639488, 196.64457058906555), (3602.3972515135883, 197.05590105056763), (3566.054721156015, 207.00405383110046), (2431.1971028333282, 207.51574063301086), (1785.3325234521908, 210.90628361701965), (1485.879269035704, 247.40913105010986), (1050.6959812234163, 259.82167172431946), (1011.2995299772265, 517.8380899429321), (619.5664693241597, 1048.2223873138428)]
(REAL, NOT adjusted by restarts) probability of this sequence is: 9.192134646515342e-07
uncertainty:
{'ate': 18154.43353067584, 'ci': (16801.518874017118, 19507.348187334563)}
checked:
327
