Starting EXP29.6, type=probe_probs_with_restart, run 1/3 (Task 51)
loaded cached data
loaded cached data
loaded cached data
loaded cached data
loaded cached data
loaded cached data
loaded cached data
START ATE IS: 2388.857088296838
PROBE TRIGGERED! Error reduced from 2388.857 to 1907.800 (ATE went to 1907.8004628120452).
PROBE TRIGGERED! Error reduced from 1907.800 to 1466.292 (ATE went to 1466.2921451398943).
PROBE TRIGGERED! Error reduced from 1466.292 to 1224.639 (ATE went to 1224.6387178314199).
PROBE TRIGGERED! Error reduced from 1224.639 to 1016.976 (ATE went to 1016.9760505565473).
PROBE TRIGGERED! Error reduced from 1016.976 to 854.412 (ATE went to 854.4115919850565).
PROBE TRIGGERED! Error reduced from 854.412 to 643.414 (ATE went to 643.4139309400252).
PROBE TRIGGERED! Error reduced from 643.414 to 516.051 (ATE went to 516.0507470492339).
PROBE TRIGGERED! Error reduced from 516.051 to 398.054 (ATE went to 398.0544018868072).


*** TIMED OUT!! ***

distances from ATE (with time):
[(2388.857088296838, 0), (2312.9013598698657, 0.005528688430786133), (2226.691399011832, 0.057202816009521484), (1907.8004628120452, 0.7046835422515869), (2388.857088296838, 0.7229268550872803), (1907.8004628120452, 1.1766300201416016), (1774.6307466187973, 1.7592425346374512), (1733.220935584135, 2.325202703475952), (1733.220934993984, 9.002007484436035), (1732.2650644181376, 21.42866826057434), (1466.2921451398943, 22.680777549743652), (2388.857088296838, 22.688186168670654), (1907.8004628120452, 23.056886196136475), (1903.653941135668, 23.457618474960327), (1466.2921451398943, 23.930158138275146), (1224.6387178314199, 31.18250870704651), (2388.857088296838, 31.199108839035034), (1907.8004628120452, 31.665358066558838), (1903.653941135668, 32.25058579444885), (1466.2921451398943, 32.76030349731445), (1224.6387178314199, 40.585214138031006), (1224.638717831418, 89.38736653327942), (1221.8944731995125, 159.1156141757965), (1136.8491140510391, 171.22200632095337), (1016.9760505565473, 175.12692046165466), (2388.857088296838, 175.13421535491943), (1907.8004628120452, 175.4625689983368), (1774.6307466187973, 175.87617707252502), (1733.220935584135, 176.197331905365), (1466.2921451398943, 177.1688346862793), (1136.8491140510391, 181.90950989723206), (1016.9760505565473, 184.3930160999298), (1015.2203273158566, 285.1978757381439), (993.8743195627103, 421.42285799980164), (955.2056400184065, 532.9026279449463), (854.4115919850565, 536.0861372947693), (2388.857088296838, 536.0936558246613), (1907.8004628120452, 536.425299167633), (1774.6307466187973, 536.7924380302429), (1733.220935584135, 537.248291015625), (1466.2921451398943, 538.3123381137848), (1136.8491140510391, 543.2173490524292), (1016.9760505565473, 545.7892186641693), (854.4115919850565, 607.6034705638885), (854.4115919850492, 1036.8513112068176), (643.4139309400252, 1107.368280172348), (2388.857088296838, 1107.3777549266815), (1907.8004628120452, 1107.7900989055634), (1903.2199773098982, 1108.2438869476318), (1498.6298099284159, 1108.6645414829254), (1466.2921451398943, 1110.52294754982), (1136.8491140510391, 1113.4776437282562), (1016.9760505565473, 1115.1172935962677), (643.4139309400252, 1164.402679681778), (643.4139309400243, 1654.3469951152802), (516.0507470492339, 2688.694585800171), (2388.857088296838, 2688.7031495571136), (1907.8004628120452, 2689.0586218833923), (1903.2199773098982, 2689.451912164688), (1498.6298099284159, 2689.837096452713), (1466.2921451398943, 2692.05180644989), (1136.8491140510391, 2693.8637404441833), (1016.9760505565473, 2695.040284395218), (643.4139309400252, 2740.844576358795), (516.0507470492339, 2742.75940489769), (516.0507470492212, 3238.591799736023), (398.0544018868072, 3529.903857946396), (2388.857088296838, 3529.9120523929596), (1907.8004628120452, 3530.2412128448486), (1903.2199773098982, 3530.4984056949615), (1498.6298099284159, 3530.871362924576), (1466.2921451398943, 3533.179506778717), (1136.8491140510391, 3534.721462726593), (1016.9760505565473, 3536.257518529892), (516.0507470492339, 3572.140818119049), (398.0544018868072, 3816.3008980751038), (391.10203668707163, 10378.58850312233)]
